2026-10-03T22:47:34Z step 10/938 loss=0.763 grad_norm=13.61 learning_rate=3.214e-05 epoch=0.01067
2026-10-03T22:49:37Z step 20/938 loss=0.3918 grad_norm=2.856 learning_rate=6.786e-05 epoch=0.02133
2026-10-03T22:51:39Z step 30/938 loss=0.2983 grad_norm=4.345 learning_rate=0.0001 epoch=0.032
2026-10-03T22:53:41Z step 40/938 loss=0.2748 grad_norm=2.323 learning_rate=9.996e-05 epoch=0.04267
2026-10-03T22:55:42Z step 50/938 loss=0.1204 grad_norm=0.6947 learning_rate=9.987e-05 epoch=0.05333
2026-10-03T22:57:45Z step 60/938 loss=0.1776 grad_norm=4.14 learning_rate=9.971e-05 epoch=0.064
2026-10-03T22:59:43Z step 70/938 loss=0.1683 grad_norm=5.112 learning_rate=9.95e-05 epoch=0.07467
2026-10-03T23:01:43Z step 80/938 loss=0.06367 grad_norm=16.93 learning_rate=9.923e-05 epoch=0.08533
2026-10-03T23:03:44Z step 90/938 loss=0.2823 grad_norm=4.815 learning_rate=9.89e-05 epoch=0.096
2026-10-03T23:06:38Z step 100/938 loss=0.1267 grad_norm=17.99 learning_rate=9.851e-05 epoch=0.1067
2026-10-03T23:08:39Z step 110/938 loss=0.155 grad_norm=0.6292 learning_rate=9.806e-05 epoch=0.1173
2026-10-03T23:10:40Z step 120/938 loss=0.1201 grad_norm=0.03285 learning_rate=9.755e-05 epoch=0.128
2026-10-03T23:12:38Z step 130/938 loss=0.04984 grad_norm=1.811 learning_rate=9.699e-05 epoch=0.1387
2026-10-03T23:14:38Z step 140/938 loss=0.0661 grad_norm=2.617 learning_rate=9.637e-05 epoch=0.1493
2026-10-03T23:16:39Z step 150/938 loss=0.04498 grad_norm=7.499 learning_rate=9.57e-05 epoch=0.16
2026-10-03T23:18:35Z step 160/938 loss=0.1882 grad_norm=1.275 learning_rate=9.497e-05 epoch=0.1707
2026-10-03T23:20:36Z step 170/938 loss=0.06618 grad_norm=1.979 learning_rate=9.419e-05 epoch=0.1813
2026-10-03T23:22:37Z step 180/938 loss=0.04107 grad_norm=5.097 learning_rate=9.336e-05 epoch=0.192
2026-10-03T23:24:37Z step 190/938 loss=0.03793 grad_norm=0.02279 learning_rate=9.247e-05 epoch=0.2027
2026-10-03T23:27:29Z step 200/938 loss=0.09286 grad_norm=3.433 learning_rate=9.154e-05 epoch=0.2133
2026-10-03T23:29:33Z step 210/938 loss=0.06938 grad_norm=0.1605 learning_rate=9.055e-05 epoch=0.224
2026-10-03T23:31:32Z step 220/938 loss=0.1112 grad_norm=0.0522 learning_rate=8.952e-05 epoch=0.2347
2026-10-03T23:33:35Z step 230/938 loss=0.03503 grad_norm=0.02545 learning_rate=8.844e-05 epoch=0.2453
2026-10-03T23:35:39Z step 240/938 loss=0.04181 grad_norm=0.1871 learning_rate=8.731e-05 epoch=0.256
2026-10-03T23:37:41Z step 250/938 loss=0.04519 grad_norm=5.744 learning_rate=8.614e-05 epoch=0.2667
2026-10-03T23:39:42Z step 260/938 loss=0.02079 grad_norm=0.4284 learning_rate=8.493e-05 epoch=0.2773
2026-10-03T23:41:43Z step 270/938 loss=0.1136 grad_norm=0.06945 learning_rate=8.367e-05 epoch=0.288
2026-10-03T23:43:46Z step 280/938 loss=0.07767 grad_norm=0.1021 learning_rate=8.237e-05 epoch=0.2987
2026-10-03T23:45:44Z step 290/938 loss=0.06798 grad_norm=0.4761 learning_rate=8.104e-05 epoch=0.3093
2026-10-03T23:48:35Z step 300/938 loss=0.04997 grad_norm=1.607 learning_rate=7.967e-05 epoch=0.32
2026-10-03T23:50:35Z step 310/938 loss=0.03043 grad_norm=0.006057 learning_rate=7.826e-05 epoch=0.3307
2026-10-03T23:52:41Z step 320/938 loss=0.03037 grad_norm=0.09959 learning_rate=7.682e-05 epoch=0.3413
2026-10-03T23:54:40Z step 330/938 loss=0.01851 grad_norm=21.59 learning_rate=7.535e-05 epoch=0.352
2026-10-03T23:56:43Z step 340/938 loss=0.01924 grad_norm=0.05493 learning_rate=7.385e-05 epoch=0.3627
2026-10-03T23:58:43Z step 350/938 loss=0.04938 grad_norm=0.3624 learning_rate=7.231e-05 epoch=0.3733
2026-10-04T00:00:45Z step 360/938 loss=0.03654 grad_norm=1.125 learning_rate=7.076e-05 epoch=0.384
2026-10-04T00:02:47Z step 370/938 loss=0.01724 grad_norm=0.0267 learning_rate=6.917e-05 epoch=0.3947
2026-10-04T00:04:48Z step 380/938 loss=0.06445 grad_norm=0.01775 learning_rate=6.757e-05 epoch=0.4053
2026-10-04T00:25:49Z step 300/938 loss=0.01229 grad_norm=0.3756 learning_rate=7.967e-05 epoch=0.32
2026-10-04T00:26:14Z step 310/938 loss=0.00592 grad_norm=0.007443 learning_rate=7.826e-05 epoch=0.3307
2026-10-04T00:26:41Z step 320/938 loss=0.0168 grad_norm=0.208 learning_rate=7.682e-05 epoch=0.3413
2026-10-04T00:27:06Z step 330/938 loss=0.005046 grad_norm=1.217 learning_rate=7.535e-05 epoch=0.352
2026-10-04T00:27:32Z step 340/938 loss=0.007919 grad_norm=0.05073 learning_rate=7.385e-05 epoch=0.3627
2026-10-04T00:27:58Z step 350/938 loss=0.009501 grad_norm=0.09027 learning_rate=7.231e-05 epoch=0.3733
2026-10-04T00:28:24Z step 360/938 loss=0.005509 grad_norm=0.08559 learning_rate=7.076e-05 epoch=0.384
2026-10-04T00:28:50Z step 370/938 loss=0.004541 grad_norm=0.02618 learning_rate=6.917e-05 epoch=0.3947
2026-10-04T00:29:16Z step 380/938 loss=0.00474 grad_norm=0.07694 learning_rate=6.757e-05 epoch=0.4053
2026-10-04T00:29:42Z step 390/938 loss=0.008013 grad_norm=0.6283 learning_rate=6.594e-05 epoch=0.416
2026-10-04T00:30:08Z step 400/938 loss=0.006617 grad_norm=0.2331 learning_rate=6.43e-05 epoch=0.4267
2026-10-04T00:30:33Z step 410/938 loss=0.00509 grad_norm=0.006238 learning_rate=6.264e-05 epoch=0.4373
2026-10-04T00:30:59Z step 420/938 loss=0.00442 grad_norm=0.01419 learning_rate=6.096e-05 epoch=0.448
2026-10-04T00:31:25Z step 430/938 loss=0.004982 grad_norm=0.1759 learning_rate=5.927e-05 epoch=0.4587
2026-10-04T00:31:51Z step 440/938 loss=0.006172 grad_norm=0.02328 learning_rate=5.757e-05 epoch=0.4693
2026-10-04T00:32:17Z step 450/938 loss=0.004863 grad_norm=0.06423 learning_rate=5.586e-05 epoch=0.48
2026-10-04T00:32:42Z step 460/938 loss=0.004196 grad_norm=0.00567 learning_rate=5.414e-05 epoch=0.4907
2026-10-04T00:33:08Z step 470/938 loss=0.002045 grad_norm=0.04483 learning_rate=5.242e-05 epoch=0.5013
2026-10-04T00:33:35Z step 480/938 loss=0.002314 grad_norm=0.003531 learning_rate=5.069e-05 epoch=0.512
2026-10-04T00:34:00Z step 490/938 loss=0.002268 grad_norm=0.09363 learning_rate=4.896e-05 epoch=0.5227
2026-10-04T00:34:27Z step 500/938 loss=0.003539 grad_norm=0.04268 learning_rate=4.724e-05 epoch=0.5333
2026-10-04T00:34:52Z step 510/938 loss=0.0007688 grad_norm=0.02815 learning_rate=4.552e-05 epoch=0.544
2026-10-04T00:35:17Z step 520/938 loss=0.001723 grad_norm=0.01028 learning_rate=4.38e-05 epoch=0.5547
2026-10-04T00:35:43Z step 530/938 loss=0.001515 grad_norm=0.01186 learning_rate=4.209e-05 epoch=0.5653
2026-10-04T00:36:08Z step 540/938 loss=0.001483 grad_norm=0.0003328 learning_rate=4.039e-05 epoch=0.576
2026-10-04T00:36:35Z step 550/938 loss=0.0005673 grad_norm=0.01141 learning_rate=3.871e-05 epoch=0.5867
2026-10-04T00:37:00Z step 560/938 loss=0.0003329 grad_norm=0.001678 learning_rate=3.703e-05 epoch=0.5973
2026-10-04T00:37:26Z step 570/938 loss=0.0001647 grad_norm=0.007234 learning_rate=3.537e-05 epoch=0.608
2026-10-04T00:37:53Z step 580/938 loss=0.002845 grad_norm=0.0008096 learning_rate=3.373e-05 epoch=0.6187
2026-10-04T00:38:18Z step 590/938 loss=0.003844 grad_norm=0.03936 learning_rate=3.211e-05 epoch=0.6293
2026-10-04T00:38:45Z step 600/938 loss=0.001008 grad_norm=0.2402 learning_rate=3.051e-05 epoch=0.64
2026-10-04T00:39:10Z step 610/938 loss=0.002303 grad_norm=0.2316 learning_rate=2.893e-05 epoch=0.6507
2026-10-04T00:39:36Z step 620/938 loss=0.0008362 grad_norm=9.517e-05 learning_rate=2.738e-05 epoch=0.6613
2026-10-04T00:40:02Z step 630/938 loss=0.0001207 grad_norm=0.002272 learning_rate=2.585e-05 epoch=0.672
2026-10-04T00:40:28Z step 640/938 loss=0.0005521 grad_norm=0.0006302 learning_rate=2.436e-05 epoch=0.6827
2026-10-04T00:40:54Z step 650/938 loss=0.0004851 grad_norm=0.001147 learning_rate=2.289e-05 epoch=0.6933
2026-10-04T00:41:20Z step 660/938 loss=0.004668 grad_norm=1.522 learning_rate=2.145e-05 epoch=0.704
2026-10-04T00:41:46Z step 670/938 loss=0.0002473 grad_norm=0.2208 learning_rate=2.005e-05 epoch=0.7147
2026-10-04T00:42:12Z step 680/938 loss=4.945e-05 grad_norm=0.01373 learning_rate=1.869e-05 epoch=0.7253
2026-10-04T00:42:37Z step 690/938 loss=1.866e-05 grad_norm=0.0001054 learning_rate=1.736e-05 epoch=0.736
2026-10-04T00:43:02Z step 700/938 loss=0.000363 grad_norm=0.0009248 learning_rate=1.608e-05 epoch=0.7467
2026-10-04T00:43:29Z step 710/938 loss=7.507e-05 grad_norm=0.008587 learning_rate=1.483e-05 epoch=0.7573
2026-10-04T00:43:54Z step 720/938 loss=0.0002911 grad_norm=0.001565 learning_rate=1.362e-05 epoch=0.768
2026-10-04T00:44:21Z step 730/938 loss=6.012e-05 grad_norm=0.0002848 learning_rate=1.246e-05 epoch=0.7787
2026-10-04T00:44:46Z step 740/938 loss=0.0003472 grad_norm=0.005414 learning_rate=1.134e-05 epoch=0.7893
2026-10-04T00:45:17Z step 750/938 loss=0.0007683 grad_norm=0.0004233 learning_rate=1.027e-05 epoch=0.8
2026-10-04T00:45:44Z step 760/938 loss=2.717e-05 grad_norm=0.003387 learning_rate=9.247e-06 epoch=0.8107
2026-10-04T00:46:10Z step 770/938 loss=0.0003756 grad_norm=0.003985 learning_rate=8.271e-06 epoch=0.8213
2026-10-04T00:46:36Z step 780/938 loss=0.0003311 grad_norm=0.0005932 learning_rate=7.345e-06 epoch=0.832
2026-10-04T00:47:02Z step 790/938 loss=1.845e-05 grad_norm=0.001161 learning_rate=6.47e-06 epoch=0.8427
2026-10-04T00:47:28Z step 800/938 loss=0.0001842 grad_norm=0.001755 learning_rate=5.647e-06 epoch=0.8533
2026-10-04T00:47:54Z step 810/938 loss=0.0002028 grad_norm=0.2298 learning_rate=4.877e-06 epoch=0.864
2026-10-04T00:48:20Z step 820/938 loss=0.0001241 grad_norm=0.05352 learning_rate=4.16e-06 epoch=0.8747
2026-10-04T00:48:46Z step 830/938 loss=3.407e-05 grad_norm=3.83e-05 learning_rate=3.498e-06 epoch=0.8853
2026-10-04T00:49:12Z step 840/938 loss=0.0003327 grad_norm=0.1646 learning_rate=2.892e-06 epoch=0.896
2026-10-04T00:49:38Z step 850/938 loss=5.128e-05 grad_norm=0.0001218 learning_rate=2.342e-06 epoch=0.9067
2026-10-04T00:50:05Z step 860/938 loss=0.0001748 grad_norm=0.001156 learning_rate=1.848e-06 epoch=0.9173
2026-10-04T00:50:31Z step 870/938 loss=5.432e-05 grad_norm=0.0001562 learning_rate=1.412e-06 epoch=0.928
2026-10-04T00:50:56Z step 880/938 loss=0.001779 grad_norm=0.01649 learning_rate=1.034e-06 epoch=0.9387
2026-10-04T00:51:22Z step 890/938 loss=6.518e-05 grad_norm=0.0001757 learning_rate=7.137e-07 epoch=0.9493
2026-10-04T00:51:49Z step 900/938 loss=1.405e-05 grad_norm=0.0004144 learning_rate=4.525e-07 epoch=0.96
2026-10-04T00:52:14Z step 910/938 loss=3.641e-05 grad_norm=0.0002639 learning_rate=2.504e-07 epoch=0.9707
2026-10-04T00:52:41Z step 920/938 loss=6.592e-05 grad_norm=0.0005959 learning_rate=1.075e-07 epoch=0.9813
2026-10-04T00:53:06Z step 930/938 loss=0.0002179 grad_norm=0.000932 learning_rate=2.413e-08 epoch=0.992
2026-10-04T00:53:26Z step 938/938 train_runtime=1680 train_samples_per_second=35.71 train_steps_per_second=0.558 total_flos=1.099e+18 train_loss=0.00166 epoch=1
2026-10-04T00:53:30Z trained 938 steps in 28.3 min, 5337.6 tok/s, peak 23.69 GB
2026-10-04T00:53:31Z u path: fp32-hidden (max |u_fp32 - u_bf16logits| = 0.0335)
2026-10-04T00:53:32Z padding self-check: max |u_batch - u_single| = 0.1285 (tol 0.810) -> left padding
2026-10-04T00:54:09Z B-LOKO-subject-verdict-s1 rule_v1/dev: TA 85.0 Rev 99.7 Hold 85.3 n=300 (38.4 s)
2026-10-04T00:58:15Z B-LOKO-subject-verdict-s1 rule_v1/test_L2: TA 76.7 Rev 93.0 Hold 81.5 n=2000 (245.5 s)
2026-10-04T00:59:10Z B-LOKO-subject-verdict-s1 xr_v1/test: TA nan Rev nan Hold nan n=None (55.4 s)
2026-10-04T00:59:11Z DONE B-LOKO-subject-verdict-s1 in 34.5 min, GPU util mean 95.5
