2026-10-03T06:38:55Z step 10/938 loss=0.21 grad_norm=1.229 learning_rate=3.214e-05 epoch=0.01067
2026-10-03T06:39:18Z step 20/938 loss=0.1247 grad_norm=0.5731 learning_rate=6.786e-05 epoch=0.02133
2026-10-03T06:39:42Z step 30/938 loss=0.07708 grad_norm=0.6519 learning_rate=0.0001 epoch=0.032
2026-10-03T06:40:05Z step 40/938 loss=0.05195 grad_norm=0.2345 learning_rate=9.996e-05 epoch=0.04267
2026-10-03T06:40:28Z step 50/938 loss=0.03515 grad_norm=1.264 learning_rate=9.987e-05 epoch=0.05333
2026-10-03T06:40:51Z step 60/938 loss=0.03737 grad_norm=0.1383 learning_rate=9.971e-05 epoch=0.064
2026-10-03T06:41:14Z step 70/938 loss=0.02563 grad_norm=0.6608 learning_rate=9.95e-05 epoch=0.07467
2026-10-03T06:41:37Z step 80/938 loss=0.04097 grad_norm=0.5881 learning_rate=9.923e-05 epoch=0.08533
2026-10-03T06:42:00Z step 90/938 loss=0.02119 grad_norm=0.05726 learning_rate=9.89e-05 epoch=0.096
2026-10-03T06:42:22Z step 100/938 loss=0.01146 grad_norm=0.4481 learning_rate=9.851e-05 epoch=0.1067
2026-10-03T06:42:45Z step 110/938 loss=0.01557 grad_norm=3.214 learning_rate=9.806e-05 epoch=0.1173
2026-10-03T06:43:08Z step 120/938 loss=0.02429 grad_norm=0.2096 learning_rate=9.755e-05 epoch=0.128
2026-10-03T06:43:31Z step 130/938 loss=0.01077 grad_norm=0.1604 learning_rate=9.699e-05 epoch=0.1387
2026-10-03T06:43:54Z step 140/938 loss=0.02418 grad_norm=0.9754 learning_rate=9.637e-05 epoch=0.1493
2026-10-03T06:44:16Z step 150/938 loss=0.01259 grad_norm=0.5445 learning_rate=9.57e-05 epoch=0.16
2026-10-03T06:44:39Z step 160/938 loss=0.01577 grad_norm=0.1686 learning_rate=9.497e-05 epoch=0.1707
2026-10-03T06:45:01Z step 170/938 loss=0.01691 grad_norm=0.1876 learning_rate=9.419e-05 epoch=0.1813
2026-10-03T06:45:24Z step 180/938 loss=0.009992 grad_norm=0.2402 learning_rate=9.336e-05 epoch=0.192
2026-10-03T06:45:47Z step 190/938 loss=0.01195 grad_norm=0.7641 learning_rate=9.247e-05 epoch=0.2027
2026-10-03T06:46:08Z step 200/938 loss=0.01257 grad_norm=0.03257 learning_rate=9.154e-05 epoch=0.2133
2026-10-03T06:46:31Z step 210/938 loss=0.01727 grad_norm=0.8141 learning_rate=9.055e-05 epoch=0.224
2026-10-03T06:46:54Z step 220/938 loss=0.005377 grad_norm=0.4297 learning_rate=8.952e-05 epoch=0.2347
2026-10-03T06:47:18Z step 230/938 loss=0.01643 grad_norm=0.05576 learning_rate=8.844e-05 epoch=0.2453
2026-10-03T06:47:40Z step 240/938 loss=0.01464 grad_norm=0.5254 learning_rate=8.731e-05 epoch=0.256
2026-10-03T06:48:03Z step 250/938 loss=0.01339 grad_norm=0.4335 learning_rate=8.614e-05 epoch=0.2667
2026-10-03T06:48:26Z step 260/938 loss=0.00917 grad_norm=0.1016 learning_rate=8.493e-05 epoch=0.2773
2026-10-03T06:48:49Z step 270/938 loss=0.01873 grad_norm=0.5827 learning_rate=8.367e-05 epoch=0.288
2026-10-03T06:49:11Z step 280/938 loss=0.01588 grad_norm=0.3115 learning_rate=8.237e-05 epoch=0.2987
2026-10-03T06:49:34Z step 290/938 loss=0.01086 grad_norm=0.06895 learning_rate=8.104e-05 epoch=0.3093
2026-10-03T06:49:56Z step 300/938 loss=0.01179 grad_norm=0.3301 learning_rate=7.967e-05 epoch=0.32
2026-10-03T06:50:19Z step 310/938 loss=0.006974 grad_norm=0.2855 learning_rate=7.826e-05 epoch=0.3307
2026-10-03T06:50:43Z step 320/938 loss=0.00192 grad_norm=0.1143 learning_rate=7.682e-05 epoch=0.3413
2026-10-03T06:51:05Z step 330/938 loss=0.003607 grad_norm=0.08513 learning_rate=7.535e-05 epoch=0.352
2026-10-03T06:51:28Z step 340/938 loss=0.005252 grad_norm=0.6931 learning_rate=7.385e-05 epoch=0.3627
2026-10-03T06:51:51Z step 350/938 loss=0.007896 grad_norm=0.0412 learning_rate=7.231e-05 epoch=0.3733
2026-10-03T06:52:14Z step 360/938 loss=0.01102 grad_norm=0.02469 learning_rate=7.076e-05 epoch=0.384
2026-10-03T06:52:37Z step 370/938 loss=0.005085 grad_norm=0.08477 learning_rate=6.917e-05 epoch=0.3947
2026-10-03T06:53:00Z step 380/938 loss=0.01435 grad_norm=0.9307 learning_rate=6.757e-05 epoch=0.4053
2026-10-03T06:53:23Z step 390/938 loss=0.003106 grad_norm=0.02813 learning_rate=6.594e-05 epoch=0.416
2026-10-03T06:53:46Z step 400/938 loss=0.005115 grad_norm=0.2522 learning_rate=6.43e-05 epoch=0.4267
2026-10-03T06:54:08Z step 410/938 loss=0.0006241 grad_norm=0.01833 learning_rate=6.264e-05 epoch=0.4373
2026-10-03T06:54:31Z step 420/938 loss=0.0005872 grad_norm=0.02636 learning_rate=6.096e-05 epoch=0.448
2026-10-03T06:54:54Z step 430/938 loss=0.01523 grad_norm=0.01473 learning_rate=5.927e-05 epoch=0.4587
2026-10-03T06:55:17Z step 440/938 loss=0.01263 grad_norm=0.06728 learning_rate=5.757e-05 epoch=0.4693
2026-10-03T06:55:40Z step 450/938 loss=0.005829 grad_norm=0.05061 learning_rate=5.586e-05 epoch=0.48
2026-10-03T06:56:08Z step 460/938 loss=0.005803 grad_norm=0.05747 learning_rate=5.414e-05 epoch=0.4907
2026-10-03T06:56:31Z step 470/938 loss=0.001847 grad_norm=0.02861 learning_rate=5.242e-05 epoch=0.5013
2026-10-03T06:56:53Z step 480/938 loss=0.007146 grad_norm=0.8455 learning_rate=5.069e-05 epoch=0.512
2026-10-03T06:57:16Z step 490/938 loss=0.005936 grad_norm=0.03904 learning_rate=4.896e-05 epoch=0.5227
2026-10-03T06:57:38Z step 500/938 loss=0.007035 grad_norm=0.1866 learning_rate=4.724e-05 epoch=0.5333
2026-10-03T06:58:01Z step 510/938 loss=0.006733 grad_norm=0.006615 learning_rate=4.552e-05 epoch=0.544
2026-10-03T06:58:22Z step 520/938 loss=0.003949 grad_norm=0.1646 learning_rate=4.38e-05 epoch=0.5547
2026-10-03T06:58:45Z step 530/938 loss=0.001578 grad_norm=0.004225 learning_rate=4.209e-05 epoch=0.5653
2026-10-03T06:59:08Z step 540/938 loss=0.002719 grad_norm=0.01663 learning_rate=4.039e-05 epoch=0.576
2026-10-03T06:59:30Z step 550/938 loss=0.0003525 grad_norm=0.01466 learning_rate=3.871e-05 epoch=0.5867
2026-10-03T06:59:53Z step 560/938 loss=0.002107 grad_norm=6.108e-05 learning_rate=3.703e-05 epoch=0.5973
2026-10-03T07:00:16Z step 570/938 loss=0.006035 grad_norm=0.008733 learning_rate=3.537e-05 epoch=0.608
2026-10-03T07:00:39Z step 580/938 loss=0.006927 grad_norm=0.0009162 learning_rate=3.373e-05 epoch=0.6187
2026-10-03T07:01:00Z step 590/938 loss=0.001447 grad_norm=0.02555 learning_rate=3.211e-05 epoch=0.6293
2026-10-03T07:01:23Z step 600/938 loss=0.001416 grad_norm=0.151 learning_rate=3.051e-05 epoch=0.64
2026-10-03T07:01:46Z step 610/938 loss=0.001448 grad_norm=0.03991 learning_rate=2.893e-05 epoch=0.6507
2026-10-03T07:02:09Z step 620/938 loss=0.0007583 grad_norm=0.0003266 learning_rate=2.738e-05 epoch=0.6613
2026-10-03T07:02:32Z step 630/938 loss=0.004191 grad_norm=0.0001072 learning_rate=2.585e-05 epoch=0.672
2026-10-03T07:02:55Z step 640/938 loss=0.002273 grad_norm=0.02068 learning_rate=2.436e-05 epoch=0.6827
2026-10-03T07:03:18Z step 650/938 loss=0.001111 grad_norm=0.07896 learning_rate=2.289e-05 epoch=0.6933
2026-10-03T07:03:40Z step 660/938 loss=0.002861 grad_norm=4.243e-05 learning_rate=2.145e-05 epoch=0.704
2026-10-03T07:04:03Z step 670/938 loss=0.002975 grad_norm=0.4447 learning_rate=2.005e-05 epoch=0.7147
2026-10-03T07:04:26Z step 680/938 loss=0.002571 grad_norm=0.1664 learning_rate=1.869e-05 epoch=0.7253
2026-10-03T07:04:49Z step 690/938 loss=0.001333 grad_norm=0.1 learning_rate=1.736e-05 epoch=0.736
2026-10-03T07:05:12Z step 700/938 loss=0.001583 grad_norm=0.0001117 learning_rate=1.608e-05 epoch=0.7467
2026-10-03T07:05:34Z step 710/938 loss=0.002887 grad_norm=0.2009 learning_rate=1.483e-05 epoch=0.7573
2026-10-03T07:05:57Z step 720/938 loss=0.0002431 grad_norm=0.007957 learning_rate=1.362e-05 epoch=0.768
2026-10-03T07:06:20Z step 730/938 loss=0.002147 grad_norm=0.01686 learning_rate=1.246e-05 epoch=0.7787
2026-10-03T07:06:42Z step 740/938 loss=0.0001642 grad_norm=0.007618 learning_rate=1.134e-05 epoch=0.7893
2026-10-03T07:07:05Z step 750/938 loss=0.001426 grad_norm=1.962e-05 learning_rate=1.027e-05 epoch=0.8
2026-10-03T07:07:28Z step 760/938 loss=6.14e-05 grad_norm=3.546e-05 learning_rate=9.247e-06 epoch=0.8107
2026-10-03T07:07:50Z step 770/938 loss=0.0005428 grad_norm=0.1358 learning_rate=8.271e-06 epoch=0.8213
2026-10-03T07:08:13Z step 780/938 loss=6.161e-05 grad_norm=0.001033 learning_rate=7.345e-06 epoch=0.832
2026-10-03T07:08:35Z step 790/938 loss=0.0003372 grad_norm=0.01701 learning_rate=6.47e-06 epoch=0.8427
2026-10-03T07:08:58Z step 800/938 loss=0.0008239 grad_norm=0.08878 learning_rate=5.647e-06 epoch=0.8533
2026-10-03T07:09:21Z step 810/938 loss=0.0001204 grad_norm=0.001061 learning_rate=4.877e-06 epoch=0.864
2026-10-03T07:09:44Z step 820/938 loss=0.0001088 grad_norm=0.002781 learning_rate=4.16e-06 epoch=0.8747
2026-10-03T07:10:06Z step 830/938 loss=5.703e-05 grad_norm=0.0003042 learning_rate=3.498e-06 epoch=0.8853
2026-10-03T07:10:29Z step 840/938 loss=0.001963 grad_norm=0.002937 learning_rate=2.892e-06 epoch=0.896
2026-10-03T07:10:52Z step 850/938 loss=0.0008697 grad_norm=0.03912 learning_rate=2.342e-06 epoch=0.9067
2026-10-03T07:11:15Z step 860/938 loss=0.0001111 grad_norm=0.003657 learning_rate=1.848e-06 epoch=0.9173
2026-10-03T07:11:37Z step 870/938 loss=0.0009817 grad_norm=0.0005091 learning_rate=1.412e-06 epoch=0.928
2026-10-03T07:12:01Z step 880/938 loss=8.859e-05 grad_norm=7.823e-05 learning_rate=1.034e-06 epoch=0.9387
2026-10-03T07:12:23Z step 890/938 loss=0.0001156 grad_norm=0.002171 learning_rate=7.137e-07 epoch=0.9493
2026-10-03T07:12:46Z step 900/938 loss=1.219e-05 grad_norm=0.0009098 learning_rate=4.525e-07 epoch=0.96
2026-10-03T07:13:08Z step 910/938 loss=0.0007512 grad_norm=0.0355 learning_rate=2.504e-07 epoch=0.9707
2026-10-03T07:13:30Z step 920/938 loss=0.001602 grad_norm=0.001047 learning_rate=1.075e-07 epoch=0.9813
2026-10-03T07:13:53Z step 930/938 loss=0.0001159 grad_norm=0.0007611 learning_rate=2.413e-08 epoch=0.992
2026-10-03T07:14:10Z step 938/938 train_runtime=2297 train_samples_per_second=26.12 train_steps_per_second=0.408 total_flos=1.083e+18 train_loss=0.01199 epoch=1
2026-10-03T07:14:14Z trained 938 steps in 38.3 min, 5701.3 tok/s, peak 23.3 GB
2026-10-03T07:14:28Z u path: fp32-hidden (max |u_fp32 - u_bf16logits| = 0.0855)
2026-10-03T07:14:33Z padding self-check: max |u_batch - u_single| = 0.1274 (tol 0.914) -> left padding
2026-10-03T07:15:14Z B-F-verdict-triplets-s1 rule_v1/dev: TA 99.3 Rev 100.0 Hold 99.3 n=300 (59.4 s)
2026-10-03T07:15:32Z B-F-verdict-triplets-s1 rule_v1/dev_missing: TA nan Rev nan Hold nan n=None (18.3 s)
2026-10-03T07:16:34Z B-F-verdict-triplets-s1 rule_v1/missing: TA nan Rev nan Hold nan n=None (62.4 s)
2026-10-03T07:18:42Z B-F-verdict-triplets-s1 rule_v1/readapply: TA 99.6 Rev 99.7 Hold 99.8 n=1000 (126.8 s)
2026-10-03T07:20:38Z B-F-verdict-triplets-s1 rule_v1/test_L0: TA 99.5 Rev 99.5 Hold 99.9 n=1000 (115.9 s)
2026-10-03T07:22:31Z B-F-verdict-triplets-s1 rule_v1/test_L1: TA 97.9 Rev 99.2 Hold 98.5 n=1000 (112.9 s)
2026-10-03T07:26:36Z B-F-verdict-triplets-s1 rule_v1/test_L2: TA 91.8 Rev 92.7 Hold 96.6 n=2000 (245.0 s)
2026-10-03T07:27:55Z B-F-verdict-triplets-s1 rule_v1/test_L3alt: TA 99.8 Rev 99.8 Hold 100.0 n=1000 (79.0 s)
2026-10-03T07:29:56Z B-F-verdict-triplets-s1 rule_v1/test_L3inv: TA 95.0 Rev 96.7 Hold 96.6 n=1000 (120.7 s)
2026-10-03T07:32:42Z B-F-verdict-triplets-s1 rule_v1/test_hard: TA 90.8 Rev 92.6 Hold 96.0 n=1000 (165.8 s)
2026-10-03T07:32:43Z DONE B-F-verdict-triplets-s1 in 57.1 min, GPU util mean 91.0
