2026-10-03T16:49:48Z step 10/938 loss=0.8311 grad_norm=5.894 learning_rate=3.214e-05 epoch=0.01067
2026-10-03T16:50:13Z step 20/938 loss=0.4934 grad_norm=4.358 learning_rate=6.786e-05 epoch=0.02133
2026-10-03T16:50:37Z step 30/938 loss=0.3852 grad_norm=2.297 learning_rate=0.0001 epoch=0.032
2026-10-03T16:51:02Z step 40/938 loss=0.2753 grad_norm=4.388 learning_rate=9.996e-05 epoch=0.04267
2026-10-03T16:51:26Z step 50/938 loss=0.2325 grad_norm=7.765 learning_rate=9.987e-05 epoch=0.05333
2026-10-03T16:51:51Z step 60/938 loss=0.1866 grad_norm=3.135 learning_rate=9.971e-05 epoch=0.064
2026-10-03T16:52:15Z step 70/938 loss=0.1031 grad_norm=4.249 learning_rate=9.95e-05 epoch=0.07467
2026-10-03T16:52:39Z step 80/938 loss=0.2268 grad_norm=0.6625 learning_rate=9.923e-05 epoch=0.08533
2026-10-03T16:53:03Z step 90/938 loss=0.1072 grad_norm=1.241 learning_rate=9.89e-05 epoch=0.096
2026-10-03T16:53:29Z step 100/938 loss=0.1438 grad_norm=0.843 learning_rate=9.851e-05 epoch=0.1067
2026-10-03T16:53:53Z step 110/938 loss=0.1164 grad_norm=5.374 learning_rate=9.806e-05 epoch=0.1173
2026-10-03T16:54:18Z step 120/938 loss=0.1624 grad_norm=36.93 learning_rate=9.755e-05 epoch=0.128
2026-10-03T16:54:42Z step 130/938 loss=0.1353 grad_norm=8.611 learning_rate=9.699e-05 epoch=0.1387
2026-10-03T16:55:06Z step 140/938 loss=0.07773 grad_norm=3.444 learning_rate=9.637e-05 epoch=0.1493
2026-10-03T16:55:31Z step 150/938 loss=0.05708 grad_norm=2.189 learning_rate=9.57e-05 epoch=0.16
2026-10-03T16:55:55Z step 160/938 loss=0.06991 grad_norm=0.7098 learning_rate=9.497e-05 epoch=0.1707
2026-10-03T16:56:19Z step 170/938 loss=0.06165 grad_norm=0.9314 learning_rate=9.419e-05 epoch=0.1813
2026-10-03T16:56:44Z step 180/938 loss=0.1351 grad_norm=0.6707 learning_rate=9.336e-05 epoch=0.192
2026-10-03T16:57:08Z step 190/938 loss=0.07347 grad_norm=1.148 learning_rate=9.247e-05 epoch=0.2027
2026-10-03T16:57:33Z step 200/938 loss=0.06525 grad_norm=2.127 learning_rate=9.154e-05 epoch=0.2133
2026-10-03T16:57:57Z step 210/938 loss=0.238 grad_norm=0.6856 learning_rate=9.055e-05 epoch=0.224
2026-10-03T16:58:21Z step 220/938 loss=0.05259 grad_norm=1.041 learning_rate=8.952e-05 epoch=0.2347
2026-10-03T16:58:46Z step 230/938 loss=0.1098 grad_norm=3.661 learning_rate=8.844e-05 epoch=0.2453
2026-10-03T16:59:11Z step 240/938 loss=0.1454 grad_norm=0.1312 learning_rate=8.731e-05 epoch=0.256
2026-10-03T16:59:35Z step 250/938 loss=0.0549 grad_norm=0.008726 learning_rate=8.614e-05 epoch=0.2667
2026-10-03T16:59:58Z step 260/938 loss=0.05287 grad_norm=5.286 learning_rate=8.493e-05 epoch=0.2773
2026-10-03T17:00:23Z step 270/938 loss=0.03624 grad_norm=0.3107 learning_rate=8.367e-05 epoch=0.288
2026-10-03T17:00:47Z step 280/938 loss=0.06909 grad_norm=0.8794 learning_rate=8.237e-05 epoch=0.2987
2026-10-03T17:01:11Z step 290/938 loss=0.05128 grad_norm=0.3445 learning_rate=8.104e-05 epoch=0.3093
2026-10-03T17:01:36Z step 300/938 loss=0.05876 grad_norm=1.492 learning_rate=7.967e-05 epoch=0.32
2026-10-03T17:02:00Z step 310/938 loss=0.04312 grad_norm=0.7336 learning_rate=7.826e-05 epoch=0.3307
2026-10-03T17:02:25Z step 320/938 loss=0.1585 grad_norm=0.1526 learning_rate=7.682e-05 epoch=0.3413
2026-10-03T17:02:49Z step 330/938 loss=0.01419 grad_norm=0.02285 learning_rate=7.535e-05 epoch=0.352
2026-10-03T17:03:13Z step 340/938 loss=0.04079 grad_norm=7.094 learning_rate=7.385e-05 epoch=0.3627
2026-10-03T17:03:37Z step 350/938 loss=0.04973 grad_norm=2.188 learning_rate=7.231e-05 epoch=0.3733
2026-10-03T17:04:02Z step 360/938 loss=0.05514 grad_norm=0.1778 learning_rate=7.076e-05 epoch=0.384
2026-10-03T17:04:27Z step 370/938 loss=0.04555 grad_norm=0.04097 learning_rate=6.917e-05 epoch=0.3947
2026-10-03T17:04:51Z step 380/938 loss=0.05999 grad_norm=1.152 learning_rate=6.757e-05 epoch=0.4053
2026-10-03T17:05:15Z step 390/938 loss=0.04103 grad_norm=3.074 learning_rate=6.594e-05 epoch=0.416
2026-10-03T17:05:40Z step 400/938 loss=0.03505 grad_norm=0.009121 learning_rate=6.43e-05 epoch=0.4267
2026-10-03T17:06:04Z step 410/938 loss=0.0456 grad_norm=14.9 learning_rate=6.264e-05 epoch=0.4373
2026-10-03T17:06:28Z step 420/938 loss=0.02753 grad_norm=10 learning_rate=6.096e-05 epoch=0.448
2026-10-03T17:06:52Z step 430/938 loss=0.03672 grad_norm=1.647 learning_rate=5.927e-05 epoch=0.4587
2026-10-03T17:07:17Z step 440/938 loss=0.02119 grad_norm=2.329 learning_rate=5.757e-05 epoch=0.4693
2026-10-03T17:07:41Z step 450/938 loss=0.03737 grad_norm=2.013 learning_rate=5.586e-05 epoch=0.48
2026-10-03T17:08:05Z step 460/938 loss=0.06349 grad_norm=0.2295 learning_rate=5.414e-05 epoch=0.4907
2026-10-03T17:08:30Z step 470/938 loss=0.03542 grad_norm=1.8 learning_rate=5.242e-05 epoch=0.5013
2026-10-03T17:08:54Z step 480/938 loss=0.01223 grad_norm=0.1611 learning_rate=5.069e-05 epoch=0.512
2026-10-03T17:09:19Z step 490/938 loss=0.01019 grad_norm=1.783 learning_rate=4.896e-05 epoch=0.5227
2026-10-03T17:09:52Z step 500/938 loss=0.001618 grad_norm=0.0008006 learning_rate=4.724e-05 epoch=0.5333
2026-10-03T17:10:17Z step 510/938 loss=0.03017 grad_norm=0.1691 learning_rate=4.552e-05 epoch=0.544
2026-10-03T17:10:41Z step 520/938 loss=0.02243 grad_norm=0.006696 learning_rate=4.38e-05 epoch=0.5547
2026-10-03T17:11:05Z step 530/938 loss=0.005027 grad_norm=0.02975 learning_rate=4.209e-05 epoch=0.5653
2026-10-03T17:11:29Z step 540/938 loss=0.0186 grad_norm=0.004507 learning_rate=4.039e-05 epoch=0.576
2026-10-03T17:11:54Z step 550/938 loss=0.0298 grad_norm=0.4012 learning_rate=3.871e-05 epoch=0.5867
2026-10-03T17:12:19Z step 560/938 loss=0.009354 grad_norm=0.00911 learning_rate=3.703e-05 epoch=0.5973
2026-10-03T17:12:43Z step 570/938 loss=0.01405 grad_norm=1.769 learning_rate=3.537e-05 epoch=0.608
2026-10-03T17:13:08Z step 580/938 loss=0.004178 grad_norm=2.274 learning_rate=3.373e-05 epoch=0.6187
2026-10-03T17:13:31Z step 590/938 loss=0.0234 grad_norm=0.01515 learning_rate=3.211e-05 epoch=0.6293
2026-10-03T17:13:56Z step 600/938 loss=0.001307 grad_norm=0.005002 learning_rate=3.051e-05 epoch=0.64
2026-10-03T17:14:21Z step 610/938 loss=0.005671 grad_norm=0.06005 learning_rate=2.893e-05 epoch=0.6507
2026-10-03T17:14:51Z step 620/938 loss=0.006768 grad_norm=1.401 learning_rate=2.738e-05 epoch=0.6613
2026-10-03T17:15:15Z step 630/938 loss=0.002566 grad_norm=0.01653 learning_rate=2.585e-05 epoch=0.672
2026-10-03T17:15:39Z step 640/938 loss=0.03671 grad_norm=4.104 learning_rate=2.436e-05 epoch=0.6827
2026-10-03T17:16:04Z step 650/938 loss=0.01259 grad_norm=0.003994 learning_rate=2.289e-05 epoch=0.6933
2026-10-03T17:16:29Z step 660/938 loss=0.01546 grad_norm=0.00446 learning_rate=2.145e-05 epoch=0.704
2026-10-03T17:16:53Z step 670/938 loss=0.01003 grad_norm=0.3788 learning_rate=2.005e-05 epoch=0.7147
2026-10-03T17:17:17Z step 680/938 loss=0.009949 grad_norm=0.004867 learning_rate=1.869e-05 epoch=0.7253
2026-10-03T17:17:41Z step 690/938 loss=0.002492 grad_norm=0.1112 learning_rate=1.736e-05 epoch=0.736
2026-10-03T17:18:05Z step 700/938 loss=0.0008028 grad_norm=0.0005166 learning_rate=1.608e-05 epoch=0.7467
2026-10-03T17:18:30Z step 710/938 loss=0.003431 grad_norm=0.01382 learning_rate=1.483e-05 epoch=0.7573
2026-10-03T17:18:54Z step 720/938 loss=0.02206 grad_norm=0.02025 learning_rate=1.362e-05 epoch=0.768
2026-10-03T17:19:18Z step 730/938 loss=0.01186 grad_norm=0.02298 learning_rate=1.246e-05 epoch=0.7787
2026-10-03T17:19:42Z step 740/938 loss=0.01786 grad_norm=1.699 learning_rate=1.134e-05 epoch=0.7893
2026-10-03T17:20:29Z step 750/938 loss=0.007915 grad_norm=0.0104 learning_rate=1.027e-05 epoch=0.8
2026-10-03T17:20:53Z step 760/938 loss=0.002057 grad_norm=0.01315 learning_rate=9.247e-06 epoch=0.8107
2026-10-03T17:21:17Z step 770/938 loss=0.0005306 grad_norm=0.003576 learning_rate=8.271e-06 epoch=0.8213
2026-10-03T17:21:41Z step 780/938 loss=0.001752 grad_norm=0.009265 learning_rate=7.345e-06 epoch=0.832
2026-10-03T17:22:05Z step 790/938 loss=0.009107 grad_norm=0.0094 learning_rate=6.47e-06 epoch=0.8427
2026-10-03T17:22:29Z step 800/938 loss=0.005622 grad_norm=0.02099 learning_rate=5.647e-06 epoch=0.8533
2026-10-03T17:22:54Z step 810/938 loss=0.0005948 grad_norm=0.009119 learning_rate=4.877e-06 epoch=0.864
2026-10-03T17:23:18Z step 820/938 loss=0.006909 grad_norm=0.0008664 learning_rate=4.16e-06 epoch=0.8747
2026-10-03T17:23:43Z step 830/938 loss=0.003466 grad_norm=0.01201 learning_rate=3.498e-06 epoch=0.8853
2026-10-03T17:24:08Z step 840/938 loss=0.002502 grad_norm=0.4462 learning_rate=2.892e-06 epoch=0.896
2026-10-03T17:24:32Z step 850/938 loss=0.005044 grad_norm=0.002704 learning_rate=2.342e-06 epoch=0.9067
2026-10-03T17:24:56Z step 860/938 loss=0.01188 grad_norm=0.02511 learning_rate=1.848e-06 epoch=0.9173
2026-10-03T17:25:21Z step 870/938 loss=0.002115 grad_norm=0.004558 learning_rate=1.412e-06 epoch=0.928
2026-10-03T17:25:45Z step 880/938 loss=0.0007122 grad_norm=0.001266 learning_rate=1.034e-06 epoch=0.9387
2026-10-03T17:26:10Z step 890/938 loss=0.001416 grad_norm=0.0399 learning_rate=7.137e-07 epoch=0.9493
2026-10-03T17:26:34Z step 900/938 loss=0.00527 grad_norm=2.507 learning_rate=4.525e-07 epoch=0.96
2026-10-03T17:26:58Z step 910/938 loss=0.001126 grad_norm=0.02625 learning_rate=2.504e-07 epoch=0.9707
2026-10-03T17:27:23Z step 920/938 loss=0.0006488 grad_norm=0.03893 learning_rate=1.075e-07 epoch=0.9813
2026-10-03T17:27:47Z step 930/938 loss=0.003845 grad_norm=0.0003587 learning_rate=2.413e-08 epoch=0.992
2026-10-03T17:28:05Z step 938/938 train_runtime=2321 train_samples_per_second=25.85 train_steps_per_second=0.404 total_flos=1.153e+18 train_loss=0.06432 epoch=1
2026-10-03T17:28:09Z trained 938 steps in 38.7 min, 6039.6 tok/s, peak 32.56 GB
2026-10-03T17:28:10Z u path: fp32-hidden (max |u_fp32 - u_bf16logits| = 0.0453)
2026-10-03T17:28:11Z padding self-check: max |u_batch - u_single| = 0.1816 (tol 0.820) -> left padding
2026-10-03T17:28:50Z B-FOLD2-verdict-blocks-s0 rule_v1_fold2/dev: TA 48.7 Rev 99.0 Hold 49.0 n=300 (41.1 s)
2026-10-03T17:33:00Z B-FOLD2-verdict-blocks-s0 rule_v1_fold2/test_L2: TA 63.1 Rev 99.7 Hold 63.1 n=2000 (249.1 s)
2026-10-03T17:33:00Z DONE B-FOLD2-verdict-blocks-s0 in 44.0 min, GPU util mean 95.8
