2026-10-10T14:49:06Z step 10/817 loss=1.772 grad_norm=3.286 learning_rate=3.6e-05 epoch=0.01224
2026-10-10T14:49:41Z step 20/817 loss=0.2351 grad_norm=0.6616 learning_rate=7.6e-05 epoch=0.02449
2026-10-10T14:50:18Z step 30/817 loss=0.03868 grad_norm=1.695 learning_rate=9.999e-05 epoch=0.03673
2026-10-10T14:50:53Z step 40/817 loss=0.0325 grad_norm=0.2897 learning_rate=9.992e-05 epoch=0.04897
2026-10-10T14:51:29Z step 50/817 loss=0.01419 grad_norm=0.07599 learning_rate=9.977e-05 epoch=0.06122
2026-10-10T14:52:05Z step 60/817 loss=0.005014 grad_norm=0.06649 learning_rate=9.955e-05 epoch=0.07346
2026-10-10T14:52:41Z step 70/817 loss=0.001585 grad_norm=0.1918 learning_rate=9.924e-05 epoch=0.08571
2026-10-10T14:53:17Z step 80/817 loss=0.002206 grad_norm=0.02425 learning_rate=9.886e-05 epoch=0.09795
2026-10-10T14:53:51Z step 90/817 loss=0.001242 grad_norm=0.5126 learning_rate=9.84e-05 epoch=0.1102
2026-10-10T14:54:27Z step 100/817 loss=0.01114 grad_norm=0.07444 learning_rate=9.786e-05 epoch=0.1224
2026-10-10T14:55:02Z step 110/817 loss=0.004858 grad_norm=0.0293 learning_rate=9.725e-05 epoch=0.1347
2026-10-10T14:55:36Z step 120/817 loss=0.0008353 grad_norm=0.02949 learning_rate=9.656e-05 epoch=0.1469
2026-10-10T14:56:12Z step 130/817 loss=0.003501 grad_norm=0.005527 learning_rate=9.581e-05 epoch=0.1592
2026-10-10T14:56:47Z step 140/817 loss=0.008778 grad_norm=0.04718 learning_rate=9.497e-05 epoch=0.1714
2026-10-10T14:57:23Z step 150/817 loss=0.003448 grad_norm=0.3515 learning_rate=9.407e-05 epoch=0.1837
2026-10-10T14:57:58Z step 160/817 loss=0.002271 grad_norm=0.0114 learning_rate=9.31e-05 epoch=0.1959
2026-10-10T14:58:33Z step 170/817 loss=0.0006043 grad_norm=0.003604 learning_rate=9.206e-05 epoch=0.2081
2026-10-10T14:59:09Z step 180/817 loss=0.001171 grad_norm=0.001351 learning_rate=9.096e-05 epoch=0.2204
2026-10-10T14:59:45Z step 190/817 loss=0.0004258 grad_norm=0.005026 learning_rate=8.979e-05 epoch=0.2326
2026-10-10T15:00:21Z step 200/817 loss=0.0004732 grad_norm=0.1086 learning_rate=8.856e-05 epoch=0.2449
2026-10-10T15:00:57Z step 210/817 loss=0.001816 grad_norm=0.006194 learning_rate=8.726e-05 epoch=0.2571
2026-10-10T15:01:32Z step 220/817 loss=0.007144 grad_norm=0.5799 learning_rate=8.591e-05 epoch=0.2694
2026-10-10T15:02:08Z step 230/817 loss=0.006202 grad_norm=1.143 learning_rate=8.45e-05 epoch=0.2816
2026-10-10T15:02:43Z step 240/817 loss=0.00187 grad_norm=0.002867 learning_rate=8.304e-05 epoch=0.2938
2026-10-10T15:03:19Z step 250/817 loss=0.005091 grad_norm=0.01117 learning_rate=8.153e-05 epoch=0.3061
2026-10-10T15:03:53Z step 260/817 loss=0.002494 grad_norm=0.04805 learning_rate=7.996e-05 epoch=0.3183
2026-10-10T15:04:29Z step 270/817 loss=0.003487 grad_norm=0.5197 learning_rate=7.835e-05 epoch=0.3306
2026-10-10T15:05:05Z step 280/817 loss=0.005457 grad_norm=0.01953 learning_rate=7.67e-05 epoch=0.3428
2026-10-10T15:05:39Z step 290/817 loss=0.006332 grad_norm=0.05407 learning_rate=7.5e-05 epoch=0.3551
2026-10-10T15:06:15Z step 300/817 loss=0.006485 grad_norm=0.0648 learning_rate=7.326e-05 epoch=0.3673
2026-10-10T15:06:51Z step 310/817 loss=0.001366 grad_norm=0.04416 learning_rate=7.149e-05 epoch=0.3796
2026-10-10T15:07:27Z step 320/817 loss=0.0002077 grad_norm=0.001094 learning_rate=6.968e-05 epoch=0.3918
2026-10-10T15:08:03Z step 330/817 loss=8.807e-05 grad_norm=0.001261 learning_rate=6.784e-05 epoch=0.404
2026-10-10T15:10:31Z step 340/817 loss=0.005075 grad_norm=0.0008346 learning_rate=6.598e-05 epoch=0.4163
2026-10-10T15:11:08Z step 350/817 loss=0.001378 grad_norm=0.04629 learning_rate=6.409e-05 epoch=0.4285
2026-10-10T15:11:43Z step 360/817 loss=0.001929 grad_norm=0.00243 learning_rate=6.217e-05 epoch=0.4408
2026-10-10T15:12:19Z step 370/817 loss=0.0008522 grad_norm=0.2747 learning_rate=6.024e-05 epoch=0.453
2026-10-10T15:12:55Z step 380/817 loss=0.0002636 grad_norm=0.001011 learning_rate=5.829e-05 epoch=0.4653
2026-10-10T15:13:31Z step 390/817 loss=0.0001507 grad_norm=0.003553 learning_rate=5.633e-05 epoch=0.4775
2026-10-10T15:14:06Z step 400/817 loss=9.012e-05 grad_norm=0.0009891 learning_rate=5.436e-05 epoch=0.4897
2026-10-10T15:14:42Z step 410/817 loss=0.0006906 grad_norm=0.01031 learning_rate=5.238e-05 epoch=0.502
2026-10-10T15:15:17Z step 420/817 loss=0.004565 grad_norm=0.001829 learning_rate=5.04e-05 epoch=0.5142
2026-10-10T15:15:53Z step 430/817 loss=0.004181 grad_norm=0.004941 learning_rate=4.841e-05 epoch=0.5265
2026-10-10T15:16:28Z step 440/817 loss=0.002225 grad_norm=0.005032 learning_rate=4.643e-05 epoch=0.5387
2026-10-10T15:17:03Z step 450/817 loss=0.000966 grad_norm=0.004923 learning_rate=4.446e-05 epoch=0.551
2026-10-10T15:17:40Z step 460/817 loss=0.0002964 grad_norm=0.0007585 learning_rate=4.249e-05 epoch=0.5632
2026-10-10T15:18:14Z step 470/817 loss=0.0001572 grad_norm=0.0101 learning_rate=4.054e-05 epoch=0.5755
2026-10-10T15:18:50Z step 480/817 loss=8.946e-05 grad_norm=0.0008322 learning_rate=3.86e-05 epoch=0.5877
2026-10-10T15:19:25Z step 490/817 loss=0.000118 grad_norm=0.00141 learning_rate=3.668e-05 epoch=0.5999
2026-10-10T15:20:01Z step 500/817 loss=3.74e-05 grad_norm=0.0003209 learning_rate=3.478e-05 epoch=0.6122
2026-10-10T15:20:38Z step 510/817 loss=4.311e-05 grad_norm=0.0001844 learning_rate=3.29e-05 epoch=0.6244
2026-10-10T15:21:13Z step 520/817 loss=6.285e-05 grad_norm=0.0002577 learning_rate=3.105e-05 epoch=0.6367
2026-10-10T15:21:50Z step 530/817 loss=0.0004984 grad_norm=0.0007075 learning_rate=2.923e-05 epoch=0.6489
2026-10-10T15:22:26Z step 540/817 loss=7.532e-05 grad_norm=0.0004475 learning_rate=2.744e-05 epoch=0.6612
2026-10-10T15:23:01Z step 550/817 loss=3.739e-05 grad_norm=0.000546 learning_rate=2.569e-05 epoch=0.6734
2026-10-10T15:23:37Z step 560/817 loss=4.998e-05 grad_norm=0.0005775 learning_rate=2.398e-05 epoch=0.6856
2026-10-10T15:24:13Z step 570/817 loss=8.129e-05 grad_norm=0.0004813 learning_rate=2.23e-05 epoch=0.6979
2026-10-10T15:24:49Z step 580/817 loss=5.452e-05 grad_norm=0.0008941 learning_rate=2.067e-05 epoch=0.7101
2026-10-10T15:25:25Z step 590/817 loss=2.771e-05 grad_norm=0.0006338 learning_rate=1.909e-05 epoch=0.7224
2026-10-10T15:26:01Z step 600/817 loss=5.072e-05 grad_norm=0.006686 learning_rate=1.756e-05 epoch=0.7346
2026-10-10T15:26:38Z step 610/817 loss=6.197e-05 grad_norm=0.0002441 learning_rate=1.607e-05 epoch=0.7469
2026-10-10T15:27:12Z step 620/817 loss=0.0007221 grad_norm=0.0003304 learning_rate=1.464e-05 epoch=0.7591
2026-10-10T15:27:48Z step 630/817 loss=5.107e-05 grad_norm=0.0002428 learning_rate=1.327e-05 epoch=0.7713
2026-10-10T15:28:26Z step 640/817 loss=2.462e-05 grad_norm=0.0007043 learning_rate=1.195e-05 epoch=0.7836
2026-10-10T15:31:07Z step 650/817 loss=7.376e-05 grad_norm=0.0001818 learning_rate=1.07e-05 epoch=0.7958
2026-10-10T15:31:43Z step 660/817 loss=2.249e-05 grad_norm=0.0002966 learning_rate=9.503e-06 epoch=0.8081
2026-10-10T15:32:19Z step 670/817 loss=1.92e-05 grad_norm=0.0001007 learning_rate=8.372e-06 epoch=0.8203
2026-10-10T15:32:55Z step 680/817 loss=2.256e-05 grad_norm=0.001672 learning_rate=7.306e-06 epoch=0.8326
2026-10-10T15:33:30Z step 690/817 loss=0.0006003 grad_norm=0.0002513 learning_rate=6.308e-06 epoch=0.8448
2026-10-10T15:34:05Z step 700/817 loss=0.0002194 grad_norm=0.0003745 learning_rate=5.378e-06 epoch=0.8571
2026-10-10T15:34:41Z step 710/817 loss=0.0001864 grad_norm=0.0004161 learning_rate=4.518e-06 epoch=0.8693
2026-10-10T15:35:17Z step 720/817 loss=2.719e-05 grad_norm=0.000511 learning_rate=3.73e-06 epoch=0.8815
2026-10-10T15:35:53Z step 730/817 loss=3.159e-05 grad_norm=0.001005 learning_rate=3.015e-06 epoch=0.8938
2026-10-10T15:36:28Z step 740/817 loss=0.0001043 grad_norm=0.0003566 learning_rate=2.374e-06 epoch=0.906
2026-10-10T15:37:04Z step 750/817 loss=3.772e-05 grad_norm=0.002551 learning_rate=1.808e-06 epoch=0.9183
2026-10-10T15:37:39Z step 760/817 loss=2.485e-05 grad_norm=0.002521 learning_rate=1.317e-06 epoch=0.9305
2026-10-10T15:38:13Z step 770/817 loss=0.0002048 grad_norm=0.3523 learning_rate=9.036e-07 epoch=0.9428
2026-10-10T15:38:49Z step 780/817 loss=0.0005677 grad_norm=0.0002576 learning_rate=5.669e-07 epoch=0.955
2026-10-10T15:39:24Z step 790/817 loss=3.16e-05 grad_norm=0.0007153 learning_rate=3.081e-07 epoch=0.9672
2026-10-10T15:40:01Z step 800/817 loss=5.034e-05 grad_norm=0.000464 learning_rate=1.274e-07 epoch=0.9795
2026-10-10T15:40:37Z step 810/817 loss=1.876e-05 grad_norm=0.0003785 learning_rate=2.517e-08 epoch=0.9917
2026-10-10T15:41:31Z step 817/817 train_runtime=3180 train_samples_per_second=16.44 train_steps_per_second=0.257 total_flos=1.102e+18 train_loss=0.02711 epoch=1
2026-10-10T15:42:09Z trained 817 steps in 53.0 min, 3603.5 tok/s, peak 34.75 GB
2026-10-10T15:42:10Z u path: fp32-hidden (max |u_fp32 - u_bf16logits| = 0.0671)
2026-10-10T15:42:11Z padding self-check: max |u_batch - u_single| = 0.1338 (tol 0.632) -> left padding
2026-10-10T15:43:11Z B-DIV-new-223-s0 rule_v1/dev: TA 99.0 Rev 99.0 Hold 100.0 n=300 (60.9 s)
2026-10-10T15:45:31Z generate: batch 25/32, 224832 tokens, 1622 tok/s
2026-10-10T15:49:57Z B-DIV-new-223-s0 rule_v1/test_L2: TA 99.2 Rev 99.2 Hold 100.0 n=2000 (406.0 s)
2026-10-10T15:49:58Z DONE B-DIV-new-223-s0 in 61.9 min, GPU util mean 82.7
