2026-10-10T11:04:30Z step 10/938 loss=3.663 grad_norm=5.091 learning_rate=3.214e-05 epoch=0.01067
2026-10-10T11:05:01Z step 20/938 loss=0.8436 grad_norm=1.543 learning_rate=6.786e-05 epoch=0.02133
2026-10-10T11:05:30Z step 30/938 loss=0.2056 grad_norm=0.8708 learning_rate=0.0001 epoch=0.032
2026-10-10T11:06:01Z step 40/938 loss=0.1404 grad_norm=0.5761 learning_rate=9.996e-05 epoch=0.04267
2026-10-10T11:06:31Z step 50/938 loss=0.1491 grad_norm=1.014 learning_rate=9.987e-05 epoch=0.05333
2026-10-10T11:07:00Z step 60/938 loss=0.1204 grad_norm=0.9409 learning_rate=9.971e-05 epoch=0.064
2026-10-10T11:07:30Z step 70/938 loss=0.1457 grad_norm=0.4204 learning_rate=9.95e-05 epoch=0.07467
2026-10-10T11:08:01Z step 80/938 loss=0.1195 grad_norm=0.2094 learning_rate=9.923e-05 epoch=0.08533
2026-10-10T11:08:31Z step 90/938 loss=0.1247 grad_norm=0.3547 learning_rate=9.89e-05 epoch=0.096
2026-10-10T11:08:59Z step 100/938 loss=0.1226 grad_norm=0.2459 learning_rate=9.851e-05 epoch=0.1067
2026-10-10T11:09:30Z step 110/938 loss=0.1382 grad_norm=0.3684 learning_rate=9.806e-05 epoch=0.1173
2026-10-10T11:10:00Z step 120/938 loss=0.146 grad_norm=0.2741 learning_rate=9.755e-05 epoch=0.128
2026-10-10T11:10:31Z step 130/938 loss=0.109 grad_norm=0.1361 learning_rate=9.699e-05 epoch=0.1387
2026-10-10T11:11:00Z step 140/938 loss=0.1184 grad_norm=0.1268 learning_rate=9.637e-05 epoch=0.1493
2026-10-10T11:11:31Z step 150/938 loss=0.1025 grad_norm=0.1252 learning_rate=9.57e-05 epoch=0.16
2026-10-10T11:12:01Z step 160/938 loss=0.1161 grad_norm=0.1686 learning_rate=9.497e-05 epoch=0.1707
2026-10-10T11:12:31Z step 170/938 loss=0.09253 grad_norm=0.2605 learning_rate=9.419e-05 epoch=0.1813
2026-10-10T11:13:01Z step 180/938 loss=0.1085 grad_norm=0.2114 learning_rate=9.336e-05 epoch=0.192
2026-10-10T11:13:32Z step 190/938 loss=0.1611 grad_norm=0.1795 learning_rate=9.247e-05 epoch=0.2027
2026-10-10T11:14:01Z step 200/938 loss=0.08814 grad_norm=0.07715 learning_rate=9.154e-05 epoch=0.2133
2026-10-10T11:14:30Z step 210/938 loss=0.1045 grad_norm=0.2283 learning_rate=9.055e-05 epoch=0.224
2026-10-10T11:15:02Z step 220/938 loss=0.09322 grad_norm=0.2222 learning_rate=8.952e-05 epoch=0.2347
2026-10-10T11:15:31Z step 230/938 loss=0.1256 grad_norm=0.2136 learning_rate=8.844e-05 epoch=0.2453
2026-10-10T11:16:01Z step 240/938 loss=0.09657 grad_norm=0.1725 learning_rate=8.731e-05 epoch=0.256
2026-10-10T11:16:31Z step 250/938 loss=0.1114 grad_norm=0.3245 learning_rate=8.614e-05 epoch=0.2667
2026-10-10T11:17:02Z step 260/938 loss=0.08433 grad_norm=0.4448 learning_rate=8.493e-05 epoch=0.2773
2026-10-10T11:17:32Z step 270/938 loss=0.09097 grad_norm=0.2294 learning_rate=8.367e-05 epoch=0.288
2026-10-10T11:18:02Z step 280/938 loss=0.09822 grad_norm=0.2094 learning_rate=8.237e-05 epoch=0.2987
2026-10-10T11:18:32Z step 290/938 loss=0.1457 grad_norm=0.3259 learning_rate=8.104e-05 epoch=0.3093
2026-10-10T11:19:03Z step 300/938 loss=0.1304 grad_norm=1.852 learning_rate=7.967e-05 epoch=0.32
2026-10-10T11:19:33Z step 310/938 loss=0.1137 grad_norm=0.2443 learning_rate=7.826e-05 epoch=0.3307
2026-10-10T11:20:02Z step 320/938 loss=0.08936 grad_norm=0.466 learning_rate=7.682e-05 epoch=0.3413
2026-10-10T11:20:32Z step 330/938 loss=0.1003 grad_norm=0.3091 learning_rate=7.535e-05 epoch=0.352
2026-10-10T11:21:03Z step 340/938 loss=0.1066 grad_norm=0.304 learning_rate=7.385e-05 epoch=0.3627
2026-10-10T11:21:32Z step 350/938 loss=0.06909 grad_norm=0.3685 learning_rate=7.231e-05 epoch=0.3733
2026-10-10T11:22:02Z step 360/938 loss=0.08368 grad_norm=0.1627 learning_rate=7.076e-05 epoch=0.384
2026-10-10T11:22:31Z step 370/938 loss=0.08522 grad_norm=0.2239 learning_rate=6.917e-05 epoch=0.3947
2026-10-10T11:23:01Z step 380/938 loss=0.08482 grad_norm=0.7408 learning_rate=6.757e-05 epoch=0.4053
2026-10-10T11:23:31Z step 390/938 loss=0.1023 grad_norm=0.3777 learning_rate=6.594e-05 epoch=0.416
2026-10-10T11:26:29Z step 400/938 loss=0.07104 grad_norm=0.1658 learning_rate=6.43e-05 epoch=0.4267
2026-10-10T11:26:58Z step 410/938 loss=0.1234 grad_norm=0.1633 learning_rate=6.264e-05 epoch=0.4373
2026-10-10T11:27:29Z step 420/938 loss=0.07816 grad_norm=0.304 learning_rate=6.096e-05 epoch=0.448
2026-10-10T11:27:59Z step 430/938 loss=0.08555 grad_norm=0.2279 learning_rate=5.927e-05 epoch=0.4587
2026-10-10T11:28:28Z step 440/938 loss=0.08933 grad_norm=0.2805 learning_rate=5.757e-05 epoch=0.4693
2026-10-10T11:29:00Z step 450/938 loss=0.09182 grad_norm=0.3362 learning_rate=5.586e-05 epoch=0.48
2026-10-10T11:29:32Z step 460/938 loss=0.08818 grad_norm=0.643 learning_rate=5.414e-05 epoch=0.4907
2026-10-10T11:30:02Z step 470/938 loss=0.08406 grad_norm=0.1719 learning_rate=5.242e-05 epoch=0.5013
2026-10-10T11:30:32Z step 480/938 loss=0.09658 grad_norm=0.2428 learning_rate=5.069e-05 epoch=0.512
2026-10-10T11:31:01Z step 490/938 loss=0.11 grad_norm=0.382 learning_rate=4.896e-05 epoch=0.5227
2026-10-10T11:31:32Z step 500/938 loss=0.07684 grad_norm=0.2795 learning_rate=4.724e-05 epoch=0.5333
2026-10-10T11:32:02Z step 510/938 loss=0.09129 grad_norm=0.4544 learning_rate=4.552e-05 epoch=0.544
2026-10-10T11:32:32Z step 520/938 loss=0.08304 grad_norm=0.3849 learning_rate=4.38e-05 epoch=0.5547
2026-10-10T11:33:02Z step 530/938 loss=0.0801 grad_norm=0.494 learning_rate=4.209e-05 epoch=0.5653
2026-10-10T11:33:33Z step 540/938 loss=0.09116 grad_norm=0.4489 learning_rate=4.039e-05 epoch=0.576
2026-10-10T11:34:03Z step 550/938 loss=0.09569 grad_norm=0.7041 learning_rate=3.871e-05 epoch=0.5867
2026-10-10T11:34:33Z step 560/938 loss=0.07352 grad_norm=0.3776 learning_rate=3.703e-05 epoch=0.5973
2026-10-10T11:35:02Z step 570/938 loss=0.05201 grad_norm=0.4082 learning_rate=3.537e-05 epoch=0.608
2026-10-10T11:35:34Z step 580/938 loss=0.09915 grad_norm=0.448 learning_rate=3.373e-05 epoch=0.6187
2026-10-10T11:36:04Z step 590/938 loss=0.07753 grad_norm=0.496 learning_rate=3.211e-05 epoch=0.6293
2026-10-10T11:36:34Z step 600/938 loss=0.06678 grad_norm=0.4589 learning_rate=3.051e-05 epoch=0.64
2026-10-10T11:37:05Z step 610/938 loss=0.07815 grad_norm=0.4498 learning_rate=2.893e-05 epoch=0.6507
2026-10-10T11:37:34Z step 620/938 loss=0.04419 grad_norm=0.365 learning_rate=2.738e-05 epoch=0.6613
2026-10-10T11:38:03Z step 630/938 loss=0.05387 grad_norm=0.3762 learning_rate=2.585e-05 epoch=0.672
2026-10-10T11:38:33Z step 640/938 loss=0.0667 grad_norm=0.7218 learning_rate=2.436e-05 epoch=0.6827
2026-10-10T11:39:02Z step 650/938 loss=0.07239 grad_norm=0.6537 learning_rate=2.289e-05 epoch=0.6933
2026-10-10T11:40:19Z step 660/938 loss=0.07383 grad_norm=0.2662 learning_rate=2.145e-05 epoch=0.704
2026-10-10T11:40:49Z step 670/938 loss=0.09547 grad_norm=0.3916 learning_rate=2.005e-05 epoch=0.7147
2026-10-10T11:41:19Z step 680/938 loss=0.08576 grad_norm=0.2086 learning_rate=1.869e-05 epoch=0.7253
2026-10-10T11:41:50Z step 690/938 loss=0.07396 grad_norm=0.3231 learning_rate=1.736e-05 epoch=0.736
2026-10-10T11:42:20Z step 700/938 loss=0.05403 grad_norm=0.3266 learning_rate=1.608e-05 epoch=0.7467
2026-10-10T11:42:50Z step 710/938 loss=0.07106 grad_norm=0.2776 learning_rate=1.483e-05 epoch=0.7573
2026-10-10T11:43:20Z step 720/938 loss=0.09537 grad_norm=0.5806 learning_rate=1.362e-05 epoch=0.768
2026-10-10T11:43:50Z step 730/938 loss=0.05453 grad_norm=0.4048 learning_rate=1.246e-05 epoch=0.7787
2026-10-10T11:49:59Z step 740/938 loss=0.04767 grad_norm=0.399 learning_rate=1.134e-05 epoch=0.7893
2026-10-10T11:50:28Z step 750/938 loss=0.07101 grad_norm=0.4543 learning_rate=1.027e-05 epoch=0.8
2026-10-10T11:50:58Z step 760/938 loss=0.07564 grad_norm=0.4582 learning_rate=9.247e-06 epoch=0.8107
2026-10-10T11:51:29Z step 770/938 loss=0.0539 grad_norm=0.3131 learning_rate=8.271e-06 epoch=0.8213
2026-10-10T11:51:58Z step 780/938 loss=0.07998 grad_norm=0.6451 learning_rate=7.345e-06 epoch=0.832
2026-10-10T11:52:29Z step 790/938 loss=0.05616 grad_norm=0.5304 learning_rate=6.47e-06 epoch=0.8427
2026-10-10T11:52:59Z step 800/938 loss=0.05623 grad_norm=0.2051 learning_rate=5.647e-06 epoch=0.8533
2026-10-10T11:53:30Z step 810/938 loss=0.05421 grad_norm=0.3446 learning_rate=4.877e-06 epoch=0.864
2026-10-10T11:54:00Z step 820/938 loss=0.06153 grad_norm=0.3978 learning_rate=4.16e-06 epoch=0.8747
2026-10-10T11:55:01Z step 830/938 loss=0.04486 grad_norm=0.1219 learning_rate=3.498e-06 epoch=0.8853
2026-10-10T11:55:30Z step 840/938 loss=0.0534 grad_norm=0.506 learning_rate=2.892e-06 epoch=0.896
2026-10-10T11:56:01Z step 850/938 loss=0.04999 grad_norm=0.2249 learning_rate=2.342e-06 epoch=0.9067
2026-10-10T11:56:30Z step 860/938 loss=0.04756 grad_norm=0.2587 learning_rate=1.848e-06 epoch=0.9173
2026-10-10T11:57:42Z step 870/938 loss=0.04265 grad_norm=0.4929 learning_rate=1.412e-06 epoch=0.928
2026-10-10T11:58:12Z step 880/938 loss=0.06103 grad_norm=0.2656 learning_rate=1.034e-06 epoch=0.9387
2026-10-10T11:58:43Z step 890/938 loss=0.06344 grad_norm=0.3628 learning_rate=7.137e-07 epoch=0.9493
2026-10-10T11:59:12Z step 900/938 loss=0.0647 grad_norm=0.5432 learning_rate=4.525e-07 epoch=0.96
2026-10-10T11:59:42Z step 910/938 loss=0.06559 grad_norm=0.5316 learning_rate=2.504e-07 epoch=0.9707
2026-10-10T12:00:12Z step 920/938 loss=0.07056 grad_norm=0.4279 learning_rate=1.075e-07 epoch=0.9813
2026-10-10T12:00:45Z step 930/938 loss=0.04789 grad_norm=0.554 learning_rate=2.413e-08 epoch=0.992
2026-10-10T12:01:08Z step 938/938 train_runtime=3427 train_samples_per_second=17.51 train_steps_per_second=0.274 total_flos=1.285e+18 train_loss=0.1351 epoch=1
2026-10-10T12:02:15Z trained 938 steps in 57.2 min, 4571.6 tok/s, peak 34.13 GB
2026-10-10T12:02:17Z u path: fp32-hidden (max |u_fp32 - u_bf16logits| = 0.0100)
2026-10-10T12:02:19Z padding self-check: max |u_batch - u_single| = 0.1570 (tol 0.616) -> left padding
2026-10-10T12:03:32Z B-V2-reader-triplets-s4 rule_v2/dev: TA 95.7 Rev 99.0 Hold 96.7 n=300 (75.3 s)
2026-10-10T12:07:22Z generate: batch 25/32, 281478 tokens, 1252 tok/s
2026-10-10T12:12:02Z B-V2-reader-triplets-s4 rule_v2/test_L2: TA 94.5 Rev 98.0 Hold 96.2 n=2000 (509.6 s)
2026-10-10T12:15:53Z generate: batch 25/32, 261252 tokens, 1151 tok/s
2026-10-10T12:21:12Z B-V2-reader-triplets-s4 rule_v1/test_L2: TA 99.5 Rev 99.5 Hold 100.0 n=2000 (549.6 s)
2026-10-10T12:24:12Z B-V2-reader-triplets-s4 xr_v1/test: TA nan Rev nan Hold nan n=None (177.6 s)
2026-10-10T12:25:09Z B-V2-reader-triplets-s4 cls_v1/dev: TA 76.7 Rev 92.0 Hold 84.0 n=300 (55.6 s)
2026-10-10T12:28:50Z B-V2-reader-triplets-s4 cls_v1/test: TA 74.5 Rev 91.2 Hold 81.6 n=1200 (221.2 s)
2026-10-10T12:28:51Z DONE B-V2-reader-triplets-s4 in 85.4 min, GPU util mean 80.0
