2026-10-03T21:05:36Z step 10/938 loss=1.835 grad_norm=3.424 learning_rate=3.214e-05 epoch=0.01067
2026-10-03T21:06:04Z step 20/938 loss=0.2542 grad_norm=1.628 learning_rate=6.786e-05 epoch=0.02133
2026-10-03T21:06:32Z step 30/938 loss=0.04047 grad_norm=0.1543 learning_rate=0.0001 epoch=0.032
2026-10-03T21:06:59Z step 40/938 loss=0.01193 grad_norm=0.714 learning_rate=9.996e-05 epoch=0.04267
2026-10-03T21:07:27Z step 50/938 loss=0.02217 grad_norm=0.5206 learning_rate=9.987e-05 epoch=0.05333
2026-10-03T21:07:55Z step 60/938 loss=0.009044 grad_norm=0.1579 learning_rate=9.971e-05 epoch=0.064
2026-10-03T21:08:23Z step 70/938 loss=0.008389 grad_norm=0.01746 learning_rate=9.95e-05 epoch=0.07467
2026-10-03T21:08:49Z step 80/938 loss=0.006497 grad_norm=0.03264 learning_rate=9.923e-05 epoch=0.08533
2026-10-03T21:09:16Z step 90/938 loss=0.002112 grad_norm=0.1741 learning_rate=9.89e-05 epoch=0.096
2026-10-03T21:09:44Z step 100/938 loss=0.00056 grad_norm=0.01044 learning_rate=9.851e-05 epoch=0.1067
2026-10-03T21:10:12Z step 110/938 loss=0.003826 grad_norm=0.007028 learning_rate=9.806e-05 epoch=0.1173
2026-10-03T21:10:40Z step 120/938 loss=0.008767 grad_norm=1.497 learning_rate=9.755e-05 epoch=0.128
2026-10-03T21:11:07Z step 130/938 loss=0.002745 grad_norm=0.4492 learning_rate=9.699e-05 epoch=0.1387
2026-10-03T21:11:35Z step 140/938 loss=0.0007754 grad_norm=0.001293 learning_rate=9.637e-05 epoch=0.1493
2026-10-03T21:12:48Z step 150/938 loss=0.004977 grad_norm=0.0026 learning_rate=9.57e-05 epoch=0.16
2026-10-03T21:13:15Z step 160/938 loss=0.0007493 grad_norm=0.0812 learning_rate=9.497e-05 epoch=0.1707
2026-10-03T21:13:42Z step 170/938 loss=0.0007111 grad_norm=0.006361 learning_rate=9.419e-05 epoch=0.1813
2026-10-03T21:14:10Z step 180/938 loss=0.003792 grad_norm=0.02977 learning_rate=9.336e-05 epoch=0.192
2026-10-03T21:14:38Z step 190/938 loss=0.00316 grad_norm=0.04965 learning_rate=9.247e-05 epoch=0.2027
2026-10-03T21:15:05Z step 200/938 loss=0.003955 grad_norm=0.0212 learning_rate=9.154e-05 epoch=0.2133
2026-10-03T21:15:32Z step 210/938 loss=0.001921 grad_norm=0.03551 learning_rate=9.055e-05 epoch=0.224
2026-10-03T21:15:59Z step 220/938 loss=0.000603 grad_norm=0.03178 learning_rate=8.952e-05 epoch=0.2347
2026-10-03T21:16:27Z step 230/938 loss=0.0006145 grad_norm=0.001016 learning_rate=8.844e-05 epoch=0.2453
2026-10-03T21:16:54Z step 240/938 loss=0.0002665 grad_norm=0.001828 learning_rate=8.731e-05 epoch=0.256
2026-10-03T21:17:22Z step 250/938 loss=0.0004299 grad_norm=0.0003716 learning_rate=8.614e-05 epoch=0.2667
2026-10-03T21:17:49Z step 260/938 loss=6.037e-05 grad_norm=0.0003025 learning_rate=8.493e-05 epoch=0.2773
2026-10-03T21:18:17Z step 270/938 loss=0.01072 grad_norm=0.03262 learning_rate=8.367e-05 epoch=0.288
2026-10-03T21:18:44Z step 280/938 loss=0.002747 grad_norm=0.01839 learning_rate=8.237e-05 epoch=0.2987
2026-10-03T21:19:11Z step 290/938 loss=0.0004697 grad_norm=0.1513 learning_rate=8.104e-05 epoch=0.3093
2026-10-03T21:19:39Z step 300/938 loss=2.279e-05 grad_norm=0.0002588 learning_rate=7.967e-05 epoch=0.32
2026-10-03T21:20:06Z step 310/938 loss=2.284e-05 grad_norm=0.0005283 learning_rate=7.826e-05 epoch=0.3307
2026-10-03T21:20:34Z step 320/938 loss=1.583e-05 grad_norm=0.0002062 learning_rate=7.682e-05 epoch=0.3413
2026-10-03T21:21:01Z step 330/938 loss=0.001568 grad_norm=0.3655 learning_rate=7.535e-05 epoch=0.352
2026-10-03T21:21:28Z step 340/938 loss=0.00102 grad_norm=0.004345 learning_rate=7.385e-05 epoch=0.3627
2026-10-03T21:21:55Z step 350/938 loss=0.000416 grad_norm=0.007158 learning_rate=7.231e-05 epoch=0.3733
2026-10-03T21:22:23Z step 360/938 loss=0.005552 grad_norm=0.6366 learning_rate=7.076e-05 epoch=0.384
2026-10-03T21:22:50Z step 370/938 loss=0.003379 grad_norm=0.035 learning_rate=6.917e-05 epoch=0.3947
2026-10-03T21:23:17Z step 380/938 loss=0.005522 grad_norm=0.01088 learning_rate=6.757e-05 epoch=0.4053
2026-10-03T21:23:45Z step 390/938 loss=0.0009085 grad_norm=0.1602 learning_rate=6.594e-05 epoch=0.416
2026-10-03T21:24:13Z step 400/938 loss=4.533e-05 grad_norm=0.0009179 learning_rate=6.43e-05 epoch=0.4267
2026-10-03T21:24:40Z step 410/938 loss=0.0002492 grad_norm=0.0006816 learning_rate=6.264e-05 epoch=0.4373
2026-10-03T21:25:07Z step 420/938 loss=0.0006498 grad_norm=0.5798 learning_rate=6.096e-05 epoch=0.448
2026-10-03T21:25:48Z step 430/938 loss=0.0001758 grad_norm=0.001042 learning_rate=5.927e-05 epoch=0.4587
2026-10-03T21:26:16Z step 440/938 loss=3.243e-05 grad_norm=0.001715 learning_rate=5.757e-05 epoch=0.4693
2026-10-03T21:26:43Z step 450/938 loss=2.972e-05 grad_norm=0.0003358 learning_rate=5.586e-05 epoch=0.48
2026-10-03T21:27:11Z step 460/938 loss=0.001549 grad_norm=0.002052 learning_rate=5.414e-05 epoch=0.4907
2026-10-03T21:27:38Z step 470/938 loss=6.04e-05 grad_norm=0.005019 learning_rate=5.242e-05 epoch=0.5013
2026-10-03T21:28:07Z step 480/938 loss=0.002506 grad_norm=0.001679 learning_rate=5.069e-05 epoch=0.512
2026-10-03T21:28:34Z step 490/938 loss=0.0002319 grad_norm=0.0004367 learning_rate=4.896e-05 epoch=0.5227
2026-10-03T21:29:00Z step 500/938 loss=4.024e-05 grad_norm=0.000602 learning_rate=4.724e-05 epoch=0.5333
2026-10-03T21:29:27Z step 510/938 loss=2.503e-05 grad_norm=0.0003323 learning_rate=4.552e-05 epoch=0.544
2026-10-03T21:29:54Z step 520/938 loss=4.281e-05 grad_norm=0.0002761 learning_rate=4.38e-05 epoch=0.5547
2026-10-03T21:30:21Z step 530/938 loss=3.84e-05 grad_norm=0.0002495 learning_rate=4.209e-05 epoch=0.5653
2026-10-03T21:30:49Z step 540/938 loss=0.0001352 grad_norm=0.0002754 learning_rate=4.039e-05 epoch=0.576
2026-10-03T21:31:16Z step 550/938 loss=4.137e-05 grad_norm=0.0001994 learning_rate=3.871e-05 epoch=0.5867
2026-10-03T21:31:43Z step 560/938 loss=9.743e-05 grad_norm=0.000337 learning_rate=3.703e-05 epoch=0.5973
2026-10-03T21:32:10Z step 570/938 loss=5.509e-05 grad_norm=0.0006251 learning_rate=3.537e-05 epoch=0.608
2026-10-03T21:32:37Z step 580/938 loss=2.797e-05 grad_norm=0.0005591 learning_rate=3.373e-05 epoch=0.6187
2026-10-03T21:33:05Z step 590/938 loss=3.375e-05 grad_norm=0.001403 learning_rate=3.211e-05 epoch=0.6293
2026-10-03T21:33:32Z step 600/938 loss=2.135e-05 grad_norm=0.0003768 learning_rate=3.051e-05 epoch=0.64
2026-10-03T21:34:00Z step 610/938 loss=1.514e-05 grad_norm=0.0001592 learning_rate=2.893e-05 epoch=0.6507
2026-10-03T21:34:28Z step 620/938 loss=1.823e-05 grad_norm=0.0003249 learning_rate=2.738e-05 epoch=0.6613
2026-10-03T21:34:55Z step 630/938 loss=0.001932 grad_norm=0.0003263 learning_rate=2.585e-05 epoch=0.672
2026-10-03T21:35:23Z step 640/938 loss=1.517e-05 grad_norm=0.0005269 learning_rate=2.436e-05 epoch=0.6827
2026-10-03T21:35:51Z step 650/938 loss=4.863e-05 grad_norm=0.0005922 learning_rate=2.289e-05 epoch=0.6933
2026-10-03T21:36:19Z step 660/938 loss=0.00118 grad_norm=0.0002871 learning_rate=2.145e-05 epoch=0.704
2026-10-03T21:36:45Z step 670/938 loss=0.004039 grad_norm=0.006616 learning_rate=2.005e-05 epoch=0.7147
2026-10-03T21:37:13Z step 680/938 loss=2.164e-05 grad_norm=0.003655 learning_rate=1.869e-05 epoch=0.7253
2026-10-03T21:37:41Z step 690/938 loss=3.941e-05 grad_norm=0.0008511 learning_rate=1.736e-05 epoch=0.736
2026-10-03T21:38:09Z step 700/938 loss=5.713e-05 grad_norm=0.004053 learning_rate=1.608e-05 epoch=0.7467
2026-10-03T21:38:36Z step 710/938 loss=0.0001815 grad_norm=0.0003379 learning_rate=1.483e-05 epoch=0.7573
2026-10-03T21:39:03Z step 720/938 loss=0.0002187 grad_norm=0.0002324 learning_rate=1.362e-05 epoch=0.768
2026-10-03T21:39:31Z step 730/938 loss=2.896e-05 grad_norm=0.004149 learning_rate=1.246e-05 epoch=0.7787
2026-10-03T21:39:58Z step 740/938 loss=5.159e-05 grad_norm=0.00427 learning_rate=1.134e-05 epoch=0.7893
2026-10-03T21:40:26Z step 750/938 loss=2.821e-05 grad_norm=0.0003739 learning_rate=1.027e-05 epoch=0.8
2026-10-03T21:40:52Z step 760/938 loss=0.0001036 grad_norm=0.003659 learning_rate=9.247e-06 epoch=0.8107
2026-10-03T21:41:19Z step 770/938 loss=3.566e-05 grad_norm=0.0006364 learning_rate=8.271e-06 epoch=0.8213
2026-10-03T21:41:46Z step 780/938 loss=0.0001064 grad_norm=0.0003681 learning_rate=7.345e-06 epoch=0.832
2026-10-03T21:42:13Z step 790/938 loss=9.832e-05 grad_norm=0.0005272 learning_rate=6.47e-06 epoch=0.8427
2026-10-03T21:42:40Z step 800/938 loss=4.584e-05 grad_norm=0.0002903 learning_rate=5.647e-06 epoch=0.8533
2026-10-03T21:43:07Z step 810/938 loss=0.0001364 grad_norm=0.0003414 learning_rate=4.877e-06 epoch=0.864
2026-10-03T21:43:33Z step 820/938 loss=9.482e-05 grad_norm=0.1175 learning_rate=4.16e-06 epoch=0.8747
2026-10-03T21:44:00Z step 830/938 loss=2.653e-05 grad_norm=0.0005624 learning_rate=3.498e-06 epoch=0.8853
2026-10-03T21:44:28Z step 840/938 loss=5.171e-05 grad_norm=0.001493 learning_rate=2.892e-06 epoch=0.896
2026-10-03T21:44:56Z step 850/938 loss=0.001284 grad_norm=0.002999 learning_rate=2.342e-06 epoch=0.9067
2026-10-03T21:45:29Z step 860/938 loss=5.474e-05 grad_norm=0.0002075 learning_rate=1.848e-06 epoch=0.9173
2026-10-03T21:45:55Z step 870/938 loss=4.627e-05 grad_norm=0.0002149 learning_rate=1.412e-06 epoch=0.928
2026-10-03T21:46:23Z step 880/938 loss=8.367e-05 grad_norm=0.0002199 learning_rate=1.034e-06 epoch=0.9387
2026-10-03T21:46:50Z step 890/938 loss=8.272e-05 grad_norm=0.0008972 learning_rate=7.137e-07 epoch=0.9493
2026-10-03T21:47:18Z step 900/938 loss=2.805e-05 grad_norm=0.0007595 learning_rate=4.525e-07 epoch=0.96
2026-10-03T21:47:46Z step 910/938 loss=2.829e-05 grad_norm=0.0001737 learning_rate=2.504e-07 epoch=0.9707
2026-10-03T21:48:13Z step 920/938 loss=6.662e-05 grad_norm=0.003307 learning_rate=1.075e-07 epoch=0.9813
2026-10-03T21:48:41Z step 930/938 loss=0.0002797 grad_norm=0.00119 learning_rate=2.413e-08 epoch=0.992
2026-10-03T21:49:01Z step 938/938 train_runtime=2634 train_samples_per_second=22.78 train_steps_per_second=0.356 total_flos=1.325e+18 train_loss=0.02427 epoch=1
2026-10-03T21:49:07Z trained 938 steps in 43.9 min, 5263.3 tok/s, peak 34.7 GB
2026-10-03T21:49:08Z u path: fp32-hidden (max |u_fp32 - u_bf16logits| = 0.0001)
2026-10-03T21:49:08Z padding self-check: max |u_batch - u_single| = 0.1244 (tol 0.631) -> left padding
2026-10-03T21:50:06Z B-FOLD3-ledger2-triplets-s1 rule_v1_fold3/dev: TA 99.0 Rev 99.0 Hold 100.0 n=300 (59.2 s)
2026-10-03T21:52:20Z generate: batch 25/32, 219186 tokens, 1666 tok/s
2026-10-03T21:55:48Z B-FOLD3-ledger2-triplets-s1 rule_v1_fold3/test_L2: TA 98.8 Rev 98.8 Hold 99.9 n=2000 (341.3 s)
2026-10-03T21:55:49Z DONE B-FOLD3-ledger2-triplets-s1 in 51.1 min, GPU util mean 93.9
