2026-10-10T07:35:44Z step 10/938 loss=3.512 grad_norm=4.913 learning_rate=3.214e-05 epoch=0.01067
2026-10-10T07:36:13Z step 20/938 loss=0.8605 grad_norm=2.583 learning_rate=6.786e-05 epoch=0.02133
2026-10-10T07:36:41Z step 30/938 loss=0.2291 grad_norm=1.531 learning_rate=0.0001 epoch=0.032
2026-10-10T07:37:08Z step 40/938 loss=0.1405 grad_norm=3.099 learning_rate=9.996e-05 epoch=0.04267
2026-10-10T07:37:36Z step 50/938 loss=0.1509 grad_norm=1.237 learning_rate=9.987e-05 epoch=0.05333
2026-10-10T07:38:03Z step 60/938 loss=0.1454 grad_norm=0.3763 learning_rate=9.971e-05 epoch=0.064
2026-10-10T07:38:31Z step 70/938 loss=0.1267 grad_norm=0.1616 learning_rate=9.95e-05 epoch=0.07467
2026-10-10T07:38:58Z step 80/938 loss=0.1274 grad_norm=0.5729 learning_rate=9.923e-05 epoch=0.08533
2026-10-10T07:39:25Z step 90/938 loss=0.1274 grad_norm=0.609 learning_rate=9.89e-05 epoch=0.096
2026-10-10T07:39:53Z step 100/938 loss=0.09724 grad_norm=0.1837 learning_rate=9.851e-05 epoch=0.1067
2026-10-10T07:40:20Z step 110/938 loss=0.1108 grad_norm=0.1978 learning_rate=9.806e-05 epoch=0.1173
2026-10-10T07:40:47Z step 120/938 loss=0.1286 grad_norm=0.2657 learning_rate=9.755e-05 epoch=0.128
2026-10-10T07:41:15Z step 130/938 loss=0.1129 grad_norm=0.2444 learning_rate=9.699e-05 epoch=0.1387
2026-10-10T07:41:42Z step 140/938 loss=0.09085 grad_norm=0.0888 learning_rate=9.637e-05 epoch=0.1493
2026-10-10T07:42:09Z step 150/938 loss=0.1067 grad_norm=0.2564 learning_rate=9.57e-05 epoch=0.16
2026-10-10T07:42:37Z step 160/938 loss=0.1211 grad_norm=0.2157 learning_rate=9.497e-05 epoch=0.1707
2026-10-10T07:43:03Z step 170/938 loss=0.08817 grad_norm=0.2826 learning_rate=9.419e-05 epoch=0.1813
2026-10-10T07:43:31Z step 180/938 loss=0.1228 grad_norm=0.1709 learning_rate=9.336e-05 epoch=0.192
2026-10-10T07:43:58Z step 190/938 loss=0.09504 grad_norm=0.196 learning_rate=9.247e-05 epoch=0.2027
2026-10-10T07:44:25Z step 200/938 loss=0.1199 grad_norm=0.2512 learning_rate=9.154e-05 epoch=0.2133
2026-10-10T07:44:53Z step 210/938 loss=0.1116 grad_norm=0.1902 learning_rate=9.055e-05 epoch=0.224
2026-10-10T07:45:20Z step 220/938 loss=0.1127 grad_norm=0.5769 learning_rate=8.952e-05 epoch=0.2347
2026-10-10T07:45:48Z step 230/938 loss=0.1096 grad_norm=0.4039 learning_rate=8.844e-05 epoch=0.2453
2026-10-10T07:46:15Z step 240/938 loss=0.1101 grad_norm=0.3827 learning_rate=8.731e-05 epoch=0.256
2026-10-10T07:46:42Z step 250/938 loss=0.1326 grad_norm=0.1622 learning_rate=8.614e-05 epoch=0.2667
2026-10-10T07:47:11Z step 260/938 loss=0.1028 grad_norm=0.2209 learning_rate=8.493e-05 epoch=0.2773
2026-10-10T07:47:38Z step 270/938 loss=0.09713 grad_norm=0.3122 learning_rate=8.367e-05 epoch=0.288
2026-10-10T07:48:05Z step 280/938 loss=0.1137 grad_norm=0.6445 learning_rate=8.237e-05 epoch=0.2987
2026-10-10T07:48:33Z step 290/938 loss=0.0851 grad_norm=0.1742 learning_rate=8.104e-05 epoch=0.3093
2026-10-10T07:49:00Z step 300/938 loss=0.1042 grad_norm=0.2474 learning_rate=7.967e-05 epoch=0.32
2026-10-10T07:49:28Z step 310/938 loss=0.1117 grad_norm=0.3177 learning_rate=7.826e-05 epoch=0.3307
2026-10-10T07:49:55Z step 320/938 loss=0.1041 grad_norm=0.327 learning_rate=7.682e-05 epoch=0.3413
2026-10-10T07:50:23Z step 330/938 loss=0.0732 grad_norm=0.1688 learning_rate=7.535e-05 epoch=0.352
2026-10-10T07:50:51Z step 340/938 loss=0.1062 grad_norm=0.1597 learning_rate=7.385e-05 epoch=0.3627
2026-10-10T07:51:18Z step 350/938 loss=0.1003 grad_norm=0.2346 learning_rate=7.231e-05 epoch=0.3733
2026-10-10T07:51:45Z step 360/938 loss=0.08337 grad_norm=0.2479 learning_rate=7.076e-05 epoch=0.384
2026-10-10T07:52:13Z step 370/938 loss=0.08015 grad_norm=0.1583 learning_rate=6.917e-05 epoch=0.3947
2026-10-10T07:52:40Z step 380/938 loss=0.09335 grad_norm=0.3268 learning_rate=6.757e-05 epoch=0.4053
2026-10-10T07:53:08Z step 390/938 loss=0.07561 grad_norm=0.3441 learning_rate=6.594e-05 epoch=0.416
2026-10-10T07:53:35Z step 400/938 loss=0.1025 grad_norm=0.2615 learning_rate=6.43e-05 epoch=0.4267
2026-10-10T07:54:03Z step 410/938 loss=0.0937 grad_norm=0.3259 learning_rate=6.264e-05 epoch=0.4373
2026-10-10T07:54:30Z step 420/938 loss=0.09701 grad_norm=0.2462 learning_rate=6.096e-05 epoch=0.448
2026-10-10T07:54:57Z step 430/938 loss=0.07887 grad_norm=0.3175 learning_rate=5.927e-05 epoch=0.4587
2026-10-10T07:58:13Z step 440/938 loss=0.06691 grad_norm=0.1182 learning_rate=5.757e-05 epoch=0.4693
2026-10-10T07:58:40Z step 450/938 loss=0.07401 grad_norm=0.1895 learning_rate=5.586e-05 epoch=0.48
2026-10-10T07:59:08Z step 460/938 loss=0.1112 grad_norm=0.394 learning_rate=5.414e-05 epoch=0.4907
2026-10-10T07:59:37Z step 470/938 loss=0.1005 grad_norm=0.2155 learning_rate=5.242e-05 epoch=0.5013
2026-10-10T08:00:04Z step 480/938 loss=0.05536 grad_norm=0.2087 learning_rate=5.069e-05 epoch=0.512
2026-10-10T08:00:32Z step 490/938 loss=0.07274 grad_norm=0.137 learning_rate=4.896e-05 epoch=0.5227
2026-10-10T08:01:00Z step 500/938 loss=0.07727 grad_norm=0.3293 learning_rate=4.724e-05 epoch=0.5333
2026-10-10T08:01:27Z step 510/938 loss=0.06028 grad_norm=0.2752 learning_rate=4.552e-05 epoch=0.544
2026-10-10T08:01:55Z step 520/938 loss=0.09626 grad_norm=0.6258 learning_rate=4.38e-05 epoch=0.5547
2026-10-10T08:02:22Z step 530/938 loss=0.07161 grad_norm=0.3549 learning_rate=4.209e-05 epoch=0.5653
2026-10-10T08:02:50Z step 540/938 loss=0.06367 grad_norm=0.1534 learning_rate=4.039e-05 epoch=0.576
2026-10-10T08:03:17Z step 550/938 loss=0.05952 grad_norm=0.3657 learning_rate=3.871e-05 epoch=0.5867
2026-10-10T08:03:44Z step 560/938 loss=0.07846 grad_norm=0.2657 learning_rate=3.703e-05 epoch=0.5973
2026-10-10T08:04:12Z step 570/938 loss=0.08067 grad_norm=0.1829 learning_rate=3.537e-05 epoch=0.608
2026-10-10T08:04:39Z step 580/938 loss=0.0663 grad_norm=0.2697 learning_rate=3.373e-05 epoch=0.6187
2026-10-10T08:05:06Z step 590/938 loss=0.07495 grad_norm=0.2601 learning_rate=3.211e-05 epoch=0.6293
2026-10-10T08:05:33Z step 600/938 loss=0.07881 grad_norm=0.3987 learning_rate=3.051e-05 epoch=0.64
2026-10-10T08:06:01Z step 610/938 loss=0.06537 grad_norm=0.2972 learning_rate=2.893e-05 epoch=0.6507
2026-10-10T08:06:28Z step 620/938 loss=0.0886 grad_norm=0.4665 learning_rate=2.738e-05 epoch=0.6613
2026-10-10T08:06:55Z step 630/938 loss=0.05962 grad_norm=0.2541 learning_rate=2.585e-05 epoch=0.672
2026-10-10T08:07:22Z step 640/938 loss=0.05816 grad_norm=0.33 learning_rate=2.436e-05 epoch=0.6827
2026-10-10T08:07:50Z step 650/938 loss=0.08965 grad_norm=0.1839 learning_rate=2.289e-05 epoch=0.6933
2026-10-10T08:08:18Z step 660/938 loss=0.05939 grad_norm=0.141 learning_rate=2.145e-05 epoch=0.704
2026-10-10T08:08:47Z step 670/938 loss=0.06831 grad_norm=0.3727 learning_rate=2.005e-05 epoch=0.7147
2026-10-10T08:09:14Z step 680/938 loss=0.07404 grad_norm=0.4091 learning_rate=1.869e-05 epoch=0.7253
2026-10-10T08:09:41Z step 690/938 loss=0.07532 grad_norm=0.4272 learning_rate=1.736e-05 epoch=0.736
2026-10-10T08:10:09Z step 700/938 loss=0.07522 grad_norm=0.2069 learning_rate=1.608e-05 epoch=0.7467
2026-10-10T08:10:37Z step 710/938 loss=0.07422 grad_norm=0.2598 learning_rate=1.483e-05 epoch=0.7573
2026-10-10T08:11:04Z step 720/938 loss=0.07104 grad_norm=0.4626 learning_rate=1.362e-05 epoch=0.768
2026-10-10T08:11:32Z step 730/938 loss=0.06728 grad_norm=0.3064 learning_rate=1.246e-05 epoch=0.7787
2026-10-10T08:12:00Z step 740/938 loss=0.03793 grad_norm=0.3795 learning_rate=1.134e-05 epoch=0.7893
2026-10-10T08:12:26Z step 750/938 loss=0.03549 grad_norm=0.368 learning_rate=1.027e-05 epoch=0.8
2026-10-10T08:12:53Z step 760/938 loss=0.06142 grad_norm=0.4553 learning_rate=9.247e-06 epoch=0.8107
2026-10-10T08:13:21Z step 770/938 loss=0.07896 grad_norm=0.9118 learning_rate=8.271e-06 epoch=0.8213
2026-10-10T08:13:48Z step 780/938 loss=0.07113 grad_norm=0.3143 learning_rate=7.345e-06 epoch=0.832
2026-10-10T08:14:15Z step 790/938 loss=0.06127 grad_norm=0.3136 learning_rate=6.47e-06 epoch=0.8427
2026-10-10T08:14:42Z step 800/938 loss=0.06343 grad_norm=0.2946 learning_rate=5.647e-06 epoch=0.8533
2026-10-10T08:15:09Z step 810/938 loss=0.04365 grad_norm=0.2415 learning_rate=4.877e-06 epoch=0.864
2026-10-10T08:17:52Z step 820/938 loss=0.05272 grad_norm=0.479 learning_rate=4.16e-06 epoch=0.8747
2026-10-10T08:18:20Z step 830/938 loss=0.05249 grad_norm=0.2673 learning_rate=3.498e-06 epoch=0.8853
2026-10-10T08:18:47Z step 840/938 loss=0.05695 grad_norm=0.2951 learning_rate=2.892e-06 epoch=0.896
2026-10-10T08:19:15Z step 850/938 loss=0.05984 grad_norm=0.4884 learning_rate=2.342e-06 epoch=0.9067
2026-10-10T08:19:42Z step 860/938 loss=0.05918 grad_norm=0.4258 learning_rate=1.848e-06 epoch=0.9173
2026-10-10T08:20:10Z step 870/938 loss=0.06158 grad_norm=0.4214 learning_rate=1.412e-06 epoch=0.928
2026-10-10T08:20:37Z step 880/938 loss=0.05888 grad_norm=0.6381 learning_rate=1.034e-06 epoch=0.9387
2026-10-10T08:21:05Z step 890/938 loss=0.05061 grad_norm=0.4948 learning_rate=7.137e-07 epoch=0.9493
2026-10-10T08:21:32Z step 900/938 loss=0.06456 grad_norm=0.2615 learning_rate=4.525e-07 epoch=0.96
2026-10-10T08:22:00Z step 910/938 loss=0.07112 grad_norm=0.6062 learning_rate=2.504e-07 epoch=0.9707
2026-10-10T08:22:27Z step 920/938 loss=0.06757 grad_norm=0.3084 learning_rate=1.075e-07 epoch=0.9813
2026-10-10T08:22:54Z step 930/938 loss=0.03762 grad_norm=0.3421 learning_rate=2.413e-08 epoch=0.992
2026-10-10T08:23:15Z step 938/938 train_runtime=2879 train_samples_per_second=20.84 train_steps_per_second=0.326 total_flos=1.287e+18 train_loss=0.131 epoch=1
2026-10-10T08:24:20Z trained 938 steps in 48.0 min, 5445.6 tok/s, peak 34.37 GB
2026-10-10T08:24:22Z u path: fp32-hidden (max |u_fp32 - u_bf16logits| = 0.0058)
2026-10-10T08:24:23Z padding self-check: max |u_batch - u_single| = 0.1140 (tol 0.614) -> left padding
2026-10-10T08:25:26Z B-V2-reader-triplets-s2 rule_v2/dev: TA 94.3 Rev 98.7 Hold 95.3 n=300 (65.4 s)
2026-10-10T08:28:15Z generate: batch 25/32, 281097 tokens, 1732 tok/s
2026-10-10T08:33:26Z B-V2-reader-triplets-s2 rule_v2/test_L2: TA 93.3 Rev 97.8 Hold 95.3 n=2000 (478.3 s)
2026-10-10T08:36:14Z generate: batch 25/32, 261693 tokens, 1587 tok/s
2026-10-10T08:40:31Z B-V2-reader-triplets-s2 rule_v1/test_L2: TA 98.8 Rev 99.5 Hold 99.3 n=2000 (423.6 s)
2026-10-10T08:42:44Z B-V2-reader-triplets-s2 xr_v1/test: TA nan Rev nan Hold nan n=None (132.5 s)
2026-10-10T08:43:33Z B-V2-reader-triplets-s2 cls_v1/dev: TA 76.7 Rev 93.3 Hold 82.7 n=300 (47.8 s)
2026-10-10T08:46:37Z B-V2-reader-triplets-s2 cls_v1/test: TA 74.1 Rev 92.8 Hold 79.8 n=1200 (184.0 s)
2026-10-10T08:46:39Z DONE B-V2-reader-triplets-s2 in 71.9 min, GPU util mean 81.6
