2026-10-03T22:43:40Z step 10/938 loss=9.206 grad_norm=8.457 learning_rate=3.214e-05 epoch=0.01067
2026-10-03T22:44:06Z step 20/938 loss=2.725 grad_norm=4.377 learning_rate=6.786e-05 epoch=0.02133
2026-10-03T22:44:32Z step 30/938 loss=0.1788 grad_norm=3.121 learning_rate=0.0001 epoch=0.032
2026-10-03T22:44:57Z step 40/938 loss=0.02966 grad_norm=0.04982 learning_rate=9.996e-05 epoch=0.04267
2026-10-03T22:45:22Z step 50/938 loss=0.006817 grad_norm=0.005728 learning_rate=9.987e-05 epoch=0.05333
2026-10-03T22:45:47Z step 60/938 loss=0.01354 grad_norm=0.08234 learning_rate=9.971e-05 epoch=0.064
2026-10-03T22:46:13Z step 70/938 loss=0.01674 grad_norm=0.05731 learning_rate=9.95e-05 epoch=0.07467
2026-10-03T22:46:39Z step 80/938 loss=0.00861 grad_norm=0.8632 learning_rate=9.923e-05 epoch=0.08533
2026-10-03T22:47:04Z step 90/938 loss=0.005048 grad_norm=0.2053 learning_rate=9.89e-05 epoch=0.096
2026-10-03T22:47:30Z step 100/938 loss=0.003223 grad_norm=0.1817 learning_rate=9.851e-05 epoch=0.1067
2026-10-03T22:47:55Z step 110/938 loss=0.001525 grad_norm=0.09947 learning_rate=9.806e-05 epoch=0.1173
2026-10-03T22:48:21Z step 120/938 loss=0.001018 grad_norm=0.0009573 learning_rate=9.755e-05 epoch=0.128
2026-10-03T22:48:46Z step 130/938 loss=0.002464 grad_norm=0.3542 learning_rate=9.699e-05 epoch=0.1387
2026-10-03T22:49:11Z step 140/938 loss=0.001652 grad_norm=0.3197 learning_rate=9.637e-05 epoch=0.1493
2026-10-03T22:49:37Z step 150/938 loss=0.002933 grad_norm=0.03982 learning_rate=9.57e-05 epoch=0.16
2026-10-03T22:50:03Z step 160/938 loss=0.001483 grad_norm=0.0183 learning_rate=9.497e-05 epoch=0.1707
2026-10-03T22:50:28Z step 170/938 loss=0.003773 grad_norm=0.4191 learning_rate=9.419e-05 epoch=0.1813
2026-10-03T22:50:53Z step 180/938 loss=0.006214 grad_norm=1.88 learning_rate=9.336e-05 epoch=0.192
2026-10-03T22:51:19Z step 190/938 loss=0.005661 grad_norm=0.1744 learning_rate=9.247e-05 epoch=0.2027
2026-10-03T22:51:45Z step 200/938 loss=0.004085 grad_norm=0.5435 learning_rate=9.154e-05 epoch=0.2133
2026-10-03T22:52:10Z step 210/938 loss=0.005218 grad_norm=0.6675 learning_rate=9.055e-05 epoch=0.224
2026-10-03T22:52:36Z step 220/938 loss=0.0006977 grad_norm=0.02537 learning_rate=8.952e-05 epoch=0.2347
2026-10-03T22:53:01Z step 230/938 loss=0.001919 grad_norm=0.07715 learning_rate=8.844e-05 epoch=0.2453
2026-10-03T22:53:28Z step 240/938 loss=0.001425 grad_norm=0.04516 learning_rate=8.731e-05 epoch=0.256
2026-10-03T22:53:53Z step 250/938 loss=3.532e-05 grad_norm=0.0005222 learning_rate=8.614e-05 epoch=0.2667
2026-10-03T22:54:18Z step 260/938 loss=4.874e-05 grad_norm=0.001835 learning_rate=8.493e-05 epoch=0.2773
2026-10-03T22:54:44Z step 270/938 loss=6.709e-05 grad_norm=0.0002213 learning_rate=8.367e-05 epoch=0.288
2026-10-03T22:55:10Z step 280/938 loss=1.776e-05 grad_norm=0.0002498 learning_rate=8.237e-05 epoch=0.2987
2026-10-03T22:55:35Z step 290/938 loss=0.001212 grad_norm=0.7016 learning_rate=8.104e-05 epoch=0.3093
2026-10-03T22:56:00Z step 300/938 loss=0.0003983 grad_norm=0.0005045 learning_rate=7.967e-05 epoch=0.32
2026-10-03T22:56:25Z step 310/938 loss=0.004384 grad_norm=0.005961 learning_rate=7.826e-05 epoch=0.3307
2026-10-03T22:56:50Z step 320/938 loss=0.003011 grad_norm=0.3147 learning_rate=7.682e-05 epoch=0.3413
2026-10-03T22:57:16Z step 330/938 loss=0.002454 grad_norm=0.08826 learning_rate=7.535e-05 epoch=0.352
2026-10-03T22:57:42Z step 340/938 loss=0.0006634 grad_norm=0.01259 learning_rate=7.385e-05 epoch=0.3627
2026-10-03T22:58:07Z step 350/938 loss=0.0002222 grad_norm=0.004815 learning_rate=7.231e-05 epoch=0.3733
2026-10-03T22:58:33Z step 360/938 loss=0.0001018 grad_norm=0.0006926 learning_rate=7.076e-05 epoch=0.384
2026-10-03T22:58:58Z step 370/938 loss=5.972e-05 grad_norm=0.000302 learning_rate=6.917e-05 epoch=0.3947
2026-10-03T22:59:24Z step 380/938 loss=0.0005729 grad_norm=0.001072 learning_rate=6.757e-05 epoch=0.4053
2026-10-03T22:59:53Z step 390/938 loss=2.679e-05 grad_norm=0.0003571 learning_rate=6.594e-05 epoch=0.416
2026-10-03T23:00:19Z step 400/938 loss=4.953e-05 grad_norm=0.000343 learning_rate=6.43e-05 epoch=0.4267
2026-10-03T23:00:44Z step 410/938 loss=0.0005163 grad_norm=0.00146 learning_rate=6.264e-05 epoch=0.4373
2026-10-03T23:01:09Z step 420/938 loss=2.176e-05 grad_norm=0.000309 learning_rate=6.096e-05 epoch=0.448
2026-10-03T23:01:34Z step 430/938 loss=3.244e-05 grad_norm=0.0006043 learning_rate=5.927e-05 epoch=0.4587
2026-10-03T23:01:59Z step 440/938 loss=0.002928 grad_norm=0.00354 learning_rate=5.757e-05 epoch=0.4693
2026-10-03T23:02:24Z step 450/938 loss=0.0005734 grad_norm=0.003047 learning_rate=5.586e-05 epoch=0.48
2026-10-03T23:02:49Z step 460/938 loss=0.000292 grad_norm=0.001664 learning_rate=5.414e-05 epoch=0.4907
2026-10-03T23:03:21Z step 470/938 loss=8.556e-05 grad_norm=0.01034 learning_rate=5.242e-05 epoch=0.5013
2026-10-03T23:03:47Z step 480/938 loss=9.682e-05 grad_norm=0.005952 learning_rate=5.069e-05 epoch=0.512
2026-10-03T23:04:12Z step 490/938 loss=0.0001155 grad_norm=0.006462 learning_rate=4.896e-05 epoch=0.5227
2026-10-03T23:04:38Z step 500/938 loss=4.063e-05 grad_norm=0.001757 learning_rate=4.724e-05 epoch=0.5333
2026-10-03T23:05:03Z step 510/938 loss=2.953e-05 grad_norm=0.0006347 learning_rate=4.552e-05 epoch=0.544
2026-10-03T23:05:28Z step 520/938 loss=5.641e-05 grad_norm=0.0003005 learning_rate=4.38e-05 epoch=0.5547
2026-10-03T23:05:53Z step 530/938 loss=2.471e-05 grad_norm=0.004397 learning_rate=4.209e-05 epoch=0.5653
2026-10-03T23:06:19Z step 540/938 loss=0.0002467 grad_norm=0.0002193 learning_rate=4.039e-05 epoch=0.576
2026-10-03T23:06:45Z step 550/938 loss=0.001699 grad_norm=0.1674 learning_rate=3.871e-05 epoch=0.5867
2026-10-03T23:07:10Z step 560/938 loss=4.019e-05 grad_norm=0.01007 learning_rate=3.703e-05 epoch=0.5973
2026-10-03T23:07:35Z step 570/938 loss=0.001151 grad_norm=0.4472 learning_rate=3.537e-05 epoch=0.608
2026-10-03T23:08:01Z step 580/938 loss=7.525e-05 grad_norm=0.004534 learning_rate=3.373e-05 epoch=0.6187
2026-10-03T23:08:26Z step 590/938 loss=0.0002868 grad_norm=0.0429 learning_rate=3.211e-05 epoch=0.6293
2026-10-03T23:08:51Z step 600/938 loss=4.04e-05 grad_norm=0.0005233 learning_rate=3.051e-05 epoch=0.64
2026-10-03T23:09:16Z step 610/938 loss=0.002936 grad_norm=0.003194 learning_rate=2.893e-05 epoch=0.6507
2026-10-03T23:09:41Z step 620/938 loss=0.000412 grad_norm=0.1051 learning_rate=2.738e-05 epoch=0.6613
2026-10-03T23:10:07Z step 630/938 loss=5.921e-05 grad_norm=0.006044 learning_rate=2.585e-05 epoch=0.672
2026-10-03T23:10:32Z step 640/938 loss=2.715e-05 grad_norm=0.001524 learning_rate=2.436e-05 epoch=0.6827
2026-10-03T23:10:58Z step 650/938 loss=0.002733 grad_norm=0.001162 learning_rate=2.289e-05 epoch=0.6933
2026-10-03T23:11:23Z step 660/938 loss=0.0002372 grad_norm=0.04289 learning_rate=2.145e-05 epoch=0.704
2026-10-03T23:11:48Z step 670/938 loss=0.0001519 grad_norm=0.0004242 learning_rate=2.005e-05 epoch=0.7147
2026-10-03T23:12:14Z step 680/938 loss=7.118e-05 grad_norm=0.0001785 learning_rate=1.869e-05 epoch=0.7253
2026-10-03T23:12:39Z step 690/938 loss=5.409e-05 grad_norm=0.0003419 learning_rate=1.736e-05 epoch=0.736
2026-10-03T23:13:04Z step 700/938 loss=7.95e-05 grad_norm=0.001329 learning_rate=1.608e-05 epoch=0.7467
2026-10-03T23:13:30Z step 710/938 loss=2.713e-05 grad_norm=0.002654 learning_rate=1.483e-05 epoch=0.7573
2026-10-03T23:13:55Z step 720/938 loss=3.834e-05 grad_norm=0.0002758 learning_rate=1.362e-05 epoch=0.768
2026-10-03T23:14:21Z step 730/938 loss=4.726e-05 grad_norm=0.002667 learning_rate=1.246e-05 epoch=0.7787
2026-10-03T23:14:47Z step 740/938 loss=3.288e-05 grad_norm=0.0005258 learning_rate=1.134e-05 epoch=0.7893
2026-10-03T23:15:12Z step 750/938 loss=3.065e-05 grad_norm=0.002354 learning_rate=1.027e-05 epoch=0.8
2026-10-03T23:15:38Z step 760/938 loss=6.223e-05 grad_norm=0.002946 learning_rate=9.247e-06 epoch=0.8107
2026-10-03T23:16:03Z step 770/938 loss=4.975e-05 grad_norm=0.0005822 learning_rate=8.271e-06 epoch=0.8213
2026-10-03T23:16:28Z step 780/938 loss=1.822e-05 grad_norm=0.0004473 learning_rate=7.345e-06 epoch=0.832
2026-10-03T23:16:54Z step 790/938 loss=2.477e-05 grad_norm=0.0008946 learning_rate=6.47e-06 epoch=0.8427
2026-10-03T23:17:20Z step 800/938 loss=2.617e-05 grad_norm=0.0002127 learning_rate=5.647e-06 epoch=0.8533
2026-10-03T23:17:45Z step 810/938 loss=0.0002484 grad_norm=0.1025 learning_rate=4.877e-06 epoch=0.864
2026-10-03T23:18:11Z step 820/938 loss=1.44e-05 grad_norm=0.0003916 learning_rate=4.16e-06 epoch=0.8747
2026-10-03T23:18:36Z step 830/938 loss=5.686e-05 grad_norm=0.0007476 learning_rate=3.498e-06 epoch=0.8853
2026-10-03T23:19:02Z step 840/938 loss=1.884e-05 grad_norm=0.000466 learning_rate=2.892e-06 epoch=0.896
2026-10-03T23:19:27Z step 850/938 loss=2.223e-05 grad_norm=0.002015 learning_rate=2.342e-06 epoch=0.9067
2026-10-03T23:19:53Z step 860/938 loss=3.182e-05 grad_norm=0.0005209 learning_rate=1.848e-06 epoch=0.9173
2026-10-03T23:20:18Z step 870/938 loss=0.0001331 grad_norm=0.003712 learning_rate=1.412e-06 epoch=0.928
2026-10-03T23:20:44Z step 880/938 loss=3.273e-05 grad_norm=0.0001657 learning_rate=1.034e-06 epoch=0.9387
2026-10-03T23:21:10Z step 890/938 loss=1.734e-05 grad_norm=0.0004744 learning_rate=7.137e-07 epoch=0.9493
2026-10-03T23:21:36Z step 900/938 loss=2.474e-05 grad_norm=0.000128 learning_rate=4.525e-07 epoch=0.96
2026-10-03T23:22:01Z step 910/938 loss=5.599e-05 grad_norm=0.0002087 learning_rate=2.504e-07 epoch=0.9707
2026-10-03T23:22:26Z step 920/938 loss=2.509e-05 grad_norm=0.0008976 learning_rate=1.075e-07 epoch=0.9813
2026-10-03T23:22:52Z step 930/938 loss=2.499e-05 grad_norm=0.0003306 learning_rate=2.413e-08 epoch=0.992
2026-10-03T23:23:11Z step 938/938 train_runtime=2396 train_samples_per_second=25.04 train_steps_per_second=0.391 total_flos=1.213e+18 train_loss=0.1307 epoch=1
2026-10-03T23:23:16Z trained 938 steps in 40.0 min, 6356.0 tok/s, peak 33.87 GB
2026-10-03T23:23:17Z u path: fp32-hidden (max |u_fp32 - u_bf16logits| = 0.0213)
2026-10-03T23:23:18Z padding self-check: max |u_batch - u_single| = 0.0435 (tol 0.609) -> left padding
2026-10-03T23:24:36Z B-SC-summary2-blocks-s0 rule_v1/dev: TA 69.7 Rev 99.0 Hold 70.0 n=300 (79.3 s)
2026-10-03T23:26:57Z generate: batch 25/32, 230653 tokens, 1658 tok/s
2026-10-03T23:32:57Z B-SC-summary2-blocks-s0 rule_v1/test_L2: TA 68.1 Rev 99.8 Hold 68.3 n=2000 (501.3 s)
2026-10-03T23:35:24Z B-SC-summary2-blocks-s0 xr_v1/test: TA nan Rev nan Hold nan n=None (146.8 s)
2026-10-03T23:35:25Z DONE B-SC-summary2-blocks-s0 in 52.6 min, GPU util mean 93.9
