2026-10-09T18:24:02Z step 10/938 loss=0.196 grad_norm=1.969 learning_rate=3.214e-05 epoch=0.01067
2026-10-09T18:27:00Z step 20/938 loss=0.1291 grad_norm=0.5891 learning_rate=6.786e-05 epoch=0.02133
2026-10-09T18:29:38Z step 30/938 loss=0.06773 grad_norm=1.077 learning_rate=0.0001 epoch=0.032
2026-10-09T18:33:00Z step 40/938 loss=0.0608 grad_norm=0.5375 learning_rate=9.996e-05 epoch=0.04267
2026-10-09T18:36:03Z step 50/938 loss=0.03968 grad_norm=0.5941 learning_rate=9.987e-05 epoch=0.05333
2026-10-09T18:39:18Z step 60/938 loss=0.0451 grad_norm=0.6066 learning_rate=9.971e-05 epoch=0.064
2026-10-09T18:45:06Z step 70/938 loss=0.03858 grad_norm=0.336 learning_rate=9.95e-05 epoch=0.07467
2026-10-09T18:48:13Z step 80/938 loss=0.01824 grad_norm=0.1706 learning_rate=9.923e-05 epoch=0.08533
2026-10-09T18:51:10Z step 90/938 loss=0.02852 grad_norm=0.255 learning_rate=9.89e-05 epoch=0.096
2026-10-09T18:54:31Z step 100/938 loss=0.01217 grad_norm=0.1245 learning_rate=9.851e-05 epoch=0.1067
2026-10-09T18:57:36Z step 110/938 loss=0.02249 grad_norm=1.119 learning_rate=9.806e-05 epoch=0.1173
2026-10-09T19:03:03Z step 120/938 loss=0.02895 grad_norm=0.7125 learning_rate=9.755e-05 epoch=0.128
2026-10-09T19:06:02Z step 130/938 loss=0.02134 grad_norm=0.002634 learning_rate=9.699e-05 epoch=0.1387
2026-10-09T19:09:01Z step 140/938 loss=0.008515 grad_norm=0.1558 learning_rate=9.637e-05 epoch=0.1493
2026-10-09T19:11:51Z step 150/938 loss=0.02687 grad_norm=0.4224 learning_rate=9.57e-05 epoch=0.16
2026-10-09T19:14:58Z step 160/938 loss=0.01384 grad_norm=0.3061 learning_rate=9.497e-05 epoch=0.1707
2026-10-09T19:17:58Z step 170/938 loss=0.01989 grad_norm=0.3012 learning_rate=9.419e-05 epoch=0.1813
2026-10-09T19:23:01Z step 180/938 loss=0.01496 grad_norm=1.343 learning_rate=9.336e-05 epoch=0.192
2026-10-09T19:25:38Z step 190/938 loss=0.01951 grad_norm=0.4415 learning_rate=9.247e-05 epoch=0.2027
2026-10-09T19:28:47Z step 200/938 loss=0.02394 grad_norm=0.1914 learning_rate=9.154e-05 epoch=0.2133
2026-10-09T19:31:48Z step 210/938 loss=0.01557 grad_norm=0.00147 learning_rate=9.055e-05 epoch=0.224
2026-10-09T19:34:57Z step 220/938 loss=0.02001 grad_norm=0.3438 learning_rate=8.952e-05 epoch=0.2347
2026-10-09T19:37:43Z step 230/938 loss=0.02289 grad_norm=0.1726 learning_rate=8.844e-05 epoch=0.2453
2026-10-09T19:43:42Z step 240/938 loss=0.02062 grad_norm=0.2592 learning_rate=8.731e-05 epoch=0.256
2026-10-09T19:46:43Z step 250/938 loss=0.01358 grad_norm=0.3893 learning_rate=8.614e-05 epoch=0.2667
2026-10-09T19:49:53Z step 260/938 loss=0.01475 grad_norm=0.1014 learning_rate=8.493e-05 epoch=0.2773
2026-10-09T19:52:53Z step 270/938 loss=0.01804 grad_norm=0.07972 learning_rate=8.367e-05 epoch=0.288
2026-10-09T19:55:56Z step 280/938 loss=0.01558 grad_norm=0.2734 learning_rate=8.237e-05 epoch=0.2987
2026-10-09T19:58:52Z step 290/938 loss=0.009894 grad_norm=0.1041 learning_rate=8.104e-05 epoch=0.3093
2026-10-09T20:04:14Z step 300/938 loss=0.01005 grad_norm=0.2506 learning_rate=7.967e-05 epoch=0.32
2026-10-09T20:07:08Z step 310/938 loss=0.01036 grad_norm=0.5269 learning_rate=7.826e-05 epoch=0.3307
2026-10-09T20:10:23Z step 320/938 loss=0.007713 grad_norm=0.2266 learning_rate=7.682e-05 epoch=0.3413
2026-10-09T20:13:21Z step 330/938 loss=0.007194 grad_norm=0.491 learning_rate=7.535e-05 epoch=0.352
2026-10-09T20:16:37Z step 340/938 loss=0.004387 grad_norm=0.03036 learning_rate=7.385e-05 epoch=0.3627
2026-10-09T20:19:56Z step 350/938 loss=0.01324 grad_norm=0.9189 learning_rate=7.231e-05 epoch=0.3733
2026-10-09T20:25:49Z step 360/938 loss=0.01287 grad_norm=0.0769 learning_rate=7.076e-05 epoch=0.384
2026-10-09T20:28:59Z step 370/938 loss=0.01295 grad_norm=0.09711 learning_rate=6.917e-05 epoch=0.3947
2026-10-09T20:31:56Z step 380/938 loss=0.01251 grad_norm=0.1004 learning_rate=6.757e-05 epoch=0.4053
2026-10-09T20:35:01Z step 390/938 loss=0.009445 grad_norm=0.09444 learning_rate=6.594e-05 epoch=0.416
2026-10-09T20:37:52Z step 400/938 loss=0.003832 grad_norm=0.02281 learning_rate=6.43e-05 epoch=0.4267
2026-10-09T20:40:52Z step 410/938 loss=0.008651 grad_norm=0.1991 learning_rate=6.264e-05 epoch=0.4373
2026-10-09T20:46:40Z step 420/938 loss=0.01547 grad_norm=0.8852 learning_rate=6.096e-05 epoch=0.448
2026-10-09T20:49:44Z step 430/938 loss=0.01585 grad_norm=0.04186 learning_rate=5.927e-05 epoch=0.4587
2026-10-09T20:52:43Z step 440/938 loss=0.007259 grad_norm=0.1189 learning_rate=5.757e-05 epoch=0.4693
2026-10-09T20:55:34Z step 450/938 loss=0.004282 grad_norm=0.2559 learning_rate=5.586e-05 epoch=0.48
2026-10-09T20:58:24Z step 460/938 loss=0.008616 grad_norm=0.08605 learning_rate=5.414e-05 epoch=0.4907
2026-10-09T21:01:13Z step 470/938 loss=0.005019 grad_norm=0.03435 learning_rate=5.242e-05 epoch=0.5013
2026-10-09T21:06:55Z step 480/938 loss=0.005543 grad_norm=0.1419 learning_rate=5.069e-05 epoch=0.512
2026-10-09T21:10:12Z step 490/938 loss=0.003936 grad_norm=0.03565 learning_rate=4.896e-05 epoch=0.5227
2026-10-09T21:13:24Z step 500/938 loss=0.01254 grad_norm=0.00551 learning_rate=4.724e-05 epoch=0.5333
2026-10-09T21:16:40Z step 510/938 loss=0.009019 grad_norm=0.0758 learning_rate=4.552e-05 epoch=0.544
2026-10-09T21:19:49Z step 520/938 loss=0.004869 grad_norm=0.09514 learning_rate=4.38e-05 epoch=0.5547
2026-10-09T21:24:54Z step 530/938 loss=0.002256 grad_norm=0.02387 learning_rate=4.209e-05 epoch=0.5653
2026-10-09T21:28:01Z step 540/938 loss=0.007099 grad_norm=0.01715 learning_rate=4.039e-05 epoch=0.576
2026-10-09T21:31:07Z step 550/938 loss=0.002138 grad_norm=0.07146 learning_rate=3.871e-05 epoch=0.5867
2026-10-09T21:34:14Z step 560/938 loss=0.01022 grad_norm=2.292 learning_rate=3.703e-05 epoch=0.5973
2026-10-09T21:37:19Z step 570/938 loss=0.004361 grad_norm=0.1137 learning_rate=3.537e-05 epoch=0.608
2026-10-09T21:40:28Z step 580/938 loss=0.003722 grad_norm=0.00494 learning_rate=3.373e-05 epoch=0.6187
2026-10-09T21:45:43Z step 590/938 loss=0.004194 grad_norm=0.2621 learning_rate=3.211e-05 epoch=0.6293
2026-10-09T21:48:50Z step 600/938 loss=0.001043 grad_norm=0.01868 learning_rate=3.051e-05 epoch=0.64
2026-10-09T21:52:00Z step 610/938 loss=0.002223 grad_norm=0.027 learning_rate=2.893e-05 epoch=0.6507
2026-10-09T21:55:14Z step 620/938 loss=0.0007635 grad_norm=0.03136 learning_rate=2.738e-05 epoch=0.6613
2026-10-09T21:58:25Z step 630/938 loss=0.002421 grad_norm=0.04357 learning_rate=2.585e-05 epoch=0.672
2026-10-09T22:01:49Z step 640/938 loss=0.007157 grad_norm=0.2462 learning_rate=2.436e-05 epoch=0.6827
2026-10-09T22:07:03Z step 650/938 loss=0.001215 grad_norm=0.03701 learning_rate=2.289e-05 epoch=0.6933
2026-10-09T22:09:55Z step 660/938 loss=0.002656 grad_norm=0.005053 learning_rate=2.145e-05 epoch=0.704
2026-10-09T22:12:56Z step 670/938 loss=0.003846 grad_norm=0.0004926 learning_rate=2.005e-05 epoch=0.7147
2026-10-09T22:16:00Z step 680/938 loss=0.001507 grad_norm=0.04779 learning_rate=1.869e-05 epoch=0.7253
2026-10-09T22:18:43Z step 690/938 loss=0.0006995 grad_norm=0.2111 learning_rate=1.736e-05 epoch=0.736
2026-10-09T22:21:54Z step 700/938 loss=0.0007253 grad_norm=0.0001952 learning_rate=1.608e-05 epoch=0.7467
2026-10-09T22:26:59Z step 710/938 loss=0.007282 grad_norm=2.338 learning_rate=1.483e-05 epoch=0.7573
2026-10-09T22:29:53Z step 720/938 loss=0.00144 grad_norm=0.00074 learning_rate=1.362e-05 epoch=0.768
2026-10-09T22:33:11Z step 730/938 loss=0.00353 grad_norm=0.000664 learning_rate=1.246e-05 epoch=0.7787
2026-10-09T22:36:20Z step 740/938 loss=0.0007339 grad_norm=0.02536 learning_rate=1.134e-05 epoch=0.7893
2026-10-09T22:39:30Z step 750/938 loss=0.0007839 grad_norm=0.007293 learning_rate=1.027e-05 epoch=0.8
2026-10-09T22:44:41Z step 760/938 loss=0.002916 grad_norm=0.0003289 learning_rate=9.247e-06 epoch=0.8107
2026-10-09T22:47:51Z step 770/938 loss=0.001965 grad_norm=0.01098 learning_rate=8.271e-06 epoch=0.8213
2026-10-09T22:50:46Z step 780/938 loss=0.001729 grad_norm=0.00181 learning_rate=7.345e-06 epoch=0.832
2026-10-09T22:53:40Z step 790/938 loss=0.003054 grad_norm=0.02684 learning_rate=6.47e-06 epoch=0.8427
2026-10-09T22:56:31Z step 800/938 loss=0.0005631 grad_norm=0.07309 learning_rate=5.647e-06 epoch=0.8533
2026-10-09T22:59:50Z step 810/938 loss=0.001664 grad_norm=0.01552 learning_rate=4.877e-06 epoch=0.864
2026-10-09T23:05:33Z step 820/938 loss=0.003907 grad_norm=0.03843 learning_rate=4.16e-06 epoch=0.8747
2026-10-09T23:08:20Z step 830/938 loss=0.001877 grad_norm=0.0004567 learning_rate=3.498e-06 epoch=0.8853
2026-10-09T23:11:26Z step 840/938 loss=0.002581 grad_norm=0.0003902 learning_rate=2.892e-06 epoch=0.896
2026-10-09T23:14:34Z step 850/938 loss=0.001948 grad_norm=0.01287 learning_rate=2.342e-06 epoch=0.9067
2026-10-09T23:17:32Z step 860/938 loss=0.0002468 grad_norm=0.0199 learning_rate=1.848e-06 epoch=0.9173
2026-10-09T23:20:45Z step 870/938 loss=0.004606 grad_norm=0.3262 learning_rate=1.412e-06 epoch=0.928
2026-10-09T23:26:04Z step 880/938 loss=0.002476 grad_norm=0.2993 learning_rate=1.034e-06 epoch=0.9387
2026-10-09T23:29:06Z step 890/938 loss=0.0003117 grad_norm=0.004671 learning_rate=7.137e-07 epoch=0.9493
2026-10-09T23:32:35Z step 900/938 loss=0.0009373 grad_norm=0.01998 learning_rate=4.525e-07 epoch=0.96
2026-10-09T23:36:00Z step 910/938 loss=0.001453 grad_norm=0.0001553 learning_rate=2.504e-07 epoch=0.9707
2026-10-09T23:39:01Z step 920/938 loss=0.00149 grad_norm=0.02412 learning_rate=1.075e-07 epoch=0.9813
2026-10-09T23:42:02Z step 930/938 loss=0.0004661 grad_norm=0.001572 learning_rate=2.413e-08 epoch=0.992
2026-10-09T23:46:44Z step 938/938 train_runtime=1.961e+04 train_samples_per_second=3.06 train_steps_per_second=0.048 total_flos=2.737e+18 train_loss=0.01389 epoch=1
2026-10-09T23:47:38Z trained 938 steps in 326.9 min, 1270.7 tok/s, peak 26.78 GB
2026-10-09T23:47:41Z u path: fp32-hidden (max |u_fp32 - u_bf16logits| = 0.1139)
2026-10-09T23:47:42Z padding self-check: max |u_batch - u_single| = 0.1366 (tol 0.888) -> left padding
2026-10-09T23:49:13Z B-MIX-triplets-s1 rule_v1/dev: TA 98.7 Rev 99.0 Hold 99.7 n=300 (93.1 s)
2026-10-10T00:24:06Z B-MIX-triplets-s1 mcv_v1/dev: TA nan Rev nan Hold nan n=None (2092.0 s)
2026-10-10T00:24:08Z DONE B-MIX-triplets-s1 in 364.6 min, GPU util mean 87.4
