2026-10-03T12:10:59Z step 10/938 loss=0.7908 grad_norm=10.54 learning_rate=3.214e-05 epoch=0.01067
2026-10-03T12:11:22Z step 20/938 loss=0.4182 grad_norm=4.944 learning_rate=6.786e-05 epoch=0.02133
2026-10-03T12:11:45Z step 30/938 loss=0.2909 grad_norm=6.345 learning_rate=0.0001 epoch=0.032
2026-10-03T12:12:07Z step 40/938 loss=0.2073 grad_norm=4.684 learning_rate=9.996e-05 epoch=0.04267
2026-10-03T12:12:30Z step 50/938 loss=0.1474 grad_norm=23.78 learning_rate=9.987e-05 epoch=0.05333
2026-10-03T12:12:53Z step 60/938 loss=0.1863 grad_norm=3.99 learning_rate=9.971e-05 epoch=0.064
2026-10-03T12:13:16Z step 70/938 loss=0.1592 grad_norm=1.731 learning_rate=9.95e-05 epoch=0.07467
2026-10-03T12:13:39Z step 80/938 loss=0.1446 grad_norm=4.567 learning_rate=9.923e-05 epoch=0.08533
2026-10-03T12:14:02Z step 90/938 loss=0.06823 grad_norm=3.533 learning_rate=9.89e-05 epoch=0.096
2026-10-03T12:14:25Z step 100/938 loss=0.195 grad_norm=5.074 learning_rate=9.851e-05 epoch=0.1067
2026-10-03T12:14:49Z step 110/938 loss=0.05511 grad_norm=0.5863 learning_rate=9.806e-05 epoch=0.1173
2026-10-03T12:15:12Z step 120/938 loss=0.0963 grad_norm=1.19 learning_rate=9.755e-05 epoch=0.128
2026-10-03T12:15:35Z step 130/938 loss=0.02922 grad_norm=0.04605 learning_rate=9.699e-05 epoch=0.1387
2026-10-03T12:15:58Z step 140/938 loss=0.07604 grad_norm=3.497 learning_rate=9.637e-05 epoch=0.1493
2026-10-03T12:16:22Z step 150/938 loss=0.08276 grad_norm=1.7 learning_rate=9.57e-05 epoch=0.16
2026-10-03T12:16:44Z step 160/938 loss=0.132 grad_norm=0.6301 learning_rate=9.497e-05 epoch=0.1707
2026-10-03T12:17:07Z step 170/938 loss=0.1024 grad_norm=5.388 learning_rate=9.419e-05 epoch=0.1813
2026-10-03T12:17:30Z step 180/938 loss=0.1361 grad_norm=1.964 learning_rate=9.336e-05 epoch=0.192
2026-10-03T12:17:53Z step 190/938 loss=0.05473 grad_norm=0.9377 learning_rate=9.247e-05 epoch=0.2027
2026-10-03T12:18:15Z step 200/938 loss=0.08481 grad_norm=0.6356 learning_rate=9.154e-05 epoch=0.2133
2026-10-03T12:18:38Z step 210/938 loss=0.1228 grad_norm=0.3929 learning_rate=9.055e-05 epoch=0.224
2026-10-03T12:19:01Z step 220/938 loss=0.03118 grad_norm=0.3308 learning_rate=8.952e-05 epoch=0.2347
2026-10-03T12:19:24Z step 230/938 loss=0.02587 grad_norm=0.6738 learning_rate=8.844e-05 epoch=0.2453
2026-10-03T12:19:48Z step 240/938 loss=0.003206 grad_norm=0.002118 learning_rate=8.731e-05 epoch=0.256
2026-10-03T12:20:10Z step 250/938 loss=0.09293 grad_norm=5.203 learning_rate=8.614e-05 epoch=0.2667
2026-10-03T12:20:34Z step 260/938 loss=0.07255 grad_norm=0.8575 learning_rate=8.493e-05 epoch=0.2773
2026-10-03T12:20:58Z step 270/938 loss=0.02142 grad_norm=6.035 learning_rate=8.367e-05 epoch=0.288
2026-10-03T12:21:21Z step 280/938 loss=0.09341 grad_norm=0.08873 learning_rate=8.237e-05 epoch=0.2987
2026-10-03T12:21:44Z step 290/938 loss=0.01962 grad_norm=0.5325 learning_rate=8.104e-05 epoch=0.3093
2026-10-03T12:22:07Z step 300/938 loss=0.03444 grad_norm=0.001598 learning_rate=7.967e-05 epoch=0.32
2026-10-03T12:22:30Z step 310/938 loss=0.03399 grad_norm=0.9477 learning_rate=7.826e-05 epoch=0.3307
2026-10-03T12:22:53Z step 320/938 loss=0.02412 grad_norm=0.2511 learning_rate=7.682e-05 epoch=0.3413
2026-10-03T12:23:16Z step 330/938 loss=0.03008 grad_norm=0.2278 learning_rate=7.535e-05 epoch=0.352
2026-10-03T12:23:39Z step 340/938 loss=0.01826 grad_norm=0.3765 learning_rate=7.385e-05 epoch=0.3627
2026-10-03T12:24:02Z step 350/938 loss=0.008826 grad_norm=0.3743 learning_rate=7.231e-05 epoch=0.3733
2026-10-03T12:24:25Z step 360/938 loss=0.01227 grad_norm=0.001264 learning_rate=7.076e-05 epoch=0.384
2026-10-03T12:24:49Z step 370/938 loss=0.001416 grad_norm=0.0002478 learning_rate=6.917e-05 epoch=0.3947
2026-10-03T12:25:11Z step 380/938 loss=0.07035 grad_norm=0.08467 learning_rate=6.757e-05 epoch=0.4053
2026-10-03T12:25:35Z step 390/938 loss=0.05503 grad_norm=0.04031 learning_rate=6.594e-05 epoch=0.416
2026-10-03T12:25:58Z step 400/938 loss=0.005015 grad_norm=0.01315 learning_rate=6.43e-05 epoch=0.4267
2026-10-03T12:26:20Z step 410/938 loss=0.01493 grad_norm=0.02057 learning_rate=6.264e-05 epoch=0.4373
2026-10-03T12:26:43Z step 420/938 loss=0.006345 grad_norm=0.01514 learning_rate=6.096e-05 epoch=0.448
2026-10-03T12:27:07Z step 430/938 loss=0.04201 grad_norm=3.42 learning_rate=5.927e-05 epoch=0.4587
2026-10-03T12:27:30Z step 440/938 loss=0.00421 grad_norm=0.0459 learning_rate=5.757e-05 epoch=0.4693
2026-10-03T12:27:53Z step 450/938 loss=0.01105 grad_norm=0.04231 learning_rate=5.586e-05 epoch=0.48
2026-10-03T12:28:16Z step 460/938 loss=0.01848 grad_norm=0.04106 learning_rate=5.414e-05 epoch=0.4907
2026-10-03T12:28:39Z step 470/938 loss=0.01182 grad_norm=0.005514 learning_rate=5.242e-05 epoch=0.5013
2026-10-03T12:29:02Z step 480/938 loss=0.006495 grad_norm=0.01817 learning_rate=5.069e-05 epoch=0.512
2026-10-03T12:29:25Z step 490/938 loss=0.009694 grad_norm=0.009285 learning_rate=4.896e-05 epoch=0.5227
2026-10-03T12:29:47Z step 500/938 loss=0.01397 grad_norm=1.57 learning_rate=4.724e-05 epoch=0.5333
2026-10-03T12:30:11Z step 510/938 loss=0.02892 grad_norm=0.08761 learning_rate=4.552e-05 epoch=0.544
2026-10-03T12:30:34Z step 520/938 loss=0.01008 grad_norm=0.0009665 learning_rate=4.38e-05 epoch=0.5547
2026-10-03T12:31:02Z step 530/938 loss=0.03642 grad_norm=0.0118 learning_rate=4.209e-05 epoch=0.5653
2026-10-03T12:31:26Z step 540/938 loss=0.03362 grad_norm=2.682 learning_rate=4.039e-05 epoch=0.576
2026-10-03T12:31:49Z step 550/938 loss=0.01811 grad_norm=0.009161 learning_rate=3.871e-05 epoch=0.5867
2026-10-03T12:32:11Z step 560/938 loss=0.02113 grad_norm=1.025 learning_rate=3.703e-05 epoch=0.5973
2026-10-03T12:32:34Z step 570/938 loss=0.0159 grad_norm=0.1666 learning_rate=3.537e-05 epoch=0.608
2026-10-03T12:32:58Z step 580/938 loss=0.007727 grad_norm=0.02537 learning_rate=3.373e-05 epoch=0.6187
2026-10-03T12:33:21Z step 590/938 loss=0.00973 grad_norm=0.0008961 learning_rate=3.211e-05 epoch=0.6293
2026-10-03T12:33:45Z step 600/938 loss=0.002374 grad_norm=0.003711 learning_rate=3.051e-05 epoch=0.64
2026-10-03T12:34:08Z step 610/938 loss=0.001608 grad_norm=0.04199 learning_rate=2.893e-05 epoch=0.6507
2026-10-03T12:34:33Z step 620/938 loss=0.0002027 grad_norm=0.0468 learning_rate=2.738e-05 epoch=0.6613
2026-10-03T12:34:56Z step 630/938 loss=0.006448 grad_norm=2.42 learning_rate=2.585e-05 epoch=0.672
2026-10-03T12:35:19Z step 640/938 loss=0.01906 grad_norm=0.0003703 learning_rate=2.436e-05 epoch=0.6827
2026-10-03T12:35:43Z step 650/938 loss=0.002737 grad_norm=0.02078 learning_rate=2.289e-05 epoch=0.6933
2026-10-03T12:36:06Z step 660/938 loss=0.008822 grad_norm=1.053 learning_rate=2.145e-05 epoch=0.704
2026-10-03T12:36:29Z step 670/938 loss=0.001564 grad_norm=0.02118 learning_rate=2.005e-05 epoch=0.7147
2026-10-03T12:36:52Z step 680/938 loss=0.0101 grad_norm=0.0003178 learning_rate=1.869e-05 epoch=0.7253
2026-10-03T12:37:14Z step 690/938 loss=0.001943 grad_norm=0.0007646 learning_rate=1.736e-05 epoch=0.736
2026-10-03T12:37:37Z step 700/938 loss=0.000699 grad_norm=0.1583 learning_rate=1.608e-05 epoch=0.7467
2026-10-03T12:38:00Z step 710/938 loss=0.0001521 grad_norm=0.0003445 learning_rate=1.483e-05 epoch=0.7573
2026-10-03T12:38:23Z step 720/938 loss=0.02131 grad_norm=0.005215 learning_rate=1.362e-05 epoch=0.768
2026-10-03T12:38:46Z step 730/938 loss=0.0001653 grad_norm=0.006633 learning_rate=1.246e-05 epoch=0.7787
2026-10-03T12:39:09Z step 740/938 loss=0.009084 grad_norm=0.3666 learning_rate=1.134e-05 epoch=0.7893
2026-10-03T12:39:32Z step 750/938 loss=0.0003388 grad_norm=0.1002 learning_rate=1.027e-05 epoch=0.8
2026-10-03T12:39:56Z step 760/938 loss=0.0002124 grad_norm=0.1021 learning_rate=9.247e-06 epoch=0.8107
2026-10-03T12:40:19Z step 770/938 loss=0.0003136 grad_norm=0.0008026 learning_rate=8.271e-06 epoch=0.8213
2026-10-03T12:40:42Z step 780/938 loss=0.0003423 grad_norm=8.433e-05 learning_rate=7.345e-06 epoch=0.832
2026-10-03T12:41:05Z step 790/938 loss=0.00959 grad_norm=6.981e-05 learning_rate=6.47e-06 epoch=0.8427
2026-10-03T12:41:28Z step 800/938 loss=0.03648 grad_norm=0.0007518 learning_rate=5.647e-06 epoch=0.8533
2026-10-03T12:41:51Z step 810/938 loss=0.005637 grad_norm=0.002711 learning_rate=4.877e-06 epoch=0.864
2026-10-03T12:42:18Z step 820/938 loss=0.0006334 grad_norm=0.005317 learning_rate=4.16e-06 epoch=0.8747
2026-10-03T12:42:41Z step 830/938 loss=0.002548 grad_norm=0.01198 learning_rate=3.498e-06 epoch=0.8853
2026-10-03T12:43:04Z step 840/938 loss=0.002037 grad_norm=0.002652 learning_rate=2.892e-06 epoch=0.896
2026-10-03T12:43:27Z step 850/938 loss=0.0004839 grad_norm=0.01113 learning_rate=2.342e-06 epoch=0.9067
2026-10-03T12:43:50Z step 860/938 loss=0.0004801 grad_norm=0.006642 learning_rate=1.848e-06 epoch=0.9173
2026-10-03T12:44:13Z step 870/938 loss=0.0003032 grad_norm=0.003369 learning_rate=1.412e-06 epoch=0.928
2026-10-03T12:44:36Z step 880/938 loss=0.02272 grad_norm=0.001553 learning_rate=1.034e-06 epoch=0.9387
2026-10-03T12:44:59Z step 890/938 loss=0.001382 grad_norm=0.08864 learning_rate=7.137e-07 epoch=0.9493
2026-10-03T12:45:22Z step 900/938 loss=0.001481 grad_norm=0.0009043 learning_rate=4.525e-07 epoch=0.96
2026-10-03T12:45:46Z step 910/938 loss=0.003047 grad_norm=0.001955 learning_rate=2.504e-07 epoch=0.9707
2026-10-03T12:46:09Z step 920/938 loss=0.0002383 grad_norm=0.0008341 learning_rate=1.075e-07 epoch=0.9813
2026-10-03T12:46:32Z step 930/938 loss=0.0001638 grad_norm=0.0003076 learning_rate=2.413e-08 epoch=0.992
2026-10-03T12:46:50Z step 938/938 train_runtime=2175 train_samples_per_second=27.59 train_steps_per_second=0.431 total_flos=1.081e+18 train_loss=0.05043 epoch=1
2026-10-03T12:46:55Z trained 938 steps in 36.3 min, 6015.3 tok/s, peak 31.9 GB
2026-10-03T12:46:57Z u path: fp32-hidden (max |u_fp32 - u_bf16logits| = 0.1033)
2026-10-03T12:46:58Z padding self-check: max |u_batch - u_single| = 0.1265 (tol 0.863) -> left padding
2026-10-03T12:47:39Z B-F-verdict-triplets-s4 rule_v1/dev: TA 99.7 Rev 99.7 Hold 100.0 n=300 (42.8 s)
2026-10-03T12:47:59Z B-F-verdict-triplets-s4 rule_v1/dev_missing: TA nan Rev nan Hold nan n=None (19.8 s)
2026-10-03T12:49:06Z B-F-verdict-triplets-s4 rule_v1/missing: TA nan Rev nan Hold nan n=None (67.0 s)
2026-10-03T12:51:25Z B-F-verdict-triplets-s4 rule_v1/readapply: TA 100.0 Rev 100.0 Hold 100.0 n=1000 (138.2 s)
2026-10-03T12:53:31Z B-F-verdict-triplets-s4 rule_v1/test_L0: TA 99.6 Rev 99.6 Hold 100.0 n=1000 (126.0 s)
2026-10-03T12:55:35Z B-F-verdict-triplets-s4 rule_v1/test_L1: TA 98.9 Rev 99.1 Hold 99.5 n=1000 (123.9 s)
2026-10-03T13:00:00Z B-F-verdict-triplets-s4 rule_v1/test_L2: TA 91.8 Rev 92.0 Hold 98.2 n=2000 (264.9 s)
2026-10-03T13:01:27Z B-F-verdict-triplets-s4 rule_v1/test_L3alt: TA 100.0 Rev 100.0 Hold 100.0 n=1000 (87.4 s)
2026-10-03T13:03:39Z B-F-verdict-triplets-s4 rule_v1/test_L3inv: TA 97.1 Rev 97.6 Hold 99.3 n=1000 (131.8 s)
2026-10-03T13:06:37Z B-F-verdict-triplets-s4 rule_v1/test_hard: TA 92.3 Rev 92.7 Hold 98.7 n=1000 (177.3 s)
2026-10-03T13:07:38Z B-F-verdict-triplets-s4 xr_v1/test: TA nan Rev nan Hold nan n=None (60.8 s)
2026-10-03T13:07:38Z DONE B-F-verdict-triplets-s4 in 57.5 min, GPU util mean 95.0
