2026-10-03T12:00:10Z step 10/938 loss=0.7047 grad_norm=8.193 learning_rate=3.214e-05 epoch=0.01067
2026-10-03T12:00:40Z step 20/938 loss=0.3823 grad_norm=2.366 learning_rate=6.786e-05 epoch=0.02133
2026-10-03T12:01:12Z step 30/938 loss=0.2635 grad_norm=0.8897 learning_rate=0.0001 epoch=0.032
2026-10-03T12:01:42Z step 40/938 loss=0.1822 grad_norm=5.563 learning_rate=9.996e-05 epoch=0.04267
2026-10-03T12:02:11Z step 50/938 loss=0.1335 grad_norm=3.857 learning_rate=9.987e-05 epoch=0.05333
2026-10-03T12:02:43Z step 60/938 loss=0.1116 grad_norm=5.037 learning_rate=9.971e-05 epoch=0.064
2026-10-03T12:03:13Z step 70/938 loss=0.06202 grad_norm=2.447 learning_rate=9.95e-05 epoch=0.07467
2026-10-03T12:03:44Z step 80/938 loss=0.1252 grad_norm=0.7426 learning_rate=9.923e-05 epoch=0.08533
2026-10-03T12:04:15Z step 90/938 loss=0.08648 grad_norm=0.5131 learning_rate=9.89e-05 epoch=0.096
2026-10-03T12:04:45Z step 100/938 loss=0.06428 grad_norm=0.3937 learning_rate=9.851e-05 epoch=0.1067
2026-10-03T12:05:15Z step 110/938 loss=0.07429 grad_norm=0.3367 learning_rate=9.806e-05 epoch=0.1173
2026-10-03T12:05:46Z step 120/938 loss=0.05643 grad_norm=6.421 learning_rate=9.755e-05 epoch=0.128
2026-10-03T12:06:16Z step 130/938 loss=0.03751 grad_norm=0.6128 learning_rate=9.699e-05 epoch=0.1387
2026-10-03T12:06:47Z step 140/938 loss=0.09784 grad_norm=2.885 learning_rate=9.637e-05 epoch=0.1493
2026-10-03T12:07:17Z step 150/938 loss=0.02135 grad_norm=0.06426 learning_rate=9.57e-05 epoch=0.16
2026-10-03T12:07:47Z step 160/938 loss=0.1022 grad_norm=0.09333 learning_rate=9.497e-05 epoch=0.1707
2026-10-03T12:08:17Z step 170/938 loss=0.08902 grad_norm=0.2369 learning_rate=9.419e-05 epoch=0.1813
2026-10-03T12:08:47Z step 180/938 loss=0.03796 grad_norm=0.001269 learning_rate=9.336e-05 epoch=0.192
2026-10-03T12:09:49Z step 190/938 loss=0.1624 grad_norm=1.427 learning_rate=9.247e-05 epoch=0.2027
2026-10-03T12:10:19Z step 200/938 loss=0.06476 grad_norm=1.613 learning_rate=9.154e-05 epoch=0.2133
2026-10-03T12:10:49Z step 210/938 loss=0.1688 grad_norm=6.721 learning_rate=9.055e-05 epoch=0.224
2026-10-03T12:11:20Z step 220/938 loss=0.07246 grad_norm=0.3146 learning_rate=8.952e-05 epoch=0.2347
2026-10-03T12:11:50Z step 230/938 loss=0.04882 grad_norm=2.314 learning_rate=8.844e-05 epoch=0.2453
2026-10-03T12:12:21Z step 240/938 loss=0.06075 grad_norm=0.4806 learning_rate=8.731e-05 epoch=0.256
2026-10-03T12:12:51Z step 250/938 loss=0.007781 grad_norm=0.001775 learning_rate=8.614e-05 epoch=0.2667
2026-10-03T12:13:21Z step 260/938 loss=0.0824 grad_norm=0.8186 learning_rate=8.493e-05 epoch=0.2773
2026-10-03T12:13:52Z step 270/938 loss=0.03216 grad_norm=0.07167 learning_rate=8.367e-05 epoch=0.288
2026-10-03T12:14:22Z step 280/938 loss=0.02997 grad_norm=0.02411 learning_rate=8.237e-05 epoch=0.2987
2026-10-03T12:14:51Z step 290/938 loss=0.03231 grad_norm=3.112 learning_rate=8.104e-05 epoch=0.3093
2026-10-03T12:15:22Z step 300/938 loss=0.02937 grad_norm=0.4485 learning_rate=7.967e-05 epoch=0.32
2026-10-03T12:15:52Z step 310/938 loss=0.03389 grad_norm=0.1639 learning_rate=7.826e-05 epoch=0.3307
2026-10-03T12:16:22Z step 320/938 loss=0.02131 grad_norm=0.06161 learning_rate=7.682e-05 epoch=0.3413
2026-10-03T12:16:53Z step 330/938 loss=0.03089 grad_norm=0.00495 learning_rate=7.535e-05 epoch=0.352
2026-10-03T12:17:22Z step 340/938 loss=0.02692 grad_norm=0.03882 learning_rate=7.385e-05 epoch=0.3627
2026-10-03T12:17:52Z step 350/938 loss=0.08012 grad_norm=0.7001 learning_rate=7.231e-05 epoch=0.3733
2026-10-03T12:18:22Z step 360/938 loss=0.01413 grad_norm=0.7557 learning_rate=7.076e-05 epoch=0.384
2026-10-03T12:18:52Z step 370/938 loss=0.003073 grad_norm=0.00555 learning_rate=6.917e-05 epoch=0.3947
2026-10-03T12:19:23Z step 380/938 loss=0.05921 grad_norm=0.1159 learning_rate=6.757e-05 epoch=0.4053
2026-10-03T12:19:58Z step 390/938 loss=0.02944 grad_norm=0.02012 learning_rate=6.594e-05 epoch=0.416
2026-10-03T12:20:28Z step 400/938 loss=0.08792 grad_norm=0.1518 learning_rate=6.43e-05 epoch=0.4267
2026-10-03T12:20:59Z step 410/938 loss=0.04807 grad_norm=0.06839 learning_rate=6.264e-05 epoch=0.4373
2026-10-03T12:21:29Z step 420/938 loss=0.0185 grad_norm=1.858 learning_rate=6.096e-05 epoch=0.448
2026-10-03T12:22:00Z step 430/938 loss=0.02778 grad_norm=0.000651 learning_rate=5.927e-05 epoch=0.4587
2026-10-03T12:22:31Z step 440/938 loss=0.02713 grad_norm=0.01973 learning_rate=5.757e-05 epoch=0.4693
2026-10-03T12:23:01Z step 450/938 loss=0.01275 grad_norm=0.1302 learning_rate=5.586e-05 epoch=0.48
2026-10-03T12:23:33Z step 460/938 loss=0.01521 grad_norm=0.1423 learning_rate=5.414e-05 epoch=0.4907
2026-10-03T12:24:03Z step 470/938 loss=0.0511 grad_norm=1.022 learning_rate=5.242e-05 epoch=0.5013
2026-10-03T12:24:32Z step 480/938 loss=0.01368 grad_norm=0.0838 learning_rate=5.069e-05 epoch=0.512
2026-10-03T12:25:03Z step 490/938 loss=0.03836 grad_norm=1.439 learning_rate=4.896e-05 epoch=0.5227
2026-10-03T12:25:33Z step 500/938 loss=0.006203 grad_norm=0.3651 learning_rate=4.724e-05 epoch=0.5333
2026-10-03T12:26:04Z step 510/938 loss=0.008868 grad_norm=0.05276 learning_rate=4.552e-05 epoch=0.544
2026-10-03T12:26:34Z step 520/938 loss=0.01136 grad_norm=0.03725 learning_rate=4.38e-05 epoch=0.5547
2026-10-03T12:27:05Z step 530/938 loss=0.004325 grad_norm=0.03684 learning_rate=4.209e-05 epoch=0.5653
2026-10-03T12:27:35Z step 540/938 loss=0.01114 grad_norm=0.001363 learning_rate=4.039e-05 epoch=0.576
2026-10-03T12:28:06Z step 550/938 loss=0.006374 grad_norm=1.637 learning_rate=3.871e-05 epoch=0.5867
2026-10-03T12:28:37Z step 560/938 loss=0.007855 grad_norm=0.006092 learning_rate=3.703e-05 epoch=0.5973
2026-10-03T12:29:07Z step 570/938 loss=0.00475 grad_norm=0.1087 learning_rate=3.537e-05 epoch=0.608
2026-10-03T12:29:38Z step 580/938 loss=0.01024 grad_norm=0.008415 learning_rate=3.373e-05 epoch=0.6187
2026-10-03T12:30:08Z step 590/938 loss=0.00833 grad_norm=0.001222 learning_rate=3.211e-05 epoch=0.6293
2026-10-03T12:30:38Z step 600/938 loss=0.002726 grad_norm=0.001285 learning_rate=3.051e-05 epoch=0.64
2026-10-03T12:31:09Z step 610/938 loss=0.009433 grad_norm=0.008414 learning_rate=2.893e-05 epoch=0.6507
2026-10-03T12:31:39Z step 620/938 loss=0.002067 grad_norm=0.09342 learning_rate=2.738e-05 epoch=0.6613
2026-10-03T12:32:10Z step 630/938 loss=0.007354 grad_norm=0.002511 learning_rate=2.585e-05 epoch=0.672
2026-10-03T12:32:41Z step 640/938 loss=0.01432 grad_norm=0.02921 learning_rate=2.436e-05 epoch=0.6827
2026-10-03T12:33:11Z step 650/938 loss=0.01012 grad_norm=0.1756 learning_rate=2.289e-05 epoch=0.6933
2026-10-03T12:33:41Z step 660/938 loss=0.00313 grad_norm=0.04606 learning_rate=2.145e-05 epoch=0.704
2026-10-03T12:34:12Z step 670/938 loss=0.003105 grad_norm=0.2158 learning_rate=2.005e-05 epoch=0.7147
2026-10-03T12:34:43Z step 680/938 loss=0.006365 grad_norm=0.0003525 learning_rate=1.869e-05 epoch=0.7253
2026-10-03T12:35:14Z step 690/938 loss=0.001371 grad_norm=0.1023 learning_rate=1.736e-05 epoch=0.736
2026-10-03T12:35:45Z step 700/938 loss=0.0009512 grad_norm=0.09065 learning_rate=1.608e-05 epoch=0.7467
2026-10-03T12:36:15Z step 710/938 loss=0.002317 grad_norm=0.0001294 learning_rate=1.483e-05 epoch=0.7573
2026-10-03T12:36:46Z step 720/938 loss=0.0008922 grad_norm=0.0008396 learning_rate=1.362e-05 epoch=0.768
2026-10-03T12:37:16Z step 730/938 loss=0.001879 grad_norm=0.1254 learning_rate=1.246e-05 epoch=0.7787
2026-10-03T12:37:46Z step 740/938 loss=2.467e-05 grad_norm=0.0001175 learning_rate=1.134e-05 epoch=0.7893
2026-10-03T12:38:17Z step 750/938 loss=0.01132 grad_norm=0.0006666 learning_rate=1.027e-05 epoch=0.8
2026-10-03T12:38:47Z step 760/938 loss=0.0003325 grad_norm=0.0003932 learning_rate=9.247e-06 epoch=0.8107
2026-10-03T12:39:17Z step 770/938 loss=8.728e-05 grad_norm=0.0001709 learning_rate=8.271e-06 epoch=0.8213
2026-10-03T12:39:54Z step 780/938 loss=0.000443 grad_norm=0.0003312 learning_rate=7.345e-06 epoch=0.832
2026-10-03T12:40:24Z step 790/938 loss=0.0003249 grad_norm=0.0008642 learning_rate=6.47e-06 epoch=0.8427
2026-10-03T12:40:55Z step 800/938 loss=0.02807 grad_norm=0.1066 learning_rate=5.647e-06 epoch=0.8533
2026-10-03T12:41:25Z step 810/938 loss=0.001235 grad_norm=0.05169 learning_rate=4.877e-06 epoch=0.864
2026-10-03T12:41:56Z step 820/938 loss=0.003902 grad_norm=0.07189 learning_rate=4.16e-06 epoch=0.8747
2026-10-03T12:42:27Z step 830/938 loss=0.0001866 grad_norm=0.003833 learning_rate=3.498e-06 epoch=0.8853
2026-10-03T12:42:58Z step 840/938 loss=0.0002453 grad_norm=0.001632 learning_rate=2.892e-06 epoch=0.896
2026-10-03T12:43:28Z step 850/938 loss=0.0005913 grad_norm=0.0726 learning_rate=2.342e-06 epoch=0.9067
2026-10-03T12:43:59Z step 860/938 loss=0.0001378 grad_norm=0.008669 learning_rate=1.848e-06 epoch=0.9173
2026-10-03T12:44:30Z step 870/938 loss=0.0003491 grad_norm=0.0003129 learning_rate=1.412e-06 epoch=0.928
2026-10-03T12:45:01Z step 880/938 loss=0.0002026 grad_norm=0.0039 learning_rate=1.034e-06 epoch=0.9387
2026-10-03T12:45:31Z step 890/938 loss=0.0004621 grad_norm=0.005392 learning_rate=7.137e-07 epoch=0.9493
2026-10-03T12:46:03Z step 900/938 loss=5.809e-05 grad_norm=0.001363 learning_rate=4.525e-07 epoch=0.96
2026-10-03T12:46:33Z step 910/938 loss=0.0001333 grad_norm=0.000492 learning_rate=2.504e-07 epoch=0.9707
2026-10-03T12:47:04Z step 920/938 loss=0.0006471 grad_norm=0.1045 learning_rate=1.075e-07 epoch=0.9813
2026-10-03T12:47:35Z step 930/938 loss=0.0005276 grad_norm=0.007727 learning_rate=2.413e-08 epoch=0.992
2026-10-03T12:47:58Z step 938/938 train_runtime=2899 train_samples_per_second=20.7 train_steps_per_second=0.324 total_flos=1.078e+18 train_loss=0.04546 epoch=1
2026-10-03T12:48:02Z trained 938 steps in 48.4 min, 4479.9 tok/s, peak 32.2 GB
2026-10-03T12:48:03Z u path: fp32-hidden (max |u_fp32 - u_bf16logits| = 0.0005)
2026-10-03T12:48:04Z padding self-check: max |u_batch - u_single| = 0.0775 (tol 0.821) -> left padding
2026-10-03T12:48:48Z B-F-verdict-blocks-s4 rule_v1/dev: TA 61.7 Rev 100.0 Hold 61.7 n=300 (45.9 s)
2026-10-03T12:49:12Z B-F-verdict-blocks-s4 rule_v1/dev_missing: TA nan Rev nan Hold nan n=None (22.7 s)
2026-10-03T12:50:27Z B-F-verdict-blocks-s4 rule_v1/missing: TA nan Rev nan Hold nan n=None (75.5 s)
2026-10-03T12:53:05Z B-F-verdict-blocks-s4 rule_v1/readapply: TA 67.3 Rev 99.6 Hold 67.5 n=1000 (157.6 s)
2026-10-03T12:55:27Z B-F-verdict-blocks-s4 rule_v1/test_L0: TA 58.3 Rev 99.6 Hold 58.3 n=1000 (141.7 s)
2026-10-03T12:57:48Z B-F-verdict-blocks-s4 rule_v1/test_L1: TA 61.2 Rev 98.7 Hold 61.4 n=1000 (140.5 s)
2026-10-03T13:02:53Z B-F-verdict-blocks-s4 rule_v1/test_L2: TA 49.0 Rev 92.5 Hold 52.9 n=2000 (305.0 s)
2026-10-03T13:04:31Z B-F-verdict-blocks-s4 rule_v1/test_L3alt: TA 84.1 Rev 100.0 Hold 84.1 n=1000 (97.4 s)
2026-10-03T13:06:58Z B-F-verdict-blocks-s4 rule_v1/test_L3inv: TA 52.9 Rev 97.8 Hold 53.0 n=1000 (147.6 s)
2026-10-03T13:10:18Z B-F-verdict-blocks-s4 rule_v1/test_hard: TA 49.9 Rev 93.0 Hold 53.4 n=1000 (199.2 s)
2026-10-03T13:11:26Z B-F-verdict-blocks-s4 xr_v1/test: TA nan Rev nan Hold nan n=None (68.4 s)
2026-10-03T13:11:27Z DONE B-F-verdict-blocks-s4 in 72.2 min, GPU util mean 93.8
