2026-10-03T22:54:16Z step 10/938 loss=9.491 grad_norm=8.101 learning_rate=3.214e-05 epoch=0.01067
2026-10-03T22:55:16Z step 20/938 loss=2.683 grad_norm=6.594 learning_rate=6.786e-05 epoch=0.02133
2026-10-03T22:56:19Z step 30/938 loss=0.1692 grad_norm=1.223 learning_rate=0.0001 epoch=0.032
2026-10-03T22:57:19Z step 40/938 loss=0.06743 grad_norm=3.001 learning_rate=9.996e-05 epoch=0.04267
2026-10-03T22:58:20Z step 50/938 loss=0.02076 grad_norm=0.0716 learning_rate=9.987e-05 epoch=0.05333
2026-10-03T22:59:19Z step 60/938 loss=0.005725 grad_norm=0.04358 learning_rate=9.971e-05 epoch=0.064
2026-10-03T23:00:17Z step 70/938 loss=0.008614 grad_norm=0.03783 learning_rate=9.95e-05 epoch=0.07467
2026-10-03T23:01:14Z step 80/938 loss=0.006671 grad_norm=1.118 learning_rate=9.923e-05 epoch=0.08533
2026-10-03T23:02:17Z step 90/938 loss=0.009427 grad_norm=1.362 learning_rate=9.89e-05 epoch=0.096
2026-10-03T23:03:15Z step 100/938 loss=0.002435 grad_norm=0.8627 learning_rate=9.851e-05 epoch=0.1067
2026-10-03T23:04:15Z step 110/938 loss=0.00305 grad_norm=0.02412 learning_rate=9.806e-05 epoch=0.1173
2026-10-03T23:05:16Z step 120/938 loss=0.01297 grad_norm=0.2062 learning_rate=9.755e-05 epoch=0.128
2026-10-03T23:06:18Z step 130/938 loss=0.001601 grad_norm=0.2318 learning_rate=9.699e-05 epoch=0.1387
2026-10-03T23:07:18Z step 140/938 loss=0.001123 grad_norm=0.1658 learning_rate=9.637e-05 epoch=0.1493
2026-10-03T23:08:17Z step 150/938 loss=0.002642 grad_norm=0.0173 learning_rate=9.57e-05 epoch=0.16
2026-10-03T23:09:19Z step 160/938 loss=0.00535 grad_norm=0.008754 learning_rate=9.497e-05 epoch=0.1707
2026-10-03T23:10:20Z step 170/938 loss=0.006467 grad_norm=0.4911 learning_rate=9.419e-05 epoch=0.1813
2026-10-03T23:11:21Z step 180/938 loss=0.006178 grad_norm=0.03944 learning_rate=9.336e-05 epoch=0.192
2026-10-03T23:12:22Z step 190/938 loss=0.002218 grad_norm=0.02323 learning_rate=9.247e-05 epoch=0.2027
2026-10-03T23:13:58Z step 200/938 loss=0.00199 grad_norm=0.1613 learning_rate=9.154e-05 epoch=0.2133
2026-10-03T23:14:56Z step 210/938 loss=0.003531 grad_norm=0.5203 learning_rate=9.055e-05 epoch=0.224
2026-10-03T23:15:54Z step 220/938 loss=0.0003603 grad_norm=0.0143 learning_rate=8.952e-05 epoch=0.2347
2026-10-03T23:16:55Z step 230/938 loss=0.0006897 grad_norm=0.0004941 learning_rate=8.844e-05 epoch=0.2453
2026-10-03T23:17:55Z step 240/938 loss=0.002762 grad_norm=0.01657 learning_rate=8.731e-05 epoch=0.256
2026-10-03T23:18:54Z step 250/938 loss=0.0001776 grad_norm=0.0008539 learning_rate=8.614e-05 epoch=0.2667
2026-10-03T23:19:56Z step 260/938 loss=0.0001196 grad_norm=0.0008359 learning_rate=8.493e-05 epoch=0.2773
2026-10-03T23:20:57Z step 270/938 loss=0.0002209 grad_norm=0.001047 learning_rate=8.367e-05 epoch=0.288
2026-10-03T23:21:58Z step 280/938 loss=0.0006585 grad_norm=0.011 learning_rate=8.237e-05 epoch=0.2987
2026-10-03T23:23:01Z step 290/938 loss=6.431e-05 grad_norm=0.0003607 learning_rate=8.104e-05 epoch=0.3093
2026-10-03T23:24:01Z step 300/938 loss=0.0004968 grad_norm=1.153 learning_rate=7.967e-05 epoch=0.32
2026-10-03T23:25:01Z step 310/938 loss=0.01163 grad_norm=0.3431 learning_rate=7.826e-05 epoch=0.3307
2026-10-03T23:26:02Z step 320/938 loss=0.0008782 grad_norm=0.01528 learning_rate=7.682e-05 epoch=0.3413
2026-10-03T23:27:02Z step 330/938 loss=0.0007524 grad_norm=0.004401 learning_rate=7.535e-05 epoch=0.352
2026-10-03T23:28:05Z step 340/938 loss=0.0004882 grad_norm=0.002312 learning_rate=7.385e-05 epoch=0.3627
2026-10-03T23:29:05Z step 350/938 loss=0.0001095 grad_norm=0.01351 learning_rate=7.231e-05 epoch=0.3733
2026-10-03T23:30:06Z step 360/938 loss=0.0001621 grad_norm=0.002401 learning_rate=7.076e-05 epoch=0.384
2026-10-03T23:31:07Z step 370/938 loss=0.0009665 grad_norm=0.00107 learning_rate=6.917e-05 epoch=0.3947
2026-10-03T23:32:07Z step 380/938 loss=0.003073 grad_norm=0.2233 learning_rate=6.757e-05 epoch=0.4053
2026-10-03T23:33:08Z step 390/938 loss=0.0005641 grad_norm=0.1079 learning_rate=6.594e-05 epoch=0.416
2026-10-03T23:34:44Z step 400/938 loss=0.0002972 grad_norm=0.01015 learning_rate=6.43e-05 epoch=0.4267
2026-10-03T23:35:46Z step 410/938 loss=0.0008142 grad_norm=0.0004001 learning_rate=6.264e-05 epoch=0.4373
2026-10-03T23:36:47Z step 420/938 loss=3.204e-05 grad_norm=0.0005752 learning_rate=6.096e-05 epoch=0.448
2026-10-03T23:37:49Z step 430/938 loss=2.736e-05 grad_norm=0.0002906 learning_rate=5.927e-05 epoch=0.4587
2026-10-03T23:38:48Z step 440/938 loss=2.366e-05 grad_norm=0.002092 learning_rate=5.757e-05 epoch=0.4693
2026-10-03T23:39:48Z step 450/938 loss=2.673e-05 grad_norm=0.001532 learning_rate=5.586e-05 epoch=0.48
2026-10-03T23:40:48Z step 460/938 loss=2.915e-05 grad_norm=0.003013 learning_rate=5.414e-05 epoch=0.4907
2026-10-03T23:41:48Z step 470/938 loss=3.728e-05 grad_norm=0.0003596 learning_rate=5.242e-05 epoch=0.5013
2026-10-03T23:42:47Z step 480/938 loss=2.153e-05 grad_norm=0.0001882 learning_rate=5.069e-05 epoch=0.512
2026-10-03T23:43:48Z step 490/938 loss=0.0001215 grad_norm=0.0006135 learning_rate=4.896e-05 epoch=0.5227
2026-10-03T23:44:49Z step 500/938 loss=0.0001722 grad_norm=0.000378 learning_rate=4.724e-05 epoch=0.5333
2026-10-03T23:45:49Z step 510/938 loss=1.588e-05 grad_norm=0.001797 learning_rate=4.552e-05 epoch=0.544
2026-10-03T23:46:52Z step 520/938 loss=1.591e-05 grad_norm=0.0001923 learning_rate=4.38e-05 epoch=0.5547
2026-10-03T23:47:54Z step 530/938 loss=0.000112 grad_norm=0.002089 learning_rate=4.209e-05 epoch=0.5653
2026-10-03T23:48:55Z step 540/938 loss=1.642e-05 grad_norm=0.0006856 learning_rate=4.039e-05 epoch=0.576
2026-10-03T23:49:54Z step 550/938 loss=8.238e-05 grad_norm=0.0005121 learning_rate=3.871e-05 epoch=0.5867
2026-10-03T23:50:53Z step 560/938 loss=1.419e-05 grad_norm=0.0002552 learning_rate=3.703e-05 epoch=0.5973
2026-10-03T23:51:53Z step 570/938 loss=1.688e-05 grad_norm=0.009452 learning_rate=3.537e-05 epoch=0.608
2026-10-03T23:52:53Z step 580/938 loss=1.614e-05 grad_norm=0.0006566 learning_rate=3.373e-05 epoch=0.6187
2026-10-03T23:54:30Z step 590/938 loss=1.764e-05 grad_norm=0.0003526 learning_rate=3.211e-05 epoch=0.6293
2026-10-03T23:55:29Z step 600/938 loss=2.15e-05 grad_norm=0.0002525 learning_rate=3.051e-05 epoch=0.64
2026-10-03T23:56:30Z step 610/938 loss=2.269e-05 grad_norm=9.072e-05 learning_rate=2.893e-05 epoch=0.6507
2026-10-03T23:57:31Z step 620/938 loss=1.16e-05 grad_norm=0.002269 learning_rate=2.738e-05 epoch=0.6613
2026-10-03T23:58:33Z step 630/938 loss=1.495e-05 grad_norm=0.0001751 learning_rate=2.585e-05 epoch=0.672
2026-10-03T23:59:34Z step 640/938 loss=1.03e-05 grad_norm=0.0001201 learning_rate=2.436e-05 epoch=0.6827
2026-10-04T00:00:33Z step 650/938 loss=1.072e-05 grad_norm=0.0002726 learning_rate=2.289e-05 epoch=0.6933
2026-10-04T00:01:33Z step 660/938 loss=1.039e-05 grad_norm=0.0001478 learning_rate=2.145e-05 epoch=0.704
2026-10-04T00:02:33Z step 670/938 loss=1.682e-05 grad_norm=0.0003164 learning_rate=2.005e-05 epoch=0.7147
2026-10-04T00:03:34Z step 680/938 loss=1.242e-05 grad_norm=0.0001868 learning_rate=1.869e-05 epoch=0.7253
2026-10-04T00:04:35Z step 690/938 loss=1.332e-05 grad_norm=0.0002062 learning_rate=1.736e-05 epoch=0.736
2026-10-04T00:05:37Z step 700/938 loss=9.263e-06 grad_norm=0.0001145 learning_rate=1.608e-05 epoch=0.7467
2026-10-04T00:06:36Z step 710/938 loss=1.175e-05 grad_norm=0.0002135 learning_rate=1.483e-05 epoch=0.7573
2026-10-04T00:07:36Z step 720/938 loss=1.438e-05 grad_norm=0.0001807 learning_rate=1.362e-05 epoch=0.768
2026-10-04T00:08:36Z step 730/938 loss=1.187e-05 grad_norm=0.0001571 learning_rate=1.246e-05 epoch=0.7787
2026-10-04T00:09:36Z step 740/938 loss=1.23e-05 grad_norm=5.773e-05 learning_rate=1.134e-05 epoch=0.7893
2026-10-04T00:10:38Z step 750/938 loss=1.042e-05 grad_norm=0.0001287 learning_rate=1.027e-05 epoch=0.8
2026-10-04T00:11:38Z step 760/938 loss=0.0003003 grad_norm=0.0001006 learning_rate=9.247e-06 epoch=0.8107
2026-10-04T00:12:39Z step 770/938 loss=3.171e-05 grad_norm=8.759e-05 learning_rate=8.271e-06 epoch=0.8213
2026-10-04T00:14:15Z step 780/938 loss=1.366e-05 grad_norm=0.0002682 learning_rate=7.345e-06 epoch=0.832
2026-10-04T00:15:15Z step 790/938 loss=9.459e-06 grad_norm=0.0001361 learning_rate=6.47e-06 epoch=0.8427
2026-10-04T00:16:16Z step 800/938 loss=1.169e-05 grad_norm=0.0002538 learning_rate=5.647e-06 epoch=0.8533
2026-10-04T00:17:18Z step 810/938 loss=1.288e-05 grad_norm=0.0004286 learning_rate=4.877e-06 epoch=0.864
2026-10-04T00:18:20Z step 820/938 loss=1.579e-05 grad_norm=0.0001055 learning_rate=4.16e-06 epoch=0.8747
2026-10-04T00:19:20Z step 830/938 loss=4.403e-05 grad_norm=0.0004988 learning_rate=3.498e-06 epoch=0.8853
2026-10-04T00:20:20Z step 840/938 loss=1.023e-05 grad_norm=0.0002487 learning_rate=2.892e-06 epoch=0.896
2026-10-04T00:21:22Z step 850/938 loss=8.325e-06 grad_norm=9.008e-05 learning_rate=2.342e-06 epoch=0.9067
2026-10-04T00:22:22Z step 860/938 loss=1.291e-05 grad_norm=0.0002617 learning_rate=1.848e-06 epoch=0.9173
2026-10-04T00:23:23Z step 870/938 loss=9.629e-06 grad_norm=0.0001935 learning_rate=1.412e-06 epoch=0.928
2026-10-04T00:24:23Z step 880/938 loss=1.335e-05 grad_norm=9.378e-05 learning_rate=1.034e-06 epoch=0.9387
2026-10-04T00:25:23Z step 890/938 loss=1.029e-05 grad_norm=0.0002269 learning_rate=7.137e-07 epoch=0.9493
2026-10-04T00:26:25Z step 900/938 loss=9.038e-06 grad_norm=9.18e-05 learning_rate=4.525e-07 epoch=0.96
2026-10-04T00:27:27Z step 910/938 loss=9.895e-06 grad_norm=0.0001113 learning_rate=2.504e-07 epoch=0.9707
2026-10-04T00:28:28Z step 920/938 loss=1.172e-05 grad_norm=0.0001909 learning_rate=1.075e-07 epoch=0.9813
2026-10-04T00:29:29Z step 930/938 loss=1.376e-05 grad_norm=6.744e-05 learning_rate=2.413e-08 epoch=0.992
2026-10-04T00:30:15Z step 938/938 train_runtime=5821 train_samples_per_second=10.31 train_steps_per_second=0.161 total_flos=1.159e+18 train_loss=0.1337 epoch=1
2026-10-04T00:30:45Z trained 938 steps in 97.1 min, 2071.1 tok/s, peak 33.6 GB
2026-10-04T00:30:48Z u path: fp32-hidden (max |u_fp32 - u_bf16logits| = 0.0192)
2026-10-04T00:30:49Z padding self-check: max |u_batch - u_single| = 0.0411 (tol 0.631) -> left padding
2026-10-04T00:32:52Z B-LOKO-subject-summary2-s1 rule_v1/dev: TA 98.3 Rev 98.3 Hold 100.0 n=300 (126.4 s)
2026-10-04T00:38:10Z generate: batch 25/32, 229704 tokens, 741 tok/s
2026-10-04T00:46:41Z B-LOKO-subject-summary2-s1 rule_v1/test_L2: TA 97.0 Rev 97.2 Hold 99.8 n=2000 (829.2 s)
2026-10-04T00:51:13Z B-LOKO-subject-summary2-s1 xr_v1/test: TA nan Rev nan Hold nan n=None (271.1 s)
2026-10-04T00:51:15Z DONE B-LOKO-subject-summary2-s1 in 118.9 min, GPU util mean 92.6
