2026-10-03T11:35:10Z step 10/938 loss=0.4694 grad_norm=0.9369 learning_rate=3.214e-05 epoch=0.01067
2026-10-03T11:37:26Z step 20/938 loss=0.05908 grad_norm=0.3666 learning_rate=6.786e-05 epoch=0.02133
2026-10-03T11:39:55Z step 30/938 loss=0.008903 grad_norm=0.2655 learning_rate=0.0001 epoch=0.032
2026-10-03T11:42:18Z step 40/938 loss=0.004932 grad_norm=0.2601 learning_rate=9.996e-05 epoch=0.04267
2026-10-03T11:44:37Z step 50/938 loss=0.002533 grad_norm=0.08178 learning_rate=9.987e-05 epoch=0.05333
2026-10-03T11:46:51Z step 60/938 loss=0.0006573 grad_norm=0.01968 learning_rate=9.971e-05 epoch=0.064
2026-10-03T11:49:10Z step 70/938 loss=0.001202 grad_norm=0.004212 learning_rate=9.95e-05 epoch=0.07467
2026-10-03T11:51:31Z step 80/938 loss=0.001294 grad_norm=0.009996 learning_rate=9.923e-05 epoch=0.08533
2026-10-03T11:53:57Z step 90/938 loss=0.001938 grad_norm=0.1336 learning_rate=9.89e-05 epoch=0.096
2026-10-03T11:56:10Z step 100/938 loss=0.002361 grad_norm=0.001292 learning_rate=9.851e-05 epoch=0.1067
2026-10-03T11:58:27Z step 110/938 loss=0.00179 grad_norm=0.02355 learning_rate=9.806e-05 epoch=0.1173
2026-10-03T12:00:49Z step 120/938 loss=0.0008399 grad_norm=0.006388 learning_rate=9.755e-05 epoch=0.128
2026-10-03T12:03:10Z step 130/938 loss=0.002728 grad_norm=0.03503 learning_rate=9.699e-05 epoch=0.1387
2026-10-03T12:05:29Z step 140/938 loss=0.0007481 grad_norm=0.008767 learning_rate=9.637e-05 epoch=0.1493
2026-10-03T12:07:51Z step 150/938 loss=0.0003747 grad_norm=0.03374 learning_rate=9.57e-05 epoch=0.16
2026-10-03T12:10:10Z step 160/938 loss=0.0002004 grad_norm=0.001947 learning_rate=9.497e-05 epoch=0.1707
2026-10-03T12:12:31Z step 170/938 loss=0.0002131 grad_norm=0.006225 learning_rate=9.419e-05 epoch=0.1813
2026-10-03T12:14:57Z step 180/938 loss=3.386e-05 grad_norm=0.0005498 learning_rate=9.336e-05 epoch=0.192
2026-10-03T12:17:14Z step 190/938 loss=0.0004148 grad_norm=0.001891 learning_rate=9.247e-05 epoch=0.2027
2026-10-03T12:19:33Z step 200/938 loss=2.718e-05 grad_norm=0.001024 learning_rate=9.154e-05 epoch=0.2133
2026-10-03T12:21:53Z step 210/938 loss=7.367e-05 grad_norm=0.0003684 learning_rate=9.055e-05 epoch=0.224
2026-10-03T12:24:13Z step 220/938 loss=5.458e-05 grad_norm=0.0001554 learning_rate=8.952e-05 epoch=0.2347
2026-10-03T12:26:30Z step 230/938 loss=1.437e-05 grad_norm=4.458e-05 learning_rate=8.844e-05 epoch=0.2453
2026-10-03T12:28:47Z step 240/938 loss=8.072e-05 grad_norm=0.004176 learning_rate=8.731e-05 epoch=0.256
2026-10-03T12:31:03Z step 250/938 loss=9.038e-05 grad_norm=0.03967 learning_rate=8.614e-05 epoch=0.2667
2026-10-03T12:34:28Z step 260/938 loss=5.706e-05 grad_norm=9.276e-05 learning_rate=8.493e-05 epoch=0.2773
2026-10-03T12:36:46Z step 270/938 loss=1.311e-05 grad_norm=0.0009721 learning_rate=8.367e-05 epoch=0.288
2026-10-03T12:39:05Z step 280/938 loss=0.0004034 grad_norm=6.684e-05 learning_rate=8.237e-05 epoch=0.2987
2026-10-03T12:41:21Z step 290/938 loss=0.0001154 grad_norm=0.005198 learning_rate=8.104e-05 epoch=0.3093
2026-10-03T12:43:41Z step 300/938 loss=3.992e-05 grad_norm=0.001069 learning_rate=7.967e-05 epoch=0.32
2026-10-03T12:46:45Z step 310/938 loss=2.989e-05 grad_norm=0.006508 learning_rate=7.826e-05 epoch=0.3307
2026-10-03T12:49:06Z step 320/938 loss=1.379e-05 grad_norm=0.006872 learning_rate=7.682e-05 epoch=0.3413
2026-10-03T12:51:22Z step 330/938 loss=4.539e-05 grad_norm=0.0002894 learning_rate=7.535e-05 epoch=0.352
2026-10-03T12:53:49Z step 340/938 loss=2.285e-05 grad_norm=0.0004489 learning_rate=7.385e-05 epoch=0.3627
2026-10-03T12:56:03Z step 350/938 loss=1.346e-05 grad_norm=0.003047 learning_rate=7.231e-05 epoch=0.3733
2026-10-03T12:58:19Z step 360/938 loss=4.49e-06 grad_norm=4.855e-05 learning_rate=7.076e-05 epoch=0.384
2026-10-03T13:00:38Z step 370/938 loss=1.005e-05 grad_norm=0.00035 learning_rate=6.917e-05 epoch=0.3947
2026-10-03T13:02:56Z step 380/938 loss=1.946e-05 grad_norm=0.0001561 learning_rate=6.757e-05 epoch=0.4053
2026-10-03T13:05:17Z step 390/938 loss=0.0001056 grad_norm=4.198e-05 learning_rate=6.594e-05 epoch=0.416
2026-10-03T13:07:35Z step 400/938 loss=7.517e-06 grad_norm=4.961e-05 learning_rate=6.43e-05 epoch=0.4267
2026-10-03T13:09:54Z step 410/938 loss=0.0006199 grad_norm=0.1471 learning_rate=6.264e-05 epoch=0.4373
2026-10-03T13:12:15Z step 420/938 loss=0.0005567 grad_norm=8.512e-05 learning_rate=6.096e-05 epoch=0.448
2026-10-03T13:15:20Z step 430/938 loss=2.788e-05 grad_norm=0.0002851 learning_rate=5.927e-05 epoch=0.4587
2026-10-03T13:17:42Z step 440/938 loss=0.0005309 grad_norm=0.005196 learning_rate=5.757e-05 epoch=0.4693
2026-10-03T13:20:01Z step 450/938 loss=0.0002551 grad_norm=0.001034 learning_rate=5.586e-05 epoch=0.48
2026-10-03T13:22:16Z step 460/938 loss=0.0001528 grad_norm=0.0007073 learning_rate=5.414e-05 epoch=0.4907
2026-10-03T13:24:32Z step 470/938 loss=0.0001184 grad_norm=0.0002034 learning_rate=5.242e-05 epoch=0.5013
2026-10-03T13:26:53Z step 480/938 loss=1.872e-05 grad_norm=0.000102 learning_rate=5.069e-05 epoch=0.512
2026-10-03T13:29:10Z step 490/938 loss=1.009e-05 grad_norm=0.0018 learning_rate=4.896e-05 epoch=0.5227
2026-10-03T13:31:28Z step 500/938 loss=6.018e-06 grad_norm=0.0001598 learning_rate=4.724e-05 epoch=0.5333
2026-10-03T13:34:06Z step 510/938 loss=1.666e-05 grad_norm=0.0001428 learning_rate=4.552e-05 epoch=0.544
2026-10-03T13:36:25Z step 520/938 loss=8.989e-06 grad_norm=0.001326 learning_rate=4.38e-05 epoch=0.5547
2026-10-03T13:38:44Z step 530/938 loss=1.163e-05 grad_norm=0.0002105 learning_rate=4.209e-05 epoch=0.5653
2026-10-03T13:41:06Z step 540/938 loss=7.918e-06 grad_norm=0.0004681 learning_rate=4.039e-05 epoch=0.576
2026-10-03T13:43:25Z step 550/938 loss=8.896e-06 grad_norm=0.0002279 learning_rate=3.871e-05 epoch=0.5867
2026-10-03T13:45:42Z step 560/938 loss=8.098e-06 grad_norm=6.008e-05 learning_rate=3.703e-05 epoch=0.5973
2026-10-03T13:48:01Z step 570/938 loss=0.0001053 grad_norm=0.1908 learning_rate=3.537e-05 epoch=0.608
2026-10-03T13:50:20Z step 580/938 loss=4.461e-06 grad_norm=9.244e-05 learning_rate=3.373e-05 epoch=0.6187
2026-10-03T13:52:36Z step 590/938 loss=3.087e-06 grad_norm=9.539e-05 learning_rate=3.211e-05 epoch=0.6293
2026-10-03T13:55:01Z step 600/938 loss=5.406e-06 grad_norm=0.0002211 learning_rate=3.051e-05 epoch=0.64
2026-10-03T13:57:19Z step 610/938 loss=7.091e-06 grad_norm=0.00406 learning_rate=2.893e-05 epoch=0.6507
2026-10-03T13:59:36Z step 620/938 loss=9.253e-06 grad_norm=7.729e-05 learning_rate=2.738e-05 epoch=0.6613
2026-10-03T14:01:55Z step 630/938 loss=5.282e-05 grad_norm=8.048e-05 learning_rate=2.585e-05 epoch=0.672
2026-10-03T14:04:12Z step 640/938 loss=5.127e-06 grad_norm=5.953e-05 learning_rate=2.436e-05 epoch=0.6827
2026-10-03T14:06:33Z step 650/938 loss=4.194e-06 grad_norm=0.0007345 learning_rate=2.289e-05 epoch=0.6933
2026-10-03T14:08:54Z step 660/938 loss=9.52e-06 grad_norm=0.01952 learning_rate=2.145e-05 epoch=0.704
2026-10-03T14:11:17Z step 670/938 loss=5.038e-06 grad_norm=0.000396 learning_rate=2.005e-05 epoch=0.7147
2026-10-03T14:13:40Z step 680/938 loss=3.663e-06 grad_norm=9.746e-05 learning_rate=1.869e-05 epoch=0.7253
2026-10-03T14:16:10Z step 690/938 loss=3.109e-05 grad_norm=4.573e-05 learning_rate=1.736e-05 epoch=0.736
2026-10-03T14:18:25Z step 700/938 loss=8.747e-06 grad_norm=0.0004422 learning_rate=1.608e-05 epoch=0.7467
2026-10-03T14:20:42Z step 710/938 loss=6.47e-06 grad_norm=5.853e-05 learning_rate=1.483e-05 epoch=0.7573
2026-10-03T14:23:02Z step 720/938 loss=5.41e-06 grad_norm=9.644e-05 learning_rate=1.362e-05 epoch=0.768
2026-10-03T14:25:19Z step 730/938 loss=4.591e-06 grad_norm=0.0001148 learning_rate=1.246e-05 epoch=0.7787
2026-10-03T14:27:37Z step 740/938 loss=4.032e-06 grad_norm=4.958e-05 learning_rate=1.134e-05 epoch=0.7893
2026-10-03T14:30:15Z step 750/938 loss=1.563e-05 grad_norm=0.0004822 learning_rate=1.027e-05 epoch=0.8
2026-10-03T14:32:39Z step 760/938 loss=4.063e-06 grad_norm=3.388e-05 learning_rate=9.247e-06 epoch=0.8107
2026-10-03T14:35:21Z step 770/938 loss=7.55e-06 grad_norm=0.0002015 learning_rate=8.271e-06 epoch=0.8213
2026-10-03T14:37:41Z step 780/938 loss=4.638e-06 grad_norm=5.84e-05 learning_rate=7.345e-06 epoch=0.832
2026-10-03T14:40:03Z step 790/938 loss=3.034e-06 grad_norm=0.0001875 learning_rate=6.47e-06 epoch=0.8427
2026-10-03T14:42:25Z step 800/938 loss=2.81e-06 grad_norm=0.0001842 learning_rate=5.647e-06 epoch=0.8533
2026-10-03T14:44:48Z step 810/938 loss=0.0001388 grad_norm=3.425e-05 learning_rate=4.877e-06 epoch=0.864
2026-10-03T14:47:08Z step 820/938 loss=3.081e-05 grad_norm=0.02114 learning_rate=4.16e-06 epoch=0.8747
2026-10-03T14:49:27Z step 830/938 loss=4.91e-06 grad_norm=2.401e-05 learning_rate=3.498e-06 epoch=0.8853
2026-10-03T14:51:45Z step 840/938 loss=5.501e-06 grad_norm=6.399e-05 learning_rate=2.892e-06 epoch=0.896
2026-10-03T14:54:04Z step 850/938 loss=2.993e-06 grad_norm=7.444e-05 learning_rate=2.342e-06 epoch=0.9067
2026-10-03T14:57:42Z step 860/938 loss=3.942e-06 grad_norm=0.0009393 learning_rate=1.848e-06 epoch=0.9173
2026-10-03T14:59:59Z step 870/938 loss=3.066e-06 grad_norm=4.458e-05 learning_rate=1.412e-06 epoch=0.928
2026-10-03T15:02:19Z step 880/938 loss=3.938e-06 grad_norm=0.0001292 learning_rate=1.034e-06 epoch=0.9387
2026-10-03T15:04:38Z step 890/938 loss=6.013e-06 grad_norm=3.073e-05 learning_rate=7.137e-07 epoch=0.9493
2026-10-03T15:06:59Z step 900/938 loss=2.767e-05 grad_norm=5.323e-05 learning_rate=4.525e-07 epoch=0.96
2026-10-03T15:09:21Z step 910/938 loss=3.179e-06 grad_norm=5.848e-05 learning_rate=2.504e-07 epoch=0.9707
2026-10-03T15:11:39Z step 920/938 loss=3.642e-06 grad_norm=5.089e-05 learning_rate=1.075e-07 epoch=0.9813
2026-10-03T15:13:57Z step 930/938 loss=4.265e-06 grad_norm=0.0003919 learning_rate=2.413e-08 epoch=0.992
2026-10-03T15:16:06Z step 938/938 train_runtime=1.34e+04 train_samples_per_second=4.478 train_steps_per_second=0.07 total_flos=1.258e+18 train_loss=0.006011 epoch=1
2026-10-03T15:16:10Z trained 938 steps in 223.4 min, 967.2 tok/s, peak 23.97 GB
2026-10-03T15:16:12Z u path: fp32-hidden (max |u_fp32 - u_bf16logits| = 0.0015)
2026-10-03T15:16:13Z padding self-check: max |u_batch - u_single| = 0.0778 (tol 0.620) -> left padding
2026-10-03T15:20:37Z B-F-ledger2-natural-s0 rule_v1/dev: TA 82.3 Rev 100.0 Hold 82.3 n=300 (266.2 s)
2026-10-03T15:25:17Z generate: batch 25/63, 104663 tokens, 380 tok/s
2026-10-03T15:30:49Z generate: batch 50/63, 224539 tokens, 369 tok/s
2026-10-03T15:50:06Z B-F-ledger2-natural-s0 rule_v1/test_L2: TA 77.2 Rev 99.4 Hold 77.8 n=2000 (1768.6 s)
2026-10-03T15:59:24Z B-F-ledger2-natural-s0 xr_v1/test: TA nan Rev nan Hold nan n=None (557.1 s)
2026-10-03T15:59:24Z DONE B-F-ledger2-natural-s0 in 267.0 min, GPU util mean 97.1
