2026-10-03T15:41:01Z step 10/935 loss=2.718 grad_norm=4.668 learning_rate=3.214e-05 epoch=0.0107
2026-10-03T15:41:46Z step 20/935 loss=0.4217 grad_norm=0.768 learning_rate=6.786e-05 epoch=0.0214
2026-10-03T15:42:32Z step 30/935 loss=0.1736 grad_norm=1.005 learning_rate=0.0001 epoch=0.03209
2026-10-03T15:43:20Z step 40/935 loss=0.1223 grad_norm=0.5022 learning_rate=9.996e-05 epoch=0.04279
2026-10-03T15:44:04Z step 50/935 loss=0.09473 grad_norm=0.3911 learning_rate=9.987e-05 epoch=0.05349
2026-10-03T15:44:51Z step 60/935 loss=0.1226 grad_norm=0.4482 learning_rate=9.971e-05 epoch=0.06419
2026-10-03T15:45:37Z step 70/935 loss=0.08456 grad_norm=0.7113 learning_rate=9.95e-05 epoch=0.07489
2026-10-03T15:46:22Z step 80/935 loss=0.0944 grad_norm=0.1945 learning_rate=9.922e-05 epoch=0.08558
2026-10-03T15:47:09Z step 90/935 loss=0.0931 grad_norm=0.3218 learning_rate=9.889e-05 epoch=0.09628
2026-10-03T15:47:54Z step 100/935 loss=0.08432 grad_norm=0.3609 learning_rate=9.85e-05 epoch=0.107
2026-10-03T15:48:38Z step 110/935 loss=0.07613 grad_norm=0.3871 learning_rate=9.805e-05 epoch=0.1177
2026-10-03T15:49:23Z step 120/935 loss=0.06681 grad_norm=0.3544 learning_rate=9.754e-05 epoch=0.1284
2026-10-03T15:50:10Z step 130/935 loss=0.07643 grad_norm=0.5265 learning_rate=9.697e-05 epoch=0.1391
2026-10-03T15:50:57Z step 140/935 loss=0.07013 grad_norm=0.2282 learning_rate=9.635e-05 epoch=0.1498
2026-10-03T15:51:43Z step 150/935 loss=0.0505 grad_norm=0.34 learning_rate=9.567e-05 epoch=0.1605
2026-10-03T15:52:31Z step 160/935 loss=0.0401 grad_norm=0.3311 learning_rate=9.494e-05 epoch=0.1712
2026-10-03T15:53:15Z step 170/935 loss=0.06231 grad_norm=0.2732 learning_rate=9.415e-05 epoch=0.1819
2026-10-03T15:53:59Z step 180/935 loss=0.06968 grad_norm=0.5085 learning_rate=9.332e-05 epoch=0.1926
2026-10-03T15:54:45Z step 190/935 loss=0.0582 grad_norm=0.4113 learning_rate=9.242e-05 epoch=0.2033
2026-10-03T15:55:30Z step 200/935 loss=0.05 grad_norm=0.3174 learning_rate=9.148e-05 epoch=0.214
2026-10-03T15:56:19Z step 210/935 loss=0.0709 grad_norm=0.4228 learning_rate=9.049e-05 epoch=0.2247
2026-10-03T15:57:06Z step 220/935 loss=0.04114 grad_norm=0.1537 learning_rate=8.945e-05 epoch=0.2354
2026-10-03T15:57:52Z step 230/935 loss=0.04297 grad_norm=0.4843 learning_rate=8.836e-05 epoch=0.2461
2026-10-03T15:58:37Z step 240/935 loss=0.05105 grad_norm=0.2338 learning_rate=8.723e-05 epoch=0.2568
2026-10-03T15:59:25Z step 250/935 loss=0.04342 grad_norm=0.2033 learning_rate=8.605e-05 epoch=0.2675
2026-10-03T16:00:13Z step 260/935 loss=0.03903 grad_norm=0.4472 learning_rate=8.483e-05 epoch=0.2781
2026-10-03T16:01:04Z step 270/935 loss=0.05064 grad_norm=0.1798 learning_rate=8.357e-05 epoch=0.2888
2026-10-03T16:01:51Z step 280/935 loss=0.05012 grad_norm=0.3526 learning_rate=8.226e-05 epoch=0.2995
2026-10-03T16:03:17Z step 290/935 loss=0.04405 grad_norm=0.3817 learning_rate=8.092e-05 epoch=0.3102
2026-10-03T16:04:03Z step 300/935 loss=0.04693 grad_norm=0.2226 learning_rate=7.954e-05 epoch=0.3209
2026-10-03T16:04:50Z step 310/935 loss=0.03924 grad_norm=0.1822 learning_rate=7.813e-05 epoch=0.3316
2026-10-03T16:05:36Z step 320/935 loss=0.04188 grad_norm=0.2083 learning_rate=7.668e-05 epoch=0.3423
2026-10-03T16:06:24Z step 330/935 loss=0.03469 grad_norm=0.4635 learning_rate=7.52e-05 epoch=0.353
2026-10-03T16:07:11Z step 340/935 loss=0.0449 grad_norm=0.2022 learning_rate=7.369e-05 epoch=0.3637
2026-10-03T16:07:57Z step 350/935 loss=0.04028 grad_norm=0.1281 learning_rate=7.215e-05 epoch=0.3744
2026-10-03T16:08:45Z step 360/935 loss=0.03133 grad_norm=0.1444 learning_rate=7.058e-05 epoch=0.3851
2026-10-03T16:09:33Z step 370/935 loss=0.03318 grad_norm=0.144 learning_rate=6.899e-05 epoch=0.3958
2026-10-03T16:10:20Z step 380/935 loss=0.0393 grad_norm=0.1887 learning_rate=6.738e-05 epoch=0.4065
2026-10-03T16:11:05Z step 390/935 loss=0.03372 grad_norm=0.1947 learning_rate=6.575e-05 epoch=0.4172
2026-10-03T16:11:49Z step 400/935 loss=0.04221 grad_norm=0.3258 learning_rate=6.409e-05 epoch=0.4279
2026-10-03T16:12:36Z step 410/935 loss=0.03439 grad_norm=0.3581 learning_rate=6.242e-05 epoch=0.4386
2026-10-03T16:13:20Z step 420/935 loss=0.03523 grad_norm=0.2379 learning_rate=6.074e-05 epoch=0.4493
2026-10-03T16:14:09Z step 430/935 loss=0.03241 grad_norm=0.1786 learning_rate=5.904e-05 epoch=0.46
2026-10-03T16:14:57Z step 440/935 loss=0.03146 grad_norm=0.2253 learning_rate=5.733e-05 epoch=0.4707
2026-10-03T16:15:43Z step 450/935 loss=0.0315 grad_norm=0.183 learning_rate=5.562e-05 epoch=0.4814
2026-10-03T16:16:27Z step 460/935 loss=0.03023 grad_norm=0.2747 learning_rate=5.389e-05 epoch=0.4921
2026-10-03T16:17:14Z step 470/935 loss=0.02651 grad_norm=0.1325 learning_rate=5.216e-05 epoch=0.5028
2026-10-03T16:17:58Z step 480/935 loss=0.0228 grad_norm=0.2934 learning_rate=5.043e-05 epoch=0.5135
2026-10-03T16:18:46Z step 490/935 loss=0.03559 grad_norm=0.1323 learning_rate=4.87e-05 epoch=0.5242
2026-10-03T16:19:34Z step 500/935 loss=0.03445 grad_norm=0.1925 learning_rate=4.697e-05 epoch=0.5349
2026-10-03T16:23:07Z step 510/935 loss=0.03503 grad_norm=0.2212 learning_rate=4.524e-05 epoch=0.5456
2026-10-03T16:23:52Z step 520/935 loss=0.02047 grad_norm=0.1116 learning_rate=4.352e-05 epoch=0.5563
2026-10-03T16:24:35Z step 530/935 loss=0.03248 grad_norm=0.2042 learning_rate=4.181e-05 epoch=0.567
2026-10-03T16:25:20Z step 540/935 loss=0.03871 grad_norm=0.5327 learning_rate=4.011e-05 epoch=0.5777
2026-10-03T16:26:07Z step 550/935 loss=0.03286 grad_norm=0.2726 learning_rate=3.842e-05 epoch=0.5884
2026-10-03T16:26:52Z step 560/935 loss=0.02848 grad_norm=0.2706 learning_rate=3.674e-05 epoch=0.5991
2026-10-03T16:27:42Z step 570/935 loss=0.02528 grad_norm=0.1569 learning_rate=3.508e-05 epoch=0.6098
2026-10-03T16:28:27Z step 580/935 loss=0.02649 grad_norm=0.1903 learning_rate=3.343e-05 epoch=0.6205
2026-10-03T16:29:16Z step 590/935 loss=0.02662 grad_norm=0.09581 learning_rate=3.181e-05 epoch=0.6312
2026-10-03T16:30:04Z step 600/935 loss=0.01893 grad_norm=0.0946 learning_rate=3.021e-05 epoch=0.6419
2026-10-03T16:30:50Z step 610/935 loss=0.0253 grad_norm=0.2196 learning_rate=2.863e-05 epoch=0.6526
2026-10-03T16:31:37Z step 620/935 loss=0.02686 grad_norm=0.2099 learning_rate=2.708e-05 epoch=0.6633
2026-10-03T16:32:24Z step 630/935 loss=0.03054 grad_norm=0.1064 learning_rate=2.555e-05 epoch=0.674
2026-10-03T16:33:13Z step 640/935 loss=0.0257 grad_norm=0.2698 learning_rate=2.406e-05 epoch=0.6847
2026-10-03T16:34:00Z step 650/935 loss=0.02168 grad_norm=0.3853 learning_rate=2.259e-05 epoch=0.6954
2026-10-03T16:34:47Z step 660/935 loss=0.02205 grad_norm=0.2201 learning_rate=2.116e-05 epoch=0.7061
2026-10-03T16:35:34Z step 670/935 loss=0.03164 grad_norm=0.228 learning_rate=1.976e-05 epoch=0.7168
2026-10-03T16:36:22Z step 680/935 loss=0.021 grad_norm=0.1614 learning_rate=1.84e-05 epoch=0.7275
2026-10-03T16:37:08Z step 690/935 loss=0.02274 grad_norm=0.2418 learning_rate=1.708e-05 epoch=0.7382
2026-10-03T16:37:56Z step 700/935 loss=0.02527 grad_norm=0.1197 learning_rate=1.58e-05 epoch=0.7489
2026-10-03T16:38:45Z step 710/935 loss=0.01899 grad_norm=0.1122 learning_rate=1.455e-05 epoch=0.7596
2026-10-03T16:39:30Z step 720/935 loss=0.02223 grad_norm=0.2234 learning_rate=1.335e-05 epoch=0.7703
2026-10-03T16:40:16Z step 730/935 loss=0.01899 grad_norm=0.1068 learning_rate=1.22e-05 epoch=0.781
2026-10-03T16:41:08Z step 740/935 loss=0.01859 grad_norm=0.2473 learning_rate=1.109e-05 epoch=0.7917
2026-10-03T16:41:55Z step 750/935 loss=0.02723 grad_norm=0.2627 learning_rate=1.002e-05 epoch=0.8024
2026-10-03T16:42:39Z step 760/935 loss=0.02308 grad_norm=0.1025 learning_rate=9.007e-06 epoch=0.8131
2026-10-03T16:43:27Z step 770/935 loss=0.02783 grad_norm=0.2452 learning_rate=8.04e-06 epoch=0.8237
2026-10-03T16:44:15Z step 780/935 loss=0.01976 grad_norm=0.08438 learning_rate=7.123e-06 epoch=0.8344
2026-10-03T16:45:02Z step 790/935 loss=0.02001 grad_norm=0.1799 learning_rate=6.258e-06 epoch=0.8451
2026-10-03T16:45:47Z step 800/935 loss=0.02811 grad_norm=0.1392 learning_rate=5.446e-06 epoch=0.8558
2026-10-03T16:46:34Z step 810/935 loss=0.02461 grad_norm=0.1226 learning_rate=4.687e-06 epoch=0.8665
2026-10-03T16:47:23Z step 820/935 loss=0.02375 grad_norm=0.5182 learning_rate=3.982e-06 epoch=0.8772
2026-10-03T16:48:23Z step 830/935 loss=0.02559 grad_norm=0.1325 learning_rate=3.332e-06 epoch=0.8879
2026-10-03T16:49:35Z step 840/935 loss=0.02303 grad_norm=0.3319 learning_rate=2.739e-06 epoch=0.8986
2026-10-03T16:50:21Z step 850/935 loss=0.02712 grad_norm=0.2013 learning_rate=2.202e-06 epoch=0.9093
2026-10-03T16:51:08Z step 860/935 loss=0.02334 grad_norm=0.1809 learning_rate=1.722e-06 epoch=0.92
2026-10-03T16:51:59Z step 870/935 loss=0.01693 grad_norm=0.1127 learning_rate=1.301e-06 epoch=0.9307
2026-10-03T16:52:50Z step 880/935 loss=0.02219 grad_norm=0.4108 learning_rate=9.376e-07 epoch=0.9414
2026-10-03T16:53:36Z step 890/935 loss=0.02512 grad_norm=0.2762 learning_rate=6.333e-07 epoch=0.9521
2026-10-03T16:54:22Z step 900/935 loss=0.01962 grad_norm=0.08949 learning_rate=3.882e-07 epoch=0.9628
2026-10-03T16:55:08Z step 910/935 loss=0.02692 grad_norm=0.2086 learning_rate=2.026e-07 epoch=0.9735
2026-10-03T16:55:55Z step 920/935 loss=0.02426 grad_norm=0.4955 learning_rate=7.676e-08 epoch=0.9842
2026-10-03T16:56:42Z step 930/935 loss=0.02212 grad_norm=0.2795 learning_rate=1.08e-08 epoch=0.9949
2026-10-03T16:57:03Z step 935/935 train_runtime=4609 train_samples_per_second=12.98 train_steps_per_second=0.203 total_flos=1.987e+18 train_loss=0.07365 epoch=1
2026-10-03T16:57:07Z trained 935 steps in 76.9 min, 3685.2 tok/s, peak 46.88 GB
2026-10-03T16:57:08Z u path: fp32-hidden (max |u_fp32 - u_bf16logits| = 0.0034)
2026-10-03T16:57:09Z padding self-check: max |u_batch - u_single| = 0.1283 (tol 0.595) -> left padding
2026-10-03T16:58:15Z B-TR-clinonly-s0 rule_v1/dev: TA 75.0 Rev 90.7 Hold 81.7 n=300 (68.0 s)
2026-10-03T17:01:47Z generate: batch 25/32, 225728 tokens, 1077 tok/s
2026-10-03T17:06:18Z B-TR-clinonly-s0 rule_v1/test_L2: TA 77.5 Rev 91.0 Hold 85.0 n=2000 (482.8 s)
2026-10-03T17:09:50Z B-TR-clinonly-s0 rule_v1/test_L3alt: TA 76.1 Rev 99.5 Hold 76.1 n=1000 (212.2 s)
2026-10-03T17:10:29Z B-TR-clinonly-s0 rule_v1/dev_missing: TA nan Rev nan Hold nan n=None (38.2 s)
2026-10-03T17:12:34Z B-TR-clinonly-s0 rule_v1/missing: TA nan Rev nan Hold nan n=None (124.6 s)
2026-10-03T17:15:10Z B-TR-clinonly-s0 xr_v1/test: TA nan Rev nan Hold nan n=None (156.3 s)
2026-10-03T17:15:11Z DONE B-TR-clinonly-s0 in 95.5 min, GPU util mean 89.3
