2026-10-03T11:14:13Z step 10/938 loss=2.955 grad_norm=3.597 learning_rate=3.214e-05 epoch=0.01067
2026-10-03T11:14:41Z step 20/938 loss=0.1901 grad_norm=2.08 learning_rate=6.786e-05 epoch=0.02133
2026-10-03T11:15:08Z step 30/938 loss=0.05116 grad_norm=1.364 learning_rate=0.0001 epoch=0.032
2026-10-03T11:15:37Z step 40/938 loss=0.01136 grad_norm=0.08453 learning_rate=9.996e-05 epoch=0.04267
2026-10-03T11:16:06Z step 50/938 loss=0.008768 grad_norm=0.2836 learning_rate=9.987e-05 epoch=0.05333
2026-10-03T11:16:33Z step 60/938 loss=0.001481 grad_norm=0.4283 learning_rate=9.971e-05 epoch=0.064
2026-10-03T11:17:01Z step 70/938 loss=0.00179 grad_norm=0.03007 learning_rate=9.95e-05 epoch=0.07467
2026-10-03T11:17:29Z step 80/938 loss=0.01109 grad_norm=0.02076 learning_rate=9.923e-05 epoch=0.08533
2026-10-03T11:17:59Z step 90/938 loss=0.0054 grad_norm=0.7468 learning_rate=9.89e-05 epoch=0.096
2026-10-03T11:18:25Z step 100/938 loss=0.01378 grad_norm=0.0222 learning_rate=9.851e-05 epoch=0.1067
2026-10-03T11:18:53Z step 110/938 loss=0.005914 grad_norm=1.271 learning_rate=9.806e-05 epoch=0.1173
2026-10-03T11:19:21Z step 120/938 loss=0.002395 grad_norm=0.2145 learning_rate=9.755e-05 epoch=0.128
2026-10-03T11:19:51Z step 130/938 loss=0.008756 grad_norm=0.08781 learning_rate=9.699e-05 epoch=0.1387
2026-10-03T11:20:19Z step 140/938 loss=0.01171 grad_norm=3.76 learning_rate=9.637e-05 epoch=0.1493
2026-10-03T11:20:48Z step 150/938 loss=0.006198 grad_norm=0.01996 learning_rate=9.57e-05 epoch=0.16
2026-10-03T11:21:15Z step 160/938 loss=0.01001 grad_norm=0.1234 learning_rate=9.497e-05 epoch=0.1707
2026-10-03T11:21:45Z step 170/938 loss=0.005639 grad_norm=0.09994 learning_rate=9.419e-05 epoch=0.1813
2026-10-03T11:22:13Z step 180/938 loss=0.0007215 grad_norm=0.00249 learning_rate=9.336e-05 epoch=0.192
2026-10-03T11:22:41Z step 190/938 loss=0.001057 grad_norm=0.001853 learning_rate=9.247e-05 epoch=0.2027
2026-10-03T11:23:09Z step 200/938 loss=0.001098 grad_norm=0.01306 learning_rate=9.154e-05 epoch=0.2133
2026-10-03T11:23:38Z step 210/938 loss=0.005595 grad_norm=0.005439 learning_rate=9.055e-05 epoch=0.224
2026-10-03T11:24:06Z step 220/938 loss=0.0004558 grad_norm=0.001991 learning_rate=8.952e-05 epoch=0.2347
2026-10-03T11:24:34Z step 230/938 loss=0.0008222 grad_norm=0.0001237 learning_rate=8.844e-05 epoch=0.2453
2026-10-03T11:25:01Z step 240/938 loss=0.0001347 grad_norm=0.0008992 learning_rate=8.731e-05 epoch=0.256
2026-10-03T11:25:30Z step 250/938 loss=0.0001317 grad_norm=0.003395 learning_rate=8.614e-05 epoch=0.2667
2026-10-03T11:25:58Z step 260/938 loss=0.0002412 grad_norm=6.665e-05 learning_rate=8.493e-05 epoch=0.2773
2026-10-03T11:28:06Z step 270/938 loss=0.005356 grad_norm=0.0002093 learning_rate=8.367e-05 epoch=0.288
2026-10-03T11:28:34Z step 280/938 loss=0.001915 grad_norm=0.01922 learning_rate=8.237e-05 epoch=0.2987
2026-10-03T11:29:02Z step 290/938 loss=0.0001832 grad_norm=0.01045 learning_rate=8.104e-05 epoch=0.3093
2026-10-03T11:29:31Z step 300/938 loss=0.0006494 grad_norm=0.002176 learning_rate=7.967e-05 epoch=0.32
2026-10-03T11:29:58Z step 310/938 loss=0.01042 grad_norm=0.08242 learning_rate=7.826e-05 epoch=0.3307
2026-10-03T11:30:27Z step 320/938 loss=0.009055 grad_norm=0.6751 learning_rate=7.682e-05 epoch=0.3413
2026-10-03T11:30:55Z step 330/938 loss=0.003855 grad_norm=0.001948 learning_rate=7.535e-05 epoch=0.352
2026-10-03T11:31:23Z step 340/938 loss=0.0006191 grad_norm=0.0006125 learning_rate=7.385e-05 epoch=0.3627
2026-10-03T11:31:50Z step 350/938 loss=0.0007596 grad_norm=0.001497 learning_rate=7.231e-05 epoch=0.3733
2026-10-03T11:32:18Z step 360/938 loss=0.001486 grad_norm=0.009078 learning_rate=7.076e-05 epoch=0.384
2026-10-03T11:32:47Z step 370/938 loss=0.0003184 grad_norm=0.02373 learning_rate=6.917e-05 epoch=0.3947
2026-10-03T11:33:15Z step 380/938 loss=0.0002297 grad_norm=0.0005766 learning_rate=6.757e-05 epoch=0.4053
2026-10-03T11:33:48Z step 390/938 loss=0.0002214 grad_norm=0.003819 learning_rate=6.594e-05 epoch=0.416
2026-10-03T11:34:15Z step 400/938 loss=1.837e-05 grad_norm=0.001245 learning_rate=6.43e-05 epoch=0.4267
2026-10-03T11:34:45Z step 410/938 loss=1.735e-05 grad_norm=0.001381 learning_rate=6.264e-05 epoch=0.4373
2026-10-03T11:35:13Z step 420/938 loss=1.806e-05 grad_norm=0.0002956 learning_rate=6.096e-05 epoch=0.448
2026-10-03T11:35:41Z step 430/938 loss=1.76e-05 grad_norm=0.0001262 learning_rate=5.927e-05 epoch=0.4587
2026-10-03T11:36:09Z step 440/938 loss=0.0129 grad_norm=0.007949 learning_rate=5.757e-05 epoch=0.4693
2026-10-03T11:36:37Z step 450/938 loss=2.827e-05 grad_norm=0.0002053 learning_rate=5.586e-05 epoch=0.48
2026-10-03T11:37:06Z step 460/938 loss=3.207e-05 grad_norm=0.0002575 learning_rate=5.414e-05 epoch=0.4907
2026-10-03T11:38:05Z step 470/938 loss=0.001518 grad_norm=0.001218 learning_rate=5.242e-05 epoch=0.5013
2026-10-03T11:38:34Z step 480/938 loss=0.0001225 grad_norm=0.03126 learning_rate=5.069e-05 epoch=0.512
2026-10-03T11:39:01Z step 490/938 loss=4.05e-05 grad_norm=0.0006654 learning_rate=4.896e-05 epoch=0.5227
2026-10-03T11:39:30Z step 500/938 loss=3.093e-05 grad_norm=0.0002515 learning_rate=4.724e-05 epoch=0.5333
2026-10-03T11:39:58Z step 510/938 loss=9.149e-05 grad_norm=0.0004906 learning_rate=4.552e-05 epoch=0.544
2026-10-03T11:40:26Z step 520/938 loss=1.968e-05 grad_norm=0.0003967 learning_rate=4.38e-05 epoch=0.5547
2026-10-03T11:40:53Z step 530/938 loss=1.479e-05 grad_norm=0.0001984 learning_rate=4.209e-05 epoch=0.5653
2026-10-03T11:41:23Z step 540/938 loss=7.17e-05 grad_norm=0.0003754 learning_rate=4.039e-05 epoch=0.576
2026-10-03T11:41:51Z step 550/938 loss=2.026e-05 grad_norm=0.0002728 learning_rate=3.871e-05 epoch=0.5867
2026-10-03T11:42:19Z step 560/938 loss=1.353e-05 grad_norm=0.0001121 learning_rate=3.703e-05 epoch=0.5973
2026-10-03T11:42:46Z step 570/938 loss=1.61e-05 grad_norm=0.0003162 learning_rate=3.537e-05 epoch=0.608
2026-10-03T11:43:16Z step 580/938 loss=3.18e-05 grad_norm=0.0001447 learning_rate=3.373e-05 epoch=0.6187
2026-10-03T11:43:43Z step 590/938 loss=1.031e-05 grad_norm=9.851e-05 learning_rate=3.211e-05 epoch=0.6293
2026-10-03T11:44:11Z step 600/938 loss=1.253e-05 grad_norm=0.0005138 learning_rate=3.051e-05 epoch=0.64
2026-10-03T11:44:39Z step 610/938 loss=1.291e-05 grad_norm=0.0001139 learning_rate=2.893e-05 epoch=0.6507
2026-10-03T11:45:08Z step 620/938 loss=1.834e-05 grad_norm=0.0001204 learning_rate=2.738e-05 epoch=0.6613
2026-10-03T11:45:36Z step 630/938 loss=1.215e-05 grad_norm=0.0003793 learning_rate=2.585e-05 epoch=0.672
2026-10-03T11:46:03Z step 640/938 loss=1.359e-05 grad_norm=0.0001254 learning_rate=2.436e-05 epoch=0.6827
2026-10-03T11:46:31Z step 650/938 loss=1.063e-05 grad_norm=0.000154 learning_rate=2.289e-05 epoch=0.6933
2026-10-03T11:46:59Z step 660/938 loss=1.272e-05 grad_norm=0.0001317 learning_rate=2.145e-05 epoch=0.704
2026-10-03T11:47:29Z step 670/938 loss=2.106e-05 grad_norm=0.0001586 learning_rate=2.005e-05 epoch=0.7147
2026-10-03T11:47:57Z step 680/938 loss=1.156e-05 grad_norm=0.0001598 learning_rate=1.869e-05 epoch=0.7253
2026-10-03T11:48:26Z step 690/938 loss=1.262e-05 grad_norm=0.0008077 learning_rate=1.736e-05 epoch=0.736
2026-10-03T11:48:53Z step 700/938 loss=1.403e-05 grad_norm=0.0001181 learning_rate=1.608e-05 epoch=0.7467
2026-10-03T11:49:22Z step 710/938 loss=0.0001222 grad_norm=0.0001736 learning_rate=1.483e-05 epoch=0.7573
2026-10-03T11:49:50Z step 720/938 loss=2.39e-05 grad_norm=0.002026 learning_rate=1.362e-05 epoch=0.768
2026-10-03T11:50:18Z step 730/938 loss=1.055e-05 grad_norm=0.0001467 learning_rate=1.246e-05 epoch=0.7787
2026-10-03T11:50:45Z step 740/938 loss=8.53e-06 grad_norm=0.0001009 learning_rate=1.134e-05 epoch=0.7893
2026-10-03T11:51:14Z step 750/938 loss=1.482e-05 grad_norm=0.0002162 learning_rate=1.027e-05 epoch=0.8
2026-10-03T11:51:43Z step 760/938 loss=1.603e-05 grad_norm=0.0001188 learning_rate=9.247e-06 epoch=0.8107
2026-10-03T11:52:12Z step 770/938 loss=2.282e-05 grad_norm=0.0002684 learning_rate=8.271e-06 epoch=0.8213
2026-10-03T11:52:40Z step 780/938 loss=9.858e-06 grad_norm=7.897e-05 learning_rate=7.345e-06 epoch=0.832
2026-10-03T11:53:08Z step 790/938 loss=1.597e-05 grad_norm=0.0001889 learning_rate=6.47e-06 epoch=0.8427
2026-10-03T11:53:38Z step 800/938 loss=0.009015 grad_norm=0.0003731 learning_rate=5.647e-06 epoch=0.8533
2026-10-03T11:54:48Z step 810/938 loss=0.004307 grad_norm=0.0002311 learning_rate=4.877e-06 epoch=0.864
2026-10-03T11:55:16Z step 820/938 loss=9.272e-05 grad_norm=0.09067 learning_rate=4.16e-06 epoch=0.8747
2026-10-03T11:55:43Z step 830/938 loss=1.947e-05 grad_norm=8.778e-05 learning_rate=3.498e-06 epoch=0.8853
2026-10-03T11:56:12Z step 840/938 loss=0.0002676 grad_norm=0.6033 learning_rate=2.892e-06 epoch=0.896
2026-10-03T11:56:40Z step 850/938 loss=1.693e-05 grad_norm=0.002898 learning_rate=2.342e-06 epoch=0.9067
2026-10-03T11:57:08Z step 860/938 loss=1.416e-05 grad_norm=0.0001399 learning_rate=1.848e-06 epoch=0.9173
2026-10-03T11:57:35Z step 870/938 loss=1.481e-05 grad_norm=0.0001863 learning_rate=1.412e-06 epoch=0.928
2026-10-03T11:58:04Z step 880/938 loss=1.485e-05 grad_norm=0.0001588 learning_rate=1.034e-06 epoch=0.9387
2026-10-03T11:58:32Z step 890/938 loss=1.495e-05 grad_norm=0.000236 learning_rate=7.137e-07 epoch=0.9493
2026-10-03T11:59:00Z step 900/938 loss=2.13e-05 grad_norm=0.0002164 learning_rate=4.525e-07 epoch=0.96
2026-10-03T11:59:29Z step 910/938 loss=1.238e-05 grad_norm=0.0001515 learning_rate=2.504e-07 epoch=0.9707
2026-10-03T11:59:56Z step 920/938 loss=1.696e-05 grad_norm=0.0008144 learning_rate=1.075e-07 epoch=0.9813
2026-10-03T12:00:25Z step 930/938 loss=1.333e-05 grad_norm=0.0001583 learning_rate=2.413e-08 epoch=0.992
2026-10-03T12:00:47Z step 938/938 train_runtime=2824 train_samples_per_second=21.25 train_steps_per_second=0.332 total_flos=1.213e+18 train_loss=0.03599 epoch=1
2026-10-03T12:00:53Z trained 938 steps in 47.1 min, 4299.8 tok/s, peak 34.23 GB
2026-10-03T12:00:54Z u path: fp32-hidden (max |u_fp32 - u_bf16logits| = 0.0660)
2026-10-03T12:00:55Z padding self-check: max |u_batch - u_single| = 0.1036 (tol 0.594) -> left padding
2026-10-03T12:01:50Z B-F-value2-natural-s0 rule_v1/dev: TA 46.7 Rev 98.3 Hold 47.0 n=300 (56.6 s)
2026-10-03T12:04:35Z generate: batch 25/32, 132465 tokens, 918 tok/s
2026-10-03T12:08:25Z B-F-value2-natural-s0 rule_v1/test_L2: TA 43.0 Rev 98.3 Hold 43.9 n=2000 (395.3 s)
2026-10-03T12:10:35Z B-F-value2-natural-s0 xr_v1/test: TA nan Rev nan Hold nan n=None (129.3 s)
2026-10-03T12:10:35Z DONE B-F-value2-natural-s0 in 57.5 min, GPU util mean 89.6
