2026-10-03T12:11:50Z step 10/938 loss=9.079 grad_norm=7.737 learning_rate=3.214e-05 epoch=0.01067
2026-10-03T12:12:16Z step 20/938 loss=2.828 grad_norm=4.382 learning_rate=6.786e-05 epoch=0.02133
2026-10-03T12:12:42Z step 30/938 loss=0.1849 grad_norm=1.586 learning_rate=0.0001 epoch=0.032
2026-10-03T12:13:08Z step 40/938 loss=0.02751 grad_norm=0.2705 learning_rate=9.996e-05 epoch=0.04267
2026-10-03T12:13:37Z step 50/938 loss=0.04533 grad_norm=0.2702 learning_rate=9.987e-05 epoch=0.05333
2026-10-03T12:14:02Z step 60/938 loss=0.009612 grad_norm=0.116 learning_rate=9.971e-05 epoch=0.064
2026-10-03T12:14:29Z step 70/938 loss=0.008215 grad_norm=0.02465 learning_rate=9.95e-05 epoch=0.07467
2026-10-03T12:14:55Z step 80/938 loss=0.003066 grad_norm=0.01258 learning_rate=9.923e-05 epoch=0.08533
2026-10-03T12:15:23Z step 90/938 loss=0.005785 grad_norm=0.02097 learning_rate=9.89e-05 epoch=0.096
2026-10-03T12:15:49Z step 100/938 loss=0.01071 grad_norm=0.1453 learning_rate=9.851e-05 epoch=0.1067
2026-10-03T12:16:14Z step 110/938 loss=0.004521 grad_norm=0.05352 learning_rate=9.806e-05 epoch=0.1173
2026-10-03T12:16:41Z step 120/938 loss=0.002197 grad_norm=0.239 learning_rate=9.755e-05 epoch=0.128
2026-10-03T12:17:08Z step 130/938 loss=0.0005522 grad_norm=0.2588 learning_rate=9.699e-05 epoch=0.1387
2026-10-03T12:17:35Z step 140/938 loss=0.006559 grad_norm=2.383 learning_rate=9.637e-05 epoch=0.1493
2026-10-03T12:18:01Z step 150/938 loss=0.009281 grad_norm=0.3705 learning_rate=9.57e-05 epoch=0.16
2026-10-03T12:18:28Z step 160/938 loss=0.004145 grad_norm=0.02122 learning_rate=9.497e-05 epoch=0.1707
2026-10-03T12:18:54Z step 170/938 loss=0.003445 grad_norm=0.2081 learning_rate=9.419e-05 epoch=0.1813
2026-10-03T12:19:20Z step 180/938 loss=0.00178 grad_norm=0.002459 learning_rate=9.336e-05 epoch=0.192
2026-10-03T12:19:48Z step 190/938 loss=0.0008753 grad_norm=0.001461 learning_rate=9.247e-05 epoch=0.2027
2026-10-03T12:20:15Z step 200/938 loss=0.0004666 grad_norm=0.007917 learning_rate=9.154e-05 epoch=0.2133
2026-10-03T12:20:42Z step 210/938 loss=0.00378 grad_norm=0.01051 learning_rate=9.055e-05 epoch=0.224
2026-10-03T12:21:08Z step 220/938 loss=0.01024 grad_norm=0.0886 learning_rate=8.952e-05 epoch=0.2347
2026-10-03T12:21:35Z step 230/938 loss=0.008906 grad_norm=0.006069 learning_rate=8.844e-05 epoch=0.2453
2026-10-03T12:22:01Z step 240/938 loss=0.001833 grad_norm=0.01313 learning_rate=8.731e-05 epoch=0.256
2026-10-03T12:22:27Z step 250/938 loss=0.002453 grad_norm=0.1163 learning_rate=8.614e-05 epoch=0.2667
2026-10-03T12:22:53Z step 260/938 loss=0.0009236 grad_norm=0.004065 learning_rate=8.493e-05 epoch=0.2773
2026-10-03T12:23:19Z step 270/938 loss=0.002541 grad_norm=0.01089 learning_rate=8.367e-05 epoch=0.288
2026-10-03T12:23:48Z step 280/938 loss=0.001019 grad_norm=0.01154 learning_rate=8.237e-05 epoch=0.2987
2026-10-03T12:24:14Z step 290/938 loss=0.0002228 grad_norm=0.001692 learning_rate=8.104e-05 epoch=0.3093
2026-10-03T12:24:41Z step 300/938 loss=0.003489 grad_norm=0.001492 learning_rate=7.967e-05 epoch=0.32
2026-10-03T12:25:07Z step 310/938 loss=0.0002119 grad_norm=0.001605 learning_rate=7.826e-05 epoch=0.3307
2026-10-03T12:25:35Z step 320/938 loss=0.0001352 grad_norm=0.002807 learning_rate=7.682e-05 epoch=0.3413
2026-10-03T12:26:01Z step 330/938 loss=0.002484 grad_norm=0.005144 learning_rate=7.535e-05 epoch=0.352
2026-10-03T12:26:27Z step 340/938 loss=0.002874 grad_norm=0.01297 learning_rate=7.385e-05 epoch=0.3627
2026-10-03T12:26:53Z step 350/938 loss=6.944e-05 grad_norm=0.001092 learning_rate=7.231e-05 epoch=0.3733
2026-10-03T12:27:20Z step 360/938 loss=0.0001055 grad_norm=0.00395 learning_rate=7.076e-05 epoch=0.384
2026-10-03T12:27:47Z step 370/938 loss=6.644e-05 grad_norm=0.004961 learning_rate=6.917e-05 epoch=0.3947
2026-10-03T12:28:14Z step 380/938 loss=0.0003276 grad_norm=0.000448 learning_rate=6.757e-05 epoch=0.4053
2026-10-03T12:28:41Z step 390/938 loss=2.419e-05 grad_norm=0.0002227 learning_rate=6.594e-05 epoch=0.416
2026-10-03T12:29:07Z step 400/938 loss=0.0002012 grad_norm=0.0002306 learning_rate=6.43e-05 epoch=0.4267
2026-10-03T12:29:33Z step 410/938 loss=0.0004574 grad_norm=0.001103 learning_rate=6.264e-05 epoch=0.4373
2026-10-03T12:30:02Z step 420/938 loss=3.138e-05 grad_norm=0.002187 learning_rate=6.096e-05 epoch=0.448
2026-10-03T12:30:28Z step 430/938 loss=3.704e-05 grad_norm=0.001264 learning_rate=5.927e-05 epoch=0.4587
2026-10-03T12:30:54Z step 440/938 loss=0.0001279 grad_norm=0.001277 learning_rate=5.757e-05 epoch=0.4693
2026-10-03T12:31:20Z step 450/938 loss=0.001523 grad_norm=0.02699 learning_rate=5.586e-05 epoch=0.48
2026-10-03T12:31:53Z step 460/938 loss=0.0004629 grad_norm=0.06927 learning_rate=5.414e-05 epoch=0.4907
2026-10-03T12:32:19Z step 470/938 loss=0.0002456 grad_norm=0.001632 learning_rate=5.242e-05 epoch=0.5013
2026-10-03T12:32:45Z step 480/938 loss=4.789e-05 grad_norm=0.0007165 learning_rate=5.069e-05 epoch=0.512
2026-10-03T12:33:11Z step 490/938 loss=3.806e-05 grad_norm=0.0008985 learning_rate=4.896e-05 epoch=0.5227
2026-10-03T12:33:37Z step 500/938 loss=0.0004859 grad_norm=0.001585 learning_rate=4.724e-05 epoch=0.5333
2026-10-03T12:34:05Z step 510/938 loss=6.069e-05 grad_norm=0.001862 learning_rate=4.552e-05 epoch=0.544
2026-10-03T12:34:36Z step 520/938 loss=0.0009326 grad_norm=0.0004285 learning_rate=4.38e-05 epoch=0.5547
2026-10-03T12:35:03Z step 530/938 loss=2.419e-05 grad_norm=0.0005412 learning_rate=4.209e-05 epoch=0.5653
2026-10-03T12:35:29Z step 540/938 loss=4.399e-05 grad_norm=0.0004211 learning_rate=4.039e-05 epoch=0.576
2026-10-03T12:35:57Z step 550/938 loss=2.88e-05 grad_norm=0.001315 learning_rate=3.871e-05 epoch=0.5867
2026-10-03T12:36:23Z step 560/938 loss=2.074e-05 grad_norm=0.0005545 learning_rate=3.703e-05 epoch=0.5973
2026-10-03T12:36:49Z step 570/938 loss=0.0003357 grad_norm=0.0003311 learning_rate=3.537e-05 epoch=0.608
2026-10-03T12:37:14Z step 580/938 loss=2.14e-05 grad_norm=0.0001643 learning_rate=3.373e-05 epoch=0.6187
2026-10-03T12:37:42Z step 590/938 loss=7.304e-05 grad_norm=0.002549 learning_rate=3.211e-05 epoch=0.6293
2026-10-03T12:38:08Z step 600/938 loss=1.14e-05 grad_norm=0.0001561 learning_rate=3.051e-05 epoch=0.64
2026-10-03T12:38:34Z step 610/938 loss=1.718e-05 grad_norm=0.0007672 learning_rate=2.893e-05 epoch=0.6507
2026-10-03T12:39:00Z step 620/938 loss=3.028e-05 grad_norm=0.01647 learning_rate=2.738e-05 epoch=0.6613
2026-10-03T12:39:27Z step 630/938 loss=1.594e-05 grad_norm=0.0001262 learning_rate=2.585e-05 epoch=0.672
2026-10-03T12:39:55Z step 640/938 loss=2.217e-05 grad_norm=0.0004962 learning_rate=2.436e-05 epoch=0.6827
2026-10-03T12:40:20Z step 650/938 loss=1.28e-05 grad_norm=0.000358 learning_rate=2.289e-05 epoch=0.6933
2026-10-03T12:40:46Z step 660/938 loss=1.35e-05 grad_norm=0.0005667 learning_rate=2.145e-05 epoch=0.704
2026-10-03T12:41:13Z step 670/938 loss=1.2e-05 grad_norm=0.0005875 learning_rate=2.005e-05 epoch=0.7147
2026-10-03T12:41:39Z step 680/938 loss=1.216e-05 grad_norm=0.0002281 learning_rate=1.869e-05 epoch=0.7253
2026-10-03T12:42:07Z step 690/938 loss=1.235e-05 grad_norm=0.001035 learning_rate=1.736e-05 epoch=0.736
2026-10-03T12:42:32Z step 700/938 loss=1.353e-05 grad_norm=0.0001877 learning_rate=1.608e-05 epoch=0.7467
2026-10-03T12:42:58Z step 710/938 loss=1.263e-05 grad_norm=0.0001024 learning_rate=1.483e-05 epoch=0.7573
2026-10-03T12:43:24Z step 720/938 loss=1.371e-05 grad_norm=0.0004403 learning_rate=1.362e-05 epoch=0.768
2026-10-03T12:43:52Z step 730/938 loss=1.222e-05 grad_norm=0.000167 learning_rate=1.246e-05 epoch=0.7787
2026-10-03T12:44:55Z step 740/938 loss=1.034e-05 grad_norm=0.0001927 learning_rate=1.134e-05 epoch=0.7893
2026-10-03T12:45:21Z step 750/938 loss=1.091e-05 grad_norm=0.0002833 learning_rate=1.027e-05 epoch=0.8
2026-10-03T12:45:47Z step 760/938 loss=9.878e-06 grad_norm=0.0001529 learning_rate=9.247e-06 epoch=0.8107
2026-10-03T12:46:13Z step 770/938 loss=1.163e-05 grad_norm=7.948e-05 learning_rate=8.271e-06 epoch=0.8213
2026-10-03T12:46:41Z step 780/938 loss=4.803e-05 grad_norm=0.0002275 learning_rate=7.345e-06 epoch=0.832
2026-10-03T12:47:06Z step 790/938 loss=1.992e-05 grad_norm=0.00012 learning_rate=6.47e-06 epoch=0.8427
2026-10-03T12:47:33Z step 800/938 loss=1.417e-05 grad_norm=0.0002329 learning_rate=5.647e-06 epoch=0.8533
2026-10-03T12:47:59Z step 810/938 loss=1.369e-05 grad_norm=0.000135 learning_rate=4.877e-06 epoch=0.864
2026-10-03T12:48:26Z step 820/938 loss=1.117e-05 grad_norm=0.0004373 learning_rate=4.16e-06 epoch=0.8747
2026-10-03T12:48:53Z step 830/938 loss=1.435e-05 grad_norm=0.001114 learning_rate=3.498e-06 epoch=0.8853
2026-10-03T12:49:19Z step 840/938 loss=1.066e-05 grad_norm=8.816e-05 learning_rate=2.892e-06 epoch=0.896
2026-10-03T12:49:44Z step 850/938 loss=1.01e-05 grad_norm=0.0001279 learning_rate=2.342e-06 epoch=0.9067
2026-10-03T12:50:11Z step 860/938 loss=1.886e-05 grad_norm=0.0001454 learning_rate=1.848e-06 epoch=0.9173
2026-10-03T12:50:38Z step 870/938 loss=1.179e-05 grad_norm=0.0003949 learning_rate=1.412e-06 epoch=0.928
2026-10-03T12:51:05Z step 880/938 loss=1.446e-05 grad_norm=0.0002367 learning_rate=1.034e-06 epoch=0.9387
2026-10-03T12:51:36Z step 890/938 loss=1.1e-05 grad_norm=0.0001853 learning_rate=7.137e-07 epoch=0.9493
2026-10-03T12:52:03Z step 900/938 loss=4.137e-05 grad_norm=0.0002733 learning_rate=4.525e-07 epoch=0.96
2026-10-03T12:52:29Z step 910/938 loss=1.16e-05 grad_norm=0.0001951 learning_rate=2.504e-07 epoch=0.9707
2026-10-03T12:52:56Z step 920/938 loss=1.193e-05 grad_norm=0.0002739 learning_rate=1.075e-07 epoch=0.9813
2026-10-03T12:53:24Z step 930/938 loss=2.176e-05 grad_norm=0.0001601 learning_rate=2.413e-08 epoch=0.992
2026-10-03T12:53:44Z step 938/938 train_runtime=2541 train_samples_per_second=23.61 train_steps_per_second=0.369 total_flos=1.137e+18 train_loss=0.131 epoch=1
2026-10-03T12:53:49Z trained 938 steps in 42.4 min, 4661.8 tok/s, peak 34.01 GB
2026-10-03T12:53:50Z u path: fp32-hidden (max |u_fp32 - u_bf16logits| = 0.0137)
2026-10-03T12:53:51Z padding self-check: max |u_batch - u_single| = 0.0526 (tol 0.609) -> left padding
2026-10-03T12:54:59Z B-F-summary2-blocks-s3 rule_v1/dev: TA 65.0 Rev 98.7 Hold 66.3 n=300 (69.8 s)
2026-10-03T12:55:36Z B-F-summary2-blocks-s3 rule_v1/dev_missing: TA nan Rev nan Hold nan n=None (37.3 s)
2026-10-03T12:57:33Z B-F-summary2-blocks-s3 rule_v1/missing: TA nan Rev nan Hold nan n=None (116.2 s)
2026-10-03T13:00:32Z generate: batch 25/28, 228065 tokens, 1280 tok/s
2026-10-03T13:02:46Z B-F-summary2-blocks-s3 rule_v1/readapply: TA 67.1 Rev 99.3 Hold 67.7 n=1000 (313.4 s)
2026-10-03T13:06:26Z B-F-summary2-blocks-s3 rule_v1/test_L0: TA 65.4 Rev 99.4 Hold 65.9 n=1000 (219.1 s)
2026-10-03T13:10:00Z B-F-summary2-blocks-s3 rule_v1/test_L1: TA 64.8 Rev 98.1 Hold 66.5 n=1000 (214.3 s)
2026-10-03T13:13:22Z generate: batch 25/32, 230559 tokens, 1158 tok/s
2026-10-03T13:17:44Z B-F-summary2-blocks-s3 rule_v1/test_L2: TA 62.2 Rev 99.2 Hold 62.8 n=2000 (463.1 s)
2026-10-03T13:21:07Z B-F-summary2-blocks-s3 rule_v1/test_L3alt: TA 52.5 Rev 100.0 Hold 52.5 n=1000 (202.6 s)
2026-10-03T13:25:26Z B-F-summary2-blocks-s3 rule_v1/test_L3inv: TA 59.4 Rev 98.7 Hold 60.7 n=1000 (258.9 s)
2026-10-03T13:29:31Z B-F-summary2-blocks-s3 rule_v1/test_hard: TA 61.6 Rev 99.7 Hold 61.8 n=1000 (244.8 s)
2026-10-03T13:32:09Z B-F-summary2-blocks-s3 xr_v1/test: TA nan Rev nan Hold nan n=None (157.6 s)
2026-10-03T13:32:09Z DONE B-F-summary2-blocks-s3 in 81.4 min, GPU util mean 84.8
