2026-10-03T20:37:28Z step 10/938 loss=1.058 grad_norm=6.142 learning_rate=3.214e-05 epoch=0.01067
2026-10-03T20:37:52Z step 20/938 loss=0.5971 grad_norm=3.416 learning_rate=6.786e-05 epoch=0.02133
2026-10-03T20:38:16Z step 30/938 loss=0.3612 grad_norm=6.414 learning_rate=0.0001 epoch=0.032
2026-10-03T20:38:40Z step 40/938 loss=0.3886 grad_norm=3.301 learning_rate=9.996e-05 epoch=0.04267
2026-10-03T20:39:05Z step 50/938 loss=0.3067 grad_norm=3.12 learning_rate=9.987e-05 epoch=0.05333
2026-10-03T20:39:30Z step 60/938 loss=0.1358 grad_norm=1.796 learning_rate=9.971e-05 epoch=0.064
2026-10-03T20:39:54Z step 70/938 loss=0.197 grad_norm=2.948 learning_rate=9.95e-05 epoch=0.07467
2026-10-03T20:40:18Z step 80/938 loss=0.216 grad_norm=0.7792 learning_rate=9.923e-05 epoch=0.08533
2026-10-03T20:40:43Z step 90/938 loss=0.1807 grad_norm=4.164 learning_rate=9.89e-05 epoch=0.096
2026-10-03T20:41:08Z step 100/938 loss=0.1336 grad_norm=2.223 learning_rate=9.851e-05 epoch=0.1067
2026-10-03T20:41:33Z step 110/938 loss=0.1672 grad_norm=11.46 learning_rate=9.806e-05 epoch=0.1173
2026-10-03T20:41:57Z step 120/938 loss=0.1079 grad_norm=1.094 learning_rate=9.755e-05 epoch=0.128
2026-10-03T20:42:22Z step 130/938 loss=0.09265 grad_norm=1.723 learning_rate=9.699e-05 epoch=0.1387
2026-10-03T20:42:47Z step 140/938 loss=0.09444 grad_norm=0.6725 learning_rate=9.637e-05 epoch=0.1493
2026-10-03T20:43:11Z step 150/938 loss=0.12 grad_norm=2.957 learning_rate=9.57e-05 epoch=0.16
2026-10-03T20:43:36Z step 160/938 loss=0.1445 grad_norm=0.2283 learning_rate=9.497e-05 epoch=0.1707
2026-10-03T20:44:00Z step 170/938 loss=0.113 grad_norm=1.317 learning_rate=9.419e-05 epoch=0.1813
2026-10-03T20:44:25Z step 180/938 loss=0.03504 grad_norm=0.03305 learning_rate=9.336e-05 epoch=0.192
2026-10-03T20:44:49Z step 190/938 loss=0.1335 grad_norm=0.824 learning_rate=9.247e-05 epoch=0.2027
2026-10-03T20:45:14Z step 200/938 loss=0.08341 grad_norm=2.36 learning_rate=9.154e-05 epoch=0.2133
2026-10-03T20:45:39Z step 210/938 loss=0.0923 grad_norm=0.6815 learning_rate=9.055e-05 epoch=0.224
2026-10-03T20:46:02Z step 220/938 loss=0.05987 grad_norm=0.3281 learning_rate=8.952e-05 epoch=0.2347
2026-10-03T20:46:27Z step 230/938 loss=0.04182 grad_norm=6.903 learning_rate=8.844e-05 epoch=0.2453
2026-10-03T20:46:51Z step 240/938 loss=0.1349 grad_norm=0.1109 learning_rate=8.731e-05 epoch=0.256
2026-10-03T20:47:16Z step 250/938 loss=0.07297 grad_norm=1.541 learning_rate=8.614e-05 epoch=0.2667
2026-10-03T20:47:40Z step 260/938 loss=0.04143 grad_norm=4.348 learning_rate=8.493e-05 epoch=0.2773
2026-10-03T20:48:05Z step 270/938 loss=0.04876 grad_norm=1.895 learning_rate=8.367e-05 epoch=0.288
2026-10-03T20:48:29Z step 280/938 loss=0.0911 grad_norm=12.6 learning_rate=8.237e-05 epoch=0.2987
2026-10-03T20:48:54Z step 290/938 loss=0.0725 grad_norm=0.2324 learning_rate=8.104e-05 epoch=0.3093
2026-10-03T20:49:18Z step 300/938 loss=0.08899 grad_norm=0.3673 learning_rate=7.967e-05 epoch=0.32
2026-10-03T20:49:43Z step 310/938 loss=0.03279 grad_norm=0.1228 learning_rate=7.826e-05 epoch=0.3307
2026-10-03T20:50:07Z step 320/938 loss=0.03812 grad_norm=1.16 learning_rate=7.682e-05 epoch=0.3413
2026-10-03T20:50:32Z step 330/938 loss=0.02783 grad_norm=1.624 learning_rate=7.535e-05 epoch=0.352
2026-10-03T20:50:57Z step 340/938 loss=0.05167 grad_norm=6.258 learning_rate=7.385e-05 epoch=0.3627
2026-10-03T20:51:22Z step 350/938 loss=0.02528 grad_norm=0.7914 learning_rate=7.231e-05 epoch=0.3733
2026-10-03T20:51:46Z step 360/938 loss=0.0412 grad_norm=0.7868 learning_rate=7.076e-05 epoch=0.384
2026-10-03T20:52:11Z step 370/938 loss=0.04933 grad_norm=0.5719 learning_rate=6.917e-05 epoch=0.3947
2026-10-03T20:52:36Z step 380/938 loss=0.02157 grad_norm=0.1182 learning_rate=6.757e-05 epoch=0.4053
2026-10-03T20:53:00Z step 390/938 loss=0.08496 grad_norm=0.002146 learning_rate=6.594e-05 epoch=0.416
2026-10-03T20:53:24Z step 400/938 loss=0.01038 grad_norm=0.7117 learning_rate=6.43e-05 epoch=0.4267
2026-10-03T20:53:48Z step 410/938 loss=0.01286 grad_norm=0.001439 learning_rate=6.264e-05 epoch=0.4373
2026-10-03T20:54:12Z step 420/938 loss=0.03851 grad_norm=0.2778 learning_rate=6.096e-05 epoch=0.448
2026-10-03T20:54:36Z step 430/938 loss=0.002067 grad_norm=0.01979 learning_rate=5.927e-05 epoch=0.4587
2026-10-03T20:55:00Z step 440/938 loss=0.03817 grad_norm=0.0392 learning_rate=5.757e-05 epoch=0.4693
2026-10-03T20:55:25Z step 450/938 loss=0.02502 grad_norm=0.09646 learning_rate=5.586e-05 epoch=0.48
2026-10-03T20:55:49Z step 460/938 loss=0.05485 grad_norm=0.1869 learning_rate=5.414e-05 epoch=0.4907
2026-10-03T20:56:14Z step 470/938 loss=0.03873 grad_norm=3.375 learning_rate=5.242e-05 epoch=0.5013
2026-10-03T20:56:39Z step 480/938 loss=0.03413 grad_norm=0.9607 learning_rate=5.069e-05 epoch=0.512
2026-10-03T20:57:09Z step 490/938 loss=0.02142 grad_norm=0.05415 learning_rate=4.896e-05 epoch=0.5227
2026-10-03T20:57:33Z step 500/938 loss=0.006579 grad_norm=0.1512 learning_rate=4.724e-05 epoch=0.5333
2026-10-03T20:57:58Z step 510/938 loss=0.02905 grad_norm=0.0009261 learning_rate=4.552e-05 epoch=0.544
2026-10-03T20:58:22Z step 520/938 loss=0.005322 grad_norm=0.9929 learning_rate=4.38e-05 epoch=0.5547
2026-10-03T20:58:47Z step 530/938 loss=0.003867 grad_norm=0.006604 learning_rate=4.209e-05 epoch=0.5653
2026-10-03T20:59:11Z step 540/938 loss=0.003939 grad_norm=0.005709 learning_rate=4.039e-05 epoch=0.576
2026-10-03T20:59:35Z step 550/938 loss=0.01977 grad_norm=0.005472 learning_rate=3.871e-05 epoch=0.5867
2026-10-03T20:59:59Z step 560/938 loss=0.03026 grad_norm=0.003353 learning_rate=3.703e-05 epoch=0.5973
2026-10-03T21:00:23Z step 570/938 loss=0.02068 grad_norm=1.319 learning_rate=3.537e-05 epoch=0.608
2026-10-03T21:00:49Z step 580/938 loss=0.001509 grad_norm=0.04258 learning_rate=3.373e-05 epoch=0.6187
2026-10-03T21:01:13Z step 590/938 loss=0.003772 grad_norm=0.04482 learning_rate=3.211e-05 epoch=0.6293
2026-10-03T21:01:38Z step 600/938 loss=0.002008 grad_norm=0.1154 learning_rate=3.051e-05 epoch=0.64
2026-10-03T21:02:03Z step 610/938 loss=0.004717 grad_norm=0.009761 learning_rate=2.893e-05 epoch=0.6507
2026-10-03T21:02:27Z step 620/938 loss=0.0135 grad_norm=0.003594 learning_rate=2.738e-05 epoch=0.6613
2026-10-03T21:02:52Z step 630/938 loss=0.03925 grad_norm=5.152 learning_rate=2.585e-05 epoch=0.672
2026-10-03T21:03:16Z step 640/938 loss=0.00102 grad_norm=0.886 learning_rate=2.436e-05 epoch=0.6827
2026-10-03T21:03:41Z step 650/938 loss=0.006793 grad_norm=0.01681 learning_rate=2.289e-05 epoch=0.6933
2026-10-03T21:04:06Z step 660/938 loss=0.001742 grad_norm=0.08497 learning_rate=2.145e-05 epoch=0.704
2026-10-03T21:04:30Z step 670/938 loss=0.0004145 grad_norm=0.001828 learning_rate=2.005e-05 epoch=0.7147
2026-10-03T21:04:55Z step 680/938 loss=0.0002916 grad_norm=0.00156 learning_rate=1.869e-05 epoch=0.7253
2026-10-03T21:05:19Z step 690/938 loss=0.0002838 grad_norm=0.1487 learning_rate=1.736e-05 epoch=0.736
2026-10-03T21:05:44Z step 700/938 loss=0.01821 grad_norm=0.04953 learning_rate=1.608e-05 epoch=0.7467
2026-10-03T21:06:08Z step 710/938 loss=0.01939 grad_norm=0.06835 learning_rate=1.483e-05 epoch=0.7573
2026-10-03T21:06:32Z step 720/938 loss=0.02023 grad_norm=4.431 learning_rate=1.362e-05 epoch=0.768
2026-10-03T21:06:57Z step 730/938 loss=0.01516 grad_norm=0.0017 learning_rate=1.246e-05 epoch=0.7787
2026-10-03T21:07:21Z step 740/938 loss=0.005494 grad_norm=4.607 learning_rate=1.134e-05 epoch=0.7893
2026-10-03T21:07:45Z step 750/938 loss=0.01913 grad_norm=0.00294 learning_rate=1.027e-05 epoch=0.8
2026-10-03T21:08:10Z step 760/938 loss=0.008586 grad_norm=2.763 learning_rate=9.247e-06 epoch=0.8107
2026-10-03T21:08:35Z step 770/938 loss=0.006818 grad_norm=0.006847 learning_rate=8.271e-06 epoch=0.8213
2026-10-03T21:08:59Z step 780/938 loss=0.001129 grad_norm=0.1411 learning_rate=7.345e-06 epoch=0.832
2026-10-03T21:09:23Z step 790/938 loss=0.001934 grad_norm=0.005878 learning_rate=6.47e-06 epoch=0.8427
2026-10-03T21:09:48Z step 800/938 loss=0.0004052 grad_norm=0.0334 learning_rate=5.647e-06 epoch=0.8533
2026-10-03T21:10:12Z step 810/938 loss=0.0002905 grad_norm=0.00374 learning_rate=4.877e-06 epoch=0.864
2026-10-03T21:10:36Z step 820/938 loss=0.0007939 grad_norm=0.03104 learning_rate=4.16e-06 epoch=0.8747
2026-10-03T21:11:01Z step 830/938 loss=0.0008647 grad_norm=0.02381 learning_rate=3.498e-06 epoch=0.8853
2026-10-03T21:11:25Z step 840/938 loss=0.001832 grad_norm=2.362 learning_rate=2.892e-06 epoch=0.896
2026-10-03T21:11:50Z step 850/938 loss=0.003109 grad_norm=0.005757 learning_rate=2.342e-06 epoch=0.9067
2026-10-03T21:12:46Z step 860/938 loss=0.0003125 grad_norm=0.03128 learning_rate=1.848e-06 epoch=0.9173
2026-10-03T21:13:10Z step 870/938 loss=0.004492 grad_norm=0.00043 learning_rate=1.412e-06 epoch=0.928
2026-10-03T21:13:35Z step 880/938 loss=0.001673 grad_norm=0.001934 learning_rate=1.034e-06 epoch=0.9387
2026-10-03T21:14:00Z step 890/938 loss=0.0006167 grad_norm=0.006568 learning_rate=7.137e-07 epoch=0.9493
2026-10-03T21:14:24Z step 900/938 loss=0.007025 grad_norm=0.005537 learning_rate=4.525e-07 epoch=0.96
2026-10-03T21:14:49Z step 910/938 loss=0.0004185 grad_norm=0.02824 learning_rate=2.504e-07 epoch=0.9707
2026-10-03T21:15:13Z step 920/938 loss=0.0003951 grad_norm=0.001232 learning_rate=1.075e-07 epoch=0.9813
2026-10-03T21:15:38Z step 930/938 loss=0.001335 grad_norm=0.007554 learning_rate=2.413e-08 epoch=0.992
2026-10-03T21:15:57Z step 938/938 train_runtime=2333 train_samples_per_second=25.71 train_steps_per_second=0.402 total_flos=1.16e+18 train_loss=0.06818 epoch=1
2026-10-03T21:16:26Z trained 938 steps in 38.9 min, 5986.0 tok/s, peak 32.05 GB
2026-10-03T21:16:28Z u path: fp32-hidden (max |u_fp32 - u_bf16logits| = 0.0625)
2026-10-03T21:16:28Z padding self-check: max |u_batch - u_single| = 0.1299 (tol 0.850) -> left padding
2026-10-03T21:17:06Z B-FOLD3-verdict-triplets-s1 rule_v1_fold3/dev: TA 99.7 Rev 99.7 Hold 99.7 n=300 (39.9 s)
2026-10-03T21:20:42Z B-FOLD3-verdict-triplets-s1 rule_v1_fold3/test_L2: TA 98.9 Rev 99.2 Hold 99.6 n=2000 (215.4 s)
2026-10-03T21:20:43Z DONE B-FOLD3-verdict-triplets-s1 in 44.1 min, GPU util mean 94.4
