2026-10-03T09:24:33Z step 10/938 loss=0.7534 grad_norm=15.77 learning_rate=3.214e-05 epoch=0.01067
2026-10-03T09:24:58Z step 20/938 loss=0.4536 grad_norm=7.326 learning_rate=6.786e-05 epoch=0.02133
2026-10-03T09:25:23Z step 30/938 loss=0.3265 grad_norm=3.417 learning_rate=0.0001 epoch=0.032
2026-10-03T09:25:50Z step 40/938 loss=0.195 grad_norm=2.149 learning_rate=9.996e-05 epoch=0.04267
2026-10-03T09:26:15Z step 50/938 loss=0.1768 grad_norm=2.77 learning_rate=9.987e-05 epoch=0.05333
2026-10-03T09:26:41Z step 60/938 loss=0.1906 grad_norm=7.55 learning_rate=9.971e-05 epoch=0.064
2026-10-03T09:27:07Z step 70/938 loss=0.1447 grad_norm=4.39 learning_rate=9.95e-05 epoch=0.07467
2026-10-03T09:27:33Z step 80/938 loss=0.1142 grad_norm=4.145 learning_rate=9.923e-05 epoch=0.08533
2026-10-03T09:27:59Z step 90/938 loss=0.1124 grad_norm=1.998 learning_rate=9.89e-05 epoch=0.096
2026-10-03T09:28:26Z step 100/938 loss=0.06952 grad_norm=2.494 learning_rate=9.851e-05 epoch=0.1067
2026-10-03T09:28:51Z step 110/938 loss=0.06078 grad_norm=0.4827 learning_rate=9.806e-05 epoch=0.1173
2026-10-03T09:29:17Z step 120/938 loss=0.0486 grad_norm=3.13 learning_rate=9.755e-05 epoch=0.128
2026-10-03T09:29:44Z step 130/938 loss=0.0544 grad_norm=0.3144 learning_rate=9.699e-05 epoch=0.1387
2026-10-03T09:30:09Z step 140/938 loss=0.0574 grad_norm=0.1245 learning_rate=9.637e-05 epoch=0.1493
2026-10-03T09:30:35Z step 150/938 loss=0.04615 grad_norm=0.6945 learning_rate=9.57e-05 epoch=0.16
2026-10-03T09:31:01Z step 160/938 loss=0.06828 grad_norm=1.607 learning_rate=9.497e-05 epoch=0.1707
2026-10-03T09:31:26Z step 170/938 loss=0.1037 grad_norm=2.41 learning_rate=9.419e-05 epoch=0.1813
2026-10-03T09:33:27Z step 180/938 loss=0.06754 grad_norm=0.2585 learning_rate=9.336e-05 epoch=0.192
2026-10-03T09:33:54Z step 190/938 loss=0.05762 grad_norm=5.352 learning_rate=9.247e-05 epoch=0.2027
2026-10-03T09:34:20Z step 200/938 loss=0.05317 grad_norm=2.01 learning_rate=9.154e-05 epoch=0.2133
2026-10-03T09:34:45Z step 210/938 loss=0.1861 grad_norm=9.386 learning_rate=9.055e-05 epoch=0.224
2026-10-03T09:35:12Z step 220/938 loss=0.03232 grad_norm=0.02732 learning_rate=8.952e-05 epoch=0.2347
2026-10-03T09:35:37Z step 230/938 loss=0.02518 grad_norm=7.059 learning_rate=8.844e-05 epoch=0.2453
2026-10-03T09:36:03Z step 240/938 loss=0.09677 grad_norm=0.01057 learning_rate=8.731e-05 epoch=0.256
2026-10-03T09:36:29Z step 250/938 loss=0.06503 grad_norm=1.133 learning_rate=8.614e-05 epoch=0.2667
2026-10-03T09:36:56Z step 260/938 loss=0.06519 grad_norm=4.044 learning_rate=8.493e-05 epoch=0.2773
2026-10-03T09:37:21Z step 270/938 loss=0.008212 grad_norm=0.043 learning_rate=8.367e-05 epoch=0.288
2026-10-03T09:37:46Z step 280/938 loss=0.05013 grad_norm=0.01244 learning_rate=8.237e-05 epoch=0.2987
2026-10-03T09:38:12Z step 290/938 loss=0.05642 grad_norm=0.09354 learning_rate=8.104e-05 epoch=0.3093
2026-10-03T09:38:38Z step 300/938 loss=0.02773 grad_norm=1.306 learning_rate=7.967e-05 epoch=0.32
2026-10-03T09:39:03Z step 310/938 loss=0.04283 grad_norm=1.099 learning_rate=7.826e-05 epoch=0.3307
2026-10-03T09:39:30Z step 320/938 loss=0.02673 grad_norm=0.04174 learning_rate=7.682e-05 epoch=0.3413
2026-10-03T09:39:56Z step 330/938 loss=0.02792 grad_norm=0.188 learning_rate=7.535e-05 epoch=0.352
2026-10-03T09:40:21Z step 340/938 loss=0.03514 grad_norm=0.2585 learning_rate=7.385e-05 epoch=0.3627
2026-10-03T09:40:46Z step 350/938 loss=0.004162 grad_norm=0.007831 learning_rate=7.231e-05 epoch=0.3733
2026-10-03T09:41:13Z step 360/938 loss=0.06142 grad_norm=6.444 learning_rate=7.076e-05 epoch=0.384
2026-10-03T09:41:38Z step 370/938 loss=0.1645 grad_norm=1.169 learning_rate=6.917e-05 epoch=0.3947
2026-10-03T09:42:03Z step 380/938 loss=0.06394 grad_norm=0.5822 learning_rate=6.757e-05 epoch=0.4053
2026-10-03T09:42:31Z step 390/938 loss=0.0234 grad_norm=0.0004151 learning_rate=6.594e-05 epoch=0.416
2026-10-03T09:42:56Z step 400/938 loss=0.06333 grad_norm=2.084 learning_rate=6.43e-05 epoch=0.4267
2026-10-03T09:43:22Z step 410/938 loss=0.02737 grad_norm=0.0006206 learning_rate=6.264e-05 epoch=0.4373
2026-10-03T09:43:49Z step 420/938 loss=0.03127 grad_norm=0.1112 learning_rate=6.096e-05 epoch=0.448
2026-10-03T09:44:20Z step 430/938 loss=0.03882 grad_norm=0.07913 learning_rate=5.927e-05 epoch=0.4587
2026-10-03T09:44:45Z step 440/938 loss=0.02395 grad_norm=0.2918 learning_rate=5.757e-05 epoch=0.4693
2026-10-03T09:45:12Z step 450/938 loss=0.02413 grad_norm=0.03618 learning_rate=5.586e-05 epoch=0.48
2026-10-03T09:45:37Z step 460/938 loss=0.04959 grad_norm=0.006869 learning_rate=5.414e-05 epoch=0.4907
2026-10-03T09:46:02Z step 470/938 loss=0.01385 grad_norm=0.3529 learning_rate=5.242e-05 epoch=0.5013
2026-10-03T09:46:28Z step 480/938 loss=0.001931 grad_norm=0.2073 learning_rate=5.069e-05 epoch=0.512
2026-10-03T09:46:56Z step 490/938 loss=0.01911 grad_norm=0.02011 learning_rate=4.896e-05 epoch=0.5227
2026-10-03T09:47:22Z step 500/938 loss=0.002758 grad_norm=0.0003761 learning_rate=4.724e-05 epoch=0.5333
2026-10-03T09:47:47Z step 510/938 loss=0.01861 grad_norm=2.078 learning_rate=4.552e-05 epoch=0.544
2026-10-03T09:48:13Z step 520/938 loss=0.003383 grad_norm=0.0003601 learning_rate=4.38e-05 epoch=0.5547
2026-10-03T09:48:39Z step 530/938 loss=0.02888 grad_norm=2.44 learning_rate=4.209e-05 epoch=0.5653
2026-10-03T09:49:04Z step 540/938 loss=0.009139 grad_norm=0.03518 learning_rate=4.039e-05 epoch=0.576
2026-10-03T09:49:31Z step 550/938 loss=0.01397 grad_norm=0.00268 learning_rate=3.871e-05 epoch=0.5867
2026-10-03T09:49:57Z step 560/938 loss=0.01154 grad_norm=0.1347 learning_rate=3.703e-05 epoch=0.5973
2026-10-03T09:50:22Z step 570/938 loss=0.02701 grad_norm=1.271 learning_rate=3.537e-05 epoch=0.608
2026-10-03T09:50:49Z step 580/938 loss=0.02641 grad_norm=0.04118 learning_rate=3.373e-05 epoch=0.6187
2026-10-03T09:51:14Z step 590/938 loss=0.01944 grad_norm=0.2437 learning_rate=3.211e-05 epoch=0.6293
2026-10-03T09:51:40Z step 600/938 loss=0.01391 grad_norm=0.6772 learning_rate=3.051e-05 epoch=0.64
2026-10-03T09:52:05Z step 610/938 loss=0.003063 grad_norm=1.727 learning_rate=2.893e-05 epoch=0.6507
2026-10-03T09:52:32Z step 620/938 loss=0.01582 grad_norm=0.6833 learning_rate=2.738e-05 epoch=0.6613
2026-10-03T09:52:58Z step 630/938 loss=0.000639 grad_norm=0.006703 learning_rate=2.585e-05 epoch=0.672
2026-10-03T09:53:23Z step 640/938 loss=0.004053 grad_norm=0.0001065 learning_rate=2.436e-05 epoch=0.6827
2026-10-03T09:53:50Z step 650/938 loss=0.00189 grad_norm=0.5384 learning_rate=2.289e-05 epoch=0.6933
2026-10-03T09:54:15Z step 660/938 loss=0.0161 grad_norm=1.377 learning_rate=2.145e-05 epoch=0.704
2026-10-03T09:54:41Z step 670/938 loss=0.001231 grad_norm=0.001461 learning_rate=2.005e-05 epoch=0.7147
2026-10-03T09:55:07Z step 680/938 loss=0.01695 grad_norm=2.571 learning_rate=1.869e-05 epoch=0.7253
2026-10-03T09:55:33Z step 690/938 loss=0.0002581 grad_norm=0.006101 learning_rate=1.736e-05 epoch=0.736
2026-10-03T09:55:58Z step 700/938 loss=0.01385 grad_norm=0.04118 learning_rate=1.608e-05 epoch=0.7467
2026-10-03T09:56:23Z step 710/938 loss=0.007232 grad_norm=1.734 learning_rate=1.483e-05 epoch=0.7573
2026-10-03T09:56:50Z step 720/938 loss=0.005211 grad_norm=0.1955 learning_rate=1.362e-05 epoch=0.768
2026-10-03T09:57:15Z step 730/938 loss=0.0008285 grad_norm=0.0007487 learning_rate=1.246e-05 epoch=0.7787
2026-10-03T09:57:41Z step 740/938 loss=0.000273 grad_norm=0.01352 learning_rate=1.134e-05 epoch=0.7893
2026-10-03T09:58:08Z step 750/938 loss=0.004786 grad_norm=0.000991 learning_rate=1.027e-05 epoch=0.8
2026-10-03T09:58:33Z step 760/938 loss=2.445e-05 grad_norm=3.686e-05 learning_rate=9.247e-06 epoch=0.8107
2026-10-03T09:58:59Z step 770/938 loss=0.00106 grad_norm=0.1598 learning_rate=8.271e-06 epoch=0.8213
2026-10-03T09:59:25Z step 780/938 loss=0.0005275 grad_norm=0.0001555 learning_rate=7.345e-06 epoch=0.832
2026-10-03T09:59:51Z step 790/938 loss=0.0001719 grad_norm=0.1158 learning_rate=6.47e-06 epoch=0.8427
2026-10-03T10:00:16Z step 800/938 loss=0.002784 grad_norm=0.00174 learning_rate=5.647e-06 epoch=0.8533
2026-10-03T10:00:41Z step 810/938 loss=0.0002293 grad_norm=4.77e-05 learning_rate=4.877e-06 epoch=0.864
2026-10-03T10:01:08Z step 820/938 loss=0.0007531 grad_norm=0.02624 learning_rate=4.16e-06 epoch=0.8747
2026-10-03T10:01:33Z step 830/938 loss=0.000151 grad_norm=6.743e-05 learning_rate=3.498e-06 epoch=0.8853
2026-10-03T10:01:59Z step 840/938 loss=0.005196 grad_norm=0.001122 learning_rate=2.892e-06 epoch=0.896
2026-10-03T10:02:26Z step 850/938 loss=0.0001757 grad_norm=0.006468 learning_rate=2.342e-06 epoch=0.9067
2026-10-03T10:02:51Z step 860/938 loss=0.0008159 grad_norm=0.001993 learning_rate=1.848e-06 epoch=0.9173
2026-10-03T10:03:16Z step 870/938 loss=0.01651 grad_norm=0.001415 learning_rate=1.412e-06 epoch=0.928
2026-10-03T10:03:42Z step 880/938 loss=0.0009645 grad_norm=6.171e-05 learning_rate=1.034e-06 epoch=0.9387
2026-10-03T10:04:13Z step 890/938 loss=0.003022 grad_norm=0.09181 learning_rate=7.137e-07 epoch=0.9493
2026-10-03T10:04:39Z step 900/938 loss=0.0008239 grad_norm=6.429e-05 learning_rate=4.525e-07 epoch=0.96
2026-10-03T10:05:05Z step 910/938 loss=2.012e-05 grad_norm=7.123e-05 learning_rate=2.504e-07 epoch=0.9707
2026-10-03T10:05:32Z step 920/938 loss=0.000799 grad_norm=0.0001149 learning_rate=1.075e-07 epoch=0.9813
2026-10-03T10:05:57Z step 930/938 loss=0.0002582 grad_norm=0.001443 learning_rate=2.413e-08 epoch=0.992
2026-10-03T10:06:16Z step 938/938 train_runtime=2529 train_samples_per_second=23.72 train_steps_per_second=0.371 total_flos=1.099e+18 train_loss=0.05132 epoch=1
2026-10-03T10:06:23Z trained 938 steps in 42.2 min, 5215.0 tok/s, peak 31.86 GB
2026-10-03T10:06:24Z u path: fp32-hidden (max |u_fp32 - u_bf16logits| = 0.0505)
2026-10-03T10:06:25Z padding self-check: max |u_batch - u_single| = 0.1086 (tol 0.956) -> left padding
2026-10-03T10:07:04Z B-LOKO-time-verdict-s0 rule_v1/dev: TA 93.3 Rev 100.0 Hold 93.3 n=300 (40.7 s)
2026-10-03T10:11:29Z B-LOKO-time-verdict-s0 rule_v1/test_L2: TA 86.1 Rev 92.5 Hold 92.2 n=2000 (265.1 s)
2026-10-03T10:13:35Z B-LOKO-time-verdict-s0 rule_v1/test_L0: TA 94.2 Rev 99.6 Hold 94.5 n=1000 (125.3 s)
2026-10-03T10:14:37Z B-LOKO-time-verdict-s0 xr_v1/test: TA nan Rev nan Hold nan n=None (62.1 s)
2026-10-03T10:14:38Z DONE B-LOKO-time-verdict-s0 in 51.0 min, GPU util mean 90.6
