2026-10-10T01:45:34Z step 10/938 loss=0.2357 grad_norm=1.015 learning_rate=3.214e-05 epoch=0.01067
2026-10-10T01:45:56Z step 20/938 loss=0.1559 grad_norm=2.338 learning_rate=6.786e-05 epoch=0.02133
2026-10-10T01:46:19Z step 30/938 loss=0.07096 grad_norm=1.015 learning_rate=0.0001 epoch=0.032
2026-10-10T01:46:42Z step 40/938 loss=0.05407 grad_norm=2.159 learning_rate=9.996e-05 epoch=0.04267
2026-10-10T01:47:04Z step 50/938 loss=0.03176 grad_norm=0.5862 learning_rate=9.987e-05 epoch=0.05333
2026-10-10T01:47:28Z step 60/938 loss=0.02197 grad_norm=1.89 learning_rate=9.971e-05 epoch=0.064
2026-10-10T01:47:50Z step 70/938 loss=0.01193 grad_norm=0.06801 learning_rate=9.95e-05 epoch=0.07467
2026-10-10T01:48:12Z step 80/938 loss=0.01725 grad_norm=0.4971 learning_rate=9.923e-05 epoch=0.08533
2026-10-10T01:48:35Z step 90/938 loss=0.00983 grad_norm=0.122 learning_rate=9.89e-05 epoch=0.096
2026-10-10T01:48:57Z step 100/938 loss=0.01998 grad_norm=0.3227 learning_rate=9.851e-05 epoch=0.1067
2026-10-10T01:49:20Z step 110/938 loss=0.01041 grad_norm=0.06374 learning_rate=9.806e-05 epoch=0.1173
2026-10-10T01:49:43Z step 120/938 loss=0.02383 grad_norm=0.5355 learning_rate=9.755e-05 epoch=0.128
2026-10-10T01:50:05Z step 130/938 loss=0.005091 grad_norm=0.256 learning_rate=9.699e-05 epoch=0.1387
2026-10-10T01:50:28Z step 140/938 loss=0.007235 grad_norm=0.354 learning_rate=9.637e-05 epoch=0.1493
2026-10-10T01:50:49Z step 150/938 loss=0.005357 grad_norm=0.0005303 learning_rate=9.57e-05 epoch=0.16
2026-10-10T01:51:12Z step 160/938 loss=0.007978 grad_norm=0.09447 learning_rate=9.497e-05 epoch=0.1707
2026-10-10T01:51:34Z step 170/938 loss=0.0121 grad_norm=0.09379 learning_rate=9.419e-05 epoch=0.1813
2026-10-10T01:51:56Z step 180/938 loss=0.006748 grad_norm=0.03722 learning_rate=9.336e-05 epoch=0.192
2026-10-10T01:52:19Z step 190/938 loss=0.01376 grad_norm=0.5116 learning_rate=9.247e-05 epoch=0.2027
2026-10-10T01:52:42Z step 200/938 loss=0.01216 grad_norm=0.1908 learning_rate=9.154e-05 epoch=0.2133
2026-10-10T01:53:04Z step 210/938 loss=0.007931 grad_norm=0.1139 learning_rate=9.055e-05 epoch=0.224
2026-10-10T01:53:27Z step 220/938 loss=0.002533 grad_norm=0.02249 learning_rate=8.952e-05 epoch=0.2347
2026-10-10T01:53:50Z step 230/938 loss=0.004817 grad_norm=0.001615 learning_rate=8.844e-05 epoch=0.2453
2026-10-10T01:54:12Z step 240/938 loss=0.01629 grad_norm=0.199 learning_rate=8.731e-05 epoch=0.256
2026-10-10T01:54:35Z step 250/938 loss=0.009762 grad_norm=0.1131 learning_rate=8.614e-05 epoch=0.2667
2026-10-10T01:54:57Z step 260/938 loss=0.002874 grad_norm=0.2022 learning_rate=8.493e-05 epoch=0.2773
2026-10-10T01:55:20Z step 270/938 loss=0.005917 grad_norm=0.15 learning_rate=8.367e-05 epoch=0.288
2026-10-10T02:46:14Z step 10/938 loss=0.2353 grad_norm=1.095 learning_rate=3.214e-05 epoch=0.01067
2026-10-10T02:46:37Z step 20/938 loss=0.1533 grad_norm=2.2 learning_rate=6.786e-05 epoch=0.02133
2026-10-10T02:47:00Z step 30/938 loss=0.07158 grad_norm=1.901 learning_rate=0.0001 epoch=0.032
2026-10-10T02:47:23Z step 40/938 loss=0.06244 grad_norm=1.193 learning_rate=9.996e-05 epoch=0.04267
2026-10-10T02:47:45Z step 50/938 loss=0.03569 grad_norm=3.563 learning_rate=9.987e-05 epoch=0.05333
2026-10-10T02:48:08Z step 60/938 loss=0.02467 grad_norm=0.5051 learning_rate=9.971e-05 epoch=0.064
2026-10-10T02:48:31Z step 70/938 loss=0.01618 grad_norm=0.02073 learning_rate=9.95e-05 epoch=0.07467
2026-10-10T02:48:54Z step 80/938 loss=0.03479 grad_norm=0.3989 learning_rate=9.923e-05 epoch=0.08533
2026-10-10T02:49:16Z step 90/938 loss=0.006159 grad_norm=0.8721 learning_rate=9.89e-05 epoch=0.096
2026-10-10T02:49:40Z step 100/938 loss=0.02095 grad_norm=0.6105 learning_rate=9.851e-05 epoch=0.1067
2026-10-10T02:50:02Z step 110/938 loss=0.01679 grad_norm=1.464 learning_rate=9.806e-05 epoch=0.1173
2026-10-10T02:50:25Z step 120/938 loss=0.01522 grad_norm=0.1631 learning_rate=9.755e-05 epoch=0.128
2026-10-10T02:50:47Z step 130/938 loss=0.01262 grad_norm=0.09706 learning_rate=9.699e-05 epoch=0.1387
2026-10-10T02:51:10Z step 140/938 loss=0.01914 grad_norm=0.4325 learning_rate=9.637e-05 epoch=0.1493
2026-10-10T02:51:31Z step 150/938 loss=0.01843 grad_norm=0.06361 learning_rate=9.57e-05 epoch=0.16
2026-10-10T02:51:54Z step 160/938 loss=0.01096 grad_norm=0.9006 learning_rate=9.497e-05 epoch=0.1707
2026-10-10T02:52:16Z step 170/938 loss=0.005413 grad_norm=0.1222 learning_rate=9.419e-05 epoch=0.1813
2026-10-10T02:52:38Z step 180/938 loss=0.01852 grad_norm=0.02685 learning_rate=9.336e-05 epoch=0.192
2026-10-10T02:53:01Z step 190/938 loss=0.009288 grad_norm=0.1491 learning_rate=9.247e-05 epoch=0.2027
2026-10-10T02:53:24Z step 200/938 loss=0.01176 grad_norm=0.1552 learning_rate=9.154e-05 epoch=0.2133
2026-10-10T02:53:46Z step 210/938 loss=0.00811 grad_norm=0.296 learning_rate=9.055e-05 epoch=0.224
2026-10-10T02:54:08Z step 220/938 loss=0.01314 grad_norm=0.03853 learning_rate=8.952e-05 epoch=0.2347
2026-10-10T02:54:31Z step 230/938 loss=0.005428 grad_norm=0.03545 learning_rate=8.844e-05 epoch=0.2453
2026-10-10T02:54:54Z step 240/938 loss=0.005033 grad_norm=0.2017 learning_rate=8.731e-05 epoch=0.256
2026-10-10T02:55:16Z step 250/938 loss=0.006563 grad_norm=0.008824 learning_rate=8.614e-05 epoch=0.2667
2026-10-10T02:55:39Z step 260/938 loss=0.01053 grad_norm=0.0544 learning_rate=8.493e-05 epoch=0.2773
2026-10-10T02:56:02Z step 270/938 loss=0.009015 grad_norm=0.341 learning_rate=8.367e-05 epoch=0.288
2026-10-10T02:56:25Z step 280/938 loss=0.004359 grad_norm=0.1839 learning_rate=8.237e-05 epoch=0.2987
2026-10-10T02:56:47Z step 290/938 loss=0.007126 grad_norm=0.03724 learning_rate=8.104e-05 epoch=0.3093
2026-10-10T02:57:10Z step 300/938 loss=0.007469 grad_norm=0.06316 learning_rate=7.967e-05 epoch=0.32
2026-10-10T02:57:32Z step 310/938 loss=0.003977 grad_norm=0.01797 learning_rate=7.826e-05 epoch=0.3307
2026-10-10T02:57:55Z step 320/938 loss=0.009853 grad_norm=0.01279 learning_rate=7.682e-05 epoch=0.3413
2026-10-10T02:58:18Z step 330/938 loss=0.006107 grad_norm=0.1036 learning_rate=7.535e-05 epoch=0.352
2026-10-10T02:58:40Z step 340/938 loss=0.004606 grad_norm=0.04524 learning_rate=7.385e-05 epoch=0.3627
2026-10-10T02:59:02Z step 350/938 loss=0.001681 grad_norm=0.09154 learning_rate=7.231e-05 epoch=0.3733
2026-10-10T02:59:25Z step 360/938 loss=0.001805 grad_norm=0.0004448 learning_rate=7.076e-05 epoch=0.384
2026-10-10T02:59:48Z step 370/938 loss=0.008769 grad_norm=0.02342 learning_rate=6.917e-05 epoch=0.3947
2026-10-10T03:00:11Z step 380/938 loss=0.004433 grad_norm=0.05441 learning_rate=6.757e-05 epoch=0.4053
2026-10-10T03:00:33Z step 390/938 loss=0.00224 grad_norm=0.01187 learning_rate=6.594e-05 epoch=0.416
2026-10-10T03:00:56Z step 400/938 loss=0.005628 grad_norm=0.2767 learning_rate=6.43e-05 epoch=0.4267
2026-10-10T03:01:18Z step 410/938 loss=0.01652 grad_norm=0.08207 learning_rate=6.264e-05 epoch=0.4373
2026-10-10T03:01:41Z step 420/938 loss=0.005978 grad_norm=0.04692 learning_rate=6.096e-05 epoch=0.448
2026-10-10T03:02:04Z step 430/938 loss=0.002306 grad_norm=0.01185 learning_rate=5.927e-05 epoch=0.4587
2026-10-10T03:02:27Z step 440/938 loss=0.003557 grad_norm=0.0009127 learning_rate=5.757e-05 epoch=0.4693
2026-10-10T03:02:49Z step 450/938 loss=0.004547 grad_norm=0.0003396 learning_rate=5.586e-05 epoch=0.48
2026-10-10T03:03:12Z step 460/938 loss=0.007514 grad_norm=0.08758 learning_rate=5.414e-05 epoch=0.4907
2026-10-10T03:05:39Z step 470/938 loss=0.003572 grad_norm=0.04959 learning_rate=5.242e-05 epoch=0.5013
2026-10-10T03:06:02Z step 480/938 loss=0.003209 grad_norm=0.01348 learning_rate=5.069e-05 epoch=0.512
2026-10-10T03:06:24Z step 490/938 loss=0.001864 grad_norm=0.05696 learning_rate=4.896e-05 epoch=0.5227
2026-10-10T03:06:46Z step 500/938 loss=0.002984 grad_norm=0.02314 learning_rate=4.724e-05 epoch=0.5333
2026-10-10T03:07:09Z step 510/938 loss=0.008231 grad_norm=0.01976 learning_rate=4.552e-05 epoch=0.544
2026-10-10T03:07:31Z step 520/938 loss=0.0008814 grad_norm=0.00919 learning_rate=4.38e-05 epoch=0.5547
2026-10-10T03:07:54Z step 530/938 loss=0.001573 grad_norm=0.008483 learning_rate=4.209e-05 epoch=0.5653
2026-10-10T03:08:17Z step 540/938 loss=0.002893 grad_norm=0.0007275 learning_rate=4.039e-05 epoch=0.576
2026-10-10T03:08:39Z step 550/938 loss=0.00304 grad_norm=0.003457 learning_rate=3.871e-05 epoch=0.5867
2026-10-10T03:09:02Z step 560/938 loss=0.01049 grad_norm=0.01257 learning_rate=3.703e-05 epoch=0.5973
2026-10-10T03:09:25Z step 570/938 loss=0.00476 grad_norm=0.008037 learning_rate=3.537e-05 epoch=0.608
2026-10-10T03:09:48Z step 580/938 loss=0.001985 grad_norm=0.4484 learning_rate=3.373e-05 epoch=0.6187
2026-10-10T03:10:10Z step 590/938 loss=0.0007645 grad_norm=0.001596 learning_rate=3.211e-05 epoch=0.6293
2026-10-10T03:10:33Z step 600/938 loss=0.000353 grad_norm=0.1178 learning_rate=3.051e-05 epoch=0.64
2026-10-10T03:10:56Z step 610/938 loss=0.001004 grad_norm=0.1094 learning_rate=2.893e-05 epoch=0.6507
2026-10-10T03:11:19Z step 620/938 loss=0.0002178 grad_norm=0.000395 learning_rate=2.738e-05 epoch=0.6613
2026-10-10T03:11:42Z step 630/938 loss=0.004436 grad_norm=0.3303 learning_rate=2.585e-05 epoch=0.672
2026-10-10T03:12:04Z step 640/938 loss=0.001418 grad_norm=0.02469 learning_rate=2.436e-05 epoch=0.6827
2026-10-10T03:12:27Z step 650/938 loss=0.001992 grad_norm=0.1799 learning_rate=2.289e-05 epoch=0.6933
2026-10-10T03:12:50Z step 660/938 loss=0.0006682 grad_norm=0.001141 learning_rate=2.145e-05 epoch=0.704
2026-10-10T03:13:12Z step 670/938 loss=0.004244 grad_norm=0.01694 learning_rate=2.005e-05 epoch=0.7147
2026-10-10T03:13:35Z step 680/938 loss=0.0003818 grad_norm=0.01216 learning_rate=1.869e-05 epoch=0.7253
2026-10-10T03:13:58Z step 690/938 loss=0.0005782 grad_norm=0.001013 learning_rate=1.736e-05 epoch=0.736
2026-10-10T03:14:20Z step 700/938 loss=0.0006901 grad_norm=0.0009047 learning_rate=1.608e-05 epoch=0.7467
2026-10-10T03:14:42Z step 710/938 loss=0.0002634 grad_norm=0.0003133 learning_rate=1.483e-05 epoch=0.7573
2026-10-10T03:15:06Z step 720/938 loss=0.0007462 grad_norm=0.0006086 learning_rate=1.362e-05 epoch=0.768
2026-10-10T03:15:28Z step 730/938 loss=0.000256 grad_norm=0.06555 learning_rate=1.246e-05 epoch=0.7787
2026-10-10T03:15:51Z step 740/938 loss=0.003254 grad_norm=0.0007865 learning_rate=1.134e-05 epoch=0.7893
2026-10-10T03:16:13Z step 750/938 loss=0.0001646 grad_norm=0.0005213 learning_rate=1.027e-05 epoch=0.8
2026-10-10T03:16:35Z step 760/938 loss=0.0002873 grad_norm=0.002374 learning_rate=9.247e-06 epoch=0.8107
2026-10-10T03:16:58Z step 770/938 loss=0.0003705 grad_norm=0.00918 learning_rate=8.271e-06 epoch=0.8213
2026-10-10T03:17:20Z step 780/938 loss=5.853e-05 grad_norm=0.0007906 learning_rate=7.345e-06 epoch=0.832
2026-10-10T03:17:44Z step 790/938 loss=0.0008868 grad_norm=0.000338 learning_rate=6.47e-06 epoch=0.8427
2026-10-10T03:18:07Z step 800/938 loss=4.185e-05 grad_norm=0.0007726 learning_rate=5.647e-06 epoch=0.8533
2026-10-10T03:18:29Z step 810/938 loss=3.016e-05 grad_norm=0.005316 learning_rate=4.877e-06 epoch=0.864
2026-10-10T03:18:52Z step 820/938 loss=0.0001886 grad_norm=0.1044 learning_rate=4.16e-06 epoch=0.8747
2026-10-10T03:19:15Z step 830/938 loss=0.0002488 grad_norm=0.1191 learning_rate=3.498e-06 epoch=0.8853
2026-10-10T03:19:37Z step 840/938 loss=0.0002543 grad_norm=0.008608 learning_rate=2.892e-06 epoch=0.896
2026-10-10T03:20:00Z step 850/938 loss=6.759e-05 grad_norm=0.000273 learning_rate=2.342e-06 epoch=0.9067
2026-10-10T03:20:22Z step 860/938 loss=0.0005551 grad_norm=0.002264 learning_rate=1.848e-06 epoch=0.9173
2026-10-10T03:20:45Z step 870/938 loss=4.446e-05 grad_norm=8.023e-05 learning_rate=1.412e-06 epoch=0.928
2026-10-10T03:21:08Z step 880/938 loss=0.000633 grad_norm=9.076e-05 learning_rate=1.034e-06 epoch=0.9387
2026-10-10T03:21:31Z step 890/938 loss=0.0005684 grad_norm=0.0001362 learning_rate=7.137e-07 epoch=0.9493
2026-10-10T03:21:54Z step 900/938 loss=0.0009997 grad_norm=0.03218 learning_rate=4.525e-07 epoch=0.96
2026-10-10T03:22:16Z step 910/938 loss=0.000123 grad_norm=0.0001908 learning_rate=2.504e-07 epoch=0.9707
2026-10-10T03:22:38Z step 920/938 loss=0.000392 grad_norm=0.0709 learning_rate=1.075e-07 epoch=0.9813
2026-10-10T03:23:01Z step 930/938 loss=0.002808 grad_norm=0.7769 learning_rate=2.413e-08 epoch=0.992
2026-10-10T03:25:30Z step 938/938 train_runtime=2533 train_samples_per_second=23.69 train_steps_per_second=0.37 total_flos=1.054e+18 train_loss=0.0111 epoch=1
2026-10-10T03:26:25Z trained 938 steps in 42.3 min, 5225.4 tok/s, peak 23.05 GB
2026-10-10T03:26:39Z u path: fp32-hidden (max |u_fp32 - u_bf16logits| = 0.0714)
2026-10-10T03:26:45Z padding self-check: max |u_batch - u_single| = 0.1332 (tol 0.863) -> left padding
2026-10-10T03:27:25Z B-V2-verdict-blocks-s0 rule_v2/dev: TA 57.7 Rev 99.3 Hold 58.0 n=300 (58.8 s)
2026-10-10T03:31:36Z B-V2-verdict-blocks-s0 rule_v2/test_L2: TA 44.2 Rev 96.0 Hold 46.5 n=2000 (250.8 s)
2026-10-10T03:35:45Z B-V2-verdict-blocks-s0 rule_v1/test_L2: TA 59.8 Rev 93.3 Hold 63.5 n=2000 (247.4 s)
2026-10-10T03:36:42Z B-V2-verdict-blocks-s0 xr_v1/test: TA nan Rev nan Hold nan n=None (55.8 s)
2026-10-10T03:37:09Z B-V2-verdict-blocks-s0 cls_v1/dev: TA 9.0 Rev 99.7 Hold 9.0 n=300 (26.8 s)
2026-10-10T03:38:53Z B-V2-verdict-blocks-s0 cls_v1/test: TA 7.0 Rev 99.9 Hold 7.0 n=1200 (103.1 s)
2026-10-10T03:38:55Z DONE B-V2-verdict-blocks-s0 in 55.9 min, GPU util mean 81.2
