2026-10-09T07:14:42Z step 10/938 loss=6.944 grad_norm=82.43 learning_rate=3.214e-05 epoch=0.01067
2026-10-09T07:18:30Z step 20/938 loss=4.645 grad_norm=50.66 learning_rate=6.786e-05 epoch=0.02133
2026-10-09T07:22:37Z step 30/938 loss=2.017 grad_norm=26.27 learning_rate=0.0001 epoch=0.032
2026-10-09T07:26:31Z step 40/938 loss=2.034 grad_norm=17.39 learning_rate=9.996e-05 epoch=0.04267
2026-10-09T07:30:39Z step 50/938 loss=1.389 grad_norm=31.42 learning_rate=9.987e-05 epoch=0.05333
2026-10-09T07:36:43Z step 60/938 loss=1.941 grad_norm=9.774 learning_rate=9.971e-05 epoch=0.064
2026-10-09T07:40:41Z step 70/938 loss=1.701 grad_norm=21.56 learning_rate=9.95e-05 epoch=0.07467
2026-10-09T07:44:46Z step 80/938 loss=0.98 grad_norm=1.08 learning_rate=9.923e-05 epoch=0.08533
2026-10-09T07:48:53Z step 90/938 loss=2.848 grad_norm=61.65 learning_rate=9.89e-05 epoch=0.096
2026-10-09T07:54:42Z step 100/938 loss=1.153 grad_norm=35.36 learning_rate=9.851e-05 epoch=0.1067
2026-10-09T07:58:45Z step 110/938 loss=1.2 grad_norm=14.06 learning_rate=9.806e-05 epoch=0.1173
2026-10-09T08:02:48Z step 120/938 loss=0.8365 grad_norm=11.34 learning_rate=9.755e-05 epoch=0.128
2026-10-09T08:06:41Z step 130/938 loss=0.4904 grad_norm=0.019 learning_rate=9.699e-05 epoch=0.1387
2026-10-09T08:10:50Z step 140/938 loss=0.9054 grad_norm=34.88 learning_rate=9.637e-05 epoch=0.1493
2026-10-09T08:16:53Z step 150/938 loss=1.287 grad_norm=1.288 learning_rate=9.57e-05 epoch=0.16
2026-10-09T08:20:48Z step 160/938 loss=0.3973 grad_norm=0.0414 learning_rate=9.497e-05 epoch=0.1707
2026-10-09T08:24:37Z step 170/938 loss=0.6205 grad_norm=90.92 learning_rate=9.419e-05 epoch=0.1813
2026-10-09T08:28:37Z step 180/938 loss=1.115 grad_norm=2.215 learning_rate=9.336e-05 epoch=0.192
2026-10-09T08:35:11Z step 190/938 loss=1.227 grad_norm=31.93 learning_rate=9.247e-05 epoch=0.2027
2026-10-09T08:39:16Z step 200/938 loss=0.6406 grad_norm=2.076 learning_rate=9.154e-05 epoch=0.2133
2026-10-09T08:43:12Z step 210/938 loss=0.5985 grad_norm=23.88 learning_rate=9.055e-05 epoch=0.224
2026-10-09T08:47:03Z step 220/938 loss=1.192 grad_norm=0.09906 learning_rate=8.952e-05 epoch=0.2347
2026-10-09T08:51:07Z step 230/938 loss=0.8081 grad_norm=20.04 learning_rate=8.844e-05 epoch=0.2453
2026-10-09T08:57:04Z step 240/938 loss=0.8873 grad_norm=1.816 learning_rate=8.731e-05 epoch=0.256
2026-10-09T09:01:12Z step 250/938 loss=0.35 grad_norm=69.13 learning_rate=8.614e-05 epoch=0.2667
2026-10-09T09:05:17Z step 260/938 loss=1.162 grad_norm=4.129 learning_rate=8.493e-05 epoch=0.2773
2026-10-09T09:09:16Z step 270/938 loss=0.3952 grad_norm=1.133 learning_rate=8.367e-05 epoch=0.288
2026-10-09T09:15:03Z step 280/938 loss=0.5486 grad_norm=177.4 learning_rate=8.237e-05 epoch=0.2987
2026-10-09T09:19:00Z step 290/938 loss=0.844 grad_norm=4.721 learning_rate=8.104e-05 epoch=0.3093
2026-10-09T09:22:59Z step 300/938 loss=0.2976 grad_norm=0.08855 learning_rate=7.967e-05 epoch=0.32
2026-10-09T09:27:16Z step 310/938 loss=1.737 grad_norm=148.4 learning_rate=7.826e-05 epoch=0.3307
2026-10-09T09:31:06Z step 320/938 loss=0.4745 grad_norm=0.05258 learning_rate=7.682e-05 epoch=0.3413
2026-10-09T09:37:24Z step 330/938 loss=0.9677 grad_norm=23.78 learning_rate=7.535e-05 epoch=0.352
2026-10-09T09:41:33Z step 340/938 loss=0.2563 grad_norm=0.9705 learning_rate=7.385e-05 epoch=0.3627
2026-10-09T09:45:52Z step 350/938 loss=0.2756 grad_norm=0.1029 learning_rate=7.231e-05 epoch=0.3733
2026-10-09T09:49:56Z step 360/938 loss=1.942 grad_norm=20.73 learning_rate=7.076e-05 epoch=0.384
2026-10-09T09:55:36Z step 370/938 loss=0.4149 grad_norm=0.5945 learning_rate=6.917e-05 epoch=0.3947
2026-10-09T09:59:32Z step 380/938 loss=0.7263 grad_norm=0.0644 learning_rate=6.757e-05 epoch=0.4053
2026-10-09T10:03:30Z step 390/938 loss=0.4235 grad_norm=0.2744 learning_rate=6.594e-05 epoch=0.416
2026-10-09T10:07:40Z step 400/938 loss=0.5773 grad_norm=0.9278 learning_rate=6.43e-05 epoch=0.4267
2026-10-09T10:11:39Z step 410/938 loss=0.8566 grad_norm=13.03 learning_rate=6.264e-05 epoch=0.4373
2026-10-09T10:18:00Z step 420/938 loss=0.5085 grad_norm=30.82 learning_rate=6.096e-05 epoch=0.448
2026-10-09T10:22:05Z step 430/938 loss=0.2228 grad_norm=14.3 learning_rate=5.927e-05 epoch=0.4587
2026-10-09T10:26:08Z step 440/938 loss=0.1037 grad_norm=0.003688 learning_rate=5.757e-05 epoch=0.4693
2026-10-09T10:29:43Z step 450/938 loss=0.2952 grad_norm=0.2136 learning_rate=5.586e-05 epoch=0.48
2026-10-09T10:35:45Z step 460/938 loss=0.2027 grad_norm=0.31 learning_rate=5.414e-05 epoch=0.4907
2026-10-09T10:39:35Z step 470/938 loss=0.4801 grad_norm=0.01417 learning_rate=5.242e-05 epoch=0.5013
2026-10-09T10:43:26Z step 480/938 loss=0.8554 grad_norm=9.17 learning_rate=5.069e-05 epoch=0.512
2026-10-09T10:47:27Z step 490/938 loss=0.125 grad_norm=0.08437 learning_rate=4.896e-05 epoch=0.5227
2026-10-09T10:51:19Z step 500/938 loss=0.2789 grad_norm=0.01542 learning_rate=4.724e-05 epoch=0.5333
2026-10-09T10:57:46Z step 510/938 loss=0.06081 grad_norm=0.02666 learning_rate=4.552e-05 epoch=0.544
2026-10-09T11:02:00Z step 520/938 loss=0.1822 grad_norm=0.3623 learning_rate=4.38e-05 epoch=0.5547
2026-10-09T11:05:58Z step 530/938 loss=0.6327 grad_norm=1.492 learning_rate=4.209e-05 epoch=0.5653
2026-10-09T11:09:41Z step 540/938 loss=0.2727 grad_norm=19.96 learning_rate=4.039e-05 epoch=0.576
2026-10-09T11:13:37Z step 550/938 loss=0.4625 grad_norm=31.3 learning_rate=3.871e-05 epoch=0.5867
2026-10-09T11:19:51Z step 560/938 loss=0.1752 grad_norm=18.75 learning_rate=3.703e-05 epoch=0.5973
2026-10-09T11:23:40Z step 570/938 loss=0.2231 grad_norm=21.78 learning_rate=3.537e-05 epoch=0.608
2026-10-09T11:27:39Z step 580/938 loss=0.0735 grad_norm=0.0144 learning_rate=3.373e-05 epoch=0.6187
2026-10-09T11:31:55Z step 590/938 loss=0.002109 grad_norm=0.03658 learning_rate=3.211e-05 epoch=0.6293
2026-10-09T11:38:21Z step 600/938 loss=0.09515 grad_norm=0.001763 learning_rate=3.051e-05 epoch=0.64
2026-10-09T11:42:33Z step 610/938 loss=0.7118 grad_norm=0.00505 learning_rate=2.893e-05 epoch=0.6507
2026-10-09T11:46:33Z step 620/938 loss=0.3736 grad_norm=0.02745 learning_rate=2.738e-05 epoch=0.6613
2026-10-09T11:50:32Z step 630/938 loss=0.2712 grad_norm=29.83 learning_rate=2.585e-05 epoch=0.672
2026-10-09T11:56:45Z step 640/938 loss=0.006366 grad_norm=0.2881 learning_rate=2.436e-05 epoch=0.6827
2026-10-09T12:00:52Z step 650/938 loss=0.1021 grad_norm=0.0294 learning_rate=2.289e-05 epoch=0.6933
2026-10-09T12:05:01Z step 660/938 loss=0.05653 grad_norm=0.004393 learning_rate=2.145e-05 epoch=0.704
2026-10-09T12:09:04Z step 670/938 loss=0.1933 grad_norm=0.1044 learning_rate=2.005e-05 epoch=0.7147
2026-10-09T12:13:05Z step 680/938 loss=0.1362 grad_norm=0.2439 learning_rate=1.869e-05 epoch=0.7253
2026-10-09T12:18:37Z step 690/938 loss=0.05617 grad_norm=0.01825 learning_rate=1.736e-05 epoch=0.736
2026-10-09T12:22:53Z step 700/938 loss=0.2536 grad_norm=0.005196 learning_rate=1.608e-05 epoch=0.7467
2026-10-09T12:27:07Z step 710/938 loss=0.07618 grad_norm=0.0166 learning_rate=1.483e-05 epoch=0.7573
2026-10-09T12:30:59Z step 720/938 loss=0.05653 grad_norm=0.004685 learning_rate=1.362e-05 epoch=0.768
2026-10-09T12:37:00Z step 730/938 loss=0.01394 grad_norm=0.0314 learning_rate=1.246e-05 epoch=0.7787
2026-10-09T12:40:54Z step 740/938 loss=0.531 grad_norm=22.2 learning_rate=1.134e-05 epoch=0.7893
2026-10-09T12:44:51Z step 750/938 loss=0.05372 grad_norm=0.01203 learning_rate=1.027e-05 epoch=0.8
2026-10-09T12:48:53Z step 760/938 loss=0.002188 grad_norm=0.04036 learning_rate=9.247e-06 epoch=0.8107
2026-10-09T12:52:56Z step 770/938 loss=0.4457 grad_norm=0.04726 learning_rate=8.271e-06 epoch=0.8213
2026-10-09T12:58:56Z step 780/938 loss=0.1143 grad_norm=0.2581 learning_rate=7.345e-06 epoch=0.832
2026-10-09T13:03:14Z step 790/938 loss=0.01175 grad_norm=0.002724 learning_rate=6.47e-06 epoch=0.8427
2026-10-09T13:07:17Z step 800/938 loss=0.005769 grad_norm=0.0136 learning_rate=5.647e-06 epoch=0.8533
2026-10-09T13:11:12Z step 810/938 loss=0.001542 grad_norm=0.00322 learning_rate=4.877e-06 epoch=0.864
2026-10-09T13:17:26Z step 820/938 loss=0.001382 grad_norm=0.7928 learning_rate=4.16e-06 epoch=0.8747
2026-10-09T13:21:04Z step 830/938 loss=0.4089 grad_norm=99.78 learning_rate=3.498e-06 epoch=0.8853
2026-10-09T13:25:22Z step 840/938 loss=0.1737 grad_norm=9.922 learning_rate=2.892e-06 epoch=0.896
2026-10-09T13:29:36Z step 850/938 loss=0.1051 grad_norm=0.00626 learning_rate=2.342e-06 epoch=0.9067
2026-10-09T13:33:33Z step 860/938 loss=0.2398 grad_norm=0.05154 learning_rate=1.848e-06 epoch=0.9173
2026-10-09T13:39:52Z step 870/938 loss=0.1191 grad_norm=0.04958 learning_rate=1.412e-06 epoch=0.928
2026-10-09T13:43:47Z step 880/938 loss=0.002321 grad_norm=0.2911 learning_rate=1.034e-06 epoch=0.9387
2026-10-09T13:48:08Z step 890/938 loss=0.2008 grad_norm=13.27 learning_rate=7.137e-07 epoch=0.9493
2026-10-09T13:51:58Z step 900/938 loss=0.001275 grad_norm=0.001556 learning_rate=4.525e-07 epoch=0.96
2026-10-09T13:58:34Z step 910/938 loss=0.01068 grad_norm=0.01401 learning_rate=2.504e-07 epoch=0.9707
2026-10-09T14:02:46Z step 920/938 loss=0.002118 grad_norm=0.02148 learning_rate=1.075e-07 epoch=0.9813
2026-10-09T14:06:55Z step 930/938 loss=0.2396 grad_norm=0.006898 learning_rate=2.413e-08 epoch=0.992
2026-10-09T14:10:07Z step 938/938 train_runtime=2.517e+04 train_samples_per_second=2.384 train_steps_per_second=0.037 total_flos=1.869e+18 train_loss=0.6433 epoch=1
2026-10-09T14:10:58Z trained 938 steps in 419.5 min, 989.3 tok/s, peak 32.73 GB
2026-10-09T14:11:01Z u path: fp32-hidden (max |u_fp32 - u_bf16logits| = 0.0909)
2026-10-09T14:11:02Z padding self-check: max |u_batch - u_single| = 0.1386 (tol 0.886) -> left padding
2026-10-09T14:14:25Z B-MIX-blocks-s0 rule_v1/dev: TA 99.7 Rev 100.0 Hold 99.7 n=300 (204.1 s)
2026-10-09T17:30:43Z adapter already trained for this spec (/pvc/selrm/adapters/B-MIX-blocks-s0/TRAINED.json); skipping training
2026-10-09T17:31:52Z u path: fp32-hidden (max |u_fp32 - u_bf16logits| = 0.1302)
2026-10-09T17:31:54Z padding self-check: max |u_batch - u_single| = 0.1716 (tol 0.886) -> left padding
2026-10-09T17:33:55Z B-MIX-blocks-s0 rule_v1/dev: TA 100.0 Rev 100.0 Hold 100.0 n=300 (176.8 s)
2026-10-09T18:19:21Z B-MIX-blocks-s0 mcv_v1/dev: TA nan Rev nan Hold nan n=None (2725.7 s)
2026-10-09T18:19:23Z DONE B-MIX-blocks-s0 in 48.9 min, GPU util mean 95.6
