2026-10-03T20:14:20Z step 10/938 loss=0.4493 grad_norm=0.8451 learning_rate=3.214e-05 epoch=0.01067
2026-10-03T20:14:47Z step 20/938 loss=0.07349 grad_norm=0.2752 learning_rate=6.786e-05 epoch=0.02133
2026-10-03T20:15:15Z step 30/938 loss=0.01367 grad_norm=0.06509 learning_rate=0.0001 epoch=0.032
2026-10-03T20:15:42Z step 40/938 loss=0.005754 grad_norm=0.1013 learning_rate=9.996e-05 epoch=0.04267
2026-10-03T20:16:09Z step 50/938 loss=0.005174 grad_norm=0.1901 learning_rate=9.987e-05 epoch=0.05333
2026-10-03T20:16:36Z step 60/938 loss=0.001461 grad_norm=0.01803 learning_rate=9.971e-05 epoch=0.064
2026-10-03T20:17:04Z step 70/938 loss=0.001476 grad_norm=0.006876 learning_rate=9.95e-05 epoch=0.07467
2026-10-03T20:17:31Z step 80/938 loss=0.0007287 grad_norm=0.009597 learning_rate=9.923e-05 epoch=0.08533
2026-10-03T20:17:58Z step 90/938 loss=0.001479 grad_norm=0.007577 learning_rate=9.89e-05 epoch=0.096
2026-10-03T20:18:25Z step 100/938 loss=0.00137 grad_norm=0.175 learning_rate=9.851e-05 epoch=0.1067
2026-10-03T20:18:53Z step 110/938 loss=0.001118 grad_norm=0.004361 learning_rate=9.806e-05 epoch=0.1173
2026-10-03T20:19:19Z step 120/938 loss=0.0003583 grad_norm=0.01673 learning_rate=9.755e-05 epoch=0.128
2026-10-03T20:19:47Z step 130/938 loss=0.001457 grad_norm=0.01764 learning_rate=9.699e-05 epoch=0.1387
2026-10-03T20:20:14Z step 140/938 loss=0.0006651 grad_norm=0.008541 learning_rate=9.637e-05 epoch=0.1493
2026-10-03T20:20:41Z step 150/938 loss=0.0004437 grad_norm=0.03782 learning_rate=9.57e-05 epoch=0.16
2026-10-03T20:21:07Z step 160/938 loss=0.0003282 grad_norm=0.004957 learning_rate=9.497e-05 epoch=0.1707
2026-10-03T20:21:35Z step 170/938 loss=0.001332 grad_norm=0.01698 learning_rate=9.419e-05 epoch=0.1813
2026-10-03T20:22:02Z step 180/938 loss=7.081e-05 grad_norm=0.0007705 learning_rate=9.336e-05 epoch=0.192
2026-10-03T20:22:30Z step 190/938 loss=0.0002256 grad_norm=0.0009263 learning_rate=9.247e-05 epoch=0.2027
2026-10-03T20:22:58Z step 200/938 loss=0.000387 grad_norm=0.004546 learning_rate=9.154e-05 epoch=0.2133
2026-10-03T20:23:24Z step 210/938 loss=0.0003939 grad_norm=0.09605 learning_rate=9.055e-05 epoch=0.224
2026-10-03T20:23:52Z step 220/938 loss=0.0004679 grad_norm=0.04724 learning_rate=8.952e-05 epoch=0.2347
2026-10-03T20:24:19Z step 230/938 loss=0.0001686 grad_norm=0.002786 learning_rate=8.844e-05 epoch=0.2453
2026-10-03T20:24:46Z step 240/938 loss=2.169e-05 grad_norm=0.001185 learning_rate=8.731e-05 epoch=0.256
2026-10-03T20:25:13Z step 250/938 loss=0.0001714 grad_norm=0.0002306 learning_rate=8.614e-05 epoch=0.2667
2026-10-03T20:25:41Z step 260/938 loss=1.42e-05 grad_norm=0.004564 learning_rate=8.493e-05 epoch=0.2773
2026-10-03T20:26:08Z step 270/938 loss=0.0005411 grad_norm=0.001487 learning_rate=8.367e-05 epoch=0.288
2026-10-03T20:26:35Z step 280/938 loss=0.0001814 grad_norm=0.00534 learning_rate=8.237e-05 epoch=0.2987
2026-10-03T20:27:02Z step 290/938 loss=7.702e-05 grad_norm=0.001012 learning_rate=8.104e-05 epoch=0.3093
2026-10-03T20:27:29Z step 300/938 loss=1.533e-05 grad_norm=0.0001435 learning_rate=7.967e-05 epoch=0.32
2026-10-03T20:27:56Z step 310/938 loss=0.00118 grad_norm=0.002091 learning_rate=7.826e-05 epoch=0.3307
2026-10-03T20:28:23Z step 320/938 loss=0.0001031 grad_norm=0.004689 learning_rate=7.682e-05 epoch=0.3413
2026-10-03T20:28:50Z step 330/938 loss=0.0001589 grad_norm=0.003397 learning_rate=7.535e-05 epoch=0.352
2026-10-03T20:29:17Z step 340/938 loss=0.0001675 grad_norm=0.0004128 learning_rate=7.385e-05 epoch=0.3627
2026-10-03T20:29:43Z step 350/938 loss=0.0001473 grad_norm=0.000241 learning_rate=7.231e-05 epoch=0.3733
2026-10-03T20:30:10Z step 360/938 loss=0.0001045 grad_norm=0.001891 learning_rate=7.076e-05 epoch=0.384
2026-10-03T20:30:38Z step 370/938 loss=0.0001575 grad_norm=0.0001915 learning_rate=6.917e-05 epoch=0.3947
2026-10-03T20:31:04Z step 380/938 loss=3.84e-05 grad_norm=0.00188 learning_rate=6.757e-05 epoch=0.4053
2026-10-03T20:31:35Z step 390/938 loss=0.0003253 grad_norm=0.0001434 learning_rate=6.594e-05 epoch=0.416
2026-10-03T20:32:02Z step 400/938 loss=9.418e-05 grad_norm=0.0003098 learning_rate=6.43e-05 epoch=0.4267
2026-10-03T20:32:29Z step 410/938 loss=2.744e-05 grad_norm=0.0002766 learning_rate=6.264e-05 epoch=0.4373
2026-10-03T20:32:56Z step 420/938 loss=2.588e-05 grad_norm=0.008105 learning_rate=6.096e-05 epoch=0.448
2026-10-03T20:33:24Z step 430/938 loss=2.456e-05 grad_norm=0.0005223 learning_rate=5.927e-05 epoch=0.4587
2026-10-03T20:33:50Z step 440/938 loss=1.417e-05 grad_norm=6.867e-05 learning_rate=5.757e-05 epoch=0.4693
2026-10-03T20:34:18Z step 450/938 loss=2.624e-05 grad_norm=0.0002366 learning_rate=5.586e-05 epoch=0.48
2026-10-03T20:34:44Z step 460/938 loss=0.0002285 grad_norm=0.08893 learning_rate=5.414e-05 epoch=0.4907
2026-10-03T20:35:11Z step 470/938 loss=7.01e-06 grad_norm=7.353e-05 learning_rate=5.242e-05 epoch=0.5013
2026-10-03T20:35:38Z step 480/938 loss=8.34e-06 grad_norm=0.0004917 learning_rate=5.069e-05 epoch=0.512
2026-10-03T20:36:05Z step 490/938 loss=1.457e-05 grad_norm=0.0006207 learning_rate=4.896e-05 epoch=0.5227
2026-10-03T20:36:32Z step 500/938 loss=1.832e-05 grad_norm=9.972e-05 learning_rate=4.724e-05 epoch=0.5333
2026-10-03T20:36:59Z step 510/938 loss=0.001337 grad_norm=0.0001104 learning_rate=4.552e-05 epoch=0.544
2026-10-03T20:37:26Z step 520/938 loss=5.098e-05 grad_norm=0.001609 learning_rate=4.38e-05 epoch=0.5547
2026-10-03T20:37:53Z step 530/938 loss=2.867e-05 grad_norm=0.0006002 learning_rate=4.209e-05 epoch=0.5653
2026-10-03T20:38:20Z step 540/938 loss=4.977e-05 grad_norm=0.0002224 learning_rate=4.039e-05 epoch=0.576
2026-10-03T20:38:47Z step 550/938 loss=2.449e-05 grad_norm=0.004893 learning_rate=3.871e-05 epoch=0.5867
2026-10-03T20:39:14Z step 560/938 loss=0.0001169 grad_norm=0.0001444 learning_rate=3.703e-05 epoch=0.5973
2026-10-03T20:39:41Z step 570/938 loss=0.0003657 grad_norm=0.01223 learning_rate=3.537e-05 epoch=0.608
2026-10-03T20:40:07Z step 580/938 loss=2.408e-05 grad_norm=0.003211 learning_rate=3.373e-05 epoch=0.6187
2026-10-03T20:40:35Z step 590/938 loss=5.121e-05 grad_norm=0.0001363 learning_rate=3.211e-05 epoch=0.6293
2026-10-03T20:41:02Z step 600/938 loss=4.654e-05 grad_norm=0.0003194 learning_rate=3.051e-05 epoch=0.64
2026-10-03T20:41:29Z step 610/938 loss=2.499e-05 grad_norm=0.001721 learning_rate=2.893e-05 epoch=0.6507
2026-10-03T20:41:56Z step 620/938 loss=4.435e-06 grad_norm=0.0006011 learning_rate=2.738e-05 epoch=0.6613
2026-10-03T20:42:39Z step 630/938 loss=0.0003005 grad_norm=0.2223 learning_rate=2.585e-05 epoch=0.672
2026-10-03T20:43:06Z step 640/938 loss=1.484e-05 grad_norm=0.002487 learning_rate=2.436e-05 epoch=0.6827
2026-10-03T20:43:33Z step 650/938 loss=2.905e-05 grad_norm=4.732e-05 learning_rate=2.289e-05 epoch=0.6933
2026-10-03T20:44:00Z step 660/938 loss=1.84e-05 grad_norm=0.00756 learning_rate=2.145e-05 epoch=0.704
2026-10-03T20:44:27Z step 670/938 loss=9.234e-06 grad_norm=0.01061 learning_rate=2.005e-05 epoch=0.7147
2026-10-03T20:44:54Z step 680/938 loss=5.444e-06 grad_norm=0.0002595 learning_rate=1.869e-05 epoch=0.7253
2026-10-03T20:45:21Z step 690/938 loss=5.078e-06 grad_norm=0.0001067 learning_rate=1.736e-05 epoch=0.736
2026-10-03T20:45:48Z step 700/938 loss=7.897e-06 grad_norm=8.25e-05 learning_rate=1.608e-05 epoch=0.7467
2026-10-03T20:46:16Z step 710/938 loss=7.814e-05 grad_norm=0.05349 learning_rate=1.483e-05 epoch=0.7573
2026-10-03T20:46:43Z step 720/938 loss=0.000694 grad_norm=0.2388 learning_rate=1.362e-05 epoch=0.768
2026-10-03T20:47:09Z step 730/938 loss=2.23e-05 grad_norm=0.0004644 learning_rate=1.246e-05 epoch=0.7787
2026-10-03T20:47:37Z step 740/938 loss=2.644e-05 grad_norm=0.000244 learning_rate=1.134e-05 epoch=0.7893
2026-10-03T20:48:04Z step 750/938 loss=0.000275 grad_norm=0.0008115 learning_rate=1.027e-05 epoch=0.8
2026-10-03T20:48:31Z step 760/938 loss=6.166e-05 grad_norm=0.0001409 learning_rate=9.247e-06 epoch=0.8107
2026-10-03T20:48:58Z step 770/938 loss=0.000154 grad_norm=0.0002872 learning_rate=8.271e-06 epoch=0.8213
2026-10-03T20:49:25Z step 780/938 loss=5.809e-05 grad_norm=0.0001621 learning_rate=7.345e-06 epoch=0.832
2026-10-03T20:49:52Z step 790/938 loss=0.0001193 grad_norm=0.0001204 learning_rate=6.47e-06 epoch=0.8427
2026-10-03T20:50:19Z step 800/938 loss=8.044e-06 grad_norm=8.937e-05 learning_rate=5.647e-06 epoch=0.8533
2026-10-03T20:50:46Z step 810/938 loss=0.0001745 grad_norm=0.0001904 learning_rate=4.877e-06 epoch=0.864
2026-10-03T20:51:14Z step 820/938 loss=1.038e-05 grad_norm=0.004873 learning_rate=4.16e-06 epoch=0.8747
2026-10-03T20:51:45Z step 830/938 loss=2.034e-05 grad_norm=0.01021 learning_rate=3.498e-06 epoch=0.8853
2026-10-03T20:52:11Z step 840/938 loss=4.922e-06 grad_norm=0.0007073 learning_rate=2.892e-06 epoch=0.896
2026-10-03T20:52:38Z step 850/938 loss=9.178e-06 grad_norm=0.0001318 learning_rate=2.342e-06 epoch=0.9067
2026-10-03T20:53:05Z step 860/938 loss=4.408e-06 grad_norm=8.159e-05 learning_rate=1.848e-06 epoch=0.9173
2026-10-03T20:53:33Z step 870/938 loss=1.551e-05 grad_norm=0.0003712 learning_rate=1.412e-06 epoch=0.928
2026-10-03T20:53:59Z step 880/938 loss=6.831e-06 grad_norm=0.0001065 learning_rate=1.034e-06 epoch=0.9387
2026-10-03T20:54:40Z step 890/938 loss=3.599e-06 grad_norm=7.261e-05 learning_rate=7.137e-07 epoch=0.9493
2026-10-03T20:55:07Z step 900/938 loss=5.399e-06 grad_norm=0.00105 learning_rate=4.525e-07 epoch=0.96
2026-10-03T20:55:35Z step 910/938 loss=4.963e-06 grad_norm=0.0001847 learning_rate=2.504e-07 epoch=0.9707
2026-10-03T20:56:02Z step 920/938 loss=5.878e-06 grad_norm=0.001225 learning_rate=1.075e-07 epoch=0.9813
2026-10-03T20:56:30Z step 930/938 loss=9.178e-06 grad_norm=6.642e-05 learning_rate=2.413e-08 epoch=0.992
2026-10-03T20:56:51Z step 938/938 train_runtime=2732 train_samples_per_second=21.96 train_steps_per_second=0.343 total_flos=1.316e+18 train_loss=0.006072 epoch=1
2026-10-03T20:56:55Z trained 938 steps in 45.6 min, 5101.9 tok/s, peak 24.19 GB
2026-10-03T20:57:11Z u path: fp32-hidden (max |u_fp32 - u_bf16logits| = 0.0242)
2026-10-03T20:57:12Z padding self-check: max |u_batch - u_single| = 0.0962 (tol 0.607) -> left padding
2026-10-03T20:58:32Z B-FOLD2-ledger2-triplets-s2 rule_v1_fold2/dev: TA 99.3 Rev 99.3 Hold 100.0 n=300 (96.7 s)
2026-10-03T21:00:50Z generate: batch 25/32, 224891 tokens, 1660 tok/s
2026-10-03T21:04:36Z B-FOLD2-ledger2-triplets-s2 rule_v1_fold2/test_L2: TA 98.8 Rev 98.8 Hold 100.0 n=2000 (363.6 s)
2026-10-03T21:04:37Z DONE B-FOLD2-ledger2-triplets-s2 in 53.6 min, GPU util mean 91.4
