2026-10-03T18:11:12Z step 10/938 loss=0.9483 grad_norm=10.46 learning_rate=3.214e-05 epoch=0.01067
2026-10-03T18:11:36Z step 20/938 loss=0.5693 grad_norm=3.594 learning_rate=6.786e-05 epoch=0.02133
2026-10-03T18:12:00Z step 30/938 loss=0.4079 grad_norm=1.725 learning_rate=0.0001 epoch=0.032
2026-10-03T18:12:25Z step 40/938 loss=0.5033 grad_norm=7.209 learning_rate=9.996e-05 epoch=0.04267
2026-10-03T18:12:50Z step 50/938 loss=0.2524 grad_norm=5.718 learning_rate=9.987e-05 epoch=0.05333
2026-10-03T18:13:14Z step 60/938 loss=0.1711 grad_norm=0.6858 learning_rate=9.971e-05 epoch=0.064
2026-10-03T18:13:38Z step 70/938 loss=0.2012 grad_norm=21.96 learning_rate=9.95e-05 epoch=0.07467
2026-10-03T18:14:03Z step 80/938 loss=0.2088 grad_norm=5.971 learning_rate=9.923e-05 epoch=0.08533
2026-10-03T18:14:27Z step 90/938 loss=0.1934 grad_norm=2.86 learning_rate=9.89e-05 epoch=0.096
2026-10-03T18:14:51Z step 100/938 loss=0.1656 grad_norm=1.345 learning_rate=9.851e-05 epoch=0.1067
2026-10-03T18:15:16Z step 110/938 loss=0.09974 grad_norm=3.164 learning_rate=9.806e-05 epoch=0.1173
2026-10-03T18:15:40Z step 120/938 loss=0.1722 grad_norm=8.982 learning_rate=9.755e-05 epoch=0.128
2026-10-03T18:16:05Z step 130/938 loss=0.1132 grad_norm=1.957 learning_rate=9.699e-05 epoch=0.1387
2026-10-03T18:16:29Z step 140/938 loss=0.1995 grad_norm=2.846 learning_rate=9.637e-05 epoch=0.1493
2026-10-03T18:16:53Z step 150/938 loss=0.1286 grad_norm=0.8837 learning_rate=9.57e-05 epoch=0.16
2026-10-03T18:17:18Z step 160/938 loss=0.08343 grad_norm=4.269 learning_rate=9.497e-05 epoch=0.1707
2026-10-03T18:17:42Z step 170/938 loss=0.0883 grad_norm=2.541 learning_rate=9.419e-05 epoch=0.1813
2026-10-03T18:18:06Z step 180/938 loss=0.07758 grad_norm=10.43 learning_rate=9.336e-05 epoch=0.192
2026-10-03T18:18:31Z step 190/938 loss=0.1564 grad_norm=1.401 learning_rate=9.247e-05 epoch=0.2027
2026-10-03T18:18:56Z step 200/938 loss=0.1579 grad_norm=2.574 learning_rate=9.154e-05 epoch=0.2133
2026-10-03T18:19:20Z step 210/938 loss=0.1824 grad_norm=0.6736 learning_rate=9.055e-05 epoch=0.224
2026-10-03T18:19:44Z step 220/938 loss=0.05517 grad_norm=0.01634 learning_rate=8.952e-05 epoch=0.2347
2026-10-03T18:20:09Z step 230/938 loss=0.1484 grad_norm=8.889 learning_rate=8.844e-05 epoch=0.2453
2026-10-03T18:20:33Z step 240/938 loss=0.07126 grad_norm=3.513 learning_rate=8.731e-05 epoch=0.256
2026-10-03T18:20:56Z step 250/938 loss=0.03513 grad_norm=0.4487 learning_rate=8.614e-05 epoch=0.2667
2026-10-03T18:21:20Z step 260/938 loss=0.07834 grad_norm=0.714 learning_rate=8.493e-05 epoch=0.2773
2026-10-03T18:21:45Z step 270/938 loss=0.08668 grad_norm=2.534 learning_rate=8.367e-05 epoch=0.288
2026-10-03T18:22:09Z step 280/938 loss=0.07715 grad_norm=1.202 learning_rate=8.237e-05 epoch=0.2987
2026-10-03T18:22:34Z step 290/938 loss=0.06418 grad_norm=4.67 learning_rate=8.104e-05 epoch=0.3093
2026-10-03T18:22:58Z step 300/938 loss=0.05684 grad_norm=3.381 learning_rate=7.967e-05 epoch=0.32
2026-10-03T18:23:23Z step 310/938 loss=0.06979 grad_norm=0.7995 learning_rate=7.826e-05 epoch=0.3307
2026-10-03T18:23:48Z step 320/938 loss=0.05278 grad_norm=0.1173 learning_rate=7.682e-05 epoch=0.3413
2026-10-03T18:24:12Z step 330/938 loss=0.1233 grad_norm=0.09201 learning_rate=7.535e-05 epoch=0.352
2026-10-03T18:24:36Z step 340/938 loss=0.05609 grad_norm=0.2191 learning_rate=7.385e-05 epoch=0.3627
2026-10-03T18:25:01Z step 350/938 loss=0.1123 grad_norm=1.511 learning_rate=7.231e-05 epoch=0.3733
2026-10-03T18:25:26Z step 360/938 loss=0.06274 grad_norm=0.197 learning_rate=7.076e-05 epoch=0.384
2026-10-03T18:25:50Z step 370/938 loss=0.03636 grad_norm=0.9181 learning_rate=6.917e-05 epoch=0.3947
2026-10-03T18:26:14Z step 380/938 loss=0.06541 grad_norm=3.663 learning_rate=6.757e-05 epoch=0.4053
2026-10-03T18:26:38Z step 390/938 loss=0.03855 grad_norm=0.09845 learning_rate=6.594e-05 epoch=0.416
2026-10-03T18:27:03Z step 400/938 loss=0.02998 grad_norm=0.03544 learning_rate=6.43e-05 epoch=0.4267
2026-10-03T18:27:27Z step 410/938 loss=0.0615 grad_norm=4.946 learning_rate=6.264e-05 epoch=0.4373
2026-10-03T18:27:52Z step 420/938 loss=0.04476 grad_norm=1.199 learning_rate=6.096e-05 epoch=0.448
2026-10-03T18:28:16Z step 430/938 loss=0.061 grad_norm=0.6556 learning_rate=5.927e-05 epoch=0.4587
2026-10-03T18:28:41Z step 440/938 loss=0.01666 grad_norm=3.499 learning_rate=5.757e-05 epoch=0.4693
2026-10-03T18:29:04Z step 450/938 loss=0.05344 grad_norm=9.38 learning_rate=5.586e-05 epoch=0.48
2026-10-03T18:29:29Z step 460/938 loss=0.004547 grad_norm=0.02347 learning_rate=5.414e-05 epoch=0.4907
2026-10-03T18:29:53Z step 470/938 loss=0.03049 grad_norm=3.961 learning_rate=5.242e-05 epoch=0.5013
2026-10-03T18:30:18Z step 480/938 loss=0.04085 grad_norm=1.513 learning_rate=5.069e-05 epoch=0.512
2026-10-03T18:30:43Z step 490/938 loss=0.04331 grad_norm=1.522 learning_rate=4.896e-05 epoch=0.5227
2026-10-03T18:31:13Z step 500/938 loss=0.009966 grad_norm=0.03172 learning_rate=4.724e-05 epoch=0.5333
2026-10-03T18:31:37Z step 510/938 loss=0.04543 grad_norm=1.263 learning_rate=4.552e-05 epoch=0.544
2026-10-03T18:32:00Z step 520/938 loss=0.01585 grad_norm=0.9214 learning_rate=4.38e-05 epoch=0.5547
2026-10-03T18:32:24Z step 530/938 loss=0.02563 grad_norm=0.01665 learning_rate=4.209e-05 epoch=0.5653
2026-10-03T18:32:49Z step 540/938 loss=0.005602 grad_norm=0.006793 learning_rate=4.039e-05 epoch=0.576
2026-10-03T18:33:13Z step 550/938 loss=0.01195 grad_norm=0.002588 learning_rate=3.871e-05 epoch=0.5867
2026-10-03T18:33:38Z step 560/938 loss=0.004229 grad_norm=0.09027 learning_rate=3.703e-05 epoch=0.5973
2026-10-03T18:34:02Z step 570/938 loss=0.0208 grad_norm=0.0347 learning_rate=3.537e-05 epoch=0.608
2026-10-03T18:34:27Z step 580/938 loss=0.03142 grad_norm=0.6752 learning_rate=3.373e-05 epoch=0.6187
2026-10-03T18:34:51Z step 590/938 loss=0.001132 grad_norm=0.04411 learning_rate=3.211e-05 epoch=0.6293
2026-10-03T18:35:16Z step 600/938 loss=0.001108 grad_norm=0.04293 learning_rate=3.051e-05 epoch=0.64
2026-10-03T18:35:40Z step 610/938 loss=0.001129 grad_norm=0.09275 learning_rate=2.893e-05 epoch=0.6507
2026-10-03T18:36:05Z step 620/938 loss=0.00728 grad_norm=0.02446 learning_rate=2.738e-05 epoch=0.6613
2026-10-03T18:36:29Z step 630/938 loss=0.001083 grad_norm=1.252 learning_rate=2.585e-05 epoch=0.672
2026-10-03T18:36:54Z step 640/938 loss=0.01653 grad_norm=0.0004469 learning_rate=2.436e-05 epoch=0.6827
2026-10-03T18:37:18Z step 650/938 loss=0.001277 grad_norm=0.1429 learning_rate=2.289e-05 epoch=0.6933
2026-10-03T18:37:43Z step 660/938 loss=0.0004849 grad_norm=0.002085 learning_rate=2.145e-05 epoch=0.704
2026-10-03T18:38:07Z step 670/938 loss=0.01214 grad_norm=0.0195 learning_rate=2.005e-05 epoch=0.7147
2026-10-03T18:38:32Z step 680/938 loss=0.0004213 grad_norm=0.0007011 learning_rate=1.869e-05 epoch=0.7253
2026-10-03T18:38:56Z step 690/938 loss=0.002988 grad_norm=0.0005756 learning_rate=1.736e-05 epoch=0.736
2026-10-03T18:39:20Z step 700/938 loss=0.002183 grad_norm=0.00209 learning_rate=1.608e-05 epoch=0.7467
2026-10-03T18:39:44Z step 710/938 loss=0.002701 grad_norm=0.0009482 learning_rate=1.483e-05 epoch=0.7573
2026-10-03T18:40:09Z step 720/938 loss=0.001891 grad_norm=0.1362 learning_rate=1.362e-05 epoch=0.768
2026-10-03T18:40:33Z step 730/938 loss=0.001818 grad_norm=0.002113 learning_rate=1.246e-05 epoch=0.7787
2026-10-03T18:40:57Z step 740/938 loss=0.02179 grad_norm=1.573 learning_rate=1.134e-05 epoch=0.7893
2026-10-03T18:41:22Z step 750/938 loss=0.0002466 grad_norm=0.01539 learning_rate=1.027e-05 epoch=0.8
2026-10-03T18:41:46Z step 760/938 loss=0.0005979 grad_norm=0.2029 learning_rate=9.247e-06 epoch=0.8107
2026-10-03T18:42:11Z step 770/938 loss=0.0002687 grad_norm=0.02347 learning_rate=8.271e-06 epoch=0.8213
2026-10-03T18:42:37Z step 780/938 loss=0.01134 grad_norm=0.002878 learning_rate=7.345e-06 epoch=0.832
2026-10-03T18:43:01Z step 790/938 loss=0.0004918 grad_norm=0.00412 learning_rate=6.47e-06 epoch=0.8427
2026-10-03T18:43:26Z step 800/938 loss=0.0002081 grad_norm=0.002447 learning_rate=5.647e-06 epoch=0.8533
2026-10-03T18:43:50Z step 810/938 loss=0.008588 grad_norm=0.1555 learning_rate=4.877e-06 epoch=0.864
2026-10-03T18:44:15Z step 820/938 loss=0.02142 grad_norm=0.001295 learning_rate=4.16e-06 epoch=0.8747
2026-10-03T18:44:39Z step 830/938 loss=0.01375 grad_norm=0.06187 learning_rate=3.498e-06 epoch=0.8853
2026-10-03T18:45:03Z step 840/938 loss=0.0005203 grad_norm=0.03135 learning_rate=2.892e-06 epoch=0.896
2026-10-03T18:45:27Z step 850/938 loss=0.001235 grad_norm=0.005341 learning_rate=2.342e-06 epoch=0.9067
2026-10-03T18:45:52Z step 860/938 loss=0.01307 grad_norm=0.002696 learning_rate=1.848e-06 epoch=0.9173
2026-10-03T18:46:16Z step 870/938 loss=0.001607 grad_norm=0.0001169 learning_rate=1.412e-06 epoch=0.928
2026-10-03T18:46:40Z step 880/938 loss=0.01222 grad_norm=0.006331 learning_rate=1.034e-06 epoch=0.9387
2026-10-03T18:47:05Z step 890/938 loss=0.0263 grad_norm=3.304 learning_rate=7.137e-07 epoch=0.9493
2026-10-03T18:47:29Z step 900/938 loss=0.02158 grad_norm=0.008261 learning_rate=4.525e-07 epoch=0.96
2026-10-03T18:47:54Z step 910/938 loss=0.0001744 grad_norm=0.01491 learning_rate=2.504e-07 epoch=0.9707
2026-10-03T18:48:18Z step 920/938 loss=9.353e-05 grad_norm=0.003453 learning_rate=1.075e-07 epoch=0.9813
2026-10-03T18:48:43Z step 930/938 loss=0.000245 grad_norm=0.01086 learning_rate=2.413e-08 epoch=0.992
2026-10-03T18:49:01Z step 938/938 train_runtime=2293 train_samples_per_second=26.16 train_steps_per_second=0.409 total_flos=1.159e+18 train_loss=0.07611 epoch=1
2026-10-03T18:49:05Z trained 938 steps in 38.3 min, 6089.9 tok/s, peak 32.1 GB
2026-10-03T18:49:07Z u path: fp32-hidden (max |u_fp32 - u_bf16logits| = 0.1068)
2026-10-03T18:49:07Z padding self-check: max |u_batch - u_single| = 0.1070 (tol 0.882) -> left padding
2026-10-03T18:49:45Z B-FOLD3-verdict-triplets-s0 rule_v1_fold3/dev: TA 99.7 Rev 99.7 Hold 100.0 n=300 (39.5 s)
2026-10-03T18:53:20Z B-FOLD3-verdict-triplets-s0 rule_v1_fold3/test_L2: TA 99.4 Rev 99.5 Hold 100.0 n=2000 (214.8 s)
2026-10-03T18:53:21Z DONE B-FOLD3-verdict-triplets-s0 in 43.0 min, GPU util mean 97.4
