2026-10-03T15:01:24Z step 10/938 loss=1.766 grad_norm=3.177 learning_rate=3.214e-05 epoch=0.01067
2026-10-03T15:01:50Z step 20/938 loss=0.2455 grad_norm=0.9341 learning_rate=6.786e-05 epoch=0.02133
2026-10-03T15:02:16Z step 30/938 loss=0.05369 grad_norm=0.2413 learning_rate=0.0001 epoch=0.032
2026-10-03T15:02:42Z step 40/938 loss=0.01567 grad_norm=0.2171 learning_rate=9.996e-05 epoch=0.04267
2026-10-03T15:03:09Z step 50/938 loss=0.01321 grad_norm=0.2987 learning_rate=9.987e-05 epoch=0.05333
2026-10-03T15:03:35Z step 60/938 loss=0.004194 grad_norm=0.129 learning_rate=9.971e-05 epoch=0.064
2026-10-03T15:04:01Z step 70/938 loss=0.0134 grad_norm=0.05829 learning_rate=9.95e-05 epoch=0.07467
2026-10-03T15:04:27Z step 80/938 loss=0.01355 grad_norm=0.0127 learning_rate=9.923e-05 epoch=0.08533
2026-10-03T15:04:53Z step 90/938 loss=0.00546 grad_norm=0.1451 learning_rate=9.89e-05 epoch=0.096
2026-10-03T15:05:18Z step 100/938 loss=0.009518 grad_norm=0.1585 learning_rate=9.851e-05 epoch=0.1067
2026-10-03T15:05:45Z step 110/938 loss=0.006474 grad_norm=0.2875 learning_rate=9.806e-05 epoch=0.1173
2026-10-03T15:06:11Z step 120/938 loss=0.001746 grad_norm=0.07399 learning_rate=9.755e-05 epoch=0.128
2026-10-03T15:06:37Z step 130/938 loss=0.001085 grad_norm=0.004279 learning_rate=9.699e-05 epoch=0.1387
2026-10-03T15:07:03Z step 140/938 loss=0.003621 grad_norm=0.002098 learning_rate=9.637e-05 epoch=0.1493
2026-10-03T15:07:28Z step 150/938 loss=0.00432 grad_norm=0.003775 learning_rate=9.57e-05 epoch=0.16
2026-10-03T15:07:54Z step 160/938 loss=0.002775 grad_norm=0.02494 learning_rate=9.497e-05 epoch=0.1707
2026-10-03T15:08:21Z step 170/938 loss=0.0008234 grad_norm=0.03837 learning_rate=9.419e-05 epoch=0.1813
2026-10-03T15:08:48Z step 180/938 loss=0.0005399 grad_norm=0.0007242 learning_rate=9.336e-05 epoch=0.192
2026-10-03T15:09:13Z step 190/938 loss=0.0006638 grad_norm=0.001488 learning_rate=9.247e-05 epoch=0.2027
2026-10-03T15:09:40Z step 200/938 loss=0.0002024 grad_norm=0.0005031 learning_rate=9.154e-05 epoch=0.2133
2026-10-03T15:10:06Z step 210/938 loss=0.001564 grad_norm=0.6908 learning_rate=9.055e-05 epoch=0.224
2026-10-03T15:10:32Z step 220/938 loss=0.00316 grad_norm=0.0005454 learning_rate=8.952e-05 epoch=0.2347
2026-10-03T15:10:59Z step 230/938 loss=0.006871 grad_norm=0.1763 learning_rate=8.844e-05 epoch=0.2453
2026-10-03T15:11:26Z step 240/938 loss=0.001256 grad_norm=0.08963 learning_rate=8.731e-05 epoch=0.256
2026-10-03T15:11:52Z step 250/938 loss=0.0008439 grad_norm=0.00107 learning_rate=8.614e-05 epoch=0.2667
2026-10-03T15:12:19Z step 260/938 loss=0.005166 grad_norm=0.0008624 learning_rate=8.493e-05 epoch=0.2773
2026-10-03T15:12:46Z step 270/938 loss=0.001464 grad_norm=0.05062 learning_rate=8.367e-05 epoch=0.288
2026-10-03T15:13:11Z step 280/938 loss=0.00135 grad_norm=0.003925 learning_rate=8.237e-05 epoch=0.2987
2026-10-03T15:13:37Z step 290/938 loss=0.0009266 grad_norm=0.338 learning_rate=8.104e-05 epoch=0.3093
2026-10-03T15:14:04Z step 300/938 loss=0.000305 grad_norm=0.03564 learning_rate=7.967e-05 epoch=0.32
2026-10-03T15:14:29Z step 310/938 loss=0.0001627 grad_norm=0.01044 learning_rate=7.826e-05 epoch=0.3307
2026-10-03T15:14:55Z step 320/938 loss=4.898e-05 grad_norm=0.0004924 learning_rate=7.682e-05 epoch=0.3413
2026-10-03T15:15:22Z step 330/938 loss=0.001053 grad_norm=0.002311 learning_rate=7.535e-05 epoch=0.352
2026-10-03T15:15:49Z step 340/938 loss=0.0008858 grad_norm=0.6896 learning_rate=7.385e-05 epoch=0.3627
2026-10-03T15:16:16Z step 350/938 loss=0.002512 grad_norm=0.004682 learning_rate=7.231e-05 epoch=0.3733
2026-10-03T15:16:42Z step 360/938 loss=0.003924 grad_norm=0.2865 learning_rate=7.076e-05 epoch=0.384
2026-10-03T15:17:08Z step 370/938 loss=0.001126 grad_norm=0.01522 learning_rate=6.917e-05 epoch=0.3947
2026-10-03T15:17:35Z step 380/938 loss=0.0005034 grad_norm=0.001009 learning_rate=6.757e-05 epoch=0.4053
2026-10-03T15:18:01Z step 390/938 loss=0.001302 grad_norm=0.003279 learning_rate=6.594e-05 epoch=0.416
2026-10-03T15:18:27Z step 400/938 loss=0.0004706 grad_norm=0.04862 learning_rate=6.43e-05 epoch=0.4267
2026-10-03T15:18:54Z step 410/938 loss=0.0005646 grad_norm=0.004953 learning_rate=6.264e-05 epoch=0.4373
2026-10-03T15:19:20Z step 420/938 loss=7.636e-05 grad_norm=0.002328 learning_rate=6.096e-05 epoch=0.448
2026-10-03T15:19:46Z step 430/938 loss=2.756e-05 grad_norm=0.001778 learning_rate=5.927e-05 epoch=0.4587
2026-10-03T15:20:37Z step 440/938 loss=5.413e-05 grad_norm=0.0002626 learning_rate=5.757e-05 epoch=0.4693
2026-10-03T15:21:09Z step 450/938 loss=0.0001173 grad_norm=0.001809 learning_rate=5.586e-05 epoch=0.48
2026-10-03T15:21:35Z step 460/938 loss=0.00011 grad_norm=0.0001117 learning_rate=5.414e-05 epoch=0.4907
2026-10-03T15:22:01Z step 470/938 loss=9.343e-05 grad_norm=0.04314 learning_rate=5.242e-05 epoch=0.5013
2026-10-03T15:22:28Z step 480/938 loss=1.086e-05 grad_norm=0.0008947 learning_rate=5.069e-05 epoch=0.512
2026-10-03T15:22:54Z step 490/938 loss=1.594e-05 grad_norm=0.0002279 learning_rate=4.896e-05 epoch=0.5227
2026-10-03T15:23:21Z step 500/938 loss=2.471e-05 grad_norm=0.001715 learning_rate=4.724e-05 epoch=0.5333
2026-10-03T15:23:48Z step 510/938 loss=0.0002151 grad_norm=0.1804 learning_rate=4.552e-05 epoch=0.544
2026-10-03T15:24:14Z step 520/938 loss=1.687e-05 grad_norm=0.002635 learning_rate=4.38e-05 epoch=0.5547
2026-10-03T15:24:40Z step 530/938 loss=0.002413 grad_norm=0.04265 learning_rate=4.209e-05 epoch=0.5653
2026-10-03T15:25:07Z step 540/938 loss=0.0004745 grad_norm=0.02332 learning_rate=4.039e-05 epoch=0.576
2026-10-03T15:25:33Z step 550/938 loss=0.0004926 grad_norm=0.0004118 learning_rate=3.871e-05 epoch=0.5867
2026-10-03T15:26:00Z step 560/938 loss=0.0001583 grad_norm=0.000237 learning_rate=3.703e-05 epoch=0.5973
2026-10-03T15:26:27Z step 570/938 loss=3.59e-05 grad_norm=0.0003262 learning_rate=3.537e-05 epoch=0.608
2026-10-03T15:26:52Z step 580/938 loss=3.644e-05 grad_norm=0.0004624 learning_rate=3.373e-05 epoch=0.6187
2026-10-03T15:27:19Z step 590/938 loss=4.991e-05 grad_norm=0.01425 learning_rate=3.211e-05 epoch=0.6293
2026-10-03T15:27:44Z step 600/938 loss=0.0004003 grad_norm=0.0005726 learning_rate=3.051e-05 epoch=0.64
2026-10-03T15:28:11Z step 610/938 loss=3.611e-05 grad_norm=0.001005 learning_rate=2.893e-05 epoch=0.6507
2026-10-03T15:28:37Z step 620/938 loss=1.697e-05 grad_norm=0.0002861 learning_rate=2.738e-05 epoch=0.6613
2026-10-03T15:29:04Z step 630/938 loss=6.547e-05 grad_norm=0.0005557 learning_rate=2.585e-05 epoch=0.672
2026-10-03T15:29:30Z step 640/938 loss=5.347e-05 grad_norm=0.004874 learning_rate=2.436e-05 epoch=0.6827
2026-10-03T15:29:56Z step 650/938 loss=0.0005757 grad_norm=0.000392 learning_rate=2.289e-05 epoch=0.6933
2026-10-03T15:30:22Z step 660/938 loss=4.882e-05 grad_norm=0.01495 learning_rate=2.145e-05 epoch=0.704
2026-10-03T15:30:48Z step 670/938 loss=1.485e-05 grad_norm=0.0007263 learning_rate=2.005e-05 epoch=0.7147
2026-10-03T15:31:14Z step 680/938 loss=1.722e-05 grad_norm=0.002508 learning_rate=1.869e-05 epoch=0.7253
2026-10-03T15:31:41Z step 690/938 loss=2.427e-05 grad_norm=0.0002625 learning_rate=1.736e-05 epoch=0.736
2026-10-03T15:32:06Z step 700/938 loss=1.067e-05 grad_norm=0.0003608 learning_rate=1.608e-05 epoch=0.7467
2026-10-03T15:32:32Z step 710/938 loss=1.142e-05 grad_norm=0.0005525 learning_rate=1.483e-05 epoch=0.7573
2026-10-03T15:32:58Z step 720/938 loss=1.52e-05 grad_norm=0.000174 learning_rate=1.362e-05 epoch=0.768
2026-10-03T15:33:25Z step 730/938 loss=1.539e-05 grad_norm=0.003393 learning_rate=1.246e-05 epoch=0.7787
2026-10-03T15:33:51Z step 740/938 loss=1.33e-05 grad_norm=0.002118 learning_rate=1.134e-05 epoch=0.7893
2026-10-03T15:34:17Z step 750/938 loss=1.537e-05 grad_norm=0.0005411 learning_rate=1.027e-05 epoch=0.8
2026-10-03T15:34:44Z step 760/938 loss=9.415e-06 grad_norm=0.00013 learning_rate=9.247e-06 epoch=0.8107
2026-10-03T15:35:10Z step 770/938 loss=0.002554 grad_norm=0.0001854 learning_rate=8.271e-06 epoch=0.8213
2026-10-03T15:35:37Z step 780/938 loss=1.433e-05 grad_norm=0.0003535 learning_rate=7.345e-06 epoch=0.832
2026-10-03T15:36:03Z step 790/938 loss=0.0004903 grad_norm=0.0002922 learning_rate=6.47e-06 epoch=0.8427
2026-10-03T15:36:29Z step 800/938 loss=1.261e-05 grad_norm=0.000175 learning_rate=5.647e-06 epoch=0.8533
2026-10-03T15:36:55Z step 810/938 loss=3.615e-05 grad_norm=0.01552 learning_rate=4.877e-06 epoch=0.864
2026-10-03T15:37:20Z step 820/938 loss=1.454e-05 grad_norm=0.0001333 learning_rate=4.16e-06 epoch=0.8747
2026-10-03T15:37:46Z step 830/938 loss=1.851e-05 grad_norm=0.0003422 learning_rate=3.498e-06 epoch=0.8853
2026-10-03T15:38:11Z step 840/938 loss=1.215e-05 grad_norm=0.0001989 learning_rate=2.892e-06 epoch=0.896
2026-10-03T15:38:38Z step 850/938 loss=0.0001067 grad_norm=0.1266 learning_rate=2.342e-06 epoch=0.9067
2026-10-03T15:39:04Z step 860/938 loss=6.746e-05 grad_norm=0.0003436 learning_rate=1.848e-06 epoch=0.9173
2026-10-03T15:39:30Z step 870/938 loss=2.636e-05 grad_norm=0.0001351 learning_rate=1.412e-06 epoch=0.928
2026-10-03T15:39:57Z step 880/938 loss=2.984e-05 grad_norm=0.001175 learning_rate=1.034e-06 epoch=0.9387
2026-10-03T15:40:24Z step 890/938 loss=1.594e-05 grad_norm=0.0003019 learning_rate=7.137e-07 epoch=0.9493
2026-10-03T15:40:50Z step 900/938 loss=5.838e-05 grad_norm=0.005002 learning_rate=4.525e-07 epoch=0.96
2026-10-03T15:41:21Z step 910/938 loss=2.199e-05 grad_norm=0.0001114 learning_rate=2.504e-07 epoch=0.9707
2026-10-03T15:41:47Z step 920/938 loss=1.708e-05 grad_norm=0.0005033 learning_rate=1.075e-07 epoch=0.9813
2026-10-03T15:42:13Z step 930/938 loss=2.787e-05 grad_norm=0.0009307 learning_rate=2.413e-08 epoch=0.992
2026-10-03T15:42:32Z step 938/938 train_runtime=2495 train_samples_per_second=24.05 train_steps_per_second=0.376 total_flos=1.265e+18 train_loss=0.02353 epoch=1
2026-10-03T15:43:04Z trained 938 steps in 41.6 min, 5272.0 tok/s, peak 34.99 GB
2026-10-03T15:43:05Z u path: fp32-hidden (max |u_fp32 - u_bf16logits| = 0.0011)
2026-10-03T15:43:06Z padding self-check: max |u_batch - u_single| = 0.0787 (tol 0.614) -> left padding
2026-10-03T15:44:02Z B-AB-noresamp-s0 rule_v1/dev: TA 99.3 Rev 99.3 Hold 100.0 n=300 (56.8 s)
2026-10-03T15:46:20Z generate: batch 25/32, 225252 tokens, 1644 tok/s
2026-10-03T15:50:20Z B-AB-noresamp-s0 rule_v1/test_L2: TA 98.8 Rev 98.8 Hold 100.0 n=2000 (378.3 s)
2026-10-03T15:52:26Z B-AB-noresamp-s0 xr_v1/test: TA nan Rev nan Hold nan n=None (125.2 s)
2026-10-03T15:52:30Z DONE B-AB-noresamp-s0 in 52.0 min, GPU util mean 95.6
