2026-10-10T09:25:35Z step 10/938 loss=0.9705 grad_norm=6.964 learning_rate=3.214e-05 epoch=0.01067
2026-10-10T09:26:06Z step 20/938 loss=0.6481 grad_norm=5.082 learning_rate=6.786e-05 epoch=0.02133
2026-10-10T09:26:37Z step 30/938 loss=0.4724 grad_norm=2.542 learning_rate=0.0001 epoch=0.032
2026-10-10T09:27:06Z step 40/938 loss=0.3385 grad_norm=3.805 learning_rate=9.996e-05 epoch=0.04267
2026-10-10T09:27:38Z step 50/938 loss=0.3554 grad_norm=3.163 learning_rate=9.987e-05 epoch=0.05333
2026-10-10T09:28:09Z step 60/938 loss=0.2222 grad_norm=3.698 learning_rate=9.971e-05 epoch=0.064
2026-10-10T09:28:39Z step 70/938 loss=0.3216 grad_norm=5.362 learning_rate=9.95e-05 epoch=0.07467
2026-10-10T09:29:11Z step 80/938 loss=0.2673 grad_norm=1.799 learning_rate=9.923e-05 epoch=0.08533
2026-10-10T09:29:42Z step 90/938 loss=0.1843 grad_norm=5.947 learning_rate=9.89e-05 epoch=0.096
2026-10-10T09:30:12Z step 100/938 loss=0.1778 grad_norm=3.322 learning_rate=9.851e-05 epoch=0.1067
2026-10-10T09:30:43Z step 110/938 loss=0.2614 grad_norm=3.07 learning_rate=9.806e-05 epoch=0.1173
2026-10-10T09:31:13Z step 120/938 loss=0.2011 grad_norm=1.007 learning_rate=9.755e-05 epoch=0.128
2026-10-10T09:31:44Z step 130/938 loss=0.1421 grad_norm=0.7304 learning_rate=9.699e-05 epoch=0.1387
2026-10-10T09:32:14Z step 140/938 loss=0.2059 grad_norm=4.432 learning_rate=9.637e-05 epoch=0.1493
2026-10-10T09:32:44Z step 150/938 loss=0.1467 grad_norm=0.9771 learning_rate=9.57e-05 epoch=0.16
2026-10-10T09:33:15Z step 160/938 loss=0.1625 grad_norm=1.79 learning_rate=9.497e-05 epoch=0.1707
2026-10-10T09:33:45Z step 170/938 loss=0.1777 grad_norm=1.517 learning_rate=9.419e-05 epoch=0.1813
2026-10-10T09:34:15Z step 180/938 loss=0.472 grad_norm=4.477 learning_rate=9.336e-05 epoch=0.192
2026-10-10T09:34:47Z step 190/938 loss=0.2901 grad_norm=1.432 learning_rate=9.247e-05 epoch=0.2027
2026-10-10T09:35:16Z step 200/938 loss=0.1583 grad_norm=5.298 learning_rate=9.154e-05 epoch=0.2133
2026-10-10T09:35:47Z step 210/938 loss=0.1645 grad_norm=1.628 learning_rate=9.055e-05 epoch=0.224
2026-10-10T09:36:18Z step 220/938 loss=0.136 grad_norm=0.6676 learning_rate=8.952e-05 epoch=0.2347
2026-10-10T09:36:48Z step 230/938 loss=0.1677 grad_norm=0.3697 learning_rate=8.844e-05 epoch=0.2453
2026-10-10T09:37:19Z step 240/938 loss=0.1516 grad_norm=0.3953 learning_rate=8.731e-05 epoch=0.256
2026-10-10T09:37:50Z step 250/938 loss=0.09504 grad_norm=0.4089 learning_rate=8.614e-05 epoch=0.2667
2026-10-10T09:38:20Z step 260/938 loss=0.0962 grad_norm=1.352 learning_rate=8.493e-05 epoch=0.2773
2026-10-10T09:38:51Z step 270/938 loss=0.1092 grad_norm=1.819 learning_rate=8.367e-05 epoch=0.288
2026-10-10T09:39:22Z step 280/938 loss=0.09976 grad_norm=0.4178 learning_rate=8.237e-05 epoch=0.2987
2026-10-10T09:39:53Z step 290/938 loss=0.1058 grad_norm=0.2844 learning_rate=8.104e-05 epoch=0.3093
2026-10-10T09:40:24Z step 300/938 loss=0.117 grad_norm=3.476 learning_rate=7.967e-05 epoch=0.32
2026-10-10T09:40:54Z step 310/938 loss=0.09396 grad_norm=0.2793 learning_rate=7.826e-05 epoch=0.3307
2026-10-10T09:41:25Z step 320/938 loss=0.1394 grad_norm=4.566 learning_rate=7.682e-05 epoch=0.3413
2026-10-10T09:41:55Z step 330/938 loss=0.1235 grad_norm=0.4608 learning_rate=7.535e-05 epoch=0.352
2026-10-10T09:42:25Z step 340/938 loss=0.1406 grad_norm=3.996 learning_rate=7.385e-05 epoch=0.3627
2026-10-10T09:42:57Z step 350/938 loss=0.1346 grad_norm=6.948 learning_rate=7.231e-05 epoch=0.3733
2026-10-10T09:43:28Z step 360/938 loss=0.08708 grad_norm=1.406 learning_rate=7.076e-05 epoch=0.384
2026-10-10T09:43:59Z step 370/938 loss=0.123 grad_norm=2.067 learning_rate=6.917e-05 epoch=0.3947
2026-10-10T09:44:29Z step 380/938 loss=0.08094 grad_norm=0.4808 learning_rate=6.757e-05 epoch=0.4053
2026-10-10T09:45:00Z step 390/938 loss=0.1014 grad_norm=0.4027 learning_rate=6.594e-05 epoch=0.416
2026-10-10T09:48:11Z step 400/938 loss=0.09535 grad_norm=0.8279 learning_rate=6.43e-05 epoch=0.4267
2026-10-10T09:48:41Z step 410/938 loss=0.09232 grad_norm=2.158 learning_rate=6.264e-05 epoch=0.4373
2026-10-10T09:49:11Z step 420/938 loss=0.1099 grad_norm=0.849 learning_rate=6.096e-05 epoch=0.448
2026-10-10T09:49:42Z step 430/938 loss=0.09697 grad_norm=0.6887 learning_rate=5.927e-05 epoch=0.4587
2026-10-10T09:50:13Z step 440/938 loss=0.06579 grad_norm=0.4698 learning_rate=5.757e-05 epoch=0.4693
2026-10-10T09:50:43Z step 450/938 loss=0.05749 grad_norm=1.612 learning_rate=5.586e-05 epoch=0.48
2026-10-10T09:51:14Z step 460/938 loss=0.05641 grad_norm=1.035 learning_rate=5.414e-05 epoch=0.4907
2026-10-10T09:52:05Z step 470/938 loss=0.01819 grad_norm=0.007968 learning_rate=5.242e-05 epoch=0.5013
2026-10-10T09:52:36Z step 480/938 loss=0.102 grad_norm=4.784 learning_rate=5.069e-05 epoch=0.512
2026-10-10T09:53:06Z step 490/938 loss=0.1308 grad_norm=1.861 learning_rate=4.896e-05 epoch=0.5227
2026-10-10T09:53:36Z step 500/938 loss=0.08665 grad_norm=1.595 learning_rate=4.724e-05 epoch=0.5333
2026-10-10T09:54:07Z step 510/938 loss=0.05059 grad_norm=0.8754 learning_rate=4.552e-05 epoch=0.544
2026-10-10T09:54:38Z step 520/938 loss=0.05091 grad_norm=1.406 learning_rate=4.38e-05 epoch=0.5547
2026-10-10T09:55:08Z step 530/938 loss=0.05632 grad_norm=0.8635 learning_rate=4.209e-05 epoch=0.5653
2026-10-10T09:55:40Z step 540/938 loss=0.03383 grad_norm=0.7413 learning_rate=4.039e-05 epoch=0.576
2026-10-10T09:56:10Z step 550/938 loss=0.03489 grad_norm=0.09002 learning_rate=3.871e-05 epoch=0.5867
2026-10-10T09:56:41Z step 560/938 loss=0.0484 grad_norm=3.082 learning_rate=3.703e-05 epoch=0.5973
2026-10-10T09:57:12Z step 570/938 loss=0.07034 grad_norm=0.5068 learning_rate=3.537e-05 epoch=0.608
2026-10-10T09:57:43Z step 580/938 loss=0.06924 grad_norm=0.004014 learning_rate=3.373e-05 epoch=0.6187
2026-10-10T09:58:14Z step 590/938 loss=0.01414 grad_norm=0.3172 learning_rate=3.211e-05 epoch=0.6293
2026-10-10T09:58:44Z step 600/938 loss=0.07772 grad_norm=0.124 learning_rate=3.051e-05 epoch=0.64
2026-10-10T09:59:14Z step 610/938 loss=0.02438 grad_norm=0.02108 learning_rate=2.893e-05 epoch=0.6507
2026-10-10T09:59:46Z step 620/938 loss=0.0731 grad_norm=6.513 learning_rate=2.738e-05 epoch=0.6613
2026-10-10T10:00:16Z step 630/938 loss=0.02874 grad_norm=0.5355 learning_rate=2.585e-05 epoch=0.672
2026-10-10T10:00:46Z step 640/938 loss=0.02401 grad_norm=1.604 learning_rate=2.436e-05 epoch=0.6827
2026-10-10T10:01:17Z step 650/938 loss=0.03658 grad_norm=0.7211 learning_rate=2.289e-05 epoch=0.6933
2026-10-10T10:01:47Z step 660/938 loss=0.01244 grad_norm=0.3853 learning_rate=2.145e-05 epoch=0.704
2026-10-10T10:02:17Z step 670/938 loss=0.02455 grad_norm=1.083 learning_rate=2.005e-05 epoch=0.7147
2026-10-10T10:02:47Z step 680/938 loss=0.0781 grad_norm=2.163 learning_rate=1.869e-05 epoch=0.7253
2026-10-10T10:03:17Z step 690/938 loss=0.03866 grad_norm=0.4931 learning_rate=1.736e-05 epoch=0.736
2026-10-10T10:03:47Z step 700/938 loss=0.01924 grad_norm=3.193 learning_rate=1.608e-05 epoch=0.7467
2026-10-10T10:04:19Z step 710/938 loss=0.02963 grad_norm=0.4773 learning_rate=1.483e-05 epoch=0.7573
2026-10-10T10:04:49Z step 720/938 loss=0.02773 grad_norm=0.1421 learning_rate=1.362e-05 epoch=0.768
2026-10-10T10:09:11Z step 730/938 loss=0.03655 grad_norm=2.492 learning_rate=1.246e-05 epoch=0.7787
2026-10-10T10:09:43Z step 740/938 loss=0.02453 grad_norm=1.892 learning_rate=1.134e-05 epoch=0.7893
2026-10-10T10:10:13Z step 750/938 loss=0.008332 grad_norm=0.02479 learning_rate=1.027e-05 epoch=0.8
2026-10-10T10:10:45Z step 760/938 loss=0.01057 grad_norm=0.02695 learning_rate=9.247e-06 epoch=0.8107
2026-10-10T10:11:16Z step 770/938 loss=0.01038 grad_norm=0.8525 learning_rate=8.271e-06 epoch=0.8213
2026-10-10T10:11:46Z step 780/938 loss=0.02281 grad_norm=2.118 learning_rate=7.345e-06 epoch=0.832
2026-10-10T10:12:18Z step 790/938 loss=0.04109 grad_norm=2.918 learning_rate=6.47e-06 epoch=0.8427
2026-10-10T10:12:48Z step 800/938 loss=0.03247 grad_norm=2.968 learning_rate=5.647e-06 epoch=0.8533
2026-10-10T10:13:19Z step 810/938 loss=0.02506 grad_norm=0.114 learning_rate=4.877e-06 epoch=0.864
2026-10-10T10:13:50Z step 820/938 loss=0.01225 grad_norm=0.5352 learning_rate=4.16e-06 epoch=0.8747
2026-10-10T10:14:21Z step 830/938 loss=0.07354 grad_norm=2.701 learning_rate=3.498e-06 epoch=0.8853
2026-10-10T10:14:51Z step 840/938 loss=0.009896 grad_norm=0.06429 learning_rate=2.892e-06 epoch=0.896
2026-10-10T10:15:22Z step 850/938 loss=0.02944 grad_norm=2.342 learning_rate=2.342e-06 epoch=0.9067
2026-10-10T10:15:53Z step 860/938 loss=0.01371 grad_norm=0.1073 learning_rate=1.848e-06 epoch=0.9173
2026-10-10T10:16:22Z step 870/938 loss=0.01545 grad_norm=0.05244 learning_rate=1.412e-06 epoch=0.928
2026-10-10T10:16:53Z step 880/938 loss=0.03497 grad_norm=0.2395 learning_rate=1.034e-06 epoch=0.9387
2026-10-10T10:17:23Z step 890/938 loss=0.01998 grad_norm=0.1275 learning_rate=7.137e-07 epoch=0.9493
2026-10-10T10:17:53Z step 900/938 loss=0.02515 grad_norm=0.5429 learning_rate=4.525e-07 epoch=0.96
2026-10-10T10:18:25Z step 910/938 loss=0.01724 grad_norm=2.36 learning_rate=2.504e-07 epoch=0.9707
2026-10-10T10:18:56Z step 920/938 loss=0.02633 grad_norm=0.247 learning_rate=1.075e-07 epoch=0.9813
2026-10-10T10:19:27Z step 930/938 loss=0.01375 grad_norm=0.009041 learning_rate=2.413e-08 epoch=0.992
2026-10-10T10:19:50Z step 938/938 train_runtime=3286 train_samples_per_second=18.26 train_steps_per_second=0.285 total_flos=1.059e+18 train_loss=0.115 epoch=1
2026-10-10T10:21:01Z trained 938 steps in 54.8 min, 4053.7 tok/s, peak 32.16 GB
2026-10-10T10:21:03Z u path: fp32-hidden (max |u_fp32 - u_bf16logits| = 0.0312)
2026-10-10T10:21:04Z padding self-check: max |u_batch - u_single| = 0.0810 (tol 0.817) -> left padding
2026-10-10T10:21:48Z B-V2-verdict-lo_class-s0 rule_v2/dev: TA 85.3 Rev 99.0 Hold 86.0 n=300 (45.9 s)
2026-10-10T10:26:57Z B-V2-verdict-lo_class-s0 rule_v2/test_L2: TA 79.4 Rev 96.3 Hold 82.5 n=2000 (306.4 s)
2026-10-10T10:32:01Z B-V2-verdict-lo_class-s0 rule_v1/test_L2: TA 92.8 Rev 93.5 Hold 98.5 n=2000 (303.8 s)
2026-10-10T10:33:13Z B-V2-verdict-lo_class-s0 xr_v1/test: TA nan Rev nan Hold nan n=None (70.7 s)
2026-10-10T10:33:46Z B-V2-verdict-lo_class-s0 cls_v1/dev: TA 32.0 Rev 98.7 Hold 32.0 n=300 (33.0 s)
2026-10-10T10:35:53Z B-V2-verdict-lo_class-s0 cls_v1/test: TA 22.5 Rev 99.5 Hold 22.5 n=1200 (126.8 s)
2026-10-10T10:35:55Z DONE B-V2-verdict-lo_class-s0 in 71.3 min, GPU util mean 83.9
