2026-10-03T13:26:38Z step 10/938 loss=3.875 grad_norm=4.603 learning_rate=3.214e-05 epoch=0.01067
2026-10-03T13:27:43Z step 20/938 loss=0.564 grad_norm=1.253 learning_rate=6.786e-05 epoch=0.02133
2026-10-03T13:28:49Z step 30/938 loss=0.03673 grad_norm=0.6846 learning_rate=0.0001 epoch=0.032
2026-10-03T13:29:53Z step 40/938 loss=0.01198 grad_norm=0.4066 learning_rate=9.996e-05 epoch=0.04267
2026-10-03T13:30:59Z step 50/938 loss=0.007517 grad_norm=0.9817 learning_rate=9.987e-05 epoch=0.05333
2026-10-03T13:32:04Z step 60/938 loss=0.01693 grad_norm=0.355 learning_rate=9.971e-05 epoch=0.064
2026-10-03T13:33:09Z step 70/938 loss=0.004783 grad_norm=0.04757 learning_rate=9.95e-05 epoch=0.07467
2026-10-03T13:34:15Z step 80/938 loss=0.007366 grad_norm=0.1481 learning_rate=9.923e-05 epoch=0.08533
2026-10-03T13:35:21Z step 90/938 loss=0.003087 grad_norm=0.06493 learning_rate=9.89e-05 epoch=0.096
2026-10-03T13:36:24Z step 100/938 loss=0.007441 grad_norm=0.04448 learning_rate=9.851e-05 epoch=0.1067
2026-10-03T13:37:30Z step 110/938 loss=0.002457 grad_norm=0.003792 learning_rate=9.806e-05 epoch=0.1173
2026-10-03T13:38:35Z step 120/938 loss=0.001312 grad_norm=0.002711 learning_rate=9.755e-05 epoch=0.128
2026-10-03T13:39:40Z step 130/938 loss=0.008038 grad_norm=0.03658 learning_rate=9.699e-05 epoch=0.1387
2026-10-03T13:40:45Z step 140/938 loss=0.006387 grad_norm=0.07612 learning_rate=9.637e-05 epoch=0.1493
2026-10-03T13:41:50Z step 150/938 loss=0.00454 grad_norm=0.01151 learning_rate=9.57e-05 epoch=0.16
2026-10-03T13:42:56Z step 160/938 loss=0.0005676 grad_norm=0.1473 learning_rate=9.497e-05 epoch=0.1707
2026-10-03T13:44:03Z step 170/938 loss=0.0007452 grad_norm=0.00546 learning_rate=9.419e-05 epoch=0.1813
2026-10-03T13:45:11Z step 180/938 loss=0.002116 grad_norm=1.074 learning_rate=9.336e-05 epoch=0.192
2026-10-03T13:46:46Z step 190/938 loss=0.00165 grad_norm=0.283 learning_rate=9.247e-05 epoch=0.2027
2026-10-03T13:47:53Z step 200/938 loss=0.0004231 grad_norm=0.05286 learning_rate=9.154e-05 epoch=0.2133
2026-10-03T13:48:57Z step 210/938 loss=0.004004 grad_norm=0.9473 learning_rate=9.055e-05 epoch=0.224
2026-10-03T13:50:04Z step 220/938 loss=0.005304 grad_norm=0.01096 learning_rate=8.952e-05 epoch=0.2347
2026-10-03T13:51:11Z step 230/938 loss=0.001682 grad_norm=0.007332 learning_rate=8.844e-05 epoch=0.2453
2026-10-03T13:52:19Z step 240/938 loss=0.001425 grad_norm=0.001858 learning_rate=8.731e-05 epoch=0.256
2026-10-03T13:53:24Z step 250/938 loss=0.0003591 grad_norm=0.05666 learning_rate=8.614e-05 epoch=0.2667
2026-10-03T13:54:31Z step 260/938 loss=0.0008629 grad_norm=0.001069 learning_rate=8.493e-05 epoch=0.2773
2026-10-03T13:55:38Z step 270/938 loss=0.0004811 grad_norm=0.001502 learning_rate=8.367e-05 epoch=0.288
2026-10-03T13:56:41Z step 280/938 loss=0.0001182 grad_norm=0.01751 learning_rate=8.237e-05 epoch=0.2987
2026-10-03T13:57:47Z step 290/938 loss=0.0001078 grad_norm=0.000883 learning_rate=8.104e-05 epoch=0.3093
2026-10-03T13:58:52Z step 300/938 loss=4.695e-05 grad_norm=0.005792 learning_rate=7.967e-05 epoch=0.32
2026-10-03T13:59:56Z step 310/938 loss=0.0001307 grad_norm=0.1741 learning_rate=7.826e-05 epoch=0.3307
2026-10-03T14:01:01Z step 320/938 loss=6.02e-05 grad_norm=0.0007853 learning_rate=7.682e-05 epoch=0.3413
2026-10-03T14:02:07Z step 330/938 loss=1.972e-05 grad_norm=0.0001957 learning_rate=7.535e-05 epoch=0.352
2026-10-03T14:03:15Z step 340/938 loss=0.0001332 grad_norm=0.0009812 learning_rate=7.385e-05 epoch=0.3627
2026-10-03T14:04:22Z step 350/938 loss=8.337e-05 grad_norm=0.001772 learning_rate=7.231e-05 epoch=0.3733
2026-10-03T14:05:28Z step 360/938 loss=0.001616 grad_norm=0.08573 learning_rate=7.076e-05 epoch=0.384
2026-10-03T14:07:44Z step 370/938 loss=0.000123 grad_norm=0.001852 learning_rate=6.917e-05 epoch=0.3947
2026-10-03T14:08:51Z step 380/938 loss=0.0001316 grad_norm=0.0002589 learning_rate=6.757e-05 epoch=0.4053
2026-10-03T14:09:57Z step 390/938 loss=0.001873 grad_norm=9.131e-05 learning_rate=6.594e-05 epoch=0.416
2026-10-03T14:11:00Z step 400/938 loss=3.113e-05 grad_norm=0.005706 learning_rate=6.43e-05 epoch=0.4267
2026-10-03T14:12:06Z step 410/938 loss=7.021e-05 grad_norm=0.000733 learning_rate=6.264e-05 epoch=0.4373
2026-10-03T14:13:11Z step 420/938 loss=1.808e-05 grad_norm=0.002003 learning_rate=6.096e-05 epoch=0.448
2026-10-03T14:14:16Z step 430/938 loss=0.0001025 grad_norm=0.09473 learning_rate=5.927e-05 epoch=0.4587
2026-10-03T14:15:20Z step 440/938 loss=1.474e-05 grad_norm=0.0001425 learning_rate=5.757e-05 epoch=0.4693
2026-10-03T14:16:26Z step 450/938 loss=7.45e-05 grad_norm=0.0002298 learning_rate=5.586e-05 epoch=0.48
2026-10-03T14:17:31Z step 460/938 loss=5.286e-05 grad_norm=0.0001279 learning_rate=5.414e-05 epoch=0.4907
2026-10-03T14:18:36Z step 470/938 loss=3.557e-05 grad_norm=0.01577 learning_rate=5.242e-05 epoch=0.5013
2026-10-03T14:19:45Z step 480/938 loss=2.595e-05 grad_norm=0.001578 learning_rate=5.069e-05 epoch=0.512
2026-10-03T14:20:51Z step 490/938 loss=1.171e-05 grad_norm=0.0003505 learning_rate=4.896e-05 epoch=0.5227
2026-10-03T14:22:00Z step 500/938 loss=2.301e-05 grad_norm=0.0003042 learning_rate=4.724e-05 epoch=0.5333
2026-10-03T14:23:09Z step 510/938 loss=0.0003494 grad_norm=0.1967 learning_rate=4.552e-05 epoch=0.544
2026-10-03T14:24:16Z step 520/938 loss=1.979e-05 grad_norm=0.0003659 learning_rate=4.38e-05 epoch=0.5547
2026-10-03T14:25:24Z step 530/938 loss=6.15e-05 grad_norm=0.00073 learning_rate=4.209e-05 epoch=0.5653
2026-10-03T14:27:03Z step 540/938 loss=1.28e-05 grad_norm=0.0002341 learning_rate=4.039e-05 epoch=0.576
2026-10-03T14:28:10Z step 550/938 loss=4.953e-05 grad_norm=7.92e-05 learning_rate=3.871e-05 epoch=0.5867
2026-10-03T14:29:16Z step 560/938 loss=0.000369 grad_norm=0.0002303 learning_rate=3.703e-05 epoch=0.5973
2026-10-03T14:30:23Z step 570/938 loss=7.247e-06 grad_norm=0.0002121 learning_rate=3.537e-05 epoch=0.608
2026-10-03T14:31:29Z step 580/938 loss=1.233e-05 grad_norm=0.0006275 learning_rate=3.373e-05 epoch=0.6187
2026-10-03T14:32:36Z step 590/938 loss=1.13e-05 grad_norm=0.0005349 learning_rate=3.211e-05 epoch=0.6293
2026-10-03T14:33:42Z step 600/938 loss=1.213e-05 grad_norm=5.33e-05 learning_rate=3.051e-05 epoch=0.64
2026-10-03T14:34:47Z step 610/938 loss=4.392e-05 grad_norm=0.0001607 learning_rate=2.893e-05 epoch=0.6507
2026-10-03T14:35:55Z step 620/938 loss=1.043e-05 grad_norm=0.0003193 learning_rate=2.738e-05 epoch=0.6613
2026-10-03T14:37:00Z step 630/938 loss=3.941e-05 grad_norm=0.0174 learning_rate=2.585e-05 epoch=0.672
2026-10-03T14:38:07Z step 640/938 loss=7.942e-06 grad_norm=0.0003321 learning_rate=2.436e-05 epoch=0.6827
2026-10-03T14:39:13Z step 650/938 loss=0.0005608 grad_norm=0.3436 learning_rate=2.289e-05 epoch=0.6933
2026-10-03T14:40:18Z step 660/938 loss=2.061e-05 grad_norm=0.01712 learning_rate=2.145e-05 epoch=0.704
2026-10-03T14:41:24Z step 670/938 loss=2.278e-05 grad_norm=0.0006511 learning_rate=2.005e-05 epoch=0.7147
2026-10-03T14:42:32Z step 680/938 loss=1.107e-05 grad_norm=0.002556 learning_rate=1.869e-05 epoch=0.7253
2026-10-03T14:43:39Z step 690/938 loss=5.222e-05 grad_norm=0.001874 learning_rate=1.736e-05 epoch=0.736
2026-10-03T14:44:43Z step 700/938 loss=6.719e-06 grad_norm=0.0005669 learning_rate=1.608e-05 epoch=0.7467
2026-10-03T14:46:24Z step 710/938 loss=0.0001053 grad_norm=0.0907 learning_rate=1.483e-05 epoch=0.7573
2026-10-03T14:47:31Z step 720/938 loss=1.91e-05 grad_norm=9.166e-05 learning_rate=1.362e-05 epoch=0.768
2026-10-03T14:48:38Z step 730/938 loss=7.68e-06 grad_norm=0.0009035 learning_rate=1.246e-05 epoch=0.7787
2026-10-03T14:49:43Z step 740/938 loss=7.158e-06 grad_norm=0.000304 learning_rate=1.134e-05 epoch=0.7893
2026-10-03T14:50:49Z step 750/938 loss=1.237e-05 grad_norm=0.0003244 learning_rate=1.027e-05 epoch=0.8
2026-10-03T14:51:56Z step 760/938 loss=1.58e-05 grad_norm=0.01464 learning_rate=9.247e-06 epoch=0.8107
2026-10-03T14:53:02Z step 770/938 loss=4.672e-06 grad_norm=5.062e-05 learning_rate=8.271e-06 epoch=0.8213
2026-10-03T14:54:10Z step 780/938 loss=5.869e-06 grad_norm=7.653e-05 learning_rate=7.345e-06 epoch=0.832
2026-10-03T14:55:18Z step 790/938 loss=0.0001351 grad_norm=0.01551 learning_rate=6.47e-06 epoch=0.8427
2026-10-03T14:56:36Z step 800/938 loss=8.344e-06 grad_norm=0.0001985 learning_rate=5.647e-06 epoch=0.8533
2026-10-03T14:57:41Z step 810/938 loss=8.682e-06 grad_norm=0.0001433 learning_rate=4.877e-06 epoch=0.864
2026-10-03T14:58:44Z step 820/938 loss=2.887e-05 grad_norm=0.0006096 learning_rate=4.16e-06 epoch=0.8747
2026-10-03T14:59:51Z step 830/938 loss=9.879e-06 grad_norm=0.0004792 learning_rate=3.498e-06 epoch=0.8853
2026-10-03T15:00:55Z step 840/938 loss=5.788e-06 grad_norm=0.0002826 learning_rate=2.892e-06 epoch=0.896
2026-10-03T15:02:04Z step 850/938 loss=5.999e-06 grad_norm=0.0003454 learning_rate=2.342e-06 epoch=0.9067
2026-10-03T15:03:10Z step 860/938 loss=1.213e-05 grad_norm=0.000133 learning_rate=1.848e-06 epoch=0.9173
2026-10-03T15:04:17Z step 870/938 loss=7.518e-06 grad_norm=0.0001036 learning_rate=1.412e-06 epoch=0.928
2026-10-03T15:05:25Z step 880/938 loss=9.161e-06 grad_norm=0.0004871 learning_rate=1.034e-06 epoch=0.9387
2026-10-03T15:07:02Z step 890/938 loss=4.949e-06 grad_norm=0.000232 learning_rate=7.137e-07 epoch=0.9493
2026-10-03T15:08:09Z step 900/938 loss=7.846e-06 grad_norm=0.0001359 learning_rate=4.525e-07 epoch=0.96
2026-10-03T15:09:14Z step 910/938 loss=5.542e-06 grad_norm=7.438e-05 learning_rate=2.504e-07 epoch=0.9707
2026-10-03T15:10:19Z step 920/938 loss=0.0001509 grad_norm=9.77e-05 learning_rate=1.075e-07 epoch=0.9813
2026-10-03T15:11:25Z step 930/938 loss=6.43e-06 grad_norm=0.0001772 learning_rate=2.413e-08 epoch=0.992
2026-10-03T15:12:14Z step 938/938 train_runtime=6402 train_samples_per_second=9.371 train_steps_per_second=0.147 total_flos=1.281e+18 train_loss=0.04887 epoch=1
2026-10-03T15:13:33Z trained 938 steps in 106.8 min, 2102.8 tok/s, peak 34.97 GB
2026-10-03T15:13:36Z u path: fp32-hidden (max |u_fp32 - u_bf16logits| = 0.0276)
2026-10-03T15:13:37Z padding self-check: max |u_batch - u_single| = 0.0947 (tol 0.624) -> left padding
2026-10-03T15:15:44Z B-AB-decfield-s0 rule_v1/dev: TA 98.7 Rev 99.0 Hold 99.7 n=300 (130.4 s)
2026-10-03T15:21:29Z generate: batch 25/32, 256836 tokens, 768 tok/s
2026-10-03T15:30:17Z B-AB-decfield-s0 rule_v1/test_L2: TA 99.5 Rev 99.7 Hold 99.8 n=2000 (872.4 s)
2026-10-03T15:35:09Z B-AB-decfield-s0 xr_v1/test: TA nan Rev nan Hold nan n=None (291.7 s)
2026-10-03T15:35:11Z DONE B-AB-decfield-s0 in 130.3 min, GPU util mean 90.7
