2026-10-03T12:32:43Z step 10/938 loss=9.122 grad_norm=8.291 learning_rate=3.214e-05 epoch=0.01067
2026-10-03T12:34:50Z step 20/938 loss=2.637 grad_norm=4.564 learning_rate=6.786e-05 epoch=0.02133
2026-10-03T12:36:57Z step 30/938 loss=0.1433 grad_norm=1.498 learning_rate=0.0001 epoch=0.032
2026-10-03T12:39:07Z step 40/938 loss=0.03592 grad_norm=0.8344 learning_rate=9.996e-05 epoch=0.04267
2026-10-03T12:41:12Z step 50/938 loss=0.01592 grad_norm=0.1741 learning_rate=9.987e-05 epoch=0.05333
2026-10-03T12:43:21Z step 60/938 loss=0.01317 grad_norm=0.05093 learning_rate=9.971e-05 epoch=0.064
2026-10-03T12:45:32Z step 70/938 loss=0.005488 grad_norm=0.8096 learning_rate=9.95e-05 epoch=0.07467
2026-10-03T12:47:37Z step 80/938 loss=0.009283 grad_norm=0.1302 learning_rate=9.923e-05 epoch=0.08533
2026-10-03T12:49:46Z step 90/938 loss=0.001658 grad_norm=0.03794 learning_rate=9.89e-05 epoch=0.096
2026-10-03T12:52:39Z step 100/938 loss=0.004284 grad_norm=0.5105 learning_rate=9.851e-05 epoch=0.1067
2026-10-03T12:54:43Z step 110/938 loss=0.01111 grad_norm=0.02003 learning_rate=9.806e-05 epoch=0.1173
2026-10-03T12:56:42Z step 120/938 loss=0.00107 grad_norm=0.0137 learning_rate=9.755e-05 epoch=0.128
2026-10-03T12:58:47Z step 130/938 loss=0.01367 grad_norm=0.968 learning_rate=9.699e-05 epoch=0.1387
2026-10-03T13:00:54Z step 140/938 loss=0.004765 grad_norm=0.1005 learning_rate=9.637e-05 epoch=0.1493
2026-10-03T13:03:02Z step 150/938 loss=0.001143 grad_norm=0.03472 learning_rate=9.57e-05 epoch=0.16
2026-10-03T13:05:10Z step 160/938 loss=0.0006412 grad_norm=0.001331 learning_rate=9.497e-05 epoch=0.1707
2026-10-03T13:07:16Z step 170/938 loss=0.002242 grad_norm=0.002994 learning_rate=9.419e-05 epoch=0.1813
2026-10-03T13:09:22Z step 180/938 loss=0.0006493 grad_norm=0.004813 learning_rate=9.336e-05 epoch=0.192
2026-10-03T13:12:25Z step 190/938 loss=0.0007063 grad_norm=0.4461 learning_rate=9.247e-05 epoch=0.2027
2026-10-03T13:14:30Z step 200/938 loss=7.098e-05 grad_norm=0.000886 learning_rate=9.154e-05 epoch=0.2133
2026-10-03T13:16:37Z step 210/938 loss=0.0002961 grad_norm=0.001288 learning_rate=9.055e-05 epoch=0.224
2026-10-03T13:18:44Z step 220/938 loss=3.586e-05 grad_norm=0.002633 learning_rate=8.952e-05 epoch=0.2347
2026-10-03T13:20:50Z step 230/938 loss=0.003361 grad_norm=0.002384 learning_rate=8.844e-05 epoch=0.2453
2026-10-03T13:22:53Z step 240/938 loss=0.001049 grad_norm=0.001207 learning_rate=8.731e-05 epoch=0.256
2026-10-03T13:24:56Z step 250/938 loss=0.0001168 grad_norm=0.001096 learning_rate=8.614e-05 epoch=0.2667
2026-10-03T13:27:03Z step 260/938 loss=6.041e-05 grad_norm=0.001178 learning_rate=8.493e-05 epoch=0.2773
2026-10-03T13:29:11Z step 270/938 loss=0.0002028 grad_norm=0.001437 learning_rate=8.367e-05 epoch=0.288
2026-10-03T13:32:25Z step 280/938 loss=3.24e-05 grad_norm=0.0009454 learning_rate=8.237e-05 epoch=0.2987
2026-10-03T13:34:24Z step 290/938 loss=2.64e-05 grad_norm=0.0004954 learning_rate=8.104e-05 epoch=0.3093
2026-10-03T13:36:31Z step 300/938 loss=3.811e-05 grad_norm=0.0003119 learning_rate=7.967e-05 epoch=0.32
2026-10-03T13:38:41Z step 310/938 loss=4.135e-05 grad_norm=0.0003077 learning_rate=7.826e-05 epoch=0.3307
2026-10-03T13:40:43Z step 320/938 loss=2.148e-05 grad_norm=0.0008782 learning_rate=7.682e-05 epoch=0.3413
2026-10-03T13:42:55Z step 330/938 loss=6.299e-05 grad_norm=0.0002305 learning_rate=7.535e-05 epoch=0.352
2026-10-03T13:44:59Z step 340/938 loss=1.778e-05 grad_norm=0.0002431 learning_rate=7.385e-05 epoch=0.3627
2026-10-03T13:47:01Z step 350/938 loss=1.551e-05 grad_norm=0.00015 learning_rate=7.231e-05 epoch=0.3733
2026-10-03T13:49:13Z step 360/938 loss=2.513e-05 grad_norm=0.0002234 learning_rate=7.076e-05 epoch=0.384
2026-10-03T13:52:07Z step 370/938 loss=1.639e-05 grad_norm=0.0001629 learning_rate=6.917e-05 epoch=0.3947
2026-10-03T13:54:14Z step 380/938 loss=2.701e-05 grad_norm=0.0001541 learning_rate=6.757e-05 epoch=0.4053
2026-10-03T13:56:21Z step 390/938 loss=0.0008341 grad_norm=0.001038 learning_rate=6.594e-05 epoch=0.416
2026-10-03T13:58:23Z step 400/938 loss=0.003511 grad_norm=0.03459 learning_rate=6.43e-05 epoch=0.4267
2026-10-03T14:00:25Z step 410/938 loss=0.000757 grad_norm=0.001724 learning_rate=6.264e-05 epoch=0.4373
2026-10-03T14:02:32Z step 420/938 loss=0.003856 grad_norm=0.00299 learning_rate=6.096e-05 epoch=0.448
2026-10-03T14:04:41Z step 430/938 loss=0.007224 grad_norm=0.02391 learning_rate=5.927e-05 epoch=0.4587
2026-10-03T14:06:42Z step 440/938 loss=0.0008707 grad_norm=0.01042 learning_rate=5.757e-05 epoch=0.4693
2026-10-03T14:08:54Z step 450/938 loss=0.0008712 grad_norm=0.02317 learning_rate=5.586e-05 epoch=0.48
2026-10-03T14:11:01Z step 460/938 loss=0.0002449 grad_norm=0.009448 learning_rate=5.414e-05 epoch=0.4907
2026-10-03T14:14:23Z step 470/938 loss=7.393e-05 grad_norm=0.001021 learning_rate=5.242e-05 epoch=0.5013
2026-10-03T14:16:27Z step 480/938 loss=0.0009756 grad_norm=0.563 learning_rate=5.069e-05 epoch=0.512
2026-10-03T14:18:31Z step 490/938 loss=0.00114 grad_norm=0.0005693 learning_rate=4.896e-05 epoch=0.5227
2026-10-03T14:20:34Z step 500/938 loss=0.003173 grad_norm=0.003913 learning_rate=4.724e-05 epoch=0.5333
2026-10-03T14:22:40Z step 510/938 loss=0.0006429 grad_norm=0.02456 learning_rate=4.552e-05 epoch=0.544
2026-10-03T14:24:52Z step 520/938 loss=0.0003629 grad_norm=0.02236 learning_rate=4.38e-05 epoch=0.5547
2026-10-03T14:26:55Z step 530/938 loss=0.0001768 grad_norm=0.001542 learning_rate=4.209e-05 epoch=0.5653
2026-10-03T14:29:03Z step 540/938 loss=0.006771 grad_norm=0.007503 learning_rate=4.039e-05 epoch=0.576
2026-10-03T14:31:11Z step 550/938 loss=0.001281 grad_norm=0.00828 learning_rate=3.871e-05 epoch=0.5867
2026-10-03T14:34:01Z step 560/938 loss=0.0005235 grad_norm=0.01135 learning_rate=3.703e-05 epoch=0.5973
2026-10-03T14:36:10Z step 570/938 loss=0.0004375 grad_norm=0.002312 learning_rate=3.537e-05 epoch=0.608
2026-10-03T14:38:12Z step 580/938 loss=0.005951 grad_norm=2.422 learning_rate=3.373e-05 epoch=0.6187
2026-10-03T14:40:19Z step 590/938 loss=0.0001473 grad_norm=0.003577 learning_rate=3.211e-05 epoch=0.6293
2026-10-03T14:42:24Z step 600/938 loss=0.001195 grad_norm=0.00465 learning_rate=3.051e-05 epoch=0.64
2026-10-03T14:44:32Z step 610/938 loss=0.0003613 grad_norm=0.00696 learning_rate=2.893e-05 epoch=0.6507
2026-10-03T14:46:35Z step 620/938 loss=0.0008255 grad_norm=0.0007147 learning_rate=2.738e-05 epoch=0.6613
2026-10-03T14:48:38Z step 630/938 loss=0.0006969 grad_norm=0.002557 learning_rate=2.585e-05 epoch=0.672
2026-10-03T14:50:46Z step 640/938 loss=0.0002433 grad_norm=0.001756 learning_rate=2.436e-05 epoch=0.6827
2026-10-03T14:55:03Z step 650/938 loss=0.0002802 grad_norm=0.005446 learning_rate=2.289e-05 epoch=0.6933
2026-10-03T14:57:08Z step 660/938 loss=5.787e-05 grad_norm=0.0008218 learning_rate=2.145e-05 epoch=0.704
2026-10-03T14:59:14Z step 670/938 loss=0.0001337 grad_norm=0.002339 learning_rate=2.005e-05 epoch=0.7147
2026-10-03T15:01:24Z step 680/938 loss=4.492e-05 grad_norm=0.00214 learning_rate=1.869e-05 epoch=0.7253
2026-10-03T15:03:27Z step 690/938 loss=3.593e-05 grad_norm=0.0002506 learning_rate=1.736e-05 epoch=0.736
2026-10-03T15:05:32Z step 700/938 loss=0.0002517 grad_norm=0.0006393 learning_rate=1.608e-05 epoch=0.7467
2026-10-03T15:07:36Z step 710/938 loss=3.869e-05 grad_norm=0.0004027 learning_rate=1.483e-05 epoch=0.7573
2026-10-03T15:09:42Z step 720/938 loss=5.43e-05 grad_norm=0.003604 learning_rate=1.362e-05 epoch=0.768
2026-10-03T15:15:21Z step 730/938 loss=3.627e-05 grad_norm=0.0009354 learning_rate=1.246e-05 epoch=0.7787
2026-10-03T15:17:21Z step 740/938 loss=8.778e-05 grad_norm=0.001204 learning_rate=1.134e-05 epoch=0.7893
2026-10-03T15:19:25Z step 750/938 loss=3.278e-05 grad_norm=0.0007422 learning_rate=1.027e-05 epoch=0.8
2026-10-03T15:21:33Z step 760/938 loss=2.794e-05 grad_norm=0.000724 learning_rate=9.247e-06 epoch=0.8107
2026-10-03T15:23:40Z step 770/938 loss=3.587e-05 grad_norm=0.0003287 learning_rate=8.271e-06 epoch=0.8213
2026-10-03T15:25:45Z step 780/938 loss=0.0005126 grad_norm=0.0003306 learning_rate=7.345e-06 epoch=0.832
2026-10-03T15:27:49Z step 790/938 loss=0.0005769 grad_norm=0.0001981 learning_rate=6.47e-06 epoch=0.8427
2026-10-03T15:29:56Z step 800/938 loss=0.0003473 grad_norm=0.004014 learning_rate=5.647e-06 epoch=0.8533
2026-10-03T15:32:49Z step 810/938 loss=2.651e-05 grad_norm=0.001004 learning_rate=4.877e-06 epoch=0.864
2026-10-03T15:34:56Z step 820/938 loss=2.345e-05 grad_norm=0.0003044 learning_rate=4.16e-06 epoch=0.8747
2026-10-03T15:37:03Z step 830/938 loss=3.177e-05 grad_norm=0.001837 learning_rate=3.498e-06 epoch=0.8853
2026-10-03T15:39:08Z step 840/938 loss=3.5e-05 grad_norm=0.0003326 learning_rate=2.892e-06 epoch=0.896
2026-10-03T15:41:09Z step 850/938 loss=5.286e-05 grad_norm=0.0001719 learning_rate=2.342e-06 epoch=0.9067
2026-10-03T15:43:13Z step 860/938 loss=7.115e-05 grad_norm=0.0006887 learning_rate=1.848e-06 epoch=0.9173
2026-10-03T15:45:16Z step 870/938 loss=4.955e-05 grad_norm=0.0003301 learning_rate=1.412e-06 epoch=0.928
2026-10-03T15:47:21Z step 880/938 loss=3.084e-05 grad_norm=0.0007668 learning_rate=1.034e-06 epoch=0.9387
2026-10-03T15:49:25Z step 890/938 loss=2.575e-05 grad_norm=0.0005375 learning_rate=7.137e-07 epoch=0.9493
2026-10-03T15:51:31Z step 900/938 loss=3.015e-05 grad_norm=0.0002355 learning_rate=4.525e-07 epoch=0.96
2026-10-03T15:54:27Z step 910/938 loss=4.399e-05 grad_norm=0.001058 learning_rate=2.504e-07 epoch=0.9707
2026-10-03T15:56:32Z step 920/938 loss=2.059e-05 grad_norm=0.0001987 learning_rate=1.075e-07 epoch=0.9813
2026-10-03T15:58:43Z step 930/938 loss=0.0006268 grad_norm=0.0005194 learning_rate=2.413e-08 epoch=0.992
2026-10-03T16:00:16Z step 938/938 train_runtime=1.258e+04 train_samples_per_second=4.77 train_steps_per_second=0.075 total_flos=1.137e+18 train_loss=0.1287 epoch=1
2026-10-03T16:01:05Z trained 938 steps in 209.7 min, 943.6 tok/s, peak 34.01 GB
2026-10-03T16:01:09Z u path: fp32-hidden (max |u_fp32 - u_bf16logits| = 0.0103)
2026-10-03T16:01:10Z padding self-check: max |u_batch - u_single| = 0.0802 (tol 0.615) -> left padding
2026-10-03T16:05:05Z B-F-summary2-blocks-s4 rule_v1/dev: TA 75.3 Rev 98.3 Hold 77.0 n=300 (239.6 s)
2026-10-03T16:07:09Z B-F-summary2-blocks-s4 rule_v1/dev_missing: TA nan Rev nan Hold nan n=None (123.0 s)
2026-10-03T16:14:02Z B-F-summary2-blocks-s4 rule_v1/missing: TA nan Rev nan Hold nan n=None (413.1 s)
2026-10-03T16:17:22Z generate: batch 25/55, 105335 tokens, 541 tok/s
2026-10-03T16:22:08Z generate: batch 50/55, 227764 tokens, 474 tok/s
2026-10-03T16:31:35Z B-F-summary2-blocks-s4 rule_v1/readapply: TA 80.3 Rev 99.6 Hold 80.7 n=1000 (1051.9 s)
2026-10-03T16:36:05Z generate: batch 25/32, 108558 tokens, 409 tok/s
2026-10-03T16:44:25Z B-F-summary2-blocks-s4 rule_v1/test_L0: TA 79.3 Rev 99.8 Hold 79.5 n=1000 (769.5 s)
2026-10-03T16:48:41Z generate: batch 25/32, 112710 tokens, 450 tok/s
2026-10-03T16:57:10Z B-F-summary2-blocks-s4 rule_v1/test_L1: TA 83.9 Rev 99.3 Hold 84.6 n=1000 (764.1 s)
2026-10-03T17:01:30Z generate: batch 25/63, 106761 tokens, 424 tok/s
2026-10-03T17:06:37Z generate: batch 50/63, 230390 tokens, 412 tok/s
2026-10-03T17:24:40Z B-F-summary2-blocks-s4 rule_v1/test_L2: TA 69.2 Rev 99.3 Hold 69.8 n=2000 (1650.1 s)
2026-10-03T17:28:54Z generate: batch 25/32, 130930 tokens, 525 tok/s
2026-10-03T17:36:16Z B-F-summary2-blocks-s4 rule_v1/test_L3alt: TA 76.9 Rev 100.0 Hold 76.9 n=1000 (695.1 s)
2026-10-03T17:40:44Z generate: batch 25/32, 112226 tokens, 428 tok/s
2026-10-03T17:49:35Z B-F-summary2-blocks-s4 rule_v1/test_L3inv: TA 68.0 Rev 98.9 Hold 69.1 n=1000 (798.5 s)
2026-10-03T17:55:29Z generate: batch 25/32, 114829 tokens, 331 tok/s
2026-10-03T18:04:35Z B-F-summary2-blocks-s4 rule_v1/test_hard: TA 67.8 Rev 98.7 Hold 68.8 n=1000 (898.9 s)
2026-10-03T18:13:23Z B-F-summary2-blocks-s4 xr_v1/test: TA nan Rev nan Hold nan n=None (527.6 s)
2026-10-03T18:13:25Z DONE B-F-summary2-blocks-s4 in 344.3 min, GPU util mean 93.4
