2026-10-03T16:10:31Z step 10/931 loss=0.6896 grad_norm=0.9999 learning_rate=3.214e-05 epoch=0.01075
2026-10-03T16:11:11Z step 20/931 loss=0.09964 grad_norm=0.4479 learning_rate=6.786e-05 epoch=0.02149
2026-10-03T16:11:50Z step 30/931 loss=0.04197 grad_norm=0.1334 learning_rate=0.0001 epoch=0.03224
2026-10-03T16:12:30Z step 40/931 loss=0.03153 grad_norm=0.2232 learning_rate=9.996e-05 epoch=0.04299
2026-10-03T16:13:09Z step 50/931 loss=0.02548 grad_norm=0.1011 learning_rate=9.987e-05 epoch=0.05373
2026-10-03T16:13:46Z step 60/931 loss=0.02313 grad_norm=0.1712 learning_rate=9.971e-05 epoch=0.06448
2026-10-03T16:14:24Z step 70/931 loss=0.02098 grad_norm=0.1741 learning_rate=9.949e-05 epoch=0.07523
2026-10-03T16:15:03Z step 80/931 loss=0.01937 grad_norm=0.1646 learning_rate=9.922e-05 epoch=0.08598
2026-10-03T16:15:44Z step 90/931 loss=0.01674 grad_norm=0.1075 learning_rate=9.888e-05 epoch=0.09672
2026-10-03T16:16:24Z step 100/931 loss=0.01477 grad_norm=0.09499 learning_rate=9.848e-05 epoch=0.1075
2026-10-03T16:17:03Z step 110/931 loss=0.01626 grad_norm=0.1691 learning_rate=9.803e-05 epoch=0.1182
2026-10-03T16:17:42Z step 120/931 loss=0.01536 grad_norm=0.06681 learning_rate=9.752e-05 epoch=0.129
2026-10-03T16:18:22Z step 130/931 loss=0.01495 grad_norm=0.1246 learning_rate=9.694e-05 epoch=0.1397
2026-10-03T16:19:01Z step 140/931 loss=0.01047 grad_norm=0.08493 learning_rate=9.632e-05 epoch=0.1505
2026-10-03T16:19:42Z step 150/931 loss=0.01576 grad_norm=0.1225 learning_rate=9.563e-05 epoch=0.1612
2026-10-03T16:20:21Z step 160/931 loss=0.01268 grad_norm=0.1016 learning_rate=9.49e-05 epoch=0.172
2026-10-03T16:21:00Z step 170/931 loss=0.01577 grad_norm=0.107 learning_rate=9.41e-05 epoch=0.1827
2026-10-03T16:21:38Z step 180/931 loss=0.01024 grad_norm=0.1011 learning_rate=9.326e-05 epoch=0.1934
2026-10-03T16:22:20Z step 190/931 loss=0.01155 grad_norm=0.1332 learning_rate=9.236e-05 epoch=0.2042
2026-10-03T16:23:00Z step 200/931 loss=0.01194 grad_norm=0.06773 learning_rate=9.141e-05 epoch=0.2149
2026-10-03T16:23:38Z step 210/931 loss=0.009695 grad_norm=0.09798 learning_rate=9.041e-05 epoch=0.2257
2026-10-03T16:24:16Z step 220/931 loss=0.01284 grad_norm=0.08661 learning_rate=8.936e-05 epoch=0.2364
2026-10-03T16:24:54Z step 230/931 loss=0.00975 grad_norm=0.07133 learning_rate=8.826e-05 epoch=0.2472
2026-10-03T16:25:31Z step 240/931 loss=0.01047 grad_norm=0.08316 learning_rate=8.712e-05 epoch=0.2579
2026-10-03T16:26:09Z step 250/931 loss=0.006945 grad_norm=0.05593 learning_rate=8.593e-05 epoch=0.2687
2026-10-03T16:26:49Z step 260/931 loss=0.009417 grad_norm=0.06462 learning_rate=8.47e-05 epoch=0.2794
2026-10-03T16:27:34Z step 270/931 loss=0.01021 grad_norm=0.1046 learning_rate=8.343e-05 epoch=0.2902
2026-10-03T16:28:14Z step 280/931 loss=0.009875 grad_norm=0.0704 learning_rate=8.212e-05 epoch=0.3009
2026-10-03T16:28:54Z step 290/931 loss=0.009711 grad_norm=0.08063 learning_rate=8.076e-05 epoch=0.3117
2026-10-03T16:29:33Z step 300/931 loss=0.008497 grad_norm=0.05706 learning_rate=7.938e-05 epoch=0.3224
2026-10-03T16:30:12Z step 310/931 loss=0.007478 grad_norm=0.03994 learning_rate=7.795e-05 epoch=0.3332
2026-10-03T16:30:52Z step 320/931 loss=0.00898 grad_norm=0.07547 learning_rate=7.649e-05 epoch=0.3439
2026-10-03T16:31:31Z step 330/931 loss=0.008481 grad_norm=0.08329 learning_rate=7.5e-05 epoch=0.3546
2026-10-03T16:32:09Z step 340/931 loss=0.007303 grad_norm=0.02188 learning_rate=7.348e-05 epoch=0.3654
2026-10-03T16:32:48Z step 350/931 loss=0.01014 grad_norm=0.1101 learning_rate=7.193e-05 epoch=0.3761
2026-10-03T16:33:28Z step 360/931 loss=0.005934 grad_norm=0.09869 learning_rate=7.035e-05 epoch=0.3869
2026-10-03T16:34:09Z step 370/931 loss=0.005223 grad_norm=0.08075 learning_rate=6.875e-05 epoch=0.3976
2026-10-03T16:34:48Z step 380/931 loss=0.007013 grad_norm=0.05985 learning_rate=6.713e-05 epoch=0.4084
2026-10-03T16:35:28Z step 390/931 loss=0.007769 grad_norm=0.03157 learning_rate=6.548e-05 epoch=0.4191
2026-10-03T16:36:07Z step 400/931 loss=0.006495 grad_norm=0.05759 learning_rate=6.382e-05 epoch=0.4299
2026-10-03T16:36:48Z step 410/931 loss=0.006572 grad_norm=0.054 learning_rate=6.214e-05 epoch=0.4406
2026-10-03T16:37:28Z step 420/931 loss=0.009351 grad_norm=0.05184 learning_rate=6.045e-05 epoch=0.4514
2026-10-03T16:38:07Z step 430/931 loss=0.006834 grad_norm=0.02402 learning_rate=5.874e-05 epoch=0.4621
2026-10-03T16:38:47Z step 440/931 loss=0.005416 grad_norm=0.07505 learning_rate=5.702e-05 epoch=0.4729
2026-10-03T16:39:26Z step 450/931 loss=0.005379 grad_norm=0.07917 learning_rate=5.53e-05 epoch=0.4836
2026-10-03T16:40:08Z step 460/931 loss=0.004569 grad_norm=0.03951 learning_rate=5.356e-05 epoch=0.4944
2026-10-03T16:40:44Z step 470/931 loss=0.008406 grad_norm=0.06641 learning_rate=5.183e-05 epoch=0.5051
2026-10-03T16:41:25Z step 480/931 loss=0.006178 grad_norm=0.04381 learning_rate=5.009e-05 epoch=0.5159
2026-10-03T16:42:05Z step 490/931 loss=0.006363 grad_norm=0.04685 learning_rate=4.835e-05 epoch=0.5266
2026-10-03T16:42:45Z step 500/931 loss=0.005761 grad_norm=0.05029 learning_rate=4.661e-05 epoch=0.5373
2026-10-03T16:43:22Z step 510/931 loss=0.008428 grad_norm=0.02628 learning_rate=4.488e-05 epoch=0.5481
2026-10-03T16:43:59Z step 520/931 loss=0.005338 grad_norm=0.05142 learning_rate=4.315e-05 epoch=0.5588
2026-10-03T16:44:38Z step 530/931 loss=0.004228 grad_norm=0.1097 learning_rate=4.143e-05 epoch=0.5696
2026-10-03T16:45:18Z step 540/931 loss=0.003846 grad_norm=0.03563 learning_rate=3.972e-05 epoch=0.5803
2026-10-03T16:46:01Z step 550/931 loss=0.005123 grad_norm=0.02524 learning_rate=3.803e-05 epoch=0.5911
2026-10-03T16:46:39Z step 560/931 loss=0.006073 grad_norm=0.0837 learning_rate=3.635e-05 epoch=0.6018
2026-10-03T16:47:19Z step 570/931 loss=0.005405 grad_norm=0.09254 learning_rate=3.468e-05 epoch=0.6126
2026-10-03T16:48:22Z step 580/931 loss=0.003759 grad_norm=0.08373 learning_rate=3.304e-05 epoch=0.6233
2026-10-03T16:49:29Z step 590/931 loss=0.003811 grad_norm=0.04409 learning_rate=3.141e-05 epoch=0.6341
2026-10-03T16:50:10Z step 600/931 loss=0.003209 grad_norm=0.0677 learning_rate=2.981e-05 epoch=0.6448
2026-10-03T16:50:48Z step 610/931 loss=0.004778 grad_norm=0.04413 learning_rate=2.823e-05 epoch=0.6556
2026-10-03T16:51:27Z step 620/931 loss=0.002755 grad_norm=0.03335 learning_rate=2.668e-05 epoch=0.6663
2026-10-03T16:52:05Z step 630/931 loss=0.005392 grad_norm=0.02597 learning_rate=2.515e-05 epoch=0.6771
2026-10-03T16:52:44Z step 640/931 loss=0.004129 grad_norm=0.0921 learning_rate=2.366e-05 epoch=0.6878
2026-10-03T16:53:25Z step 650/931 loss=0.004786 grad_norm=0.07513 learning_rate=2.219e-05 epoch=0.6985
2026-10-03T16:54:04Z step 660/931 loss=0.004265 grad_norm=0.09484 learning_rate=2.077e-05 epoch=0.7093
2026-10-03T16:54:42Z step 670/931 loss=0.004135 grad_norm=0.04111 learning_rate=1.937e-05 epoch=0.72
2026-10-03T16:55:20Z step 680/931 loss=0.003271 grad_norm=0.06557 learning_rate=1.802e-05 epoch=0.7308
2026-10-03T16:56:00Z step 690/931 loss=0.003017 grad_norm=0.06155 learning_rate=1.67e-05 epoch=0.7415
2026-10-03T16:56:38Z step 700/931 loss=0.004082 grad_norm=0.0265 learning_rate=1.542e-05 epoch=0.7523
2026-10-03T16:57:16Z step 710/931 loss=0.00561 grad_norm=0.07879 learning_rate=1.419e-05 epoch=0.763
2026-10-03T16:57:55Z step 720/931 loss=0.004392 grad_norm=0.05168 learning_rate=1.299e-05 epoch=0.7738
2026-10-03T16:58:33Z step 730/931 loss=0.003386 grad_norm=0.04628 learning_rate=1.185e-05 epoch=0.7845
2026-10-03T16:59:11Z step 740/931 loss=0.003161 grad_norm=0.0394 learning_rate=1.075e-05 epoch=0.7953
2026-10-03T16:59:51Z step 750/931 loss=0.00321 grad_norm=0.05478 learning_rate=9.693e-06 epoch=0.806
2026-10-03T17:00:30Z step 760/931 loss=0.003529 grad_norm=0.04243 learning_rate=8.688e-06 epoch=0.8168
2026-10-03T17:01:08Z step 770/931 loss=0.002677 grad_norm=0.04089 learning_rate=7.733e-06 epoch=0.8275
2026-10-03T17:01:49Z step 780/931 loss=0.003347 grad_norm=0.022 learning_rate=6.83e-06 epoch=0.8383
2026-10-03T17:02:29Z step 790/931 loss=0.002577 grad_norm=0.07891 learning_rate=5.978e-06 epoch=0.849
2026-10-03T17:03:09Z step 800/931 loss=0.002716 grad_norm=0.03172 learning_rate=5.18e-06 epoch=0.8598
2026-10-03T17:03:49Z step 810/931 loss=0.003435 grad_norm=0.06508 learning_rate=4.437e-06 epoch=0.8705
2026-10-03T17:04:29Z step 820/931 loss=0.00224 grad_norm=0.04901 learning_rate=3.748e-06 epoch=0.8812
2026-10-03T17:05:09Z step 830/931 loss=0.001901 grad_norm=0.06972 learning_rate=3.115e-06 epoch=0.892
2026-10-03T17:05:48Z step 840/931 loss=0.002879 grad_norm=0.04278 learning_rate=2.539e-06 epoch=0.9027
2026-10-03T17:06:28Z step 850/931 loss=0.003551 grad_norm=0.09052 learning_rate=2.021e-06 epoch=0.9135
2026-10-03T17:07:09Z step 860/931 loss=0.003045 grad_norm=0.1254 learning_rate=1.56e-06 epoch=0.9242
2026-10-03T17:07:54Z step 870/931 loss=0.0032 grad_norm=0.06938 learning_rate=1.159e-06 epoch=0.935
2026-10-03T17:08:34Z step 880/931 loss=0.002635 grad_norm=0.0686 learning_rate=8.16e-07 epoch=0.9457
2026-10-03T17:09:13Z step 890/931 loss=0.002736 grad_norm=0.05356 learning_rate=5.328e-07 epoch=0.9565
2026-10-03T17:09:52Z step 900/931 loss=0.003999 grad_norm=0.06297 learning_rate=3.095e-07 epoch=0.9672
2026-10-03T17:10:34Z step 910/931 loss=0.003538 grad_norm=0.04402 learning_rate=1.464e-07 epoch=0.978
2026-10-03T17:11:14Z step 920/931 loss=0.002948 grad_norm=0.0759 learning_rate=4.357e-08 epoch=0.9887
2026-10-03T17:11:53Z step 930/931 loss=0.002035 grad_norm=0.06162 learning_rate=1.21e-09 epoch=0.9995
2026-10-03T17:12:12Z step 931/931 train_runtime=3893 train_samples_per_second=15.3 train_steps_per_second=0.239 total_flos=1.948e+18 train_loss=0.0163 epoch=1
2026-10-03T17:12:17Z trained 931 steps in 64.9 min, 4136.6 tok/s, peak 27.8 GB
2026-10-03T17:12:32Z u path: fp32-hidden (max |u_fp32 - u_bf16logits| = 0.0186)
2026-10-03T17:12:33Z padding self-check: max |u_batch - u_single| = 0.1752 (tol 0.654) -> left padding
2026-10-03T17:13:04Z B-DIS-s1 clin_v1/medeinst_dis_test: TA nan Rev nan Hold nan n=None (46.4 s)
2026-10-03T17:14:15Z B-DIS-s1 rule_v1/dev: TA 42.3 Rev 58.7 Hold 65.3 n=300 (70.8 s)
2026-10-03T17:18:16Z generate: batch 25/32, 251374 tokens, 1115 tok/s
2026-10-03T17:22:06Z B-DIS-s1 rule_v1/test_L2: TA 37.9 Rev 48.9 Hold 69.7 n=2000 (459.2 s)
2026-10-03T17:23:55Z B-DIS-s1 xr_v1/test: TA nan Rev nan Hold nan n=None (109.5 s)
2026-10-03T17:23:56Z DONE B-DIS-s1 in 76.9 min, GPU util mean 90.3
