2026-10-03T15:32:32Z step 10/938 loss=0.2516 grad_norm=7.057 learning_rate=3.214e-05 epoch=0.01067
2026-10-03T15:33:09Z step 20/938 loss=0.1876 grad_norm=3.88 learning_rate=6.786e-05 epoch=0.02133
2026-10-03T15:33:46Z step 30/938 loss=0.1298 grad_norm=2.523 learning_rate=0.0001 epoch=0.032
2026-10-03T15:34:23Z step 40/938 loss=0.09936 grad_norm=4.087 learning_rate=9.996e-05 epoch=0.04267
2026-10-03T15:35:00Z step 50/938 loss=0.1049 grad_norm=0.2841 learning_rate=9.987e-05 epoch=0.05333
2026-10-03T15:35:38Z step 60/938 loss=0.05622 grad_norm=2.615 learning_rate=9.971e-05 epoch=0.064
2026-10-03T15:36:14Z step 70/938 loss=0.1381 grad_norm=0.8245 learning_rate=9.95e-05 epoch=0.07467
2026-10-03T15:36:49Z step 80/938 loss=0.03371 grad_norm=0.01145 learning_rate=9.923e-05 epoch=0.08533
2026-10-03T15:37:26Z step 90/938 loss=0.03137 grad_norm=0.02954 learning_rate=9.89e-05 epoch=0.096
2026-10-03T15:38:04Z step 100/938 loss=0.139 grad_norm=2.296 learning_rate=9.851e-05 epoch=0.1067
2026-10-03T15:38:40Z step 110/938 loss=0.04436 grad_norm=1.168 learning_rate=9.806e-05 epoch=0.1173
2026-10-03T15:39:17Z step 120/938 loss=0.087 grad_norm=0.1069 learning_rate=9.755e-05 epoch=0.128
2026-10-03T15:39:53Z step 130/938 loss=0.03628 grad_norm=7.316 learning_rate=9.699e-05 epoch=0.1387
2026-10-03T15:40:30Z step 140/938 loss=0.04379 grad_norm=0.2535 learning_rate=9.637e-05 epoch=0.1493
2026-10-03T15:41:08Z step 150/938 loss=0.02736 grad_norm=0.1327 learning_rate=9.57e-05 epoch=0.16
2026-10-03T15:41:44Z step 160/938 loss=0.01324 grad_norm=0.2591 learning_rate=9.497e-05 epoch=0.1707
2026-10-03T15:42:21Z step 170/938 loss=0.01633 grad_norm=1.574 learning_rate=9.419e-05 epoch=0.1813
2026-10-03T15:42:58Z step 180/938 loss=0.04344 grad_norm=0.4962 learning_rate=9.336e-05 epoch=0.192
2026-10-03T15:43:34Z step 190/938 loss=0.02292 grad_norm=0.05234 learning_rate=9.247e-05 epoch=0.2027
2026-10-03T15:44:13Z step 200/938 loss=0.02948 grad_norm=0.2151 learning_rate=9.154e-05 epoch=0.2133
2026-10-03T15:44:49Z step 210/938 loss=0.01892 grad_norm=4.409e-07 learning_rate=9.055e-05 epoch=0.224
2026-10-03T15:45:25Z step 220/938 loss=0.05018 grad_norm=0.01084 learning_rate=8.952e-05 epoch=0.2347
2026-10-03T15:46:02Z step 230/938 loss=0.03174 grad_norm=0.09289 learning_rate=8.844e-05 epoch=0.2453
2026-10-03T15:46:38Z step 240/938 loss=0.02665 grad_norm=0.0002759 learning_rate=8.731e-05 epoch=0.256
2026-10-03T15:47:16Z step 250/938 loss=0.01857 grad_norm=0.001038 learning_rate=8.614e-05 epoch=0.2667
2026-10-03T15:47:51Z step 260/938 loss=0.05488 grad_norm=0.05012 learning_rate=8.493e-05 epoch=0.2773
2026-10-03T15:48:28Z step 270/938 loss=0.04273 grad_norm=0.06729 learning_rate=8.367e-05 epoch=0.288
2026-10-03T15:49:04Z step 280/938 loss=0.01933 grad_norm=1.081e-06 learning_rate=8.237e-05 epoch=0.2987
2026-10-03T15:49:41Z step 290/938 loss=0.0313 grad_norm=1.083 learning_rate=8.104e-05 epoch=0.3093
2026-10-03T15:50:19Z step 300/938 loss=0.004788 grad_norm=2.359e-06 learning_rate=7.967e-05 epoch=0.32
2026-10-03T15:50:56Z step 310/938 loss=0.03762 grad_norm=0.0004519 learning_rate=7.826e-05 epoch=0.3307
2026-10-03T15:51:31Z step 320/938 loss=0.02735 grad_norm=0.005978 learning_rate=7.682e-05 epoch=0.3413
2026-10-03T15:52:15Z step 330/938 loss=0.005962 grad_norm=7.603e-07 learning_rate=7.535e-05 epoch=0.352
2026-10-03T15:52:53Z step 340/938 loss=0.09493 grad_norm=0.2443 learning_rate=7.385e-05 epoch=0.3627
2026-10-03T15:53:29Z step 350/938 loss=0.03534 grad_norm=0.4332 learning_rate=7.231e-05 epoch=0.3733
2026-10-03T15:54:06Z step 360/938 loss=0.01768 grad_norm=0.231 learning_rate=7.076e-05 epoch=0.384
2026-10-03T15:54:43Z step 370/938 loss=0.03768 grad_norm=0.1511 learning_rate=6.917e-05 epoch=0.3947
2026-10-03T15:55:20Z step 380/938 loss=0.03061 grad_norm=0.2537 learning_rate=6.757e-05 epoch=0.4053
2026-10-03T15:55:57Z step 390/938 loss=0.02045 grad_norm=0.12 learning_rate=6.594e-05 epoch=0.416
2026-10-03T15:56:34Z step 400/938 loss=0.02005 grad_norm=0.002751 learning_rate=6.43e-05 epoch=0.4267
2026-10-03T15:57:12Z step 410/938 loss=0.01891 grad_norm=0.1443 learning_rate=6.264e-05 epoch=0.4373
2026-10-03T15:57:49Z step 420/938 loss=0.0254 grad_norm=0.004942 learning_rate=6.096e-05 epoch=0.448
2026-10-03T15:58:27Z step 430/938 loss=0.01568 grad_norm=0.04533 learning_rate=5.927e-05 epoch=0.4587
2026-10-03T15:59:04Z step 440/938 loss=0.004722 grad_norm=0.2865 learning_rate=5.757e-05 epoch=0.4693
2026-10-03T15:59:41Z step 450/938 loss=0.008207 grad_norm=1.819e-05 learning_rate=5.586e-05 epoch=0.48
2026-10-03T16:00:16Z step 460/938 loss=0.009347 grad_norm=2.294 learning_rate=5.414e-05 epoch=0.4907
2026-10-03T16:00:53Z step 470/938 loss=0.01456 grad_norm=0.0004407 learning_rate=5.242e-05 epoch=0.5013
2026-10-03T16:01:31Z step 480/938 loss=0.003161 grad_norm=1.177e-05 learning_rate=5.069e-05 epoch=0.512
2026-10-03T16:02:08Z step 490/938 loss=0.007882 grad_norm=0.0002385 learning_rate=4.896e-05 epoch=0.5227
2026-10-03T16:03:06Z step 500/938 loss=0.02075 grad_norm=0.2081 learning_rate=4.724e-05 epoch=0.5333
2026-10-03T16:03:42Z step 510/938 loss=0.008125 grad_norm=0.01595 learning_rate=4.552e-05 epoch=0.544
2026-10-03T16:04:19Z step 520/938 loss=0.0004466 grad_norm=0.004354 learning_rate=4.38e-05 epoch=0.5547
2026-10-03T16:04:55Z step 530/938 loss=0.003235 grad_norm=2.069e-05 learning_rate=4.209e-05 epoch=0.5653
2026-10-03T16:05:32Z step 540/938 loss=0.0122 grad_norm=1.276 learning_rate=4.039e-05 epoch=0.576
2026-10-03T16:06:08Z step 550/938 loss=0.01548 grad_norm=0.01473 learning_rate=3.871e-05 epoch=0.5867
2026-10-03T16:06:46Z step 560/938 loss=0.01199 grad_norm=0.0757 learning_rate=3.703e-05 epoch=0.5973
2026-10-03T16:07:22Z step 570/938 loss=0.01445 grad_norm=0.005528 learning_rate=3.537e-05 epoch=0.608
2026-10-03T16:07:59Z step 580/938 loss=0.002227 grad_norm=0.0006561 learning_rate=3.373e-05 epoch=0.6187
2026-10-03T16:08:35Z step 590/938 loss=0.004782 grad_norm=0.001496 learning_rate=3.211e-05 epoch=0.6293
2026-10-03T16:09:10Z step 600/938 loss=0.0004166 grad_norm=0.0009057 learning_rate=3.051e-05 epoch=0.64
2026-10-03T16:09:48Z step 610/938 loss=0.009408 grad_norm=1.915e-06 learning_rate=2.893e-05 epoch=0.6507
2026-10-03T16:10:24Z step 620/938 loss=0.00278 grad_norm=0.5323 learning_rate=2.738e-05 epoch=0.6613
2026-10-03T16:11:00Z step 630/938 loss=0.002468 grad_norm=7.563e-06 learning_rate=2.585e-05 epoch=0.672
2026-10-03T16:11:37Z step 640/938 loss=0.0001973 grad_norm=0.002089 learning_rate=2.436e-05 epoch=0.6827
2026-10-03T16:12:19Z step 650/938 loss=0.002297 grad_norm=0.005951 learning_rate=2.289e-05 epoch=0.6933
2026-10-03T16:12:56Z step 660/938 loss=0.0002288 grad_norm=0.01778 learning_rate=2.145e-05 epoch=0.704
2026-10-03T16:13:32Z step 670/938 loss=0.00817 grad_norm=2.325e-05 learning_rate=2.005e-05 epoch=0.7147
2026-10-03T16:14:09Z step 680/938 loss=0.01029 grad_norm=1.246 learning_rate=1.869e-05 epoch=0.7253
2026-10-03T16:14:48Z step 690/938 loss=1.345e-05 grad_norm=1.863e-06 learning_rate=1.736e-05 epoch=0.736
2026-10-03T16:15:25Z step 700/938 loss=0.0006219 grad_norm=0.02139 learning_rate=1.608e-05 epoch=0.7467
2026-10-03T16:16:02Z step 710/938 loss=0.0002026 grad_norm=0.02715 learning_rate=1.483e-05 epoch=0.7573
2026-10-03T16:16:39Z step 720/938 loss=0.01881 grad_norm=0.0001058 learning_rate=1.362e-05 epoch=0.768
2026-10-03T16:17:15Z step 730/938 loss=0.0001003 grad_norm=0.02292 learning_rate=1.246e-05 epoch=0.7787
2026-10-03T16:17:52Z step 740/938 loss=0.000523 grad_norm=0.02986 learning_rate=1.134e-05 epoch=0.7893
2026-10-03T16:18:29Z step 750/938 loss=0.0001851 grad_norm=0.1099 learning_rate=1.027e-05 epoch=0.8
2026-10-03T16:19:06Z step 760/938 loss=0.002949 grad_norm=0.7321 learning_rate=9.247e-06 epoch=0.8107
2026-10-03T16:19:43Z step 770/938 loss=0.0008554 grad_norm=0.1382 learning_rate=8.271e-06 epoch=0.8213
2026-10-03T16:20:21Z step 780/938 loss=0.00151 grad_norm=0.04913 learning_rate=7.345e-06 epoch=0.832
2026-10-03T16:20:58Z step 790/938 loss=0.002756 grad_norm=0.0009877 learning_rate=6.47e-06 epoch=0.8427
2026-10-03T16:21:34Z step 800/938 loss=0.01816 grad_norm=4.666e-07 learning_rate=5.647e-06 epoch=0.8533
2026-10-03T16:22:12Z step 810/938 loss=8.497e-05 grad_norm=0.0008605 learning_rate=4.877e-06 epoch=0.864
2026-10-03T16:22:48Z step 820/938 loss=0.01105 grad_norm=0.000646 learning_rate=4.16e-06 epoch=0.8747
2026-10-03T16:23:27Z step 830/938 loss=0.0009283 grad_norm=0.0003574 learning_rate=3.498e-06 epoch=0.8853
2026-10-03T16:24:02Z step 840/938 loss=0.0001056 grad_norm=0.001582 learning_rate=2.892e-06 epoch=0.896
2026-10-03T16:24:40Z step 850/938 loss=0.0002367 grad_norm=0.0003287 learning_rate=2.342e-06 epoch=0.9067
2026-10-03T16:25:16Z step 860/938 loss=0.01351 grad_norm=0.001346 learning_rate=1.848e-06 epoch=0.9173
2026-10-03T16:25:53Z step 870/938 loss=0.001059 grad_norm=0.05362 learning_rate=1.412e-06 epoch=0.928
2026-10-03T16:26:30Z step 880/938 loss=4.814e-05 grad_norm=0.0008045 learning_rate=1.034e-06 epoch=0.9387
2026-10-03T16:27:06Z step 890/938 loss=0.001905 grad_norm=3.426e-06 learning_rate=7.137e-07 epoch=0.9493
2026-10-03T16:27:43Z step 900/938 loss=0.006662 grad_norm=0.0004307 learning_rate=4.525e-07 epoch=0.96
2026-10-03T16:28:19Z step 910/938 loss=0.0004473 grad_norm=0.000228 learning_rate=2.504e-07 epoch=0.9707
2026-10-03T16:28:55Z step 920/938 loss=0.006229 grad_norm=1.81e-07 learning_rate=1.075e-07 epoch=0.9813
2026-10-03T16:29:33Z step 930/938 loss=0.0002146 grad_norm=0.01308 learning_rate=2.413e-08 epoch=0.992
2026-10-03T16:30:01Z step 938/938 train_runtime=3486 train_samples_per_second=8.606 train_steps_per_second=0.269 total_flos=1.017e+18 train_loss=0.02654 epoch=1
2026-10-03T16:30:07Z trained 938 steps in 58.2 min, 3742.0 tok/s, peak 24.64 GB
2026-10-03T16:30:08Z u path: fp32-hidden (max |u_fp32 - u_bf16logits| = 0.0544)
2026-10-03T16:30:09Z padding self-check: max |u_batch - u_single| = 0.0809 (tol 0.758) -> left padding
2026-10-03T16:30:48Z B-AB-pairwise-s0 rule_v1/dev: TA 99.7 Rev 99.7 Hold 100.0 n=300 (40.2 s)
2026-10-03T16:35:12Z B-AB-pairwise-s0 rule_v1/test_L2: TA 91.4 Rev 91.8 Hold 98.2 n=2000 (263.5 s)
2026-10-03T16:36:12Z B-AB-pairwise-s0 xr_v1/test: TA nan Rev nan Hold nan n=None (60.1 s)
2026-10-03T16:36:13Z DONE B-AB-pairwise-s0 in 64.9 min, GPU util mean 93.0
