2026-10-03T23:21:39Z step 10/938 loss=0.4549 grad_norm=0.8899 learning_rate=3.214e-05 epoch=0.01067
2026-10-03T23:22:06Z step 20/938 loss=0.07059 grad_norm=0.3521 learning_rate=6.786e-05 epoch=0.02133
2026-10-03T23:22:33Z step 30/938 loss=0.0138 grad_norm=0.05269 learning_rate=0.0001 epoch=0.032
2026-10-03T23:23:00Z step 40/938 loss=0.004022 grad_norm=0.08174 learning_rate=9.996e-05 epoch=0.04267
2026-10-03T23:23:27Z step 50/938 loss=0.005165 grad_norm=0.1181 learning_rate=9.987e-05 epoch=0.05333
2026-10-03T23:23:53Z step 60/938 loss=0.002264 grad_norm=0.1111 learning_rate=9.971e-05 epoch=0.064
2026-10-03T23:24:21Z step 70/938 loss=0.001274 grad_norm=0.09018 learning_rate=9.95e-05 epoch=0.07467
2026-10-03T23:24:48Z step 80/938 loss=0.001263 grad_norm=0.01203 learning_rate=9.923e-05 epoch=0.08533
2026-10-03T23:25:15Z step 90/938 loss=0.0007688 grad_norm=0.0124 learning_rate=9.89e-05 epoch=0.096
2026-10-03T23:25:43Z step 100/938 loss=0.0008587 grad_norm=0.1741 learning_rate=9.851e-05 epoch=0.1067
2026-10-03T23:26:09Z step 110/938 loss=0.0004275 grad_norm=0.08265 learning_rate=9.806e-05 epoch=0.1173
2026-10-03T23:26:36Z step 120/938 loss=0.0004497 grad_norm=0.0005044 learning_rate=9.755e-05 epoch=0.128
2026-10-03T23:27:03Z step 130/938 loss=0.001355 grad_norm=0.03234 learning_rate=9.699e-05 epoch=0.1387
2026-10-03T23:27:30Z step 140/938 loss=0.002073 grad_norm=0.02726 learning_rate=9.637e-05 epoch=0.1493
2026-10-03T23:27:56Z step 150/938 loss=0.0003303 grad_norm=0.002334 learning_rate=9.57e-05 epoch=0.16
2026-10-03T23:28:23Z step 160/938 loss=0.000476 grad_norm=0.008489 learning_rate=9.497e-05 epoch=0.1707
2026-10-03T23:28:49Z step 170/938 loss=0.0006034 grad_norm=0.03751 learning_rate=9.419e-05 epoch=0.1813
2026-10-03T23:29:16Z step 180/938 loss=4.656e-05 grad_norm=0.0004644 learning_rate=9.336e-05 epoch=0.192
2026-10-03T23:29:43Z step 190/938 loss=3.601e-05 grad_norm=0.001143 learning_rate=9.247e-05 epoch=0.2027
2026-10-03T23:30:10Z step 200/938 loss=9.086e-05 grad_norm=0.003665 learning_rate=9.154e-05 epoch=0.2133
2026-10-03T23:30:36Z step 210/938 loss=0.0002845 grad_norm=0.004117 learning_rate=9.055e-05 epoch=0.224
2026-10-03T23:31:03Z step 220/938 loss=9.087e-05 grad_norm=0.004112 learning_rate=8.952e-05 epoch=0.2347
2026-10-03T23:31:30Z step 230/938 loss=0.0009265 grad_norm=0.005088 learning_rate=8.844e-05 epoch=0.2453
2026-10-03T23:31:56Z step 240/938 loss=0.002486 grad_norm=0.003467 learning_rate=8.731e-05 epoch=0.256
2026-10-03T23:32:24Z step 250/938 loss=0.003246 grad_norm=0.01721 learning_rate=8.614e-05 epoch=0.2667
2026-10-03T23:32:51Z step 260/938 loss=0.00243 grad_norm=0.1814 learning_rate=8.493e-05 epoch=0.2773
2026-10-03T23:33:18Z step 270/938 loss=0.001677 grad_norm=0.05894 learning_rate=8.367e-05 epoch=0.288
2026-10-03T23:33:45Z step 280/938 loss=0.0009228 grad_norm=0.00415 learning_rate=8.237e-05 epoch=0.2987
2026-10-03T23:34:12Z step 290/938 loss=0.0004356 grad_norm=0.01344 learning_rate=8.104e-05 epoch=0.3093
2026-10-03T23:34:38Z step 300/938 loss=0.0005505 grad_norm=0.004875 learning_rate=7.967e-05 epoch=0.32
2026-10-03T23:35:05Z step 310/938 loss=0.000154 grad_norm=0.01434 learning_rate=7.826e-05 epoch=0.3307
2026-10-03T23:35:32Z step 320/938 loss=2.975e-05 grad_norm=0.0005946 learning_rate=7.682e-05 epoch=0.3413
2026-10-03T23:35:59Z step 330/938 loss=0.0001614 grad_norm=0.0001351 learning_rate=7.535e-05 epoch=0.352
2026-10-03T23:36:26Z step 340/938 loss=0.0001144 grad_norm=0.03525 learning_rate=7.385e-05 epoch=0.3627
2026-10-03T23:36:53Z step 350/938 loss=0.0002864 grad_norm=0.0006876 learning_rate=7.231e-05 epoch=0.3733
2026-10-03T23:37:20Z step 360/938 loss=0.0007228 grad_norm=0.007305 learning_rate=7.076e-05 epoch=0.384
2026-10-03T23:37:47Z step 370/938 loss=0.0002211 grad_norm=0.0008879 learning_rate=6.917e-05 epoch=0.3947
2026-10-03T23:38:14Z step 380/938 loss=0.0005 grad_norm=0.001461 learning_rate=6.757e-05 epoch=0.4053
2026-10-04T00:17:09Z step 10/938 loss=1.815 grad_norm=3.598 learning_rate=3.214e-05 epoch=0.01067
2026-10-04T00:17:37Z step 20/938 loss=0.2471 grad_norm=1.344 learning_rate=6.786e-05 epoch=0.02133
2026-10-04T00:18:06Z step 30/938 loss=0.03968 grad_norm=0.1318 learning_rate=0.0001 epoch=0.032
2026-10-04T00:18:33Z step 40/938 loss=0.01215 grad_norm=1.121 learning_rate=9.996e-05 epoch=0.04267
2026-10-04T00:19:00Z step 50/938 loss=0.01655 grad_norm=0.4232 learning_rate=9.987e-05 epoch=0.05333
2026-10-04T00:19:27Z step 60/938 loss=0.004772 grad_norm=0.09533 learning_rate=9.971e-05 epoch=0.064
2026-10-04T00:19:55Z step 70/938 loss=0.01223 grad_norm=1.191 learning_rate=9.95e-05 epoch=0.07467
2026-10-04T00:20:23Z step 80/938 loss=0.01313 grad_norm=0.4168 learning_rate=9.923e-05 epoch=0.08533
2026-10-04T00:20:50Z step 90/938 loss=0.009937 grad_norm=0.1161 learning_rate=9.89e-05 epoch=0.096
2026-10-04T00:21:18Z step 100/938 loss=0.004736 grad_norm=0.09261 learning_rate=9.851e-05 epoch=0.1067
2026-10-04T00:21:45Z step 110/938 loss=0.001096 grad_norm=0.01606 learning_rate=9.806e-05 epoch=0.1173
2026-10-04T00:22:12Z step 120/938 loss=0.004741 grad_norm=0.001929 learning_rate=9.755e-05 epoch=0.128
2026-10-04T00:22:39Z step 130/938 loss=0.003825 grad_norm=0.1685 learning_rate=9.699e-05 epoch=0.1387
2026-10-04T00:23:07Z step 140/938 loss=0.007369 grad_norm=0.137 learning_rate=9.637e-05 epoch=0.1493
2026-10-04T00:23:34Z step 150/938 loss=0.00668 grad_norm=0.05243 learning_rate=9.57e-05 epoch=0.16
2026-10-04T00:24:00Z step 160/938 loss=0.002549 grad_norm=0.02263 learning_rate=9.497e-05 epoch=0.1707
2026-10-04T00:24:28Z step 170/938 loss=0.0009605 grad_norm=0.04597 learning_rate=9.419e-05 epoch=0.1813
2026-10-04T00:24:55Z step 180/938 loss=0.000301 grad_norm=0.0007671 learning_rate=9.336e-05 epoch=0.192
2026-10-04T00:25:22Z step 190/938 loss=0.0001051 grad_norm=0.0005237 learning_rate=9.247e-05 epoch=0.2027
2026-10-04T00:25:49Z step 200/938 loss=0.001101 grad_norm=0.02361 learning_rate=9.154e-05 epoch=0.2133
2026-10-04T00:26:16Z step 210/938 loss=0.001296 grad_norm=3.64 learning_rate=9.055e-05 epoch=0.224
2026-10-04T00:26:43Z step 220/938 loss=0.003554 grad_norm=0.04205 learning_rate=8.952e-05 epoch=0.2347
2026-10-04T00:27:10Z step 230/938 loss=0.01121 grad_norm=0.008951 learning_rate=8.844e-05 epoch=0.2453
2026-10-04T00:27:37Z step 240/938 loss=0.006931 grad_norm=0.06189 learning_rate=8.731e-05 epoch=0.256
2026-10-04T00:28:04Z step 250/938 loss=0.0029 grad_norm=0.006195 learning_rate=8.614e-05 epoch=0.2667
2026-10-04T00:28:32Z step 260/938 loss=0.0008283 grad_norm=0.006751 learning_rate=8.493e-05 epoch=0.2773
2026-10-04T00:28:59Z step 270/938 loss=0.0004183 grad_norm=0.01962 learning_rate=8.367e-05 epoch=0.288
2026-10-04T00:29:27Z step 280/938 loss=0.0003537 grad_norm=0.001444 learning_rate=8.237e-05 epoch=0.2987
2026-10-04T00:29:54Z step 290/938 loss=0.0005889 grad_norm=0.001232 learning_rate=8.104e-05 epoch=0.3093
2026-10-04T00:30:21Z step 300/938 loss=0.007619 grad_norm=0.001936 learning_rate=7.967e-05 epoch=0.32
2026-10-04T00:30:48Z step 310/938 loss=0.005102 grad_norm=0.0384 learning_rate=7.826e-05 epoch=0.3307
2026-10-04T00:31:15Z step 320/938 loss=0.0003296 grad_norm=0.008195 learning_rate=7.682e-05 epoch=0.3413
2026-10-04T00:31:43Z step 330/938 loss=0.0001305 grad_norm=0.0005732 learning_rate=7.535e-05 epoch=0.352
2026-10-04T00:32:10Z step 340/938 loss=0.001139 grad_norm=0.01407 learning_rate=7.385e-05 epoch=0.3627
2026-10-04T00:32:37Z step 350/938 loss=0.002751 grad_norm=0.006952 learning_rate=7.231e-05 epoch=0.3733
2026-10-04T00:33:04Z step 360/938 loss=0.0004762 grad_norm=0.01072 learning_rate=7.076e-05 epoch=0.384
2026-10-04T00:33:32Z step 370/938 loss=0.0006417 grad_norm=0.0009399 learning_rate=6.917e-05 epoch=0.3947
2026-10-04T00:33:59Z step 380/938 loss=8.62e-05 grad_norm=0.000978 learning_rate=6.757e-05 epoch=0.4053
2026-10-04T00:34:26Z step 390/938 loss=0.0004303 grad_norm=0.0007657 learning_rate=6.594e-05 epoch=0.416
2026-10-04T00:34:54Z step 400/938 loss=0.0002114 grad_norm=0.00037 learning_rate=6.43e-05 epoch=0.4267
2026-10-04T00:35:21Z step 410/938 loss=5.486e-05 grad_norm=0.001216 learning_rate=6.264e-05 epoch=0.4373
2026-10-04T00:35:48Z step 420/938 loss=0.0003095 grad_norm=0.0009403 learning_rate=6.096e-05 epoch=0.448
2026-10-04T00:36:15Z step 430/938 loss=3.866e-05 grad_norm=0.0004155 learning_rate=5.927e-05 epoch=0.4587
2026-10-04T00:36:48Z step 440/938 loss=0.003257 grad_norm=0.01297 learning_rate=5.757e-05 epoch=0.4693
2026-10-04T00:37:15Z step 450/938 loss=0.0005729 grad_norm=0.001601 learning_rate=5.586e-05 epoch=0.48
2026-10-04T00:37:42Z step 460/938 loss=0.0002213 grad_norm=0.0009493 learning_rate=5.414e-05 epoch=0.4907
2026-10-04T00:38:09Z step 470/938 loss=4.795e-05 grad_norm=0.0006615 learning_rate=5.242e-05 epoch=0.5013
2026-10-04T00:38:36Z step 480/938 loss=5.143e-05 grad_norm=0.0003724 learning_rate=5.069e-05 epoch=0.512
2026-10-04T00:39:03Z step 490/938 loss=0.002837 grad_norm=0.1231 learning_rate=4.896e-05 epoch=0.5227
2026-10-04T00:39:30Z step 500/938 loss=0.003037 grad_norm=0.01364 learning_rate=4.724e-05 epoch=0.5333
2026-10-04T00:39:57Z step 510/938 loss=0.0005169 grad_norm=0.004705 learning_rate=4.552e-05 epoch=0.544
2026-10-04T00:40:24Z step 520/938 loss=0.0007568 grad_norm=0.003827 learning_rate=4.38e-05 epoch=0.5547
2026-10-04T00:40:51Z step 530/938 loss=0.0001838 grad_norm=0.001268 learning_rate=4.209e-05 epoch=0.5653
2026-10-04T00:41:19Z step 540/938 loss=8.759e-05 grad_norm=0.0005108 learning_rate=4.039e-05 epoch=0.576
2026-10-04T00:41:46Z step 550/938 loss=0.000859 grad_norm=0.0007327 learning_rate=3.871e-05 epoch=0.5867
2026-10-04T00:42:14Z step 560/938 loss=0.000194 grad_norm=0.002384 learning_rate=3.703e-05 epoch=0.5973
2026-10-04T00:42:41Z step 570/938 loss=4.072e-05 grad_norm=0.003403 learning_rate=3.537e-05 epoch=0.608
2026-10-04T00:43:07Z step 580/938 loss=2.826e-05 grad_norm=0.001487 learning_rate=3.373e-05 epoch=0.6187
2026-10-04T00:43:34Z step 590/938 loss=2.938e-05 grad_norm=0.001211 learning_rate=3.211e-05 epoch=0.6293
2026-10-04T00:44:01Z step 600/938 loss=6.22e-05 grad_norm=0.001005 learning_rate=3.051e-05 epoch=0.64
2026-10-04T00:44:28Z step 610/938 loss=0.0002771 grad_norm=0.0003278 learning_rate=2.893e-05 epoch=0.6507
2026-10-04T00:44:56Z step 620/938 loss=1.955e-05 grad_norm=0.0001935 learning_rate=2.738e-05 epoch=0.6613
2026-10-04T00:45:23Z step 630/938 loss=3.794e-05 grad_norm=0.00125 learning_rate=2.585e-05 epoch=0.672
2026-10-04T00:45:50Z step 640/938 loss=3.459e-05 grad_norm=0.0006636 learning_rate=2.436e-05 epoch=0.6827
2026-10-04T00:46:17Z step 650/938 loss=2.407e-05 grad_norm=0.0003854 learning_rate=2.289e-05 epoch=0.6933
2026-10-04T00:46:45Z step 660/938 loss=1.897e-05 grad_norm=0.0003149 learning_rate=2.145e-05 epoch=0.704
2026-10-04T00:47:12Z step 670/938 loss=1.954e-05 grad_norm=0.0002303 learning_rate=2.005e-05 epoch=0.7147
2026-10-04T00:47:39Z step 680/938 loss=2.436e-05 grad_norm=0.001287 learning_rate=1.869e-05 epoch=0.7253
2026-10-04T00:48:06Z step 690/938 loss=1.631e-05 grad_norm=0.0003822 learning_rate=1.736e-05 epoch=0.736
2026-10-04T00:48:33Z step 700/938 loss=2.747e-05 grad_norm=0.002066 learning_rate=1.608e-05 epoch=0.7467
2026-10-04T00:49:01Z step 710/938 loss=1.803e-05 grad_norm=0.0009798 learning_rate=1.483e-05 epoch=0.7573
2026-10-04T00:49:28Z step 720/938 loss=2.505e-05 grad_norm=0.0002009 learning_rate=1.362e-05 epoch=0.768
2026-10-04T00:49:55Z step 730/938 loss=1.644e-05 grad_norm=0.0001368 learning_rate=1.246e-05 epoch=0.7787
2026-10-04T00:50:22Z step 740/938 loss=1.253e-05 grad_norm=0.0003292 learning_rate=1.134e-05 epoch=0.7893
2026-10-04T00:50:50Z step 750/938 loss=1.923e-05 grad_norm=0.0001482 learning_rate=1.027e-05 epoch=0.8
2026-10-04T00:51:16Z step 760/938 loss=1.563e-05 grad_norm=0.0003894 learning_rate=9.247e-06 epoch=0.8107
2026-10-04T00:51:44Z step 770/938 loss=2.291e-05 grad_norm=0.0002051 learning_rate=8.271e-06 epoch=0.8213
2026-10-04T00:52:10Z step 780/938 loss=1.981e-05 grad_norm=0.002828 learning_rate=7.345e-06 epoch=0.832
2026-10-04T00:52:38Z step 790/938 loss=0.0001955 grad_norm=0.0007242 learning_rate=6.47e-06 epoch=0.8427
2026-10-04T00:53:05Z step 800/938 loss=4.458e-05 grad_norm=8.805e-05 learning_rate=5.647e-06 epoch=0.8533
2026-10-04T00:53:32Z step 810/938 loss=0.0001014 grad_norm=0.05883 learning_rate=4.877e-06 epoch=0.864
2026-10-04T00:53:59Z step 820/938 loss=2.388e-05 grad_norm=0.001183 learning_rate=4.16e-06 epoch=0.8747
2026-10-04T00:54:26Z step 830/938 loss=2.311e-05 grad_norm=0.00191 learning_rate=3.498e-06 epoch=0.8853
2026-10-04T00:54:53Z step 840/938 loss=1.441e-05 grad_norm=0.0002827 learning_rate=2.892e-06 epoch=0.896
2026-10-04T00:55:20Z step 850/938 loss=1.756e-05 grad_norm=0.000298 learning_rate=2.342e-06 epoch=0.9067
2026-10-04T00:55:47Z step 860/938 loss=0.002074 grad_norm=0.0001531 learning_rate=1.848e-06 epoch=0.9173
2026-10-04T00:56:14Z step 870/938 loss=2.543e-05 grad_norm=0.000149 learning_rate=1.412e-06 epoch=0.928
2026-10-04T00:56:41Z step 880/938 loss=1.769e-05 grad_norm=0.0002389 learning_rate=1.034e-06 epoch=0.9387
2026-10-04T00:57:12Z step 890/938 loss=1.461e-05 grad_norm=0.001573 learning_rate=7.137e-07 epoch=0.9493
2026-10-04T00:57:39Z step 900/938 loss=1.787e-05 grad_norm=0.0001905 learning_rate=4.525e-07 epoch=0.96
2026-10-04T00:58:06Z step 910/938 loss=1.075e-05 grad_norm=0.0001338 learning_rate=2.504e-07 epoch=0.9707
2026-10-04T00:58:33Z step 920/938 loss=1.969e-05 grad_norm=0.002197 learning_rate=1.075e-07 epoch=0.9813
2026-10-04T00:59:00Z step 930/938 loss=1.72e-05 grad_norm=0.0001786 learning_rate=2.413e-08 epoch=0.992
2026-10-04T00:59:20Z step 938/938 train_runtime=2559 train_samples_per_second=23.45 train_steps_per_second=0.367 total_flos=1.296e+18 train_loss=0.02417 epoch=1
2026-10-04T00:59:24Z trained 938 steps in 42.7 min, 6482.9 tok/s, peak 34.97 GB
2026-10-04T00:59:24Z u path: fp32-hidden (max |u_fp32 - u_bf16logits| = 0.0462)
2026-10-04T00:59:25Z padding self-check: max |u_batch - u_single| = 0.0914 (tol 0.616) -> left padding
2026-10-04T01:00:40Z B-LC-ledger2-triplets-s1 rule_v1/dev: TA 99.7 Rev 99.7 Hold 100.0 n=300 (76.0 s)
2026-10-04T01:02:58Z generate: batch 25/32, 224811 tokens, 1646 tok/s
2026-10-04T01:08:57Z B-LC-ledger2-triplets-s1 rule_v1/test_L2: TA 97.7 Rev 97.8 Hold 99.8 n=2000 (496.8 s)
2026-10-04T01:11:21Z B-LC-ledger2-triplets-s1 xr_v1/test: TA nan Rev nan Hold nan n=None (143.3 s)
2026-10-04T01:11:21Z DONE B-LC-ledger2-triplets-s1 in 55.1 min, GPU util mean 93.2
