2026-10-04T01:12:34Z step 10/937 loss=5.112 grad_norm=6.767 learning_rate=3.214e-05 epoch=0.01068
2026-10-04T01:13:18Z step 20/937 loss=0.9767 grad_norm=3.508 learning_rate=6.786e-05 epoch=0.02136
2026-10-04T01:14:01Z step 30/937 loss=0.4153 grad_norm=2.503 learning_rate=0.0001 epoch=0.03205
2026-10-04T01:14:46Z step 40/937 loss=0.2324 grad_norm=1.299 learning_rate=9.996e-05 epoch=0.04273
2026-10-04T01:15:30Z step 50/937 loss=0.244 grad_norm=1.82 learning_rate=9.987e-05 epoch=0.05341
2026-10-04T01:16:13Z step 60/937 loss=0.1943 grad_norm=0.6715 learning_rate=9.971e-05 epoch=0.06409
2026-10-04T01:16:56Z step 70/937 loss=0.1588 grad_norm=0.4183 learning_rate=9.95e-05 epoch=0.07478
2026-10-04T01:17:38Z step 80/937 loss=0.1557 grad_norm=2.608 learning_rate=9.923e-05 epoch=0.08546
2026-10-04T01:18:21Z step 90/937 loss=0.1336 grad_norm=0.4448 learning_rate=9.889e-05 epoch=0.09614
2026-10-04T01:19:03Z step 100/937 loss=0.09913 grad_norm=0.5898 learning_rate=9.85e-05 epoch=0.1068
2026-10-04T01:19:46Z step 110/937 loss=0.1303 grad_norm=0.9097 learning_rate=9.805e-05 epoch=0.1175
2026-10-04T01:20:29Z step 120/937 loss=0.08152 grad_norm=0.6809 learning_rate=9.755e-05 epoch=0.1282
2026-10-04T01:21:11Z step 130/937 loss=0.1144 grad_norm=0.4312 learning_rate=9.698e-05 epoch=0.1389
2026-10-04T01:21:54Z step 140/937 loss=0.1035 grad_norm=0.9541 learning_rate=9.637e-05 epoch=0.1496
2026-10-04T01:22:36Z step 150/937 loss=0.08364 grad_norm=0.5369 learning_rate=9.569e-05 epoch=0.1602
2026-10-04T01:23:19Z step 160/937 loss=0.09537 grad_norm=0.3917 learning_rate=9.496e-05 epoch=0.1709
2026-10-04T01:24:02Z step 170/937 loss=0.1272 grad_norm=0.5077 learning_rate=9.418e-05 epoch=0.1816
2026-10-04T01:24:45Z step 180/937 loss=0.1086 grad_norm=0.4332 learning_rate=9.334e-05 epoch=0.1923
2026-10-04T01:25:28Z step 190/937 loss=0.06768 grad_norm=0.3105 learning_rate=9.246e-05 epoch=0.203
2026-10-04T01:26:11Z step 200/937 loss=0.06711 grad_norm=0.4687 learning_rate=9.152e-05 epoch=0.2136
2026-10-04T01:26:53Z step 210/937 loss=0.1064 grad_norm=0.7409 learning_rate=9.053e-05 epoch=0.2243
2026-10-04T01:27:35Z step 220/937 loss=0.09647 grad_norm=0.5726 learning_rate=8.95e-05 epoch=0.235
2026-10-04T01:28:18Z step 230/937 loss=0.07255 grad_norm=0.1796 learning_rate=8.841e-05 epoch=0.2457
2026-10-04T01:29:01Z step 240/937 loss=0.07137 grad_norm=0.6047 learning_rate=8.728e-05 epoch=0.2564
2026-10-04T01:29:42Z step 250/937 loss=0.07779 grad_norm=1.234 learning_rate=8.611e-05 epoch=0.2671
2026-10-04T01:30:25Z step 260/937 loss=0.08309 grad_norm=0.4329 learning_rate=8.489e-05 epoch=0.2777
2026-10-04T01:31:08Z step 270/937 loss=0.07461 grad_norm=0.3562 learning_rate=8.364e-05 epoch=0.2884
2026-10-04T01:31:50Z step 280/937 loss=0.075 grad_norm=0.5267 learning_rate=8.234e-05 epoch=0.2991
2026-10-04T01:32:38Z step 290/937 loss=0.08573 grad_norm=0.5682 learning_rate=8.1e-05 epoch=0.3098
2026-10-04T01:33:21Z step 300/937 loss=0.07538 grad_norm=0.2517 learning_rate=7.963e-05 epoch=0.3205
2026-10-04T01:34:04Z step 310/937 loss=0.07216 grad_norm=0.3872 learning_rate=7.822e-05 epoch=0.3312
2026-10-04T01:34:48Z step 320/937 loss=0.08099 grad_norm=0.3896 learning_rate=7.677e-05 epoch=0.3418
2026-10-04T01:35:31Z step 330/937 loss=0.04787 grad_norm=0.2989 learning_rate=7.53e-05 epoch=0.3525
2026-10-04T01:36:12Z step 340/937 loss=0.05797 grad_norm=0.3882 learning_rate=7.379e-05 epoch=0.3632
2026-10-04T01:36:55Z step 350/937 loss=0.06198 grad_norm=0.4646 learning_rate=7.226e-05 epoch=0.3739
2026-10-04T01:37:37Z step 360/937 loss=0.07182 grad_norm=0.2898 learning_rate=7.07e-05 epoch=0.3846
2026-10-04T01:38:21Z step 370/937 loss=0.07248 grad_norm=0.3732 learning_rate=6.911e-05 epoch=0.3952
2026-10-04T01:39:04Z step 380/937 loss=0.05631 grad_norm=0.452 learning_rate=6.751e-05 epoch=0.4059
2026-10-04T01:39:45Z step 390/937 loss=0.09103 grad_norm=0.2765 learning_rate=6.588e-05 epoch=0.4166
2026-10-04T01:40:29Z step 400/937 loss=0.06744 grad_norm=0.5361 learning_rate=6.423e-05 epoch=0.4273
2026-10-04T01:41:11Z step 410/937 loss=0.05939 grad_norm=1.023 learning_rate=6.257e-05 epoch=0.438
2026-10-04T01:41:55Z step 420/937 loss=0.05543 grad_norm=0.3554 learning_rate=6.089e-05 epoch=0.4487
2026-10-04T01:42:37Z step 430/937 loss=0.06936 grad_norm=0.4954 learning_rate=5.919e-05 epoch=0.4593
2026-10-04T01:43:20Z step 440/937 loss=0.06296 grad_norm=0.282 learning_rate=5.749e-05 epoch=0.47
2026-10-04T01:44:05Z step 450/937 loss=0.0581 grad_norm=0.7193 learning_rate=5.578e-05 epoch=0.4807
2026-10-04T01:44:47Z step 460/937 loss=0.04776 grad_norm=0.2486 learning_rate=5.406e-05 epoch=0.4914
2026-10-04T01:45:29Z step 470/937 loss=0.03563 grad_norm=0.2035 learning_rate=5.233e-05 epoch=0.5021
2026-10-04T01:46:11Z step 480/937 loss=0.0275 grad_norm=0.1769 learning_rate=5.06e-05 epoch=0.5128
2026-10-04T01:46:55Z step 490/937 loss=0.04221 grad_norm=0.1921 learning_rate=4.888e-05 epoch=0.5234
2026-10-04T01:47:38Z step 500/937 loss=0.05224 grad_norm=0.2518 learning_rate=4.715e-05 epoch=0.5341
2026-10-04T01:48:22Z step 510/937 loss=0.04242 grad_norm=0.6926 learning_rate=4.543e-05 epoch=0.5448
2026-10-04T01:49:05Z step 520/937 loss=0.04416 grad_norm=0.4774 learning_rate=4.371e-05 epoch=0.5555
2026-10-04T01:49:47Z step 530/937 loss=0.05976 grad_norm=0.2866 learning_rate=4.2e-05 epoch=0.5662
2026-10-04T01:50:31Z step 540/937 loss=0.05052 grad_norm=0.2253 learning_rate=4.03e-05 epoch=0.5768
2026-10-04T01:51:12Z step 550/937 loss=0.03528 grad_norm=0.3712 learning_rate=3.861e-05 epoch=0.5875
2026-10-04T01:52:01Z step 560/937 loss=0.05131 grad_norm=0.5904 learning_rate=3.693e-05 epoch=0.5982
2026-10-04T01:52:45Z step 570/937 loss=0.04928 grad_norm=0.3425 learning_rate=3.527e-05 epoch=0.6089
2026-10-04T01:53:30Z step 580/937 loss=0.05047 grad_norm=0.1214 learning_rate=3.363e-05 epoch=0.6196
2026-10-04T01:54:12Z step 590/937 loss=0.04651 grad_norm=0.7033 learning_rate=3.201e-05 epoch=0.6303
2026-10-04T01:54:55Z step 600/937 loss=0.03181 grad_norm=0.08966 learning_rate=3.041e-05 epoch=0.6409
2026-10-04T01:55:38Z step 610/937 loss=0.04397 grad_norm=0.1896 learning_rate=2.883e-05 epoch=0.6516
2026-10-04T01:56:20Z step 620/937 loss=0.0519 grad_norm=0.2926 learning_rate=2.728e-05 epoch=0.6623
2026-10-04T01:57:02Z step 630/937 loss=0.05798 grad_norm=1.008 learning_rate=2.575e-05 epoch=0.673
2026-10-04T01:57:45Z step 640/937 loss=0.04956 grad_norm=0.5751 learning_rate=2.426e-05 epoch=0.6837
2026-10-04T01:58:26Z step 650/937 loss=0.03618 grad_norm=0.2532 learning_rate=2.279e-05 epoch=0.6944
2026-10-04T01:59:09Z step 660/937 loss=0.0371 grad_norm=0.4423 learning_rate=2.136e-05 epoch=0.705
2026-10-04T01:59:53Z step 670/937 loss=0.05613 grad_norm=0.2858 learning_rate=1.996e-05 epoch=0.7157
2026-10-04T02:00:35Z step 680/937 loss=0.034 grad_norm=0.2444 learning_rate=1.859e-05 epoch=0.7264
2026-10-04T02:01:19Z step 690/937 loss=0.04471 grad_norm=0.1406 learning_rate=1.727e-05 epoch=0.7371
2026-10-04T02:02:01Z step 700/937 loss=0.03119 grad_norm=0.4401 learning_rate=1.598e-05 epoch=0.7478
2026-10-04T02:02:43Z step 710/937 loss=0.06609 grad_norm=0.6832 learning_rate=1.474e-05 epoch=0.7584
2026-10-04T02:03:26Z step 720/937 loss=0.02994 grad_norm=0.1724 learning_rate=1.353e-05 epoch=0.7691
2026-10-04T02:04:08Z step 730/937 loss=0.04516 grad_norm=0.531 learning_rate=1.237e-05 epoch=0.7798
2026-10-04T02:04:52Z step 740/937 loss=0.04517 grad_norm=0.2601 learning_rate=1.126e-05 epoch=0.7905
2026-10-04T02:05:35Z step 750/937 loss=0.02867 grad_norm=0.3335 learning_rate=1.019e-05 epoch=0.8012
2026-10-04T02:06:18Z step 760/937 loss=0.03189 grad_norm=0.2111 learning_rate=9.167e-06 epoch=0.8119
2026-10-04T02:07:01Z step 770/937 loss=0.0461 grad_norm=0.3338 learning_rate=8.194e-06 epoch=0.8225
2026-10-04T02:07:45Z step 780/937 loss=0.03859 grad_norm=0.1558 learning_rate=7.271e-06 epoch=0.8332
2026-10-04T02:08:29Z step 790/937 loss=0.03302 grad_norm=0.1714 learning_rate=6.399e-06 epoch=0.8439
2026-10-04T02:09:11Z step 800/937 loss=0.03294 grad_norm=0.1423 learning_rate=5.58e-06 epoch=0.8546
2026-10-04T02:09:53Z step 810/937 loss=0.06059 grad_norm=0.3267 learning_rate=4.813e-06 epoch=0.8653
2026-10-04T02:10:37Z step 820/937 loss=0.06294 grad_norm=0.5833 learning_rate=4.101e-06 epoch=0.876
2026-10-04T02:11:20Z step 830/937 loss=0.04125 grad_norm=0.5585 learning_rate=3.443e-06 epoch=0.8866
2026-10-04T02:12:08Z step 840/937 loss=0.02644 grad_norm=0.2594 learning_rate=2.841e-06 epoch=0.8973
2026-10-04T02:12:51Z step 850/937 loss=0.02473 grad_norm=0.2622 learning_rate=2.295e-06 epoch=0.908
2026-10-04T02:13:33Z step 860/937 loss=0.06089 grad_norm=0.2293 learning_rate=1.806e-06 epoch=0.9187
2026-10-04T02:14:15Z step 870/937 loss=0.04139 grad_norm=0.6174 learning_rate=1.374e-06 epoch=0.9294
2026-10-04T02:14:58Z step 880/937 loss=0.03932 grad_norm=0.1857 learning_rate=1.001e-06 epoch=0.94
2026-10-04T02:15:40Z step 890/937 loss=0.04369 grad_norm=0.2208 learning_rate=6.864e-07 epoch=0.9507
2026-10-04T02:16:22Z step 900/937 loss=0.03069 grad_norm=0.2639 learning_rate=4.306e-07 epoch=0.9614
2026-10-04T02:17:05Z step 910/937 loss=0.04575 grad_norm=0.2583 learning_rate=2.339e-07 epoch=0.9721
2026-10-04T02:17:46Z step 920/937 loss=0.03804 grad_norm=0.1681 learning_rate=9.672e-08 epoch=0.9828
2026-10-04T02:18:29Z step 930/937 loss=0.03456 grad_norm=0.1654 learning_rate=1.911e-08 epoch=0.9935
2026-10-04T02:18:58Z step 937/937 train_runtime=4029 train_samples_per_second=14.87 train_steps_per_second=0.233 total_flos=1.526e+18 train_loss=0.1344 epoch=1
2026-10-04T02:19:03Z trained 937 steps in 67.2 min, 3743.0 tok/s, peak 33.3 GB
2026-10-04T02:19:04Z u path: fp32-hidden (max |u_fp32 - u_bf16logits| = 0.0109)
2026-10-04T02:19:05Z padding self-check: max |u_batch - u_single| = 0.0669 (tol 0.613) -> left padding
2026-10-04T02:20:01Z B-TR-tripclin-s0 rule_v1/dev: TA 99.0 Rev 99.0 Hold 100.0 n=300 (57.8 s)
2026-10-04T02:22:20Z generate: batch 25/32, 224662 tokens, 1637 tok/s
2026-10-04T02:26:19Z B-TR-tripclin-s0 rule_v1/test_L2: TA 97.2 Rev 97.2 Hold 100.0 n=2000 (377.6 s)
2026-10-04T02:29:02Z B-TR-tripclin-s0 rule_v1/test_L3alt: TA 100.0 Rev 100.0 Hold 100.0 n=1000 (162.5 s)
2026-10-04T02:29:32Z B-TR-tripclin-s0 rule_v1/dev_missing: TA nan Rev nan Hold nan n=None (30.3 s)
2026-10-04T02:31:10Z B-TR-tripclin-s0 rule_v1/missing: TA nan Rev nan Hold nan n=None (97.0 s)
2026-10-04T02:33:16Z B-TR-tripclin-s0 xr_v1/test: TA nan Rev nan Hold nan n=None (125.7 s)
2026-10-04T02:33:16Z DONE B-TR-tripclin-s0 in 81.8 min, GPU util mean 81.2
