2026-10-03T19:38:02Z step 10/938 loss=1.81 grad_norm=3.122 learning_rate=3.214e-05 epoch=0.01067
2026-10-03T19:38:29Z step 20/938 loss=0.1975 grad_norm=1.146 learning_rate=6.786e-05 epoch=0.02133
2026-10-03T19:38:57Z step 30/938 loss=0.02597 grad_norm=0.5956 learning_rate=0.0001 epoch=0.032
2026-10-03T19:39:24Z step 40/938 loss=0.02293 grad_norm=0.5934 learning_rate=9.996e-05 epoch=0.04267
2026-10-03T19:39:51Z step 50/938 loss=0.008935 grad_norm=0.7947 learning_rate=9.987e-05 epoch=0.05333
2026-10-03T19:40:19Z step 60/938 loss=0.00367 grad_norm=0.00502 learning_rate=9.971e-05 epoch=0.064
2026-10-03T19:40:46Z step 70/938 loss=0.003596 grad_norm=0.1838 learning_rate=9.95e-05 epoch=0.07467
2026-10-03T19:41:12Z step 80/938 loss=0.002324 grad_norm=0.003666 learning_rate=9.923e-05 epoch=0.08533
2026-10-03T19:41:39Z step 90/938 loss=0.01749 grad_norm=0.1175 learning_rate=9.89e-05 epoch=0.096
2026-10-03T19:42:07Z step 100/938 loss=0.004372 grad_norm=0.2389 learning_rate=9.851e-05 epoch=0.1067
2026-10-03T19:42:34Z step 110/938 loss=0.003569 grad_norm=0.02592 learning_rate=9.806e-05 epoch=0.1173
2026-10-03T19:43:01Z step 120/938 loss=0.01161 grad_norm=0.04379 learning_rate=9.755e-05 epoch=0.128
2026-10-03T19:43:28Z step 130/938 loss=0.006066 grad_norm=0.009819 learning_rate=9.699e-05 epoch=0.1387
2026-10-03T19:43:55Z step 140/938 loss=0.0008502 grad_norm=0.4063 learning_rate=9.637e-05 epoch=0.1493
2026-10-03T19:44:22Z step 150/938 loss=0.003661 grad_norm=0.248 learning_rate=9.57e-05 epoch=0.16
2026-10-03T19:44:49Z step 160/938 loss=0.004347 grad_norm=0.007361 learning_rate=9.497e-05 epoch=0.1707
2026-10-03T19:45:17Z step 170/938 loss=0.002995 grad_norm=0.004901 learning_rate=9.419e-05 epoch=0.1813
2026-10-03T19:45:45Z step 180/938 loss=0.00267 grad_norm=0.0315 learning_rate=9.336e-05 epoch=0.192
2026-10-03T19:46:12Z step 190/938 loss=0.004388 grad_norm=0.004642 learning_rate=9.247e-05 epoch=0.2027
2026-10-03T19:46:40Z step 200/938 loss=0.002467 grad_norm=0.5334 learning_rate=9.154e-05 epoch=0.2133
2026-10-03T19:47:07Z step 210/938 loss=0.003949 grad_norm=0.01078 learning_rate=9.055e-05 epoch=0.224
2026-10-03T19:47:33Z step 220/938 loss=0.002303 grad_norm=0.01023 learning_rate=8.952e-05 epoch=0.2347
2026-10-03T19:48:01Z step 230/938 loss=0.0002238 grad_norm=0.006792 learning_rate=8.844e-05 epoch=0.2453
2026-10-03T19:48:28Z step 240/938 loss=0.0008427 grad_norm=0.003848 learning_rate=8.731e-05 epoch=0.256
2026-10-03T19:48:55Z step 250/938 loss=0.0008547 grad_norm=0.00413 learning_rate=8.614e-05 epoch=0.2667
2026-10-03T19:49:23Z step 260/938 loss=0.002788 grad_norm=0.001084 learning_rate=8.493e-05 epoch=0.2773
2026-10-03T19:49:50Z step 270/938 loss=0.0001491 grad_norm=0.002525 learning_rate=8.367e-05 epoch=0.288
2026-10-03T19:50:17Z step 280/938 loss=0.0002949 grad_norm=0.001443 learning_rate=8.237e-05 epoch=0.2987
2026-10-03T19:50:44Z step 290/938 loss=0.005643 grad_norm=0.0008428 learning_rate=8.104e-05 epoch=0.3093
2026-10-03T19:51:11Z step 300/938 loss=0.000352 grad_norm=0.02119 learning_rate=7.967e-05 epoch=0.32
2026-10-03T19:51:39Z step 310/938 loss=0.0002423 grad_norm=0.002923 learning_rate=7.826e-05 epoch=0.3307
2026-10-03T19:52:06Z step 320/938 loss=0.0003796 grad_norm=0.598 learning_rate=7.682e-05 epoch=0.3413
2026-10-03T19:52:34Z step 330/938 loss=0.0004359 grad_norm=0.0005976 learning_rate=7.535e-05 epoch=0.352
2026-10-03T19:53:01Z step 340/938 loss=6.43e-05 grad_norm=0.001041 learning_rate=7.385e-05 epoch=0.3627
2026-10-03T19:53:28Z step 350/938 loss=0.0001074 grad_norm=0.03869 learning_rate=7.231e-05 epoch=0.3733
2026-10-03T19:53:56Z step 360/938 loss=0.00121 grad_norm=4.602 learning_rate=7.076e-05 epoch=0.384
2026-10-03T19:54:23Z step 370/938 loss=0.0001179 grad_norm=0.001021 learning_rate=6.917e-05 epoch=0.3947
2026-10-03T19:54:49Z step 380/938 loss=0.0001629 grad_norm=0.001738 learning_rate=6.757e-05 epoch=0.4053
2026-10-03T19:55:16Z step 390/938 loss=4.748e-05 grad_norm=0.01118 learning_rate=6.594e-05 epoch=0.416
2026-10-03T19:55:44Z step 400/938 loss=0.0001647 grad_norm=0.0001995 learning_rate=6.43e-05 epoch=0.4267
2026-10-03T19:56:11Z step 410/938 loss=0.0001418 grad_norm=0.0003309 learning_rate=6.264e-05 epoch=0.4373
2026-10-03T19:56:38Z step 420/938 loss=1.904e-05 grad_norm=0.0001799 learning_rate=6.096e-05 epoch=0.448
2026-10-03T19:57:05Z step 430/938 loss=1.141e-05 grad_norm=0.0001788 learning_rate=5.927e-05 epoch=0.4587
2026-10-03T19:57:33Z step 440/938 loss=4.87e-05 grad_norm=0.0002241 learning_rate=5.757e-05 epoch=0.4693
2026-10-03T19:58:36Z step 450/938 loss=4.793e-05 grad_norm=0.0004464 learning_rate=5.586e-05 epoch=0.48
2026-10-03T19:59:39Z step 460/938 loss=2.965e-05 grad_norm=0.000236 learning_rate=5.414e-05 epoch=0.4907
2026-10-03T20:00:07Z step 470/938 loss=0.006714 grad_norm=0.0007001 learning_rate=5.242e-05 epoch=0.5013
2026-10-03T20:00:34Z step 480/938 loss=0.0003627 grad_norm=0.002655 learning_rate=5.069e-05 epoch=0.512
2026-10-03T20:01:00Z step 490/938 loss=0.0004746 grad_norm=0.001468 learning_rate=4.896e-05 epoch=0.5227
2026-10-03T20:01:27Z step 500/938 loss=0.0005933 grad_norm=0.001789 learning_rate=4.724e-05 epoch=0.5333
2026-10-03T20:01:54Z step 510/938 loss=0.0007112 grad_norm=0.004468 learning_rate=4.552e-05 epoch=0.544
2026-10-03T20:02:21Z step 520/938 loss=0.000998 grad_norm=0.8351 learning_rate=4.38e-05 epoch=0.5547
2026-10-03T20:02:48Z step 530/938 loss=0.000125 grad_norm=0.0006164 learning_rate=4.209e-05 epoch=0.5653
2026-10-03T20:03:15Z step 540/938 loss=7.536e-05 grad_norm=0.003118 learning_rate=4.039e-05 epoch=0.576
2026-10-03T20:03:42Z step 550/938 loss=7.072e-05 grad_norm=0.0006067 learning_rate=3.871e-05 epoch=0.5867
2026-10-03T20:04:09Z step 560/938 loss=4.353e-05 grad_norm=0.0007685 learning_rate=3.703e-05 epoch=0.5973
2026-10-03T20:04:37Z step 570/938 loss=3.393e-05 grad_norm=0.0005425 learning_rate=3.537e-05 epoch=0.608
2026-10-03T20:05:04Z step 580/938 loss=6.713e-05 grad_norm=0.0004308 learning_rate=3.373e-05 epoch=0.6187
2026-10-03T20:05:31Z step 590/938 loss=7.025e-05 grad_norm=0.0002762 learning_rate=3.211e-05 epoch=0.6293
2026-10-03T20:05:58Z step 600/938 loss=2.908e-05 grad_norm=0.000206 learning_rate=3.051e-05 epoch=0.64
2026-10-03T20:06:25Z step 610/938 loss=3.602e-05 grad_norm=0.0006117 learning_rate=2.893e-05 epoch=0.6507
2026-10-03T20:06:53Z step 620/938 loss=8.465e-05 grad_norm=0.001608 learning_rate=2.738e-05 epoch=0.6613
2026-10-03T20:07:20Z step 630/938 loss=0.0009942 grad_norm=0.3765 learning_rate=2.585e-05 epoch=0.672
2026-10-03T20:07:47Z step 640/938 loss=2.519e-05 grad_norm=0.0004726 learning_rate=2.436e-05 epoch=0.6827
2026-10-03T20:08:14Z step 650/938 loss=2.486e-05 grad_norm=0.0002093 learning_rate=2.289e-05 epoch=0.6933
2026-10-03T20:08:41Z step 660/938 loss=0.0004965 grad_norm=0.004426 learning_rate=2.145e-05 epoch=0.704
2026-10-03T20:09:08Z step 670/938 loss=3.16e-05 grad_norm=0.0008138 learning_rate=2.005e-05 epoch=0.7147
2026-10-03T20:09:36Z step 680/938 loss=2.116e-05 grad_norm=0.0002468 learning_rate=1.869e-05 epoch=0.7253
2026-10-03T20:10:03Z step 690/938 loss=3.206e-05 grad_norm=0.00297 learning_rate=1.736e-05 epoch=0.736
2026-10-03T20:10:30Z step 700/938 loss=2.758e-05 grad_norm=0.0006305 learning_rate=1.608e-05 epoch=0.7467
2026-10-03T20:10:56Z step 710/938 loss=2.168e-05 grad_norm=0.0001731 learning_rate=1.483e-05 epoch=0.7573
2026-10-03T20:11:25Z step 720/938 loss=2.591e-05 grad_norm=0.01623 learning_rate=1.362e-05 epoch=0.768
2026-10-03T20:11:53Z step 730/938 loss=2.207e-05 grad_norm=0.001099 learning_rate=1.246e-05 epoch=0.7787
2026-10-03T20:12:20Z step 740/938 loss=7.112e-05 grad_norm=0.0003278 learning_rate=1.134e-05 epoch=0.7893
2026-10-03T20:12:47Z step 750/938 loss=1.475e-05 grad_norm=0.0001066 learning_rate=1.027e-05 epoch=0.8
2026-10-03T20:13:15Z step 760/938 loss=1.74e-05 grad_norm=0.0005034 learning_rate=9.247e-06 epoch=0.8107
2026-10-03T20:13:42Z step 770/938 loss=2.14e-05 grad_norm=0.0004099 learning_rate=8.271e-06 epoch=0.8213
2026-10-03T20:14:08Z step 780/938 loss=1.876e-05 grad_norm=0.0003552 learning_rate=7.345e-06 epoch=0.832
2026-10-03T20:14:36Z step 790/938 loss=1.976e-05 grad_norm=0.0001235 learning_rate=6.47e-06 epoch=0.8427
2026-10-03T20:15:03Z step 800/938 loss=1.528e-05 grad_norm=0.0001128 learning_rate=5.647e-06 epoch=0.8533
2026-10-03T20:15:31Z step 810/938 loss=1.823e-05 grad_norm=0.001417 learning_rate=4.877e-06 epoch=0.864
2026-10-03T20:15:57Z step 820/938 loss=2.105e-05 grad_norm=0.0008252 learning_rate=4.16e-06 epoch=0.8747
2026-10-03T20:16:25Z step 830/938 loss=4.882e-05 grad_norm=0.0001183 learning_rate=3.498e-06 epoch=0.8853
2026-10-03T20:16:51Z step 840/938 loss=2.814e-05 grad_norm=0.002371 learning_rate=2.892e-06 epoch=0.896
2026-10-03T20:17:18Z step 850/938 loss=1.96e-05 grad_norm=0.0002035 learning_rate=2.342e-06 epoch=0.9067
2026-10-03T20:17:50Z step 860/938 loss=2.136e-05 grad_norm=0.009583 learning_rate=1.848e-06 epoch=0.9173
2026-10-03T20:18:17Z step 870/938 loss=2.35e-05 grad_norm=0.0002075 learning_rate=1.412e-06 epoch=0.928
2026-10-03T20:18:45Z step 880/938 loss=2.529e-05 grad_norm=0.0002269 learning_rate=1.034e-06 epoch=0.9387
2026-10-03T20:19:12Z step 890/938 loss=2.891e-05 grad_norm=0.0003001 learning_rate=7.137e-07 epoch=0.9493
2026-10-03T20:19:39Z step 900/938 loss=3.603e-05 grad_norm=0.001944 learning_rate=4.525e-07 epoch=0.96
2026-10-03T20:20:06Z step 910/938 loss=1.921e-05 grad_norm=0.0003581 learning_rate=2.504e-07 epoch=0.9707
2026-10-03T20:20:34Z step 920/938 loss=1.502e-05 grad_norm=0.0001214 learning_rate=1.075e-07 epoch=0.9813
2026-10-03T20:21:00Z step 930/938 loss=1.62e-05 grad_norm=0.002074 learning_rate=2.413e-08 epoch=0.992
2026-10-03T20:21:21Z step 938/938 train_runtime=2626 train_samples_per_second=22.85 train_steps_per_second=0.357 total_flos=1.315e+18 train_loss=0.02316 epoch=1
2026-10-03T20:21:25Z trained 938 steps in 43.8 min, 5278.9 tok/s, peak 35.28 GB
2026-10-03T20:21:26Z u path: fp32-hidden (max |u_fp32 - u_bf16logits| = 0.0274)
2026-10-03T20:21:26Z padding self-check: max |u_batch - u_single| = 0.0821 (tol 0.623) -> left padding
2026-10-03T20:22:21Z B-FOLD2-ledger2-blocks-s1 rule_v1_fold2/dev: TA 73.3 Rev 100.0 Hold 73.3 n=300 (56.3 s)
2026-10-03T20:24:39Z generate: batch 25/32, 224976 tokens, 1661 tok/s
2026-10-03T20:28:20Z B-FOLD2-ledger2-blocks-s1 rule_v1_fold2/test_L2: TA 74.8 Rev 100.0 Hold 74.8 n=2000 (358.4 s)
2026-10-03T20:28:21Z DONE B-FOLD2-ledger2-blocks-s1 in 51.2 min, GPU util mean 95.0
