2026-10-10T15:04:25Z step 10/118 loss=0.2654 grad_norm=0.4435 learning_rate=9.953e-05 epoch=0.08529
2026-10-10T15:06:32Z step 20/118 loss=0.01295 grad_norm=0.1052 learning_rate=9.579e-05 epoch=0.1706
2026-10-10T15:08:34Z step 30/118 loss=0.002732 grad_norm=0.05015 learning_rate=8.86e-05 epoch=0.2559
2026-10-10T15:10:37Z step 40/118 loss=0.000612 grad_norm=0.02771 learning_rate=7.849e-05 epoch=0.3412
2026-10-10T15:12:41Z step 50/118 loss=0.00144 grad_norm=0.0097 learning_rate=6.623e-05 epoch=0.4264
2026-10-10T15:14:48Z step 60/118 loss=0.0003124 grad_norm=0.001247 learning_rate=5.275e-05 epoch=0.5117
2026-10-10T15:16:56Z step 70/118 loss=0.0003452 grad_norm=0.02563 learning_rate=3.907e-05 epoch=0.597
2026-10-10T15:19:01Z step 80/118 loss=8.383e-05 grad_norm=0.001641 learning_rate=2.62e-05 epoch=0.6823
2026-10-10T15:23:06Z step 90/118 loss=8.143e-05 grad_norm=0.00424 learning_rate=1.514e-05 epoch=0.7676
2026-10-10T15:25:09Z step 100/118 loss=4.133e-05 grad_norm=0.0003274 learning_rate=6.699e-06 epoch=0.8529
2026-10-10T15:27:11Z step 110/118 loss=0.0003685 grad_norm=0.0003101 learning_rate=1.53e-06 epoch=0.9382
2026-10-10T15:28:47Z step 118/118 train_runtime=1680 train_samples_per_second=4.464 train_steps_per_second=0.07 total_flos=1.392e+17 train_loss=0.0241 epoch=1
2026-10-10T15:29:34Z trained 118 steps in 28.0 min, 866.6 tok/s, peak 22.97 GB
2026-10-10T15:29:45Z u path: fp32-hidden (max |u_fp32 - u_bf16logits| = 0.0240)
2026-10-10T15:29:46Z padding self-check: max |u_batch - u_single| = 0.1089 (tol 0.624) -> left padding
2026-10-10T15:34:39Z B-DIV-same-32-s0 rule_v1/dev: TA 90.0 Rev 90.3 Hold 99.7 n=300 (303.2 s)
2026-10-10T15:39:30Z generate: batch 25/63, 104537 tokens, 364 tok/s
2026-10-10T15:45:51Z generate: batch 50/63, 225415 tokens, 337 tok/s
2026-10-10T16:06:32Z B-DIV-same-32-s0 rule_v1/test_L2: TA 82.8 Rev 83.2 Hold 99.4 n=2000 (1912.8 s)
2026-10-10T16:06:34Z DONE B-DIV-same-32-s0 in 66.1 min, GPU util mean 92.0
