2026-10-03T19:36:08Z step 10/938 loss=0.2254 grad_norm=2.129 learning_rate=3.214e-05 epoch=0.01067
2026-10-03T19:37:22Z step 20/938 loss=0.1383 grad_norm=0.8213 learning_rate=6.786e-05 epoch=0.02133
2026-10-03T19:38:37Z step 30/938 loss=0.08841 grad_norm=1.399 learning_rate=0.0001 epoch=0.032
2026-10-03T19:39:52Z step 40/938 loss=0.05825 grad_norm=0.3026 learning_rate=9.996e-05 epoch=0.04267
2026-10-03T19:41:08Z step 50/938 loss=0.05121 grad_norm=0.821 learning_rate=9.987e-05 epoch=0.05333
2026-10-03T19:42:24Z step 60/938 loss=0.05676 grad_norm=1.929 learning_rate=9.971e-05 epoch=0.064
2026-10-03T19:43:38Z step 70/938 loss=0.0394 grad_norm=0.7437 learning_rate=9.95e-05 epoch=0.07467
2026-10-03T19:44:54Z step 80/938 loss=0.03356 grad_norm=0.3122 learning_rate=9.923e-05 epoch=0.08533
2026-10-03T19:46:09Z step 90/938 loss=0.03724 grad_norm=0.5635 learning_rate=9.89e-05 epoch=0.096
2026-10-03T19:47:25Z step 100/938 loss=0.02419 grad_norm=0.1904 learning_rate=9.851e-05 epoch=0.1067
2026-10-03T19:48:38Z step 110/938 loss=0.03159 grad_norm=0.08303 learning_rate=9.806e-05 epoch=0.1173
2026-10-03T19:49:54Z step 120/938 loss=0.02107 grad_norm=0.3827 learning_rate=9.755e-05 epoch=0.128
2026-10-03T19:51:10Z step 130/938 loss=0.01825 grad_norm=0.24 learning_rate=9.699e-05 epoch=0.1387
2026-10-03T19:52:25Z step 140/938 loss=0.03137 grad_norm=1.496 learning_rate=9.637e-05 epoch=0.1493
2026-10-03T19:53:39Z step 150/938 loss=0.0161 grad_norm=0.5741 learning_rate=9.57e-05 epoch=0.16
2026-10-03T19:55:29Z step 160/938 loss=0.007183 grad_norm=0.08789 learning_rate=9.497e-05 epoch=0.1707
2026-10-03T19:56:44Z step 170/938 loss=0.02455 grad_norm=2.192 learning_rate=9.419e-05 epoch=0.1813
2026-10-03T19:58:00Z step 180/938 loss=0.0241 grad_norm=0.3558 learning_rate=9.336e-05 epoch=0.192
2026-10-03T19:59:15Z step 190/938 loss=0.01594 grad_norm=0.5921 learning_rate=9.247e-05 epoch=0.2027
2026-10-03T20:00:28Z step 200/938 loss=0.01697 grad_norm=0.2352 learning_rate=9.154e-05 epoch=0.2133
2026-10-03T20:01:45Z step 210/938 loss=0.03152 grad_norm=0.1856 learning_rate=9.055e-05 epoch=0.224
2026-10-03T20:03:01Z step 220/938 loss=0.01121 grad_norm=0.01963 learning_rate=8.952e-05 epoch=0.2347
2026-10-03T20:04:16Z step 230/938 loss=0.01779 grad_norm=0.7597 learning_rate=8.844e-05 epoch=0.2453
2026-10-03T20:05:31Z step 240/938 loss=0.01974 grad_norm=0.4813 learning_rate=8.731e-05 epoch=0.256
2026-10-03T20:06:46Z step 250/938 loss=0.02029 grad_norm=0.1811 learning_rate=8.614e-05 epoch=0.2667
2026-10-03T20:08:03Z step 260/938 loss=0.01041 grad_norm=0.09139 learning_rate=8.493e-05 epoch=0.2773
2026-10-03T20:09:17Z step 270/938 loss=0.01146 grad_norm=0.08677 learning_rate=8.367e-05 epoch=0.288
2026-10-03T20:10:34Z step 280/938 loss=0.008878 grad_norm=1.167 learning_rate=8.237e-05 epoch=0.2987
2026-10-03T20:11:47Z step 290/938 loss=0.01927 grad_norm=0.4347 learning_rate=8.104e-05 epoch=0.3093
2026-10-03T20:13:01Z step 300/938 loss=0.006024 grad_norm=0.07492 learning_rate=7.967e-05 epoch=0.32
2026-10-03T20:14:28Z step 310/938 loss=0.01573 grad_norm=0.4999 learning_rate=7.826e-05 epoch=0.3307
2026-10-03T20:17:00Z step 320/938 loss=0.01445 grad_norm=0.2858 learning_rate=7.682e-05 epoch=0.3413
2026-10-03T20:18:19Z step 330/938 loss=0.01593 grad_norm=0.04053 learning_rate=7.535e-05 epoch=0.352
2026-10-03T20:19:34Z step 340/938 loss=0.008533 grad_norm=0.1559 learning_rate=7.385e-05 epoch=0.3627
2026-10-03T20:20:50Z step 350/938 loss=0.01637 grad_norm=0.06287 learning_rate=7.231e-05 epoch=0.3733
2026-10-03T20:22:05Z step 360/938 loss=0.0168 grad_norm=0.08132 learning_rate=7.076e-05 epoch=0.384
2026-10-03T20:23:21Z step 370/938 loss=0.01494 grad_norm=0.08112 learning_rate=6.917e-05 epoch=0.3947
2026-10-03T20:24:36Z step 380/938 loss=0.01236 grad_norm=0.2262 learning_rate=6.757e-05 epoch=0.4053
2026-10-03T20:25:51Z step 390/938 loss=0.007263 grad_norm=0.05468 learning_rate=6.594e-05 epoch=0.416
2026-10-03T20:27:04Z step 400/938 loss=0.009662 grad_norm=0.1798 learning_rate=6.43e-05 epoch=0.4267
2026-10-03T20:28:22Z step 410/938 loss=0.008185 grad_norm=0.1046 learning_rate=6.264e-05 epoch=0.4373
2026-10-03T20:29:37Z step 420/938 loss=0.006999 grad_norm=0.01604 learning_rate=6.096e-05 epoch=0.448
2026-10-03T20:30:53Z step 430/938 loss=0.01113 grad_norm=0.1066 learning_rate=5.927e-05 epoch=0.4587
2026-10-03T20:32:06Z step 440/938 loss=0.01157 grad_norm=0.1216 learning_rate=5.757e-05 epoch=0.4693
2026-10-03T20:33:21Z step 450/938 loss=0.01484 grad_norm=0.04623 learning_rate=5.586e-05 epoch=0.48
2026-10-03T20:34:37Z step 460/938 loss=0.003138 grad_norm=0.08279 learning_rate=5.414e-05 epoch=0.4907
2026-10-03T20:36:25Z step 470/938 loss=0.002276 grad_norm=0.01633 learning_rate=5.242e-05 epoch=0.5013
2026-10-03T20:37:41Z step 480/938 loss=0.003153 grad_norm=0.0204 learning_rate=5.069e-05 epoch=0.512
2026-10-03T20:38:57Z step 490/938 loss=0.007491 grad_norm=0.128 learning_rate=4.896e-05 epoch=0.5227
2026-10-03T20:40:12Z step 500/938 loss=0.001346 grad_norm=0.01842 learning_rate=4.724e-05 epoch=0.5333
2026-10-03T20:41:27Z step 510/938 loss=0.00183 grad_norm=0.2365 learning_rate=4.552e-05 epoch=0.544
2026-10-03T20:42:43Z step 520/938 loss=0.006928 grad_norm=0.0763 learning_rate=4.38e-05 epoch=0.5547
2026-10-03T20:43:57Z step 530/938 loss=0.00451 grad_norm=0.1997 learning_rate=4.209e-05 epoch=0.5653
2026-10-03T20:45:13Z step 540/938 loss=0.002507 grad_norm=0.00787 learning_rate=4.039e-05 epoch=0.576
2026-10-03T20:46:29Z step 550/938 loss=0.005823 grad_norm=0.00646 learning_rate=3.871e-05 epoch=0.5867
2026-10-03T20:47:43Z step 560/938 loss=0.00428 grad_norm=0.2263 learning_rate=3.703e-05 epoch=0.5973
2026-10-03T20:48:57Z step 570/938 loss=0.003725 grad_norm=0.007998 learning_rate=3.537e-05 epoch=0.608
2026-10-03T20:50:14Z step 580/938 loss=0.0002906 grad_norm=0.009741 learning_rate=3.373e-05 epoch=0.6187
2026-10-03T20:51:29Z step 590/938 loss=0.006822 grad_norm=0.4404 learning_rate=3.211e-05 epoch=0.6293
2026-10-03T20:52:45Z step 600/938 loss=0.001124 grad_norm=0.004744 learning_rate=3.051e-05 epoch=0.64
2026-10-03T20:54:00Z step 610/938 loss=0.007901 grad_norm=0.2531 learning_rate=2.893e-05 epoch=0.6507
2026-10-03T20:56:04Z step 620/938 loss=0.001203 grad_norm=0.01984 learning_rate=2.738e-05 epoch=0.6613
2026-10-03T20:57:17Z step 630/938 loss=0.002854 grad_norm=0.08279 learning_rate=2.585e-05 epoch=0.672
2026-10-03T20:58:33Z step 640/938 loss=0.0007314 grad_norm=0.0482 learning_rate=2.436e-05 epoch=0.6827
2026-10-03T20:59:48Z step 650/938 loss=0.002131 grad_norm=0.003647 learning_rate=2.289e-05 epoch=0.6933
2026-10-03T21:01:03Z step 660/938 loss=0.001771 grad_norm=0.0004828 learning_rate=2.145e-05 epoch=0.704
2026-10-03T21:02:17Z step 670/938 loss=0.0001348 grad_norm=0.008776 learning_rate=2.005e-05 epoch=0.7147
2026-10-03T21:03:33Z step 680/938 loss=0.0003268 grad_norm=0.006548 learning_rate=1.869e-05 epoch=0.7253
2026-10-03T21:04:49Z step 690/938 loss=0.0001526 grad_norm=0.003292 learning_rate=1.736e-05 epoch=0.736
2026-10-03T21:06:03Z step 700/938 loss=0.0002801 grad_norm=0.00177 learning_rate=1.608e-05 epoch=0.7467
2026-10-03T21:07:16Z step 710/938 loss=0.0004427 grad_norm=0.02205 learning_rate=1.483e-05 epoch=0.7573
2026-10-03T21:08:30Z step 720/938 loss=0.0001324 grad_norm=0.0001458 learning_rate=1.362e-05 epoch=0.768
2026-10-03T21:09:46Z step 730/938 loss=0.0001817 grad_norm=0.002931 learning_rate=1.246e-05 epoch=0.7787
2026-10-03T21:11:01Z step 740/938 loss=0.001791 grad_norm=0.03712 learning_rate=1.134e-05 epoch=0.7893
2026-10-03T21:12:16Z step 750/938 loss=0.0006275 grad_norm=0.2488 learning_rate=1.027e-05 epoch=0.8
2026-10-03T21:13:36Z step 760/938 loss=0.0002937 grad_norm=0.03555 learning_rate=9.247e-06 epoch=0.8107
2026-10-03T21:14:52Z step 770/938 loss=0.001249 grad_norm=0.001233 learning_rate=8.271e-06 epoch=0.8213
2026-10-03T21:17:33Z step 780/938 loss=0.003684 grad_norm=0.0004681 learning_rate=7.345e-06 epoch=0.832
2026-10-03T21:18:52Z step 790/938 loss=0.006348 grad_norm=0.003684 learning_rate=6.47e-06 epoch=0.8427
2026-10-03T21:20:08Z step 800/938 loss=0.003976 grad_norm=0.0144 learning_rate=5.647e-06 epoch=0.8533
2026-10-03T21:21:23Z step 810/938 loss=0.001374 grad_norm=0.00643 learning_rate=4.877e-06 epoch=0.864
2026-10-03T21:22:38Z step 820/938 loss=0.001289 grad_norm=0.03695 learning_rate=4.16e-06 epoch=0.8747
2026-10-03T21:23:52Z step 830/938 loss=0.001232 grad_norm=0.004297 learning_rate=3.498e-06 epoch=0.8853
2026-10-03T21:25:06Z step 840/938 loss=0.0003458 grad_norm=0.0106 learning_rate=2.892e-06 epoch=0.896
2026-10-03T21:26:36Z step 850/938 loss=0.00842 grad_norm=0.0001289 learning_rate=2.342e-06 epoch=0.9067
2026-10-03T21:27:52Z step 860/938 loss=0.001473 grad_norm=0.005423 learning_rate=1.848e-06 epoch=0.9173
2026-10-03T21:29:07Z step 870/938 loss=0.001703 grad_norm=0.003011 learning_rate=1.412e-06 epoch=0.928
2026-10-03T21:30:21Z step 880/938 loss=0.0007431 grad_norm=0.0004888 learning_rate=1.034e-06 epoch=0.9387
2026-10-03T21:31:36Z step 890/938 loss=0.0008939 grad_norm=0.0009273 learning_rate=7.137e-07 epoch=0.9493
2026-10-03T21:32:51Z step 900/938 loss=0.0008183 grad_norm=0.03897 learning_rate=4.525e-07 epoch=0.96
2026-10-03T21:34:05Z step 910/938 loss=0.0009251 grad_norm=0.002241 learning_rate=2.504e-07 epoch=0.9707
2026-10-03T21:35:59Z step 920/938 loss=0.0001927 grad_norm=0.001674 learning_rate=1.075e-07 epoch=0.9813
2026-10-03T21:37:14Z step 930/938 loss=0.000193 grad_norm=0.000245 learning_rate=2.413e-08 epoch=0.992
2026-10-03T21:38:11Z step 938/938 train_runtime=7402 train_samples_per_second=8.106 train_steps_per_second=0.127 total_flos=1.154e+18 train_loss=0.01506 epoch=1
2026-10-03T21:38:44Z trained 938 steps in 123.4 min, 1900.7 tok/s, peak 23.27 GB
2026-10-03T21:38:48Z u path: fp32-hidden (max |u_fp32 - u_bf16logits| = 0.0214)
2026-10-03T21:38:49Z padding self-check: max |u_batch - u_single| = 0.1396 (tol 0.824) -> left padding
2026-10-03T21:40:30Z B-FOLD2-verdict-triplets-s2 rule_v1_fold2/dev: TA 98.3 Rev 98.3 Hold 99.7 n=300 (105.3 s)
2026-10-03T21:51:05Z B-FOLD2-verdict-triplets-s2 rule_v1_fold2/test_L2: TA 99.8 Rev 99.8 Hold 100.0 n=2000 (634.7 s)
2026-10-03T21:51:09Z DONE B-FOLD2-verdict-triplets-s2 in 138.8 min, GPU util mean 93.2
