2026-10-03T18:16:49Z step 10/938 loss=1.041 grad_norm=15.15 learning_rate=3.214e-05 epoch=0.01067
2026-10-03T18:17:14Z step 20/938 loss=0.4522 grad_norm=6.86 learning_rate=6.786e-05 epoch=0.02133
2026-10-03T18:17:38Z step 30/938 loss=0.2965 grad_norm=1.711 learning_rate=0.0001 epoch=0.032
2026-10-03T18:18:02Z step 40/938 loss=0.2334 grad_norm=6.442 learning_rate=9.996e-05 epoch=0.04267
2026-10-03T18:18:27Z step 50/938 loss=0.1919 grad_norm=3.024 learning_rate=9.987e-05 epoch=0.05333
2026-10-03T18:18:51Z step 60/938 loss=0.1666 grad_norm=2.726 learning_rate=9.971e-05 epoch=0.064
2026-10-03T18:19:15Z step 70/938 loss=0.1571 grad_norm=1.974 learning_rate=9.95e-05 epoch=0.07467
2026-10-03T18:19:39Z step 80/938 loss=0.1717 grad_norm=7.536 learning_rate=9.923e-05 epoch=0.08533
2026-10-03T18:20:03Z step 90/938 loss=0.1071 grad_norm=1.399 learning_rate=9.89e-05 epoch=0.096
2026-10-03T18:20:28Z step 100/938 loss=0.1552 grad_norm=0.9316 learning_rate=9.851e-05 epoch=0.1067
2026-10-03T18:20:52Z step 110/938 loss=0.08023 grad_norm=0.5615 learning_rate=9.806e-05 epoch=0.1173
2026-10-03T18:21:16Z step 120/938 loss=0.261 grad_norm=2.823 learning_rate=9.755e-05 epoch=0.128
2026-10-03T18:21:40Z step 130/938 loss=0.1246 grad_norm=5.089 learning_rate=9.699e-05 epoch=0.1387
2026-10-03T18:22:05Z step 140/938 loss=0.1369 grad_norm=3.672 learning_rate=9.637e-05 epoch=0.1493
2026-10-03T18:22:29Z step 150/938 loss=0.1589 grad_norm=1.719 learning_rate=9.57e-05 epoch=0.16
2026-10-03T18:22:55Z step 160/938 loss=0.06574 grad_norm=0.8467 learning_rate=9.497e-05 epoch=0.1707
2026-10-03T18:23:19Z step 170/938 loss=0.0615 grad_norm=3.07 learning_rate=9.419e-05 epoch=0.1813
2026-10-03T18:23:43Z step 180/938 loss=0.03487 grad_norm=0.03447 learning_rate=9.336e-05 epoch=0.192
2026-10-03T18:24:07Z step 190/938 loss=0.08911 grad_norm=0.382 learning_rate=9.247e-05 epoch=0.2027
2026-10-03T18:24:32Z step 200/938 loss=0.05614 grad_norm=0.06957 learning_rate=9.154e-05 epoch=0.2133
2026-10-03T18:24:56Z step 210/938 loss=0.1296 grad_norm=65.13 learning_rate=9.055e-05 epoch=0.224
2026-10-03T18:25:20Z step 220/938 loss=0.02454 grad_norm=1.259 learning_rate=8.952e-05 epoch=0.2347
2026-10-03T18:25:44Z step 230/938 loss=0.04314 grad_norm=1.361 learning_rate=8.844e-05 epoch=0.2453
2026-10-03T18:26:09Z step 240/938 loss=0.06904 grad_norm=0.3445 learning_rate=8.731e-05 epoch=0.256
2026-10-03T18:26:34Z step 250/938 loss=0.04538 grad_norm=0.3753 learning_rate=8.614e-05 epoch=0.2667
2026-10-03T18:26:58Z step 260/938 loss=0.03997 grad_norm=2.08 learning_rate=8.493e-05 epoch=0.2773
2026-10-03T18:27:23Z step 270/938 loss=0.02593 grad_norm=0.06109 learning_rate=8.367e-05 epoch=0.288
2026-10-03T18:27:47Z step 280/938 loss=0.06458 grad_norm=0.01198 learning_rate=8.237e-05 epoch=0.2987
2026-10-03T18:28:12Z step 290/938 loss=0.02707 grad_norm=0.2726 learning_rate=8.104e-05 epoch=0.3093
2026-10-03T18:28:36Z step 300/938 loss=0.04288 grad_norm=1.774 learning_rate=7.967e-05 epoch=0.32
2026-10-03T18:29:01Z step 310/938 loss=0.03674 grad_norm=0.7844 learning_rate=7.826e-05 epoch=0.3307
2026-10-03T18:29:24Z step 320/938 loss=0.04118 grad_norm=6.696 learning_rate=7.682e-05 epoch=0.3413
2026-10-03T18:29:48Z step 330/938 loss=0.05806 grad_norm=0.04273 learning_rate=7.535e-05 epoch=0.352
2026-10-03T18:30:13Z step 340/938 loss=0.02621 grad_norm=0.1719 learning_rate=7.385e-05 epoch=0.3627
2026-10-03T18:30:37Z step 350/938 loss=0.02833 grad_norm=0.05706 learning_rate=7.231e-05 epoch=0.3733
2026-10-03T18:31:02Z step 360/938 loss=0.04633 grad_norm=2.812 learning_rate=7.076e-05 epoch=0.384
2026-10-03T18:31:25Z step 370/938 loss=0.02206 grad_norm=0.0023 learning_rate=6.917e-05 epoch=0.3947
2026-10-03T18:31:50Z step 380/938 loss=0.02856 grad_norm=0.2297 learning_rate=6.757e-05 epoch=0.4053
2026-10-03T18:32:14Z step 390/938 loss=0.02675 grad_norm=0.1772 learning_rate=6.594e-05 epoch=0.416
2026-10-03T18:32:39Z step 400/938 loss=0.01969 grad_norm=2.588 learning_rate=6.43e-05 epoch=0.4267
2026-10-03T18:33:03Z step 410/938 loss=0.07233 grad_norm=20.15 learning_rate=6.264e-05 epoch=0.4373
2026-10-03T18:33:28Z step 420/938 loss=0.009606 grad_norm=0.0728 learning_rate=6.096e-05 epoch=0.448
2026-10-03T18:33:52Z step 430/938 loss=0.00665 grad_norm=0.03242 learning_rate=5.927e-05 epoch=0.4587
2026-10-03T18:34:16Z step 440/938 loss=0.01936 grad_norm=0.04954 learning_rate=5.757e-05 epoch=0.4693
2026-10-03T18:34:40Z step 450/938 loss=0.03708 grad_norm=0.1004 learning_rate=5.586e-05 epoch=0.48
2026-10-03T18:35:04Z step 460/938 loss=0.03123 grad_norm=0.2042 learning_rate=5.414e-05 epoch=0.4907
2026-10-03T18:35:28Z step 470/938 loss=0.006257 grad_norm=0.2266 learning_rate=5.242e-05 epoch=0.5013
2026-10-03T18:35:53Z step 480/938 loss=0.01971 grad_norm=1.704 learning_rate=5.069e-05 epoch=0.512
2026-10-03T18:36:17Z step 490/938 loss=0.0531 grad_norm=0.01237 learning_rate=4.896e-05 epoch=0.5227
2026-10-03T18:36:48Z step 500/938 loss=0.0203 grad_norm=0.1447 learning_rate=4.724e-05 epoch=0.5333
2026-10-03T18:37:12Z step 510/938 loss=0.01137 grad_norm=0.3748 learning_rate=4.552e-05 epoch=0.544
2026-10-03T18:37:36Z step 520/938 loss=0.02085 grad_norm=0.7427 learning_rate=4.38e-05 epoch=0.5547
2026-10-03T18:38:01Z step 530/938 loss=0.02522 grad_norm=0.004061 learning_rate=4.209e-05 epoch=0.5653
2026-10-03T18:38:25Z step 540/938 loss=0.01504 grad_norm=0.02541 learning_rate=4.039e-05 epoch=0.576
2026-10-03T18:38:50Z step 550/938 loss=0.02038 grad_norm=0.8056 learning_rate=3.871e-05 epoch=0.5867
2026-10-03T18:39:14Z step 560/938 loss=0.01661 grad_norm=1.319 learning_rate=3.703e-05 epoch=0.5973
2026-10-03T18:39:39Z step 570/938 loss=0.007703 grad_norm=0.009809 learning_rate=3.537e-05 epoch=0.608
2026-10-03T18:40:03Z step 580/938 loss=0.01538 grad_norm=1.636 learning_rate=3.373e-05 epoch=0.6187
2026-10-03T18:40:27Z step 590/938 loss=0.05767 grad_norm=1.416 learning_rate=3.211e-05 epoch=0.6293
2026-10-03T18:40:52Z step 600/938 loss=0.01607 grad_norm=0.1725 learning_rate=3.051e-05 epoch=0.64
2026-10-03T18:41:16Z step 610/938 loss=0.01376 grad_norm=0.006199 learning_rate=2.893e-05 epoch=0.6507
2026-10-03T18:41:41Z step 620/938 loss=0.004765 grad_norm=0.2281 learning_rate=2.738e-05 epoch=0.6613
2026-10-03T18:42:05Z step 630/938 loss=0.002441 grad_norm=0.007894 learning_rate=2.585e-05 epoch=0.672
2026-10-03T18:42:29Z step 640/938 loss=0.01956 grad_norm=0.01395 learning_rate=2.436e-05 epoch=0.6827
2026-10-03T18:42:54Z step 650/938 loss=0.01384 grad_norm=1.368 learning_rate=2.289e-05 epoch=0.6933
2026-10-03T18:43:18Z step 660/938 loss=0.002503 grad_norm=0.2324 learning_rate=2.145e-05 epoch=0.704
2026-10-03T18:43:42Z step 670/938 loss=0.005156 grad_norm=0.1249 learning_rate=2.005e-05 epoch=0.7147
2026-10-03T18:44:07Z step 680/938 loss=0.0152 grad_norm=0.148 learning_rate=1.869e-05 epoch=0.7253
2026-10-03T18:44:31Z step 690/938 loss=0.04006 grad_norm=0.006737 learning_rate=1.736e-05 epoch=0.736
2026-10-03T18:44:55Z step 700/938 loss=0.01791 grad_norm=0.07918 learning_rate=1.608e-05 epoch=0.7467
2026-10-03T18:45:19Z step 710/938 loss=0.003362 grad_norm=0.01615 learning_rate=1.483e-05 epoch=0.7573
2026-10-03T18:45:44Z step 720/938 loss=0.008947 grad_norm=0.09457 learning_rate=1.362e-05 epoch=0.768
2026-10-03T18:46:08Z step 730/938 loss=0.01034 grad_norm=1.026 learning_rate=1.246e-05 epoch=0.7787
2026-10-03T18:46:32Z step 740/938 loss=0.00487 grad_norm=0.01344 learning_rate=1.134e-05 epoch=0.7893
2026-10-03T18:46:57Z step 750/938 loss=0.003127 grad_norm=0.04079 learning_rate=1.027e-05 epoch=0.8
2026-10-03T18:47:22Z step 760/938 loss=0.01536 grad_norm=0.02519 learning_rate=9.247e-06 epoch=0.8107
2026-10-03T18:47:46Z step 770/938 loss=0.001078 grad_norm=0.02177 learning_rate=8.271e-06 epoch=0.8213
2026-10-03T18:48:11Z step 780/938 loss=0.004344 grad_norm=0.0005896 learning_rate=7.345e-06 epoch=0.832
2026-10-03T18:48:35Z step 790/938 loss=0.0009716 grad_norm=0.0402 learning_rate=6.47e-06 epoch=0.8427
2026-10-03T18:48:59Z step 800/938 loss=0.008093 grad_norm=0.01025 learning_rate=5.647e-06 epoch=0.8533
2026-10-03T18:49:23Z step 810/938 loss=0.008919 grad_norm=0.1233 learning_rate=4.877e-06 epoch=0.864
2026-10-03T18:49:48Z step 820/938 loss=0.00232 grad_norm=0.001688 learning_rate=4.16e-06 epoch=0.8747
2026-10-03T18:50:12Z step 830/938 loss=0.01913 grad_norm=0.2474 learning_rate=3.498e-06 epoch=0.8853
2026-10-03T18:50:37Z step 840/938 loss=0.009097 grad_norm=0.005945 learning_rate=2.892e-06 epoch=0.896
2026-10-03T18:51:01Z step 850/938 loss=0.003179 grad_norm=0.02705 learning_rate=2.342e-06 epoch=0.9067
2026-10-03T18:51:26Z step 860/938 loss=0.00327 grad_norm=0.007596 learning_rate=1.848e-06 epoch=0.9173
2026-10-03T18:51:50Z step 870/938 loss=0.001999 grad_norm=0.01862 learning_rate=1.412e-06 epoch=0.928
2026-10-03T18:52:14Z step 880/938 loss=0.001996 grad_norm=0.02619 learning_rate=1.034e-06 epoch=0.9387
2026-10-03T18:52:38Z step 890/938 loss=0.005493 grad_norm=0.002229 learning_rate=7.137e-07 epoch=0.9493
2026-10-03T18:53:03Z step 900/938 loss=0.003407 grad_norm=0.09289 learning_rate=4.525e-07 epoch=0.96
2026-10-03T18:53:27Z step 910/938 loss=0.0009874 grad_norm=0.001108 learning_rate=2.504e-07 epoch=0.9707
2026-10-03T18:53:51Z step 920/938 loss=0.001374 grad_norm=0.0001252 learning_rate=1.075e-07 epoch=0.9813
2026-10-03T18:54:16Z step 930/938 loss=0.001799 grad_norm=0.02473 learning_rate=2.413e-08 epoch=0.992
2026-10-03T18:54:34Z step 938/938 train_runtime=2289 train_samples_per_second=26.21 train_steps_per_second=0.41 total_flos=1.152e+18 train_loss=0.06001 epoch=1
2026-10-03T18:54:38Z trained 938 steps in 38.2 min, 6124.3 tok/s, peak 32.48 GB
2026-10-03T18:54:39Z u path: fp32-hidden (max |u_fp32 - u_bf16logits| = 0.1348)
2026-10-03T18:54:40Z padding self-check: max |u_batch - u_single| = 0.0988 (tol 0.838) -> left padding
2026-10-03T18:55:19Z B-FOLD2-verdict-blocks-s1 rule_v1_fold2/dev: TA 55.0 Rev 99.0 Hold 55.0 n=300 (41.0 s)
2026-10-03T18:59:16Z B-FOLD2-verdict-blocks-s1 rule_v1_fold2/test_L2: TA 68.7 Rev 99.5 Hold 68.8 n=2000 (236.3 s)
2026-10-03T18:59:17Z DONE B-FOLD2-verdict-blocks-s1 in 43.3 min, GPU util mean 95.7
