2026-10-03T23:33:20Z step 10/938 loss=2.322 grad_norm=1.873 learning_rate=3.214e-05 epoch=0.01067
2026-10-03T23:35:38Z step 20/938 loss=0.6679 grad_norm=0.7656 learning_rate=6.786e-05 epoch=0.02133
2026-10-03T23:37:56Z step 30/938 loss=0.035 grad_norm=0.5512 learning_rate=0.0001 epoch=0.032
2026-10-03T23:40:12Z step 40/938 loss=0.007195 grad_norm=0.1955 learning_rate=9.996e-05 epoch=0.04267
2026-10-03T23:42:30Z step 50/938 loss=0.006903 grad_norm=0.096 learning_rate=9.987e-05 epoch=0.05333
2026-10-03T23:44:52Z step 60/938 loss=0.003234 grad_norm=0.01354 learning_rate=9.971e-05 epoch=0.064
2026-10-03T23:47:14Z step 70/938 loss=0.00241 grad_norm=0.155 learning_rate=9.95e-05 epoch=0.07467
2026-10-03T23:49:42Z step 80/938 loss=0.00437 grad_norm=0.1256 learning_rate=9.923e-05 epoch=0.08533
2026-10-03T23:52:02Z step 90/938 loss=0.001581 grad_norm=0.01901 learning_rate=9.89e-05 epoch=0.096
2026-10-03T23:54:17Z step 100/938 loss=0.00118 grad_norm=0.01266 learning_rate=9.851e-05 epoch=0.1067
2026-10-03T23:56:37Z step 110/938 loss=0.001179 grad_norm=0.008387 learning_rate=9.806e-05 epoch=0.1173
2026-10-03T23:58:52Z step 120/938 loss=0.001558 grad_norm=0.03515 learning_rate=9.755e-05 epoch=0.128
2026-10-04T00:01:09Z step 130/938 loss=0.0002479 grad_norm=0.001994 learning_rate=9.699e-05 epoch=0.1387
2026-10-04T00:03:30Z step 140/938 loss=0.0003101 grad_norm=0.01786 learning_rate=9.637e-05 epoch=0.1493
2026-10-04T00:05:50Z step 150/938 loss=0.001796 grad_norm=0.0037 learning_rate=9.57e-05 epoch=0.16
2026-10-04T00:08:12Z step 160/938 loss=0.0004186 grad_norm=0.005382 learning_rate=9.497e-05 epoch=0.1707
2026-10-04T00:10:33Z step 170/938 loss=0.0006487 grad_norm=0.02311 learning_rate=9.419e-05 epoch=0.1813
2026-10-04T00:12:49Z step 180/938 loss=0.0004208 grad_norm=0.00191 learning_rate=9.336e-05 epoch=0.192
2026-10-04T00:15:09Z step 190/938 loss=0.0006799 grad_norm=0.0897 learning_rate=9.247e-05 epoch=0.2027
2026-10-04T00:17:23Z step 200/938 loss=0.001143 grad_norm=0.0809 learning_rate=9.154e-05 epoch=0.2133
2026-10-04T00:19:43Z step 210/938 loss=0.000156 grad_norm=0.005872 learning_rate=9.055e-05 epoch=0.224
2026-10-04T00:21:59Z step 220/938 loss=0.0004008 grad_norm=0.001414 learning_rate=8.952e-05 epoch=0.2347
2026-10-04T00:24:17Z step 230/938 loss=0.0003849 grad_norm=0.0003705 learning_rate=8.844e-05 epoch=0.2453
2026-10-04T00:26:39Z step 240/938 loss=0.0001357 grad_norm=0.001195 learning_rate=8.731e-05 epoch=0.256
2026-10-04T00:28:52Z step 250/938 loss=2.06e-05 grad_norm=0.0004038 learning_rate=8.614e-05 epoch=0.2667
2026-10-04T00:31:16Z step 260/938 loss=0.001241 grad_norm=0.01232 learning_rate=8.493e-05 epoch=0.2773
2026-10-04T00:33:29Z step 270/938 loss=0.0002299 grad_norm=0.0008626 learning_rate=8.367e-05 epoch=0.288
2026-10-04T00:35:45Z step 280/938 loss=0.0002615 grad_norm=0.003016 learning_rate=8.237e-05 epoch=0.2987
2026-10-04T00:38:04Z step 290/938 loss=3.081e-05 grad_norm=0.001416 learning_rate=8.104e-05 epoch=0.3093
2026-10-04T00:40:24Z step 300/938 loss=2.606e-05 grad_norm=0.002072 learning_rate=7.967e-05 epoch=0.32
2026-10-04T00:42:48Z step 310/938 loss=1.316e-05 grad_norm=0.001288 learning_rate=7.826e-05 epoch=0.3307
2026-10-04T00:45:06Z step 320/938 loss=0.0001072 grad_norm=0.2293 learning_rate=7.682e-05 epoch=0.3413
2026-10-04T00:47:24Z step 330/938 loss=0.0003544 grad_norm=0.02045 learning_rate=7.535e-05 epoch=0.352
2026-10-04T00:49:39Z step 340/938 loss=3.996e-05 grad_norm=0.0002101 learning_rate=7.385e-05 epoch=0.3627
2026-10-04T00:52:01Z step 350/938 loss=0.00059 grad_norm=0.002633 learning_rate=7.231e-05 epoch=0.3733
2026-10-04T00:54:18Z step 360/938 loss=7.133e-05 grad_norm=0.00346 learning_rate=7.076e-05 epoch=0.384
2026-10-04T00:56:39Z step 370/938 loss=6.114e-05 grad_norm=0.0004942 learning_rate=6.917e-05 epoch=0.3947
2026-10-04T00:58:56Z step 380/938 loss=4.024e-05 grad_norm=0.0007501 learning_rate=6.757e-05 epoch=0.4053
2026-10-04T01:01:16Z step 390/938 loss=1.041e-05 grad_norm=0.0002651 learning_rate=6.594e-05 epoch=0.416
2026-10-04T01:03:40Z step 400/938 loss=0.0002564 grad_norm=0.01293 learning_rate=6.43e-05 epoch=0.4267
2026-10-04T01:05:58Z step 410/938 loss=1.803e-05 grad_norm=0.0008528 learning_rate=6.264e-05 epoch=0.4373
2026-10-04T01:08:19Z step 420/938 loss=0.0004856 grad_norm=0.0004283 learning_rate=6.096e-05 epoch=0.448
2026-10-04T01:10:43Z step 430/938 loss=0.0004144 grad_norm=0.0058 learning_rate=5.927e-05 epoch=0.4587
2026-10-04T01:13:02Z step 440/938 loss=7.945e-05 grad_norm=0.0005965 learning_rate=5.757e-05 epoch=0.4693
2026-10-04T01:15:18Z step 450/938 loss=2.543e-05 grad_norm=0.0004086 learning_rate=5.586e-05 epoch=0.48
2026-10-04T01:17:34Z step 460/938 loss=1.669e-05 grad_norm=0.0002253 learning_rate=5.414e-05 epoch=0.4907
2026-10-04T01:19:51Z step 470/938 loss=0.0001773 grad_norm=0.003143 learning_rate=5.242e-05 epoch=0.5013
2026-10-04T01:22:11Z step 480/938 loss=0.0008195 grad_norm=0.004127 learning_rate=5.069e-05 epoch=0.512
2026-10-04T01:24:28Z step 490/938 loss=0.0002431 grad_norm=0.001844 learning_rate=4.896e-05 epoch=0.5227
2026-10-04T01:26:42Z step 500/938 loss=0.0002182 grad_norm=7.998e-05 learning_rate=4.724e-05 epoch=0.5333
2026-10-04T01:29:06Z step 510/938 loss=4.811e-05 grad_norm=0.001026 learning_rate=4.552e-05 epoch=0.544
2026-10-04T01:31:27Z step 520/938 loss=3.065e-05 grad_norm=0.000581 learning_rate=4.38e-05 epoch=0.5547
2026-10-04T01:33:42Z step 530/938 loss=1.749e-05 grad_norm=0.0004235 learning_rate=4.209e-05 epoch=0.5653
2026-10-04T01:36:01Z step 540/938 loss=0.0009445 grad_norm=0.0004213 learning_rate=4.039e-05 epoch=0.576
2026-10-04T01:38:17Z step 550/938 loss=4.991e-05 grad_norm=0.0003315 learning_rate=3.871e-05 epoch=0.5867
2026-10-04T01:40:37Z step 560/938 loss=7.946e-05 grad_norm=0.00578 learning_rate=3.703e-05 epoch=0.5973
2026-10-04T01:42:51Z step 570/938 loss=0.0009725 grad_norm=0.001141 learning_rate=3.537e-05 epoch=0.608
2026-10-04T01:45:07Z step 580/938 loss=3.037e-05 grad_norm=0.0007792 learning_rate=3.373e-05 epoch=0.6187
2026-10-04T01:47:25Z step 590/938 loss=7.237e-05 grad_norm=0.1326 learning_rate=3.211e-05 epoch=0.6293
2026-10-04T01:49:45Z step 600/938 loss=3.024e-05 grad_norm=0.004162 learning_rate=3.051e-05 epoch=0.64
2026-10-04T01:52:08Z step 610/938 loss=3.741e-05 grad_norm=0.0003272 learning_rate=2.893e-05 epoch=0.6507
2026-10-04T01:54:27Z step 620/938 loss=0.0005995 grad_norm=0.01519 learning_rate=2.738e-05 epoch=0.6613
2026-10-04T01:56:44Z step 630/938 loss=0.001147 grad_norm=0.001175 learning_rate=2.585e-05 epoch=0.672
2026-10-04T01:59:02Z step 640/938 loss=7.327e-05 grad_norm=0.001373 learning_rate=2.436e-05 epoch=0.6827
2026-10-04T02:01:18Z step 650/938 loss=0.000113 grad_norm=0.004861 learning_rate=2.289e-05 epoch=0.6933
2026-10-04T02:03:35Z step 660/938 loss=4.059e-05 grad_norm=0.0009811 learning_rate=2.145e-05 epoch=0.704
2026-10-04T02:05:51Z step 670/938 loss=2.043e-05 grad_norm=0.002227 learning_rate=2.005e-05 epoch=0.7147
2026-10-04T02:08:13Z step 680/938 loss=0.0001071 grad_norm=0.0008628 learning_rate=1.869e-05 epoch=0.7253
2026-10-04T02:10:37Z step 690/938 loss=2.137e-05 grad_norm=0.0001307 learning_rate=1.736e-05 epoch=0.736
2026-10-04T02:12:54Z step 700/938 loss=1.106e-05 grad_norm=0.0002086 learning_rate=1.608e-05 epoch=0.7467
2026-10-04T02:15:14Z step 710/938 loss=1.314e-05 grad_norm=0.0001572 learning_rate=1.483e-05 epoch=0.7573
2026-10-04T02:17:38Z step 720/938 loss=1.651e-05 grad_norm=0.0004094 learning_rate=1.362e-05 epoch=0.768
2026-10-04T02:19:57Z step 730/938 loss=1.103e-05 grad_norm=0.0002467 learning_rate=1.246e-05 epoch=0.7787
2026-10-04T02:22:15Z step 740/938 loss=6.817e-05 grad_norm=0.0003592 learning_rate=1.134e-05 epoch=0.7893
2026-10-04T02:24:31Z step 750/938 loss=3.28e-05 grad_norm=0.0002535 learning_rate=1.027e-05 epoch=0.8
2026-10-04T02:26:53Z step 760/938 loss=1.343e-05 grad_norm=0.0002069 learning_rate=9.247e-06 epoch=0.8107
2026-10-04T02:29:10Z step 770/938 loss=1.757e-05 grad_norm=0.006891 learning_rate=8.271e-06 epoch=0.8213
2026-10-04T02:31:34Z step 780/938 loss=3.216e-05 grad_norm=0.0006919 learning_rate=7.345e-06 epoch=0.832
2026-10-04T02:33:57Z step 790/938 loss=9.594e-06 grad_norm=0.0002391 learning_rate=6.47e-06 epoch=0.8427
2026-10-04T02:36:16Z step 800/938 loss=6.887e-06 grad_norm=0.0001791 learning_rate=5.647e-06 epoch=0.8533
2026-10-04T02:38:36Z step 810/938 loss=1.333e-05 grad_norm=0.001112 learning_rate=4.877e-06 epoch=0.864
2026-10-04T02:40:52Z step 820/938 loss=1.35e-05 grad_norm=0.0001714 learning_rate=4.16e-06 epoch=0.8747
2026-10-04T02:43:07Z step 830/938 loss=2.044e-05 grad_norm=0.0008027 learning_rate=3.498e-06 epoch=0.8853
2026-10-04T02:45:25Z step 840/938 loss=1.361e-05 grad_norm=0.001437 learning_rate=2.892e-06 epoch=0.896
2026-10-04T02:47:44Z step 850/938 loss=1.01e-05 grad_norm=0.001081 learning_rate=2.342e-06 epoch=0.9067
2026-10-04T02:50:03Z step 860/938 loss=6.277e-06 grad_norm=0.0006271 learning_rate=1.848e-06 epoch=0.9173
2026-10-04T02:52:28Z step 870/938 loss=8.313e-05 grad_norm=0.0001335 learning_rate=1.412e-06 epoch=0.928
2026-10-04T02:54:47Z step 880/938 loss=9.006e-06 grad_norm=0.0001593 learning_rate=1.034e-06 epoch=0.9387
2026-10-04T02:57:01Z step 890/938 loss=1.521e-05 grad_norm=0.0009934 learning_rate=7.137e-07 epoch=0.9493
2026-10-04T02:59:20Z step 900/938 loss=1.258e-05 grad_norm=0.0002067 learning_rate=4.525e-07 epoch=0.96
2026-10-04T03:01:36Z step 910/938 loss=1.606e-05 grad_norm=0.0005242 learning_rate=2.504e-07 epoch=0.9707
2026-10-04T03:03:46Z step 920/938 loss=9.293e-06 grad_norm=0.0004296 learning_rate=1.075e-07 epoch=0.9813
2026-10-04T03:05:57Z step 930/938 loss=8.266e-06 grad_norm=0.0003709 learning_rate=2.413e-08 epoch=0.992
2026-10-04T03:07:41Z step 938/938 train_runtime=1.31e+04 train_samples_per_second=4.579 train_steps_per_second=0.072 total_flos=1.16e+18 train_loss=0.03275 epoch=1
2026-10-04T03:07:46Z trained 938 steps in 218.4 min, 920.9 tok/s, peak 23.66 GB
2026-10-04T03:07:56Z u path: fp32-hidden (max |u_fp32 - u_bf16logits| = 0.0018)
2026-10-04T03:07:57Z padding self-check: max |u_batch - u_single| = 0.0553 (tol 0.632) -> left padding
2026-10-04T03:12:37Z B-LOKO-subject-summary2-s2 rule_v1/dev: TA 98.3 Rev 98.7 Hold 99.7 n=300 (290.3 s)
2026-10-04T03:17:32Z generate: batch 25/63, 107163 tokens, 367 tok/s
2026-10-04T03:23:26Z generate: batch 50/63, 230983 tokens, 357 tok/s
2026-10-04T03:43:29Z B-LOKO-subject-summary2-s2 rule_v1/test_L2: TA 94.8 Rev 96.0 Hold 98.7 n=2000 (1851.8 s)
2026-10-04T03:53:07Z B-LOKO-subject-summary2-s2 xr_v1/test: TA nan Rev nan Hold nan n=None (577.5 s)
2026-10-04T03:53:08Z DONE B-LOKO-subject-summary2-s2 in 264.2 min, GPU util mean 98.0
