2026-10-03T12:39:25Z step 10/938 loss=8.87 grad_norm=7.456 learning_rate=3.214e-05 epoch=0.01067
2026-10-03T12:40:22Z step 20/938 loss=2.721 grad_norm=3.094 learning_rate=6.786e-05 epoch=0.02133
2026-10-03T12:41:20Z step 30/938 loss=0.1687 grad_norm=2.119 learning_rate=0.0001 epoch=0.032
2026-10-03T12:42:17Z step 40/938 loss=0.03341 grad_norm=0.4331 learning_rate=9.996e-05 epoch=0.04267
2026-10-03T12:43:15Z step 50/938 loss=0.01088 grad_norm=0.5596 learning_rate=9.987e-05 epoch=0.05333
2026-10-03T12:44:15Z step 60/938 loss=0.02152 grad_norm=0.2213 learning_rate=9.971e-05 epoch=0.064
2026-10-03T12:45:25Z step 70/938 loss=0.01104 grad_norm=0.09442 learning_rate=9.95e-05 epoch=0.07467
2026-10-03T12:46:24Z step 80/938 loss=0.01035 grad_norm=0.009378 learning_rate=9.923e-05 epoch=0.08533
2026-10-03T12:47:21Z step 90/938 loss=0.009061 grad_norm=0.023 learning_rate=9.89e-05 epoch=0.096
2026-10-03T12:48:19Z step 100/938 loss=0.002563 grad_norm=0.01134 learning_rate=9.851e-05 epoch=0.1067
2026-10-03T12:49:18Z step 110/938 loss=0.003836 grad_norm=0.07321 learning_rate=9.806e-05 epoch=0.1173
2026-10-03T12:50:17Z step 120/938 loss=0.003211 grad_norm=0.07466 learning_rate=9.755e-05 epoch=0.128
2026-10-03T12:51:16Z step 130/938 loss=0.007363 grad_norm=2.19 learning_rate=9.699e-05 epoch=0.1387
2026-10-03T12:52:15Z step 140/938 loss=0.005238 grad_norm=0.03941 learning_rate=9.637e-05 epoch=0.1493
2026-10-03T12:53:13Z step 150/938 loss=0.002071 grad_norm=0.02197 learning_rate=9.57e-05 epoch=0.16
2026-10-03T12:54:09Z step 160/938 loss=0.002793 grad_norm=0.007881 learning_rate=9.497e-05 epoch=0.1707
2026-10-03T12:55:06Z step 170/938 loss=0.0004382 grad_norm=0.002929 learning_rate=9.419e-05 epoch=0.1813
2026-10-03T12:56:05Z step 180/938 loss=0.0005763 grad_norm=0.001333 learning_rate=9.336e-05 epoch=0.192
2026-10-03T12:57:05Z step 190/938 loss=0.01168 grad_norm=0.006256 learning_rate=9.247e-05 epoch=0.2027
2026-10-03T12:58:05Z step 200/938 loss=0.001371 grad_norm=0.01602 learning_rate=9.154e-05 epoch=0.2133
2026-10-03T13:00:13Z step 210/938 loss=0.0008373 grad_norm=0.002002 learning_rate=9.055e-05 epoch=0.224
2026-10-03T13:01:10Z step 220/938 loss=0.00193 grad_norm=0.7022 learning_rate=8.952e-05 epoch=0.2347
2026-10-03T13:02:08Z step 230/938 loss=0.001241 grad_norm=0.003994 learning_rate=8.844e-05 epoch=0.2453
2026-10-03T13:03:04Z step 240/938 loss=0.002611 grad_norm=0.001692 learning_rate=8.731e-05 epoch=0.256
2026-10-03T13:04:03Z step 250/938 loss=0.002635 grad_norm=0.01511 learning_rate=8.614e-05 epoch=0.2667
2026-10-03T13:05:02Z step 260/938 loss=0.001011 grad_norm=0.006758 learning_rate=8.493e-05 epoch=0.2773
2026-10-03T13:06:00Z step 270/938 loss=0.0002132 grad_norm=0.001694 learning_rate=8.367e-05 epoch=0.288
2026-10-03T13:06:58Z step 280/938 loss=7.058e-05 grad_norm=0.037 learning_rate=8.237e-05 epoch=0.2987
2026-10-03T13:07:53Z step 290/938 loss=0.0069 grad_norm=1.017 learning_rate=8.104e-05 epoch=0.3093
2026-10-03T13:08:52Z step 300/938 loss=0.00195 grad_norm=0.03646 learning_rate=7.967e-05 epoch=0.32
2026-10-03T13:09:51Z step 310/938 loss=0.002826 grad_norm=0.05688 learning_rate=7.826e-05 epoch=0.3307
2026-10-03T13:10:48Z step 320/938 loss=0.0008418 grad_norm=0.01032 learning_rate=7.682e-05 epoch=0.3413
2026-10-03T13:11:46Z step 330/938 loss=0.001554 grad_norm=0.06457 learning_rate=7.535e-05 epoch=0.352
2026-10-03T13:12:44Z step 340/938 loss=0.00621 grad_norm=0.01772 learning_rate=7.385e-05 epoch=0.3627
2026-10-03T13:13:42Z step 350/938 loss=0.001986 grad_norm=0.044 learning_rate=7.231e-05 epoch=0.3733
2026-10-03T13:14:40Z step 360/938 loss=0.006117 grad_norm=0.2745 learning_rate=7.076e-05 epoch=0.384
2026-10-03T13:15:38Z step 370/938 loss=0.004473 grad_norm=0.05889 learning_rate=6.917e-05 epoch=0.3947
2026-10-03T13:16:36Z step 380/938 loss=0.000855 grad_norm=0.02819 learning_rate=6.757e-05 epoch=0.4053
2026-10-03T13:17:33Z step 390/938 loss=0.003361 grad_norm=0.002764 learning_rate=6.594e-05 epoch=0.416
2026-10-03T13:18:32Z step 400/938 loss=0.002197 grad_norm=0.02463 learning_rate=6.43e-05 epoch=0.4267
2026-10-03T13:20:12Z step 410/938 loss=0.000519 grad_norm=0.01074 learning_rate=6.264e-05 epoch=0.4373
2026-10-03T13:21:09Z step 420/938 loss=0.0004369 grad_norm=0.1065 learning_rate=6.096e-05 epoch=0.448
2026-10-03T13:22:07Z step 430/938 loss=0.001312 grad_norm=0.001154 learning_rate=5.927e-05 epoch=0.4587
2026-10-03T13:23:05Z step 440/938 loss=0.003552 grad_norm=0.4813 learning_rate=5.757e-05 epoch=0.4693
2026-10-03T13:24:05Z step 450/938 loss=0.0009278 grad_norm=0.00219 learning_rate=5.586e-05 epoch=0.48
2026-10-03T13:25:02Z step 460/938 loss=0.0006742 grad_norm=0.009699 learning_rate=5.414e-05 epoch=0.4907
2026-10-03T13:25:59Z step 470/938 loss=0.006846 grad_norm=0.3409 learning_rate=5.242e-05 epoch=0.5013
2026-10-03T13:26:58Z step 480/938 loss=0.001493 grad_norm=0.006595 learning_rate=5.069e-05 epoch=0.512
2026-10-03T13:27:57Z step 490/938 loss=0.0002756 grad_norm=0.01714 learning_rate=4.896e-05 epoch=0.5227
2026-10-03T13:28:53Z step 500/938 loss=0.0003521 grad_norm=0.00584 learning_rate=4.724e-05 epoch=0.5333
2026-10-03T13:29:51Z step 510/938 loss=5.462e-05 grad_norm=0.001079 learning_rate=4.552e-05 epoch=0.544
2026-10-03T13:30:48Z step 520/938 loss=4.421e-05 grad_norm=0.004142 learning_rate=4.38e-05 epoch=0.5547
2026-10-03T13:31:47Z step 530/938 loss=4.733e-05 grad_norm=0.0004903 learning_rate=4.209e-05 epoch=0.5653
2026-10-03T13:32:46Z step 540/938 loss=4.109e-05 grad_norm=0.00123 learning_rate=4.039e-05 epoch=0.576
2026-10-03T13:33:45Z step 550/938 loss=4.11e-05 grad_norm=0.0005895 learning_rate=3.871e-05 epoch=0.5867
2026-10-03T13:34:45Z step 560/938 loss=0.0004943 grad_norm=0.004507 learning_rate=3.703e-05 epoch=0.5973
2026-10-03T13:35:44Z step 570/938 loss=5.473e-05 grad_norm=0.0004194 learning_rate=3.537e-05 epoch=0.608
2026-10-03T13:36:43Z step 580/938 loss=0.0001306 grad_norm=0.0001755 learning_rate=3.373e-05 epoch=0.6187
2026-10-03T13:37:41Z step 590/938 loss=1.666e-05 grad_norm=0.001385 learning_rate=3.211e-05 epoch=0.6293
2026-10-03T13:39:13Z step 600/938 loss=3.532e-05 grad_norm=0.0001697 learning_rate=3.051e-05 epoch=0.64
2026-10-03T13:40:13Z step 610/938 loss=0.00527 grad_norm=0.0005644 learning_rate=2.893e-05 epoch=0.6507
2026-10-03T13:41:10Z step 620/938 loss=0.001618 grad_norm=0.05086 learning_rate=2.738e-05 epoch=0.6613
2026-10-03T13:42:08Z step 630/938 loss=0.0003297 grad_norm=0.01259 learning_rate=2.585e-05 epoch=0.672
2026-10-03T13:43:07Z step 640/938 loss=4.98e-05 grad_norm=0.0004316 learning_rate=2.436e-05 epoch=0.6827
2026-10-03T13:44:05Z step 650/938 loss=8.168e-05 grad_norm=0.000528 learning_rate=2.289e-05 epoch=0.6933
2026-10-03T13:45:02Z step 660/938 loss=0.0004201 grad_norm=0.06027 learning_rate=2.145e-05 epoch=0.704
2026-10-03T13:46:01Z step 670/938 loss=2.425e-05 grad_norm=0.002929 learning_rate=2.005e-05 epoch=0.7147
2026-10-03T13:47:00Z step 680/938 loss=3.339e-05 grad_norm=0.003379 learning_rate=1.869e-05 epoch=0.7253
2026-10-03T13:47:58Z step 690/938 loss=4.32e-05 grad_norm=0.0004878 learning_rate=1.736e-05 epoch=0.736
2026-10-03T13:48:56Z step 700/938 loss=2.941e-05 grad_norm=0.003264 learning_rate=1.608e-05 epoch=0.7467
2026-10-03T13:49:55Z step 710/938 loss=0.0001523 grad_norm=0.0001413 learning_rate=1.483e-05 epoch=0.7573
2026-10-03T13:50:53Z step 720/938 loss=0.0001187 grad_norm=0.00629 learning_rate=1.362e-05 epoch=0.768
2026-10-03T13:51:50Z step 730/938 loss=3.516e-05 grad_norm=0.001099 learning_rate=1.246e-05 epoch=0.7787
2026-10-03T13:52:47Z step 740/938 loss=4.026e-05 grad_norm=0.0002733 learning_rate=1.134e-05 epoch=0.7893
2026-10-03T13:53:45Z step 750/938 loss=4.61e-05 grad_norm=0.0006248 learning_rate=1.027e-05 epoch=0.8
2026-10-03T13:54:42Z step 760/938 loss=2.958e-05 grad_norm=0.0001941 learning_rate=9.247e-06 epoch=0.8107
2026-10-03T13:55:39Z step 770/938 loss=3.919e-05 grad_norm=0.001557 learning_rate=8.271e-06 epoch=0.8213
2026-10-03T13:56:36Z step 780/938 loss=5.343e-05 grad_norm=0.0003794 learning_rate=7.345e-06 epoch=0.832
2026-10-03T13:57:33Z step 790/938 loss=4.529e-05 grad_norm=0.0002491 learning_rate=6.47e-06 epoch=0.8427
2026-10-03T13:58:31Z step 800/938 loss=2.041e-05 grad_norm=0.006668 learning_rate=5.647e-06 epoch=0.8533
2026-10-03T14:00:42Z step 810/938 loss=4.158e-05 grad_norm=0.0004357 learning_rate=4.877e-06 epoch=0.864
2026-10-03T14:01:42Z step 820/938 loss=3.412e-05 grad_norm=0.0002347 learning_rate=4.16e-06 epoch=0.8747
2026-10-03T14:02:42Z step 830/938 loss=4.522e-05 grad_norm=0.006142 learning_rate=3.498e-06 epoch=0.8853
2026-10-03T14:03:39Z step 840/938 loss=0.0003109 grad_norm=0.01064 learning_rate=2.892e-06 epoch=0.896
2026-10-03T14:04:36Z step 850/938 loss=2.592e-05 grad_norm=0.002629 learning_rate=2.342e-06 epoch=0.9067
2026-10-03T14:05:34Z step 860/938 loss=2.047e-05 grad_norm=0.0001884 learning_rate=1.848e-06 epoch=0.9173
2026-10-03T14:07:13Z step 870/938 loss=0.0001512 grad_norm=0.0005737 learning_rate=1.412e-06 epoch=0.928
2026-10-03T14:08:10Z step 880/938 loss=2.745e-05 grad_norm=0.0004884 learning_rate=1.034e-06 epoch=0.9387
2026-10-03T14:09:09Z step 890/938 loss=1.901e-05 grad_norm=0.0008 learning_rate=7.137e-07 epoch=0.9493
2026-10-03T14:10:08Z step 900/938 loss=0.000178 grad_norm=0.0006493 learning_rate=4.525e-07 epoch=0.96
2026-10-03T14:11:08Z step 910/938 loss=2.552e-05 grad_norm=0.0004775 learning_rate=2.504e-07 epoch=0.9707
2026-10-03T14:12:06Z step 920/938 loss=3.728e-05 grad_norm=0.004366 learning_rate=1.075e-07 epoch=0.9813
2026-10-03T14:13:03Z step 930/938 loss=2.669e-05 grad_norm=0.0002106 learning_rate=2.413e-08 epoch=0.992
2026-10-03T14:13:47Z step 938/938 train_runtime=5721 train_samples_per_second=10.49 train_steps_per_second=0.164 total_flos=1.144e+18 train_loss=0.1277 epoch=1
2026-10-03T14:14:21Z trained 938 steps in 95.4 min, 2098.9 tok/s, peak 33.93 GB
2026-10-03T14:14:24Z u path: fp32-hidden (max |u_fp32 - u_bf16logits| = 0.0008)
2026-10-03T14:14:25Z padding self-check: max |u_batch - u_single| = 0.0602 (tol 0.611) -> left padding
2026-10-03T14:16:15Z B-F-summary2-triplets-s4 rule_v1/dev: TA 99.7 Rev 99.7 Hold 100.0 n=300 (113.9 s)
2026-10-03T14:17:18Z B-F-summary2-triplets-s4 rule_v1/dev_missing: TA nan Rev nan Hold nan n=None (62.4 s)
2026-10-03T14:21:03Z B-F-summary2-triplets-s4 rule_v1/missing: TA nan Rev nan Hold nan n=None (224.9 s)
2026-10-03T14:24:50Z generate: batch 25/28, 228354 tokens, 1027 tok/s
2026-10-03T14:29:08Z B-F-summary2-triplets-s4 rule_v1/readapply: TA 99.8 Rev 99.8 Hold 100.0 n=1000 (484.0 s)
2026-10-03T14:35:01Z B-F-summary2-triplets-s4 rule_v1/test_L0: TA 99.7 Rev 99.7 Hold 100.0 n=1000 (352.8 s)
2026-10-03T14:40:50Z B-F-summary2-triplets-s4 rule_v1/test_L1: TA 99.5 Rev 99.5 Hold 100.0 n=1000 (348.1 s)
2026-10-03T14:45:16Z generate: batch 25/32, 230932 tokens, 891 tok/s
2026-10-03T14:53:26Z B-F-summary2-triplets-s4 rule_v1/test_L2: TA 99.5 Rev 99.5 Hold 100.0 n=2000 (756.5 s)
2026-10-03T14:58:44Z B-F-summary2-triplets-s4 rule_v1/test_L3alt: TA 100.0 Rev 100.0 Hold 100.0 n=1000 (316.9 s)
2026-10-03T15:04:50Z B-F-summary2-triplets-s4 rule_v1/test_L3inv: TA 98.6 Rev 98.7 Hold 99.9 n=1000 (365.2 s)
2026-10-03T15:11:42Z B-F-summary2-triplets-s4 rule_v1/test_hard: TA 99.1 Rev 99.1 Hold 100.0 n=1000 (412.0 s)
2026-10-03T15:15:43Z B-F-summary2-triplets-s4 xr_v1/test: TA nan Rev nan Hold nan n=None (240.7 s)
2026-10-03T15:15:45Z DONE B-F-summary2-triplets-s4 in 157.8 min, GPU util mean 91.9
