2026-10-04T00:19:19Z step 10/938 loss=9.748 grad_norm=8.502 learning_rate=3.214e-05 epoch=0.01067
2026-10-04T00:19:43Z step 20/938 loss=2.771 grad_norm=6.096 learning_rate=6.786e-05 epoch=0.02133
2026-10-04T00:20:07Z step 30/938 loss=0.1904 grad_norm=7.411 learning_rate=0.0001 epoch=0.032
2026-10-04T00:20:30Z step 40/938 loss=0.03472 grad_norm=0.2277 learning_rate=9.996e-05 epoch=0.04267
2026-10-04T00:20:54Z step 50/938 loss=0.01634 grad_norm=0.2597 learning_rate=9.987e-05 epoch=0.05333
2026-10-04T00:21:19Z step 60/938 loss=0.003666 grad_norm=0.07743 learning_rate=9.971e-05 epoch=0.064
2026-10-04T00:21:43Z step 70/938 loss=0.005921 grad_norm=2.792 learning_rate=9.95e-05 epoch=0.07467
2026-10-04T00:22:07Z step 80/938 loss=0.01557 grad_norm=0.2861 learning_rate=9.923e-05 epoch=0.08533
2026-10-04T00:22:30Z step 90/938 loss=0.001816 grad_norm=0.01895 learning_rate=9.89e-05 epoch=0.096
2026-10-04T00:22:53Z step 100/938 loss=0.01427 grad_norm=0.2852 learning_rate=9.851e-05 epoch=0.1067
2026-10-04T00:23:17Z step 110/938 loss=0.005817 grad_norm=0.04575 learning_rate=9.806e-05 epoch=0.1173
2026-10-04T00:23:41Z step 120/938 loss=0.0005025 grad_norm=0.001703 learning_rate=9.755e-05 epoch=0.128
2026-10-04T00:24:05Z step 130/938 loss=0.005638 grad_norm=0.1867 learning_rate=9.699e-05 epoch=0.1387
2026-10-04T00:24:29Z step 140/938 loss=0.002042 grad_norm=0.0265 learning_rate=9.637e-05 epoch=0.1493
2026-10-04T00:24:53Z step 150/938 loss=0.004365 grad_norm=0.5995 learning_rate=9.57e-05 epoch=0.16
2026-10-04T00:25:17Z step 160/938 loss=0.008324 grad_norm=0.1452 learning_rate=9.497e-05 epoch=0.1707
2026-10-04T00:25:41Z step 170/938 loss=0.007309 grad_norm=0.01227 learning_rate=9.419e-05 epoch=0.1813
2026-10-04T00:26:05Z step 180/938 loss=0.005895 grad_norm=0.005987 learning_rate=9.336e-05 epoch=0.192
2026-10-04T00:26:29Z step 190/938 loss=0.00535 grad_norm=0.03051 learning_rate=9.247e-05 epoch=0.2027
2026-10-04T00:26:52Z step 200/938 loss=0.00555 grad_norm=0.04328 learning_rate=9.154e-05 epoch=0.2133
2026-10-04T00:27:17Z step 210/938 loss=0.001079 grad_norm=0.9815 learning_rate=9.055e-05 epoch=0.224
2026-10-04T00:27:40Z step 220/938 loss=0.008678 grad_norm=0.9122 learning_rate=8.952e-05 epoch=0.2347
2026-10-04T00:28:04Z step 230/938 loss=0.006263 grad_norm=0.4178 learning_rate=8.844e-05 epoch=0.2453
2026-10-04T00:28:28Z step 240/938 loss=0.006162 grad_norm=0.03318 learning_rate=8.731e-05 epoch=0.256
2026-10-04T00:28:52Z step 250/938 loss=0.004568 grad_norm=0.2503 learning_rate=8.614e-05 epoch=0.2667
2026-10-04T00:29:16Z step 260/938 loss=0.002303 grad_norm=0.009895 learning_rate=8.493e-05 epoch=0.2773
2026-10-04T00:29:40Z step 270/938 loss=0.0006948 grad_norm=0.4039 learning_rate=8.367e-05 epoch=0.288
2026-10-04T00:30:04Z step 280/938 loss=0.002137 grad_norm=0.001048 learning_rate=8.237e-05 epoch=0.2987
2026-10-04T00:30:29Z step 290/938 loss=0.002666 grad_norm=0.2393 learning_rate=8.104e-05 epoch=0.3093
2026-10-04T00:30:52Z step 300/938 loss=0.000194 grad_norm=0.00277 learning_rate=7.967e-05 epoch=0.32
2026-10-04T00:31:16Z step 310/938 loss=0.0004445 grad_norm=0.004635 learning_rate=7.826e-05 epoch=0.3307
2026-10-04T00:31:39Z step 320/938 loss=0.0002126 grad_norm=0.0007681 learning_rate=7.682e-05 epoch=0.3413
2026-10-04T00:32:03Z step 330/938 loss=0.0001286 grad_norm=0.001534 learning_rate=7.535e-05 epoch=0.352
2026-10-04T00:32:27Z step 340/938 loss=0.001079 grad_norm=0.0001159 learning_rate=7.385e-05 epoch=0.3627
2026-10-04T00:32:51Z step 350/938 loss=0.0004219 grad_norm=0.158 learning_rate=7.231e-05 epoch=0.3733
2026-10-04T00:33:15Z step 360/938 loss=0.003 grad_norm=0.003926 learning_rate=7.076e-05 epoch=0.384
2026-10-04T00:33:39Z step 370/938 loss=0.0002729 grad_norm=0.001215 learning_rate=6.917e-05 epoch=0.3947
2026-10-04T00:34:03Z step 380/938 loss=0.001107 grad_norm=0.002948 learning_rate=6.757e-05 epoch=0.4053
2026-10-04T00:34:26Z step 390/938 loss=0.0002986 grad_norm=0.001236 learning_rate=6.594e-05 epoch=0.416
2026-10-04T00:34:50Z step 400/938 loss=0.000247 grad_norm=0.0006009 learning_rate=6.43e-05 epoch=0.4267
2026-10-04T00:35:14Z step 410/938 loss=4.5e-05 grad_norm=0.003021 learning_rate=6.264e-05 epoch=0.4373
2026-10-04T00:35:38Z step 420/938 loss=0.002731 grad_norm=0.004006 learning_rate=6.096e-05 epoch=0.448
2026-10-04T00:36:02Z step 430/938 loss=0.0001837 grad_norm=0.01326 learning_rate=5.927e-05 epoch=0.4587
2026-10-04T00:36:26Z step 440/938 loss=0.0001748 grad_norm=0.04189 learning_rate=5.757e-05 epoch=0.4693
2026-10-04T00:36:49Z step 450/938 loss=0.0006766 grad_norm=0.0003443 learning_rate=5.586e-05 epoch=0.48
2026-10-04T00:37:13Z step 460/938 loss=0.004079 grad_norm=0.3803 learning_rate=5.414e-05 epoch=0.4907
2026-10-04T00:37:37Z step 470/938 loss=0.0002306 grad_norm=0.006145 learning_rate=5.242e-05 epoch=0.5013
2026-10-04T00:38:01Z step 480/938 loss=0.0002691 grad_norm=0.00414 learning_rate=5.069e-05 epoch=0.512
2026-10-04T00:38:25Z step 490/938 loss=0.0002437 grad_norm=0.00163 learning_rate=4.896e-05 epoch=0.5227
2026-10-04T00:38:49Z step 500/938 loss=0.0002895 grad_norm=0.002654 learning_rate=4.724e-05 epoch=0.5333
2026-10-04T00:39:18Z step 510/938 loss=0.00167 grad_norm=0.0006428 learning_rate=4.552e-05 epoch=0.544
2026-10-04T00:39:42Z step 520/938 loss=0.0001021 grad_norm=0.0008567 learning_rate=4.38e-05 epoch=0.5547
2026-10-04T00:40:06Z step 530/938 loss=5.919e-05 grad_norm=0.001488 learning_rate=4.209e-05 epoch=0.5653
2026-10-04T00:40:29Z step 540/938 loss=6.177e-05 grad_norm=0.0003796 learning_rate=4.039e-05 epoch=0.576
2026-10-04T00:40:53Z step 550/938 loss=3.043e-05 grad_norm=0.0006469 learning_rate=3.871e-05 epoch=0.5867
2026-10-04T00:41:17Z step 560/938 loss=3.881e-05 grad_norm=0.001005 learning_rate=3.703e-05 epoch=0.5973
2026-10-04T00:41:40Z step 570/938 loss=3.938e-05 grad_norm=0.0009927 learning_rate=3.537e-05 epoch=0.608
2026-10-04T00:42:05Z step 580/938 loss=0.0001246 grad_norm=0.000243 learning_rate=3.373e-05 epoch=0.6187
2026-10-04T00:42:29Z step 590/938 loss=0.002985 grad_norm=0.0006773 learning_rate=3.211e-05 epoch=0.6293
2026-10-04T00:42:53Z step 600/938 loss=0.002276 grad_norm=0.001742 learning_rate=3.051e-05 epoch=0.64
2026-10-04T00:43:17Z step 610/938 loss=0.00019 grad_norm=0.00507 learning_rate=2.893e-05 epoch=0.6507
2026-10-04T00:43:40Z step 620/938 loss=0.001683 grad_norm=0.007048 learning_rate=2.738e-05 epoch=0.6613
2026-10-04T00:44:04Z step 630/938 loss=0.0002649 grad_norm=0.008094 learning_rate=2.585e-05 epoch=0.672
2026-10-04T00:44:28Z step 640/938 loss=0.0007861 grad_norm=0.0005023 learning_rate=2.436e-05 epoch=0.6827
2026-10-04T00:44:52Z step 650/938 loss=0.0001316 grad_norm=0.001956 learning_rate=2.289e-05 epoch=0.6933
2026-10-04T00:45:16Z step 660/938 loss=0.0001859 grad_norm=0.002787 learning_rate=2.145e-05 epoch=0.704
2026-10-04T00:45:40Z step 670/938 loss=0.005195 grad_norm=0.00264 learning_rate=2.005e-05 epoch=0.7147
2026-10-04T00:46:04Z step 680/938 loss=0.0001051 grad_norm=0.002395 learning_rate=1.869e-05 epoch=0.7253
2026-10-04T00:46:28Z step 690/938 loss=0.0006468 grad_norm=0.005337 learning_rate=1.736e-05 epoch=0.736
2026-10-04T00:46:53Z step 700/938 loss=0.0001044 grad_norm=0.001071 learning_rate=1.608e-05 epoch=0.7467
2026-10-04T00:47:17Z step 710/938 loss=7.359e-05 grad_norm=0.001948 learning_rate=1.483e-05 epoch=0.7573
2026-10-04T00:47:41Z step 720/938 loss=5.645e-05 grad_norm=0.0006548 learning_rate=1.362e-05 epoch=0.768
2026-10-04T00:48:05Z step 730/938 loss=6.466e-05 grad_norm=0.0007489 learning_rate=1.246e-05 epoch=0.7787
2026-10-04T00:48:29Z step 740/938 loss=4.103e-05 grad_norm=0.001787 learning_rate=1.134e-05 epoch=0.7893
2026-10-04T00:48:53Z step 750/938 loss=0.002415 grad_norm=0.000998 learning_rate=1.027e-05 epoch=0.8
2026-10-04T00:49:17Z step 760/938 loss=0.0002824 grad_norm=0.09845 learning_rate=9.247e-06 epoch=0.8107
2026-10-04T00:49:41Z step 770/938 loss=0.0001836 grad_norm=0.0001905 learning_rate=8.271e-06 epoch=0.8213
2026-10-04T00:50:05Z step 780/938 loss=0.0001592 grad_norm=0.03781 learning_rate=7.345e-06 epoch=0.832
2026-10-04T00:50:29Z step 790/938 loss=0.0001172 grad_norm=0.002131 learning_rate=6.47e-06 epoch=0.8427
2026-10-04T00:50:53Z step 800/938 loss=0.001346 grad_norm=0.002951 learning_rate=5.647e-06 epoch=0.8533
2026-10-04T00:51:17Z step 810/938 loss=9.224e-05 grad_norm=0.001831 learning_rate=4.877e-06 epoch=0.864
2026-10-04T00:51:41Z step 820/938 loss=7.932e-05 grad_norm=0.007255 learning_rate=4.16e-06 epoch=0.8747
2026-10-04T00:52:05Z step 830/938 loss=0.0003068 grad_norm=0.001743 learning_rate=3.498e-06 epoch=0.8853
2026-10-04T00:52:29Z step 840/938 loss=7.38e-05 grad_norm=0.003974 learning_rate=2.892e-06 epoch=0.896
2026-10-04T00:52:53Z step 850/938 loss=4.301e-05 grad_norm=0.0003675 learning_rate=2.342e-06 epoch=0.9067
2026-10-04T00:53:16Z step 860/938 loss=8.797e-05 grad_norm=0.001052 learning_rate=1.848e-06 epoch=0.9173
2026-10-04T00:53:40Z step 870/938 loss=8.569e-05 grad_norm=0.004244 learning_rate=1.412e-06 epoch=0.928
2026-10-04T00:54:04Z step 880/938 loss=0.0001208 grad_norm=0.002739 learning_rate=1.034e-06 epoch=0.9387
2026-10-04T00:54:28Z step 890/938 loss=5.878e-05 grad_norm=0.000674 learning_rate=7.137e-07 epoch=0.9493
2026-10-04T00:54:52Z step 900/938 loss=5.32e-05 grad_norm=0.001238 learning_rate=4.525e-07 epoch=0.96
2026-10-04T00:55:16Z step 910/938 loss=7.759e-05 grad_norm=0.004114 learning_rate=2.504e-07 epoch=0.9707
2026-10-04T00:55:41Z step 920/938 loss=0.0001162 grad_norm=0.00391 learning_rate=1.075e-07 epoch=0.9813
2026-10-04T00:56:04Z step 930/938 loss=8.753e-05 grad_norm=0.005001 learning_rate=2.413e-08 epoch=0.992
2026-10-04T00:56:23Z step 938/938 train_runtime=2248 train_samples_per_second=26.7 train_steps_per_second=0.417 total_flos=1.146e+18 train_loss=0.1378 epoch=1
2026-10-04T00:56:27Z trained 938 steps in 37.5 min, 5302.5 tok/s, peak 32.92 GB
2026-10-04T00:56:28Z u path: fp32-hidden (max |u_fp32 - u_bf16logits| = 0.0230)
2026-10-04T00:56:29Z padding self-check: max |u_batch - u_single| = 0.0712 (tol 0.603) -> left padding
2026-10-04T00:57:21Z B-LOKO-time-summary2-s2 rule_v1/dev: TA 88.7 Rev 98.3 Hold 90.3 n=300 (53.4 s)
2026-10-04T00:59:20Z generate: batch 25/32, 200673 tokens, 1702 tok/s
2026-10-04T01:03:10Z B-LOKO-time-summary2-s2 rule_v1/test_L2: TA 86.3 Rev 97.2 Hold 89.1 n=2000 (348.8 s)
2026-10-04T01:04:56Z B-LOKO-time-summary2-s2 xr_v1/test: TA nan Rev nan Hold nan n=None (105.5 s)
2026-10-04T01:04:56Z DONE B-LOKO-time-summary2-s2 in 46.4 min, GPU util mean 94.1
