2026-10-03T21:55:04Z step 10/938 loss=2.309 grad_norm=2.029 learning_rate=3.214e-05 epoch=0.01067
2026-10-03T21:56:25Z step 20/938 loss=0.6706 grad_norm=0.9807 learning_rate=6.786e-05 epoch=0.02133
2026-10-03T21:57:45Z step 30/938 loss=0.04427 grad_norm=0.302 learning_rate=0.0001 epoch=0.032
2026-10-03T21:59:05Z step 40/938 loss=0.01162 grad_norm=0.1384 learning_rate=9.996e-05 epoch=0.04267
2026-10-03T22:00:24Z step 50/938 loss=0.005813 grad_norm=0.2457 learning_rate=9.987e-05 epoch=0.05333
2026-10-03T22:01:42Z step 60/938 loss=0.003988 grad_norm=0.04062 learning_rate=9.971e-05 epoch=0.064
2026-10-03T22:03:05Z step 70/938 loss=0.0009337 grad_norm=0.1892 learning_rate=9.95e-05 epoch=0.07467
2026-10-03T22:04:26Z step 80/938 loss=0.002334 grad_norm=0.05976 learning_rate=9.923e-05 epoch=0.08533
2026-10-03T22:05:44Z step 90/938 loss=0.001892 grad_norm=0.02658 learning_rate=9.89e-05 epoch=0.096
2026-10-03T22:07:07Z step 100/938 loss=0.001958 grad_norm=0.114 learning_rate=9.851e-05 epoch=0.1067
2026-10-03T22:08:27Z step 110/938 loss=0.001006 grad_norm=0.07794 learning_rate=9.806e-05 epoch=0.1173
2026-10-03T22:09:47Z step 120/938 loss=0.001697 grad_norm=0.00659 learning_rate=9.755e-05 epoch=0.128
2026-10-03T22:11:06Z step 130/938 loss=0.0009901 grad_norm=0.01777 learning_rate=9.699e-05 epoch=0.1387
2026-10-03T22:12:26Z step 140/938 loss=0.001614 grad_norm=0.09908 learning_rate=9.637e-05 epoch=0.1493
2026-10-03T22:14:23Z step 150/938 loss=0.0004926 grad_norm=0.00921 learning_rate=9.57e-05 epoch=0.16
2026-10-03T22:15:40Z step 160/938 loss=0.0002274 grad_norm=0.002494 learning_rate=9.497e-05 epoch=0.1707
2026-10-03T22:17:00Z step 170/938 loss=0.0005148 grad_norm=0.001893 learning_rate=9.419e-05 epoch=0.1813
2026-10-03T22:18:20Z step 180/938 loss=0.002029 grad_norm=0.01777 learning_rate=9.336e-05 epoch=0.192
2026-10-03T22:19:40Z step 190/938 loss=0.002803 grad_norm=0.008643 learning_rate=9.247e-05 epoch=0.2027
2026-10-03T22:20:59Z step 200/938 loss=0.001113 grad_norm=0.03401 learning_rate=9.154e-05 epoch=0.2133
2026-10-03T22:22:20Z step 210/938 loss=0.0008403 grad_norm=0.03388 learning_rate=9.055e-05 epoch=0.224
2026-10-03T22:23:38Z step 220/938 loss=0.001321 grad_norm=0.02512 learning_rate=8.952e-05 epoch=0.2347
2026-10-03T22:24:57Z step 230/938 loss=0.000489 grad_norm=0.001762 learning_rate=8.844e-05 epoch=0.2453
2026-10-03T22:26:16Z step 240/938 loss=0.0001455 grad_norm=0.07848 learning_rate=8.731e-05 epoch=0.256
2026-10-03T22:27:36Z step 250/938 loss=0.0004142 grad_norm=0.0009437 learning_rate=8.614e-05 epoch=0.2667
2026-10-03T22:28:57Z step 260/938 loss=0.001132 grad_norm=0.0117 learning_rate=8.493e-05 epoch=0.2773
2026-10-03T22:30:19Z step 270/938 loss=0.001448 grad_norm=0.004008 learning_rate=8.367e-05 epoch=0.288
2026-10-03T22:31:39Z step 280/938 loss=0.0002682 grad_norm=0.005248 learning_rate=8.237e-05 epoch=0.2987
2026-10-03T22:32:59Z step 290/938 loss=0.000238 grad_norm=0.005043 learning_rate=8.104e-05 epoch=0.3093
2026-10-03T22:34:55Z step 300/938 loss=0.0001621 grad_norm=0.001476 learning_rate=7.967e-05 epoch=0.32
2026-10-03T22:36:13Z step 310/938 loss=0.0002432 grad_norm=0.1228 learning_rate=7.826e-05 epoch=0.3307
2026-10-03T22:37:33Z step 320/938 loss=2.78e-05 grad_norm=0.0007573 learning_rate=7.682e-05 epoch=0.3413
2026-10-03T22:38:53Z step 330/938 loss=0.0001902 grad_norm=0.002582 learning_rate=7.535e-05 epoch=0.352
2026-10-03T22:40:13Z step 340/938 loss=4.85e-05 grad_norm=0.0004982 learning_rate=7.385e-05 epoch=0.3627
2026-10-03T22:41:34Z step 350/938 loss=0.0009861 grad_norm=0.001741 learning_rate=7.231e-05 epoch=0.3733
2026-10-03T22:42:53Z step 360/938 loss=0.0001502 grad_norm=0.001939 learning_rate=7.076e-05 epoch=0.384
2026-10-03T22:44:14Z step 370/938 loss=0.0004407 grad_norm=0.0007782 learning_rate=6.917e-05 epoch=0.3947
2026-10-03T22:45:33Z step 380/938 loss=4.158e-05 grad_norm=0.0005976 learning_rate=6.757e-05 epoch=0.4053
2026-10-03T22:46:56Z step 390/938 loss=0.0001459 grad_norm=0.0064 learning_rate=6.594e-05 epoch=0.416
2026-10-03T22:48:17Z step 400/938 loss=0.0006678 grad_norm=0.006333 learning_rate=6.43e-05 epoch=0.4267
2026-10-03T22:49:35Z step 410/938 loss=0.0007939 grad_norm=0.03908 learning_rate=6.264e-05 epoch=0.4373
2026-10-03T22:50:55Z step 420/938 loss=0.0003274 grad_norm=0.0005961 learning_rate=6.096e-05 epoch=0.448
2026-10-03T22:52:15Z step 430/938 loss=0.0001424 grad_norm=0.002019 learning_rate=5.927e-05 epoch=0.4587
2026-10-03T22:53:35Z step 440/938 loss=0.000149 grad_norm=0.001791 learning_rate=5.757e-05 epoch=0.4693
2026-10-03T22:55:28Z step 450/938 loss=3.61e-05 grad_norm=0.0001735 learning_rate=5.586e-05 epoch=0.48
2026-10-03T22:56:47Z step 460/938 loss=1.744e-05 grad_norm=0.0002378 learning_rate=5.414e-05 epoch=0.4907
2026-10-03T22:58:06Z step 470/938 loss=9.158e-06 grad_norm=0.0003117 learning_rate=5.242e-05 epoch=0.5013
2026-10-03T22:59:25Z step 480/938 loss=1.549e-05 grad_norm=0.0001872 learning_rate=5.069e-05 epoch=0.512
2026-10-03T23:00:47Z step 490/938 loss=1.559e-05 grad_norm=0.0004399 learning_rate=4.896e-05 epoch=0.5227
2026-10-03T23:02:07Z step 500/938 loss=1.68e-05 grad_norm=0.001745 learning_rate=4.724e-05 epoch=0.5333
2026-10-03T23:03:27Z step 510/938 loss=2.053e-05 grad_norm=0.0002566 learning_rate=4.552e-05 epoch=0.544
2026-10-03T23:04:46Z step 520/938 loss=7.111e-06 grad_norm=0.002133 learning_rate=4.38e-05 epoch=0.5547
2026-10-03T23:06:07Z step 530/938 loss=8.65e-06 grad_norm=0.0001488 learning_rate=4.209e-05 epoch=0.5653
2026-10-03T23:07:25Z step 540/938 loss=7.281e-06 grad_norm=0.0001222 learning_rate=4.039e-05 epoch=0.576
2026-10-03T23:08:45Z step 550/938 loss=4.097e-05 grad_norm=0.0001711 learning_rate=3.871e-05 epoch=0.5867
2026-10-03T23:10:06Z step 560/938 loss=9.005e-06 grad_norm=0.0004882 learning_rate=3.703e-05 epoch=0.5973
2026-10-03T23:11:23Z step 570/938 loss=4.035e-05 grad_norm=0.002644 learning_rate=3.537e-05 epoch=0.608
2026-10-03T23:12:41Z step 580/938 loss=7.66e-06 grad_norm=0.0001368 learning_rate=3.373e-05 epoch=0.6187
2026-10-03T23:14:38Z step 590/938 loss=5.765e-05 grad_norm=0.0001427 learning_rate=3.211e-05 epoch=0.6293
2026-10-03T23:15:57Z step 600/938 loss=6.183e-06 grad_norm=8.563e-05 learning_rate=3.051e-05 epoch=0.64
2026-10-03T23:17:17Z step 610/938 loss=6.905e-06 grad_norm=0.0001091 learning_rate=2.893e-05 epoch=0.6507
2026-10-03T23:18:37Z step 620/938 loss=4.672e-06 grad_norm=0.0001018 learning_rate=2.738e-05 epoch=0.6613
2026-10-03T23:19:56Z step 630/938 loss=0.0002301 grad_norm=0.0002857 learning_rate=2.585e-05 epoch=0.672
2026-10-03T23:21:15Z step 640/938 loss=2.345e-05 grad_norm=9.528e-05 learning_rate=2.436e-05 epoch=0.6827
2026-10-03T23:22:35Z step 650/938 loss=8.257e-06 grad_norm=8.918e-05 learning_rate=2.289e-05 epoch=0.6933
2026-10-03T23:23:55Z step 660/938 loss=5.63e-06 grad_norm=0.002043 learning_rate=2.145e-05 epoch=0.704
2026-10-03T23:25:15Z step 670/938 loss=7.657e-06 grad_norm=0.0003346 learning_rate=2.005e-05 epoch=0.7147
2026-10-03T23:26:35Z step 680/938 loss=0.0001836 grad_norm=0.05657 learning_rate=1.869e-05 epoch=0.7253
2026-10-03T23:27:56Z step 690/938 loss=5.546e-05 grad_norm=0.0001043 learning_rate=1.736e-05 epoch=0.736
2026-10-03T23:29:16Z step 700/938 loss=7.07e-05 grad_norm=0.0001191 learning_rate=1.608e-05 epoch=0.7467
2026-10-03T23:30:38Z step 710/938 loss=4.506e-06 grad_norm=9.323e-05 learning_rate=1.483e-05 epoch=0.7573
2026-10-03T23:31:57Z step 720/938 loss=4.647e-06 grad_norm=0.0001958 learning_rate=1.362e-05 epoch=0.768
2026-10-03T23:33:18Z step 730/938 loss=4.811e-06 grad_norm=0.0002535 learning_rate=1.246e-05 epoch=0.7787
2026-10-03T23:35:14Z step 740/938 loss=4.452e-06 grad_norm=8.919e-05 learning_rate=1.134e-05 epoch=0.7893
2026-10-03T23:36:34Z step 750/938 loss=5.895e-06 grad_norm=8.139e-05 learning_rate=1.027e-05 epoch=0.8
2026-10-03T23:37:53Z step 760/938 loss=4.431e-06 grad_norm=7.858e-05 learning_rate=9.247e-06 epoch=0.8107
2026-10-03T23:39:13Z step 770/938 loss=8.157e-06 grad_norm=0.0001803 learning_rate=8.271e-06 epoch=0.8213
2026-10-03T23:40:30Z step 780/938 loss=4.866e-06 grad_norm=0.00824 learning_rate=7.345e-06 epoch=0.832
2026-10-03T23:41:50Z step 790/938 loss=8.449e-06 grad_norm=0.0001316 learning_rate=6.47e-06 epoch=0.8427
2026-10-03T23:43:10Z step 800/938 loss=5.136e-06 grad_norm=0.0002436 learning_rate=5.647e-06 epoch=0.8533
2026-10-03T23:44:29Z step 810/938 loss=0.0001431 grad_norm=0.1289 learning_rate=4.877e-06 epoch=0.864
2026-10-03T23:45:48Z step 820/938 loss=2.559e-05 grad_norm=0.0002592 learning_rate=4.16e-06 epoch=0.8747
2026-10-03T23:47:08Z step 830/938 loss=5.189e-06 grad_norm=5.756e-05 learning_rate=3.498e-06 epoch=0.8853
2026-10-03T23:48:28Z step 840/938 loss=7.341e-06 grad_norm=0.006936 learning_rate=2.892e-06 epoch=0.896
2026-10-03T23:49:48Z step 850/938 loss=5.606e-06 grad_norm=0.001991 learning_rate=2.342e-06 epoch=0.9067
2026-10-03T23:51:07Z step 860/938 loss=7.322e-05 grad_norm=0.002077 learning_rate=1.848e-06 epoch=0.9173
2026-10-03T23:52:27Z step 870/938 loss=4.593e-06 grad_norm=9.329e-05 learning_rate=1.412e-06 epoch=0.928
2026-10-03T23:53:46Z step 880/938 loss=4.794e-06 grad_norm=0.0004971 learning_rate=1.034e-06 epoch=0.9387
2026-10-03T23:55:40Z step 890/938 loss=5.308e-06 grad_norm=0.001012 learning_rate=7.137e-07 epoch=0.9493
2026-10-03T23:57:00Z step 900/938 loss=4.551e-06 grad_norm=9.933e-05 learning_rate=4.525e-07 epoch=0.96
2026-10-03T23:58:17Z step 910/938 loss=4.532e-06 grad_norm=6.47e-05 learning_rate=2.504e-07 epoch=0.9707
2026-10-03T23:59:36Z step 920/938 loss=4.102e-06 grad_norm=0.0002529 learning_rate=1.075e-07 epoch=0.9813
2026-10-04T00:00:53Z step 930/938 loss=8.206e-06 grad_norm=0.0001639 learning_rate=2.413e-08 epoch=0.992
2026-10-04T00:01:51Z step 938/938 train_runtime=7694 train_samples_per_second=7.798 train_steps_per_second=0.122 total_flos=1.223e+18 train_loss=0.03281 epoch=1
2026-10-04T00:02:25Z trained 938 steps in 128.3 min, 2007.5 tok/s, peak 23.79 GB
2026-10-04T00:02:29Z u path: fp32-hidden (max |u_fp32 - u_bf16logits| = 0.0092)
2026-10-04T00:02:31Z padding self-check: max |u_batch - u_single| = 0.0679 (tol 0.627) -> left padding
2026-10-04T00:06:47Z B-SC-summary2-triplets-s1 rule_v1/dev: TA 99.7 Rev 99.7 Hold 100.0 n=300 (261.1 s)
2026-10-04T00:10:14Z generate: batch 25/63, 107248 tokens, 537 tok/s
2026-10-04T00:14:01Z generate: batch 50/63, 231159 tokens, 542 tok/s
2026-10-04T00:30:28Z B-SC-summary2-triplets-s1 rule_v1/test_L2: TA 99.0 Rev 99.0 Hold 100.0 n=2000 (1420.8 s)
2026-10-04T00:37:28Z B-SC-summary2-triplets-s1 xr_v1/test: TA nan Rev nan Hold nan n=None (419.1 s)
2026-10-04T00:37:31Z DONE B-SC-summary2-triplets-s1 in 166.1 min, GPU util mean 92.5
