2026-10-03T20:46:40Z step 10/938 loss=0.9015 grad_norm=13.05 learning_rate=3.214e-05 epoch=0.01067
2026-10-03T20:48:46Z step 20/938 loss=0.6578 grad_norm=2.924 learning_rate=6.786e-05 epoch=0.02133
2026-10-03T20:50:56Z step 30/938 loss=0.4228 grad_norm=4.45 learning_rate=0.0001 epoch=0.032
2026-10-03T20:53:04Z step 40/938 loss=0.2962 grad_norm=5.561 learning_rate=9.996e-05 epoch=0.04267
2026-10-03T20:55:10Z step 50/938 loss=0.2479 grad_norm=1.535 learning_rate=9.987e-05 epoch=0.05333
2026-10-03T20:57:19Z step 60/938 loss=0.2012 grad_norm=2.306 learning_rate=9.971e-05 epoch=0.064
2026-10-03T20:59:27Z step 70/938 loss=0.2446 grad_norm=6.933 learning_rate=9.95e-05 epoch=0.07467
2026-10-03T21:01:34Z step 80/938 loss=0.1957 grad_norm=3.969 learning_rate=9.923e-05 epoch=0.08533
2026-10-03T21:03:44Z step 90/938 loss=0.2406 grad_norm=3.651 learning_rate=9.89e-05 epoch=0.096
2026-10-03T21:05:59Z step 100/938 loss=0.1304 grad_norm=4.625 learning_rate=9.851e-05 epoch=0.1067
2026-10-03T21:08:12Z step 110/938 loss=0.1916 grad_norm=1.732 learning_rate=9.806e-05 epoch=0.1173
2026-10-03T21:10:20Z step 120/938 loss=0.1111 grad_norm=2.256 learning_rate=9.755e-05 epoch=0.128
2026-10-03T21:12:28Z step 130/938 loss=0.1183 grad_norm=0.35 learning_rate=9.699e-05 epoch=0.1387
2026-10-03T21:14:37Z step 140/938 loss=0.1255 grad_norm=1.202 learning_rate=9.637e-05 epoch=0.1493
2026-10-03T21:16:48Z step 150/938 loss=0.1295 grad_norm=4.72 learning_rate=9.57e-05 epoch=0.16
2026-10-03T21:18:57Z step 160/938 loss=0.0691 grad_norm=0.5058 learning_rate=9.497e-05 epoch=0.1707
2026-10-03T21:21:10Z step 170/938 loss=0.1892 grad_norm=1.608 learning_rate=9.419e-05 epoch=0.1813
2026-10-03T21:23:20Z step 180/938 loss=0.09267 grad_norm=1.384 learning_rate=9.336e-05 epoch=0.192
2026-10-03T21:26:16Z step 190/938 loss=0.05945 grad_norm=2.852 learning_rate=9.247e-05 epoch=0.2027
2026-10-03T21:28:22Z step 200/938 loss=0.05506 grad_norm=3.448 learning_rate=9.154e-05 epoch=0.2133
2026-10-03T21:30:26Z step 210/938 loss=0.1061 grad_norm=0.29 learning_rate=9.055e-05 epoch=0.224
2026-10-03T21:32:37Z step 220/938 loss=0.08891 grad_norm=0.2448 learning_rate=8.952e-05 epoch=0.2347
2026-10-03T21:34:46Z step 230/938 loss=0.04851 grad_norm=0.01417 learning_rate=8.844e-05 epoch=0.2453
2026-10-03T21:36:52Z step 240/938 loss=0.1405 grad_norm=2.5 learning_rate=8.731e-05 epoch=0.256
2026-10-03T21:38:58Z step 250/938 loss=0.05925 grad_norm=2.002 learning_rate=8.614e-05 epoch=0.2667
2026-10-03T21:41:06Z step 260/938 loss=0.09427 grad_norm=0.5023 learning_rate=8.493e-05 epoch=0.2773
2026-10-03T21:43:15Z step 270/938 loss=0.0511 grad_norm=0.8075 learning_rate=8.367e-05 epoch=0.288
2026-10-03T21:45:28Z step 280/938 loss=0.08472 grad_norm=1.234 learning_rate=8.237e-05 epoch=0.2987
2026-10-03T21:47:39Z step 290/938 loss=0.1046 grad_norm=0.8885 learning_rate=8.104e-05 epoch=0.3093
2026-10-03T21:49:47Z step 300/938 loss=0.06819 grad_norm=0.575 learning_rate=7.967e-05 epoch=0.32
2026-10-03T21:51:55Z step 310/938 loss=0.02295 grad_norm=0.01838 learning_rate=7.826e-05 epoch=0.3307
2026-10-03T21:54:05Z step 320/938 loss=0.09344 grad_norm=0.1922 learning_rate=7.682e-05 epoch=0.3413
2026-10-03T21:56:13Z step 330/938 loss=0.04732 grad_norm=2.474 learning_rate=7.535e-05 epoch=0.352
2026-10-03T21:58:23Z step 340/938 loss=0.04842 grad_norm=1.629 learning_rate=7.385e-05 epoch=0.3627
2026-10-03T22:00:32Z step 350/938 loss=0.01552 grad_norm=0.3979 learning_rate=7.231e-05 epoch=0.3733
2026-10-03T22:02:41Z step 360/938 loss=0.05261 grad_norm=13.91 learning_rate=7.076e-05 epoch=0.384
2026-10-03T22:04:52Z step 370/938 loss=0.04985 grad_norm=1.852 learning_rate=6.917e-05 epoch=0.3947
2026-10-03T22:07:04Z step 380/938 loss=0.0358 grad_norm=1.899 learning_rate=6.757e-05 epoch=0.4053
2026-10-03T22:09:12Z step 390/938 loss=0.03057 grad_norm=0.9819 learning_rate=6.594e-05 epoch=0.416
2026-10-03T22:11:20Z step 400/938 loss=0.05168 grad_norm=0.1297 learning_rate=6.43e-05 epoch=0.4267
2026-10-03T22:13:27Z step 410/938 loss=0.01896 grad_norm=0.01062 learning_rate=6.264e-05 epoch=0.4373
2026-10-03T22:15:36Z step 420/938 loss=0.006811 grad_norm=1.26 learning_rate=6.096e-05 epoch=0.448
2026-10-03T22:17:47Z step 430/938 loss=0.004403 grad_norm=1.797 learning_rate=5.927e-05 epoch=0.4587
2026-10-03T22:19:54Z step 440/938 loss=0.05599 grad_norm=0.004485 learning_rate=5.757e-05 epoch=0.4693
2026-10-03T22:22:01Z step 450/938 loss=0.06993 grad_norm=0.7429 learning_rate=5.586e-05 epoch=0.48
2026-10-03T22:24:11Z step 460/938 loss=0.04633 grad_norm=1.041 learning_rate=5.414e-05 epoch=0.4907
2026-10-03T22:26:27Z step 470/938 loss=0.02651 grad_norm=0.5129 learning_rate=5.242e-05 epoch=0.5013
2026-10-03T22:28:39Z step 480/938 loss=0.03304 grad_norm=0.1559 learning_rate=5.069e-05 epoch=0.512
2026-10-03T22:30:50Z step 490/938 loss=0.02534 grad_norm=0.2454 learning_rate=4.896e-05 epoch=0.5227
2026-10-03T22:32:59Z step 500/938 loss=0.02826 grad_norm=1.593 learning_rate=4.724e-05 epoch=0.5333
2026-10-03T22:35:09Z step 510/938 loss=0.02912 grad_norm=0.1125 learning_rate=4.552e-05 epoch=0.544
2026-10-03T22:37:18Z step 520/938 loss=0.01268 grad_norm=0.2483 learning_rate=4.38e-05 epoch=0.5547
2026-10-03T22:39:27Z step 530/938 loss=0.008644 grad_norm=0.009371 learning_rate=4.209e-05 epoch=0.5653
2026-10-03T22:41:35Z step 540/938 loss=0.03023 grad_norm=0.001684 learning_rate=4.039e-05 epoch=0.576
2026-10-03T22:43:43Z step 550/938 loss=0.01637 grad_norm=1.807 learning_rate=3.871e-05 epoch=0.5867
2026-10-03T22:46:00Z step 560/938 loss=0.02436 grad_norm=0.2034 learning_rate=3.703e-05 epoch=0.5973
2026-10-03T22:48:11Z step 570/938 loss=0.003369 grad_norm=0.00824 learning_rate=3.537e-05 epoch=0.608
2026-10-03T22:50:18Z step 580/938 loss=0.006002 grad_norm=0.005354 learning_rate=3.373e-05 epoch=0.6187
2026-10-03T22:52:26Z step 590/938 loss=0.0006195 grad_norm=0.03237 learning_rate=3.211e-05 epoch=0.6293
2026-10-03T22:54:36Z step 600/938 loss=0.01795 grad_norm=0.001566 learning_rate=3.051e-05 epoch=0.64
2026-10-03T22:56:45Z step 610/938 loss=0.02645 grad_norm=0.02044 learning_rate=2.893e-05 epoch=0.6507
2026-10-03T22:58:52Z step 620/938 loss=0.0156 grad_norm=0.03042 learning_rate=2.738e-05 epoch=0.6613
2026-10-03T23:01:01Z step 630/938 loss=0.0004416 grad_norm=0.02548 learning_rate=2.585e-05 epoch=0.672
2026-10-03T23:03:07Z step 640/938 loss=0.0006186 grad_norm=0.007752 learning_rate=2.436e-05 epoch=0.6827
2026-10-03T23:05:17Z step 650/938 loss=0.001736 grad_norm=0.04324 learning_rate=2.289e-05 epoch=0.6933
2026-10-03T23:07:32Z step 660/938 loss=0.00207 grad_norm=6.928 learning_rate=2.145e-05 epoch=0.704
2026-10-03T23:09:39Z step 670/938 loss=0.001099 grad_norm=0.07386 learning_rate=2.005e-05 epoch=0.7147
2026-10-03T23:11:48Z step 680/938 loss=0.0001388 grad_norm=0.001706 learning_rate=1.869e-05 epoch=0.7253
2026-10-03T23:13:58Z step 690/938 loss=0.0001071 grad_norm=0.0003955 learning_rate=1.736e-05 epoch=0.736
2026-10-03T23:16:06Z step 700/938 loss=0.00441 grad_norm=0.001211 learning_rate=1.608e-05 epoch=0.7467
2026-10-03T23:18:14Z step 710/938 loss=0.01345 grad_norm=1.936 learning_rate=1.483e-05 epoch=0.7573
2026-10-03T23:20:21Z step 720/938 loss=0.0004799 grad_norm=0.1549 learning_rate=1.362e-05 epoch=0.768
2026-10-03T23:22:30Z step 730/938 loss=0.007215 grad_norm=0.00224 learning_rate=1.246e-05 epoch=0.7787
2026-10-03T23:24:40Z step 740/938 loss=0.01882 grad_norm=0.0002224 learning_rate=1.134e-05 epoch=0.7893
2026-10-03T23:26:52Z step 750/938 loss=0.004495 grad_norm=0.172 learning_rate=1.027e-05 epoch=0.8
2026-10-03T23:29:01Z step 760/938 loss=0.0002383 grad_norm=0.004751 learning_rate=9.247e-06 epoch=0.8107
2026-10-03T23:31:06Z step 770/938 loss=0.000457 grad_norm=0.0597 learning_rate=8.271e-06 epoch=0.8213
2026-10-03T23:33:15Z step 780/938 loss=0.0003709 grad_norm=0.0005596 learning_rate=7.345e-06 epoch=0.832
2026-10-03T23:35:22Z step 790/938 loss=0.0004097 grad_norm=0.0004541 learning_rate=6.47e-06 epoch=0.8427
2026-10-03T23:37:30Z step 800/938 loss=0.0007209 grad_norm=0.002171 learning_rate=5.647e-06 epoch=0.8533
2026-10-03T23:39:40Z step 810/938 loss=0.001677 grad_norm=0.01511 learning_rate=4.877e-06 epoch=0.864
2026-10-03T23:41:47Z step 820/938 loss=0.01233 grad_norm=0.002743 learning_rate=4.16e-06 epoch=0.8747
2026-10-03T23:43:57Z step 830/938 loss=0.0002203 grad_norm=0.09674 learning_rate=3.498e-06 epoch=0.8853
2026-10-03T23:46:16Z step 840/938 loss=0.0004447 grad_norm=0.001489 learning_rate=2.892e-06 epoch=0.896
2026-10-03T23:48:27Z step 850/938 loss=0.01798 grad_norm=0.003752 learning_rate=2.342e-06 epoch=0.9067
2026-10-03T23:50:35Z step 860/938 loss=0.0001319 grad_norm=0.003911 learning_rate=1.848e-06 epoch=0.9173
2026-10-03T23:52:42Z step 870/938 loss=0.0001941 grad_norm=0.003769 learning_rate=1.412e-06 epoch=0.928
2026-10-03T23:54:47Z step 880/938 loss=0.0002565 grad_norm=0.001776 learning_rate=1.034e-06 epoch=0.9387
2026-10-03T23:56:57Z step 890/938 loss=0.0003093 grad_norm=0.02097 learning_rate=7.137e-07 epoch=0.9493
2026-10-03T23:59:05Z step 900/938 loss=0.001362 grad_norm=0.02133 learning_rate=4.525e-07 epoch=0.96
2026-10-04T00:01:18Z step 910/938 loss=0.0004502 grad_norm=0.05563 learning_rate=2.504e-07 epoch=0.9707
2026-10-04T00:03:26Z step 920/938 loss=0.01269 grad_norm=0.004504 learning_rate=1.075e-07 epoch=0.9813
2026-10-04T00:05:33Z step 930/938 loss=0.0001817 grad_norm=0.0005154 learning_rate=2.413e-08 epoch=0.992
2026-10-04T00:07:17Z step 938/938 train_runtime=1.217e+04 train_samples_per_second=4.932 train_steps_per_second=0.077 total_flos=1.16e+18 train_loss=0.07023 epoch=1
2026-10-04T00:07:21Z trained 938 steps in 202.8 min, 1149.1 tok/s, peak 32.19 GB
2026-10-04T00:07:23Z u path: fp32-hidden (max |u_fp32 - u_bf16logits| = 0.0902)
2026-10-04T00:07:24Z padding self-check: max |u_batch - u_single| = 0.1185 (tol 0.919) -> left padding
2026-10-04T00:10:46Z B-FOLD3-verdict-triplets-s2 rule_v1_fold3/dev: TA 100.0 Rev 100.0 Hold 100.0 n=300 (204.1 s)
2026-10-04T00:29:41Z B-FOLD3-verdict-triplets-s2 rule_v1_fold3/test_L2: TA 99.2 Rev 99.2 Hold 99.8 n=2000 (1135.4 s)
2026-10-04T00:29:42Z DONE B-FOLD3-verdict-triplets-s2 in 225.6 min, GPU util mean 98.7
