2026-10-03T15:37:50Z step 10/938 loss=6.105 grad_norm=4.158 learning_rate=3.214e-05 epoch=0.01067
2026-10-03T15:39:19Z step 20/938 loss=2.418 grad_norm=3.404 learning_rate=6.786e-05 epoch=0.02133
2026-10-03T15:40:51Z step 30/938 loss=0.3076 grad_norm=0.8713 learning_rate=0.0001 epoch=0.032
2026-10-03T15:42:21Z step 40/938 loss=0.07836 grad_norm=0.6083 learning_rate=9.996e-05 epoch=0.04267
2026-10-03T15:43:52Z step 50/938 loss=0.04292 grad_norm=0.6007 learning_rate=9.987e-05 epoch=0.05333
2026-10-03T15:45:23Z step 60/938 loss=0.02364 grad_norm=0.2326 learning_rate=9.971e-05 epoch=0.064
2026-10-03T15:46:55Z step 70/938 loss=0.01282 grad_norm=0.1465 learning_rate=9.95e-05 epoch=0.07467
2026-10-03T15:48:23Z step 80/938 loss=0.007554 grad_norm=0.1056 learning_rate=9.923e-05 epoch=0.08533
2026-10-03T15:49:54Z step 90/938 loss=0.008351 grad_norm=0.1504 learning_rate=9.89e-05 epoch=0.096
2026-10-03T15:51:25Z step 100/938 loss=0.00593 grad_norm=0.1692 learning_rate=9.851e-05 epoch=0.1067
2026-10-03T15:52:55Z step 110/938 loss=0.006799 grad_norm=0.1174 learning_rate=9.806e-05 epoch=0.1173
2026-10-03T15:54:23Z step 120/938 loss=0.007571 grad_norm=0.1715 learning_rate=9.755e-05 epoch=0.128
2026-10-03T15:55:55Z step 130/938 loss=0.003226 grad_norm=0.06335 learning_rate=9.699e-05 epoch=0.1387
2026-10-03T15:57:58Z step 140/938 loss=0.002123 grad_norm=0.05446 learning_rate=9.637e-05 epoch=0.1493
2026-10-03T15:59:28Z step 150/938 loss=0.001989 grad_norm=0.05011 learning_rate=9.57e-05 epoch=0.16
2026-10-03T16:00:58Z step 160/938 loss=0.002043 grad_norm=0.04928 learning_rate=9.497e-05 epoch=0.1707
2026-10-03T16:02:27Z step 170/938 loss=0.002315 grad_norm=0.09354 learning_rate=9.419e-05 epoch=0.1813
2026-10-03T16:03:57Z step 180/938 loss=0.002191 grad_norm=0.02866 learning_rate=9.336e-05 epoch=0.192
2026-10-03T16:05:29Z step 190/938 loss=0.002273 grad_norm=0.1145 learning_rate=9.247e-05 epoch=0.2027
2026-10-03T16:06:56Z step 200/938 loss=0.003418 grad_norm=0.271 learning_rate=9.154e-05 epoch=0.2133
2026-10-03T16:08:24Z step 210/938 loss=0.002538 grad_norm=0.06232 learning_rate=9.055e-05 epoch=0.224
2026-10-03T16:09:55Z step 220/938 loss=0.001149 grad_norm=0.1542 learning_rate=8.952e-05 epoch=0.2347
2026-10-03T16:11:37Z step 230/938 loss=0.001382 grad_norm=0.02118 learning_rate=8.844e-05 epoch=0.2453
2026-10-03T16:13:06Z step 240/938 loss=0.001107 grad_norm=0.2988 learning_rate=8.731e-05 epoch=0.256
2026-10-03T16:14:36Z step 250/938 loss=0.00249 grad_norm=0.07615 learning_rate=8.614e-05 epoch=0.2667
2026-10-03T16:16:05Z step 260/938 loss=0.001173 grad_norm=0.09915 learning_rate=8.493e-05 epoch=0.2773
2026-10-03T16:18:35Z step 270/938 loss=0.0005086 grad_norm=0.01364 learning_rate=8.367e-05 epoch=0.288
2026-10-03T16:20:05Z step 280/938 loss=0.0008243 grad_norm=0.01322 learning_rate=8.237e-05 epoch=0.2987
2026-10-03T16:21:34Z step 290/938 loss=0.0002265 grad_norm=0.02468 learning_rate=8.104e-05 epoch=0.3093
2026-10-03T16:23:06Z step 300/938 loss=0.0001181 grad_norm=0.00604 learning_rate=7.967e-05 epoch=0.32
2026-10-03T16:24:32Z step 310/938 loss=0.0003545 grad_norm=0.01062 learning_rate=7.826e-05 epoch=0.3307
2026-10-03T16:26:04Z step 320/938 loss=0.0002192 grad_norm=0.001167 learning_rate=7.682e-05 epoch=0.3413
2026-10-03T16:27:33Z step 330/938 loss=0.0002541 grad_norm=0.03271 learning_rate=7.535e-05 epoch=0.352
2026-10-03T16:29:01Z step 340/938 loss=0.0002054 grad_norm=0.03315 learning_rate=7.385e-05 epoch=0.3627
2026-10-03T16:30:32Z step 350/938 loss=0.0001009 grad_norm=0.0531 learning_rate=7.231e-05 epoch=0.3733
2026-10-03T16:32:02Z step 360/938 loss=0.0003544 grad_norm=0.01282 learning_rate=7.076e-05 epoch=0.384
2026-10-03T16:33:32Z step 370/938 loss=0.001005 grad_norm=0.0143 learning_rate=6.917e-05 epoch=0.3947
2026-10-03T16:35:01Z step 380/938 loss=0.0005235 grad_norm=0.0105 learning_rate=6.757e-05 epoch=0.4053
2026-10-03T16:36:30Z step 390/938 loss=0.0005072 grad_norm=0.04166 learning_rate=6.594e-05 epoch=0.416
2026-10-03T16:38:30Z step 400/938 loss=0.0003536 grad_norm=0.0009359 learning_rate=6.43e-05 epoch=0.4267
2026-10-03T16:39:59Z step 410/938 loss=0.0002667 grad_norm=0.009611 learning_rate=6.264e-05 epoch=0.4373
2026-10-03T16:41:25Z step 420/938 loss=0.0004087 grad_norm=0.02385 learning_rate=6.096e-05 epoch=0.448
2026-10-03T16:42:54Z step 430/938 loss=0.0001859 grad_norm=0.002868 learning_rate=5.927e-05 epoch=0.4587
2026-10-03T16:44:26Z step 440/938 loss=0.000251 grad_norm=0.001818 learning_rate=5.757e-05 epoch=0.4693
2026-10-03T16:45:58Z step 450/938 loss=7.143e-05 grad_norm=0.002426 learning_rate=5.586e-05 epoch=0.48
2026-10-03T16:47:27Z step 460/938 loss=8.415e-05 grad_norm=0.0005309 learning_rate=5.414e-05 epoch=0.4907
2026-10-03T16:49:07Z step 470/938 loss=6.689e-05 grad_norm=0.001472 learning_rate=5.242e-05 epoch=0.5013
2026-10-03T16:50:34Z step 480/938 loss=0.0004088 grad_norm=0.01596 learning_rate=5.069e-05 epoch=0.512
2026-10-03T16:52:05Z step 490/938 loss=0.0005915 grad_norm=0.002384 learning_rate=4.896e-05 epoch=0.5227
2026-10-03T16:53:35Z step 500/938 loss=0.0002101 grad_norm=0.004159 learning_rate=4.724e-05 epoch=0.5333
2026-10-03T16:55:06Z step 510/938 loss=4.341e-05 grad_norm=0.005091 learning_rate=4.552e-05 epoch=0.544
2026-10-03T16:56:37Z step 520/938 loss=0.000149 grad_norm=0.001926 learning_rate=4.38e-05 epoch=0.5547
2026-10-03T16:58:39Z step 530/938 loss=0.0007614 grad_norm=0.0006501 learning_rate=4.209e-05 epoch=0.5653
2026-10-03T17:00:08Z step 540/938 loss=0.0002913 grad_norm=0.00415 learning_rate=4.039e-05 epoch=0.576
2026-10-03T17:01:42Z step 550/938 loss=0.0005417 grad_norm=0.002197 learning_rate=3.871e-05 epoch=0.5867
2026-10-03T17:03:13Z step 560/938 loss=0.0001082 grad_norm=0.0005321 learning_rate=3.703e-05 epoch=0.5973
2026-10-03T17:04:43Z step 570/938 loss=0.0001782 grad_norm=0.002057 learning_rate=3.537e-05 epoch=0.608
2026-10-03T17:06:12Z step 580/938 loss=5.673e-05 grad_norm=0.001878 learning_rate=3.373e-05 epoch=0.6187
2026-10-03T17:07:42Z step 590/938 loss=4.511e-05 grad_norm=0.0008704 learning_rate=3.211e-05 epoch=0.6293
2026-10-03T17:09:10Z step 600/938 loss=5.085e-05 grad_norm=0.0007513 learning_rate=3.051e-05 epoch=0.64
2026-10-03T17:10:41Z step 610/938 loss=4.53e-05 grad_norm=0.0004221 learning_rate=2.893e-05 epoch=0.6507
2026-10-03T17:12:12Z step 620/938 loss=0.0003615 grad_norm=0.001367 learning_rate=2.738e-05 epoch=0.6613
2026-10-03T17:13:40Z step 630/938 loss=0.00023 grad_norm=0.01938 learning_rate=2.585e-05 epoch=0.672
2026-10-03T17:15:11Z step 640/938 loss=3.906e-05 grad_norm=0.003727 learning_rate=2.436e-05 epoch=0.6827
2026-10-03T17:16:42Z step 650/938 loss=0.0002299 grad_norm=0.01279 learning_rate=2.289e-05 epoch=0.6933
2026-10-03T17:18:48Z step 660/938 loss=5.166e-05 grad_norm=0.0004432 learning_rate=2.145e-05 epoch=0.704
2026-10-03T17:20:16Z step 670/938 loss=3.291e-05 grad_norm=0.0009138 learning_rate=2.005e-05 epoch=0.7147
2026-10-03T17:21:47Z step 680/938 loss=0.000156 grad_norm=0.04089 learning_rate=1.869e-05 epoch=0.7253
2026-10-03T17:23:17Z step 690/938 loss=4.7e-05 grad_norm=0.0008907 learning_rate=1.736e-05 epoch=0.736
2026-10-03T17:24:45Z step 700/938 loss=2.306e-05 grad_norm=0.0004378 learning_rate=1.608e-05 epoch=0.7467
2026-10-03T17:26:16Z step 710/938 loss=0.0001658 grad_norm=0.001666 learning_rate=1.483e-05 epoch=0.7573
2026-10-03T17:27:47Z step 720/938 loss=7.894e-05 grad_norm=0.002277 learning_rate=1.362e-05 epoch=0.768
2026-10-03T17:29:17Z step 730/938 loss=0.0001472 grad_norm=0.0006665 learning_rate=1.246e-05 epoch=0.7787
2026-10-03T17:30:49Z step 740/938 loss=6.981e-05 grad_norm=0.04591 learning_rate=1.134e-05 epoch=0.7893
2026-10-03T17:32:18Z step 750/938 loss=6.127e-05 grad_norm=0.001495 learning_rate=1.027e-05 epoch=0.8
2026-10-03T17:33:48Z step 760/938 loss=3.265e-05 grad_norm=0.000258 learning_rate=9.247e-06 epoch=0.8107
2026-10-03T17:35:16Z step 770/938 loss=4.779e-05 grad_norm=0.0008149 learning_rate=8.271e-06 epoch=0.8213
2026-10-03T17:36:45Z step 780/938 loss=2.356e-05 grad_norm=0.0004522 learning_rate=7.345e-06 epoch=0.832
2026-10-03T17:38:48Z step 790/938 loss=5.552e-05 grad_norm=0.003485 learning_rate=6.47e-06 epoch=0.8427
2026-10-03T17:40:18Z step 800/938 loss=2.559e-05 grad_norm=0.001181 learning_rate=5.647e-06 epoch=0.8533
2026-10-03T17:41:46Z step 810/938 loss=6.516e-05 grad_norm=0.0004538 learning_rate=4.877e-06 epoch=0.864
2026-10-03T17:43:16Z step 820/938 loss=2.362e-05 grad_norm=0.0004269 learning_rate=4.16e-06 epoch=0.8747
2026-10-03T17:44:45Z step 830/938 loss=2.233e-05 grad_norm=0.0002913 learning_rate=3.498e-06 epoch=0.8853
2026-10-03T17:46:12Z step 840/938 loss=3.407e-05 grad_norm=0.00192 learning_rate=2.892e-06 epoch=0.896
2026-10-03T17:47:42Z step 850/938 loss=4.178e-05 grad_norm=0.007573 learning_rate=2.342e-06 epoch=0.9067
2026-10-03T17:49:11Z step 860/938 loss=8.499e-05 grad_norm=0.0008125 learning_rate=1.848e-06 epoch=0.9173
2026-10-03T17:50:41Z step 870/938 loss=2.563e-05 grad_norm=0.0001981 learning_rate=1.412e-06 epoch=0.928
2026-10-03T17:52:11Z step 880/938 loss=2.803e-05 grad_norm=0.003348 learning_rate=1.034e-06 epoch=0.9387
2026-10-03T17:53:43Z step 890/938 loss=4.296e-05 grad_norm=0.005309 learning_rate=7.137e-07 epoch=0.9493
2026-10-03T17:55:13Z step 900/938 loss=3.548e-05 grad_norm=0.0002666 learning_rate=4.525e-07 epoch=0.96
2026-10-03T17:56:44Z step 910/938 loss=0.0002239 grad_norm=0.0003545 learning_rate=2.504e-07 epoch=0.9707
2026-10-03T17:58:44Z step 920/938 loss=2.241e-05 grad_norm=0.0005911 learning_rate=1.075e-07 epoch=0.9813
2026-10-03T18:00:11Z step 930/938 loss=3.067e-05 grad_norm=0.0003658 learning_rate=2.413e-08 epoch=0.992
2026-10-03T18:01:19Z step 938/938 train_runtime=8700 train_samples_per_second=6.897 train_steps_per_second=0.108 total_flos=1.762e+18 train_loss=0.09666 epoch=1
2026-10-03T18:01:50Z trained 938 steps in 145.1 min, 2596.6 tok/s, peak 41.75 GB
2026-10-03T18:01:53Z u path: fp32-hidden (max |u_fp32 - u_bf16logits| = 0.0015)
2026-10-03T18:01:54Z padding self-check: max |u_batch - u_single| = 0.1904 (tol 0.517) -> left padding
2026-10-03T18:12:49Z B-TR-genprm-s0 rule_v1/dev: TA 100.0 Rev 100.0 Hold 100.0 n=300 (657.9 s)
2026-10-03T18:23:41Z generate: batch 25/115, 892640 tokens, 1387 tok/s
2026-10-03T18:37:04Z generate: batch 50/115, 1998223 tokens, 1381 tok/s
2026-10-03T18:52:24Z generate: batch 75/115, 3326271 tokens, 1405 tok/s
2026-10-03T19:08:44Z generate: batch 100/115, 4431412 tokens, 1324 tok/s
2026-10-03T19:35:47Z B-TR-genprm-s0 rule_v1/test_L2: TA 99.2 Rev 99.2 Hold 100.0 n=2000 (4978.3 s)
2026-10-03T19:43:12Z generate: batch 25/51, 620684 tokens, 1417 tok/s
2026-10-03T19:55:07Z generate: batch 50/51, 1631411 tokens, 1415 tok/s
2026-10-03T20:01:31Z B-TR-genprm-s0 rule_v1/test_L3alt: TA 100.0 Rev 100.0 Hold 100.0 n=1000 (1543.2 s)
2026-10-03T20:06:54Z B-TR-genprm-s0 rule_v1/dev_missing: TA nan Rev nan Hold nan n=None (321.9 s)
2026-10-03T20:20:55Z generate: batch 25/29, 652895 tokens, 780 tok/s
2026-10-03T20:27:22Z B-TR-genprm-s0 rule_v1/missing: TA nan Rev nan Hold nan n=None (1228.1 s)
2026-10-03T20:36:48Z generate: batch 25/38, 554413 tokens, 988 tok/s
2026-10-03T20:46:35Z B-TR-genprm-s0 xr_v1/test: TA nan Rev nan Hold nan n=None (1151.7 s)
2026-10-03T20:46:36Z DONE B-TR-genprm-s0 in 311.1 min, GPU util mean 88.9
