2026-10-10T01:15:27Z step 10/938 loss=0.2315 grad_norm=1.835 learning_rate=3.214e-05 epoch=0.01067
2026-10-10T01:18:32Z step 20/938 loss=0.1152 grad_norm=1.201 learning_rate=6.786e-05 epoch=0.02133
2026-10-10T01:21:39Z step 30/938 loss=0.06536 grad_norm=0.7119 learning_rate=0.0001 epoch=0.032
2026-10-10T01:24:44Z step 40/938 loss=0.05471 grad_norm=0.4019 learning_rate=9.996e-05 epoch=0.04267
2026-10-10T01:27:45Z step 50/938 loss=0.1017 grad_norm=2.815 learning_rate=9.987e-05 epoch=0.05333
2026-10-10T01:30:44Z step 60/938 loss=0.03971 grad_norm=1.125 learning_rate=9.971e-05 epoch=0.064
2026-10-10T01:35:55Z step 70/938 loss=0.0437 grad_norm=1.11 learning_rate=9.95e-05 epoch=0.07467
2026-10-10T01:38:53Z step 80/938 loss=0.03321 grad_norm=0.2941 learning_rate=9.923e-05 epoch=0.08533
2026-10-10T01:41:54Z step 90/938 loss=0.01998 grad_norm=0.2996 learning_rate=9.89e-05 epoch=0.096
2026-10-10T01:45:11Z step 100/938 loss=0.03267 grad_norm=1.007 learning_rate=9.851e-05 epoch=0.1067
2026-10-10T01:48:23Z step 110/938 loss=0.03069 grad_norm=0.3628 learning_rate=9.806e-05 epoch=0.1173
2026-10-10T01:51:15Z step 120/938 loss=0.0189 grad_norm=0.4596 learning_rate=9.755e-05 epoch=0.128
2026-10-10T01:56:38Z step 130/938 loss=0.03969 grad_norm=0.3428 learning_rate=9.699e-05 epoch=0.1387
2026-10-10T01:59:37Z step 140/938 loss=0.03107 grad_norm=0.7014 learning_rate=9.637e-05 epoch=0.1493
2026-10-10T02:02:38Z step 150/938 loss=0.0153 grad_norm=0.1342 learning_rate=9.57e-05 epoch=0.16
2026-10-10T02:05:49Z step 160/938 loss=0.01163 grad_norm=0.2631 learning_rate=9.497e-05 epoch=0.1707
2026-10-10T02:08:55Z step 170/938 loss=0.02322 grad_norm=0.04672 learning_rate=9.419e-05 epoch=0.1813
2026-10-10T02:11:46Z step 180/938 loss=0.01733 grad_norm=0.3331 learning_rate=9.336e-05 epoch=0.192
2026-10-10T02:17:04Z step 190/938 loss=0.03818 grad_norm=0.5022 learning_rate=9.247e-05 epoch=0.2027
2026-10-10T02:20:18Z step 200/938 loss=0.0211 grad_norm=0.5095 learning_rate=9.154e-05 epoch=0.2133
2026-10-10T02:23:28Z step 210/938 loss=0.01877 grad_norm=0.1071 learning_rate=9.055e-05 epoch=0.224
2026-10-10T02:26:43Z step 220/938 loss=0.01458 grad_norm=0.00913 learning_rate=8.952e-05 epoch=0.2347
2026-10-10T02:29:59Z step 230/938 loss=0.01179 grad_norm=0.04577 learning_rate=8.844e-05 epoch=0.2453
2026-10-10T02:33:13Z step 240/938 loss=0.01363 grad_norm=0.1324 learning_rate=8.731e-05 epoch=0.256
2026-10-10T02:39:11Z step 250/938 loss=0.008379 grad_norm=0.08616 learning_rate=8.614e-05 epoch=0.2667
2026-10-10T02:42:05Z step 260/938 loss=0.01056 grad_norm=0.001425 learning_rate=8.493e-05 epoch=0.2773
2026-10-10T02:45:21Z step 270/938 loss=0.01511 grad_norm=0.9107 learning_rate=8.367e-05 epoch=0.288
2026-10-10T02:48:31Z step 280/938 loss=0.009473 grad_norm=0.5359 learning_rate=8.237e-05 epoch=0.2987
2026-10-10T02:51:38Z step 290/938 loss=0.009968 grad_norm=0.5161 learning_rate=8.104e-05 epoch=0.3093
2026-10-10T02:56:43Z step 300/938 loss=0.01529 grad_norm=0.1961 learning_rate=7.967e-05 epoch=0.32
2026-10-10T02:59:46Z step 310/938 loss=0.008953 grad_norm=1.655 learning_rate=7.826e-05 epoch=0.3307
2026-10-10T03:02:53Z step 320/938 loss=0.01652 grad_norm=0.3879 learning_rate=7.682e-05 epoch=0.3413
2026-10-10T03:05:56Z step 330/938 loss=0.01333 grad_norm=0.3662 learning_rate=7.535e-05 epoch=0.352
2026-10-10T03:08:58Z step 340/938 loss=0.01864 grad_norm=0.7007 learning_rate=7.385e-05 epoch=0.3627
2026-10-10T03:11:57Z step 350/938 loss=0.008706 grad_norm=0.01997 learning_rate=7.231e-05 epoch=0.3733
2026-10-10T03:17:59Z step 360/938 loss=0.008493 grad_norm=0.3593 learning_rate=7.076e-05 epoch=0.384
2026-10-10T03:21:14Z step 370/938 loss=0.01708 grad_norm=0.317 learning_rate=6.917e-05 epoch=0.3947
2026-10-10T03:24:17Z step 380/938 loss=0.004807 grad_norm=0.07684 learning_rate=6.757e-05 epoch=0.4053
2026-10-10T03:27:17Z step 390/938 loss=0.01224 grad_norm=0.272 learning_rate=6.594e-05 epoch=0.416
2026-10-10T03:30:13Z step 400/938 loss=0.005014 grad_norm=0.2723 learning_rate=6.43e-05 epoch=0.4267
2026-10-10T03:33:02Z step 410/938 loss=0.003984 grad_norm=0.01165 learning_rate=6.264e-05 epoch=0.4373
2026-10-10T03:38:57Z step 420/938 loss=0.007576 grad_norm=0.03672 learning_rate=6.096e-05 epoch=0.448
2026-10-10T03:41:41Z step 430/938 loss=0.006245 grad_norm=1.567 learning_rate=5.927e-05 epoch=0.4587
2026-10-10T03:44:54Z step 440/938 loss=0.01019 grad_norm=0.3238 learning_rate=5.757e-05 epoch=0.4693
2026-10-10T03:47:40Z step 450/938 loss=0.002624 grad_norm=0.03317 learning_rate=5.586e-05 epoch=0.48
2026-10-10T03:50:39Z step 460/938 loss=0.004511 grad_norm=0.003532 learning_rate=5.414e-05 epoch=0.4907
2026-10-10T03:53:47Z step 470/938 loss=0.004617 grad_norm=0.01306 learning_rate=5.242e-05 epoch=0.5013
2026-10-10T03:58:51Z step 480/938 loss=0.001298 grad_norm=0.0003026 learning_rate=5.069e-05 epoch=0.512
2026-10-10T04:01:47Z step 490/938 loss=0.006714 grad_norm=0.7538 learning_rate=4.896e-05 epoch=0.5227
2026-10-10T04:04:38Z step 500/938 loss=0.003824 grad_norm=0.8081 learning_rate=4.724e-05 epoch=0.5333
2026-10-10T04:07:43Z step 510/938 loss=0.01305 grad_norm=0.7198 learning_rate=4.552e-05 epoch=0.544
2026-10-10T04:10:53Z step 520/938 loss=0.005266 grad_norm=0.1015 learning_rate=4.38e-05 epoch=0.5547
2026-10-10T04:14:04Z step 530/938 loss=0.002349 grad_norm=0.2568 learning_rate=4.209e-05 epoch=0.5653
2026-10-10T04:19:30Z step 540/938 loss=0.006541 grad_norm=0.0014 learning_rate=4.039e-05 epoch=0.576
2026-10-10T04:22:28Z step 550/938 loss=0.005714 grad_norm=0.03055 learning_rate=3.871e-05 epoch=0.5867
2026-10-10T04:25:38Z step 560/938 loss=0.005372 grad_norm=0.03893 learning_rate=3.703e-05 epoch=0.5973
2026-10-10T04:28:31Z step 570/938 loss=0.002112 grad_norm=0.1632 learning_rate=3.537e-05 epoch=0.608
2026-10-10T04:31:30Z step 580/938 loss=0.001063 grad_norm=0.01673 learning_rate=3.373e-05 epoch=0.6187
2026-10-10T04:36:43Z step 590/938 loss=0.003302 grad_norm=0.1731 learning_rate=3.211e-05 epoch=0.6293
2026-10-10T04:39:48Z step 600/938 loss=0.00154 grad_norm=0.003898 learning_rate=3.051e-05 epoch=0.64
2026-10-10T04:42:48Z step 610/938 loss=0.009494 grad_norm=0.1286 learning_rate=2.893e-05 epoch=0.6507
2026-10-10T04:46:00Z step 620/938 loss=0.002908 grad_norm=0.005728 learning_rate=2.738e-05 epoch=0.6613
2026-10-10T04:48:51Z step 630/938 loss=0.0005105 grad_norm=0.0004603 learning_rate=2.585e-05 epoch=0.672
2026-10-10T04:51:38Z step 640/938 loss=0.003666 grad_norm=0.1979 learning_rate=2.436e-05 epoch=0.6827
2026-10-10T04:57:01Z step 650/938 loss=0.005044 grad_norm=0.1125 learning_rate=2.289e-05 epoch=0.6933
2026-10-10T05:00:10Z step 660/938 loss=0.001015 grad_norm=0.0002233 learning_rate=2.145e-05 epoch=0.704
2026-10-10T05:03:18Z step 670/938 loss=0.002625 grad_norm=0.03023 learning_rate=2.005e-05 epoch=0.7147
2026-10-10T05:06:21Z step 680/938 loss=0.001094 grad_norm=0.04846 learning_rate=1.869e-05 epoch=0.7253
2026-10-10T05:09:22Z step 690/938 loss=0.007784 grad_norm=0.07017 learning_rate=1.736e-05 epoch=0.736
2026-10-10T05:12:17Z step 700/938 loss=0.002377 grad_norm=0.0113 learning_rate=1.608e-05 epoch=0.7467
2026-10-10T05:18:31Z step 710/938 loss=0.001131 grad_norm=0.001604 learning_rate=1.483e-05 epoch=0.7573
2026-10-10T05:21:31Z step 720/938 loss=0.002902 grad_norm=0.0006667 learning_rate=1.362e-05 epoch=0.768
2026-10-10T05:24:32Z step 730/938 loss=0.009386 grad_norm=0.005601 learning_rate=1.246e-05 epoch=0.7787
2026-10-10T05:27:30Z step 740/938 loss=0.007095 grad_norm=1.302 learning_rate=1.134e-05 epoch=0.7893
2026-10-10T05:30:22Z step 750/938 loss=0.0005106 grad_norm=0.02454 learning_rate=1.027e-05 epoch=0.8
2026-10-10T05:33:38Z step 760/938 loss=0.004714 grad_norm=0.01059 learning_rate=9.247e-06 epoch=0.8107
2026-10-10T05:38:50Z step 770/938 loss=0.002601 grad_norm=0.003414 learning_rate=8.271e-06 epoch=0.8213
2026-10-10T05:41:53Z step 780/938 loss=0.0007587 grad_norm=0.0362 learning_rate=7.345e-06 epoch=0.832
2026-10-10T05:44:49Z step 790/938 loss=0.0008711 grad_norm=0.01007 learning_rate=6.47e-06 epoch=0.8427
2026-10-10T05:47:38Z step 800/938 loss=0.001209 grad_norm=0.008572 learning_rate=5.647e-06 epoch=0.8533
2026-10-10T05:50:30Z step 810/938 loss=0.0007824 grad_norm=0.03908 learning_rate=4.877e-06 epoch=0.864
2026-10-10T05:53:28Z step 820/938 loss=0.002165 grad_norm=0.0463 learning_rate=4.16e-06 epoch=0.8747
2026-10-10T05:58:37Z step 830/938 loss=0.002698 grad_norm=0.8507 learning_rate=3.498e-06 epoch=0.8853
2026-10-10T06:01:47Z step 840/938 loss=0.00115 grad_norm=0.09821 learning_rate=2.892e-06 epoch=0.896
2026-10-10T06:05:10Z step 850/938 loss=0.0005368 grad_norm=0.0004221 learning_rate=2.342e-06 epoch=0.9067
2026-10-10T06:08:16Z step 860/938 loss=0.001747 grad_norm=0.02978 learning_rate=1.848e-06 epoch=0.9173
2026-10-10T06:11:47Z step 870/938 loss=0.001833 grad_norm=0.02925 learning_rate=1.412e-06 epoch=0.928
2026-10-10T06:14:52Z step 880/938 loss=0.001516 grad_norm=0.04302 learning_rate=1.034e-06 epoch=0.9387
2026-10-10T06:19:43Z step 890/938 loss=0.001889 grad_norm=0.0005239 learning_rate=7.137e-07 epoch=0.9493
2026-10-10T06:22:42Z step 900/938 loss=0.001749 grad_norm=0.0121 learning_rate=4.525e-07 epoch=0.96
2026-10-10T06:26:01Z step 910/938 loss=0.0004316 grad_norm=0.002255 learning_rate=2.504e-07 epoch=0.9707
2026-10-10T06:28:46Z step 920/938 loss=0.001136 grad_norm=0.00127 learning_rate=1.075e-07 epoch=0.9813
2026-10-10T06:31:33Z step 930/938 loss=0.0008099 grad_norm=0.005469 learning_rate=2.413e-08 epoch=0.992
2026-10-10T06:34:03Z step 938/938 train_runtime=1.929e+04 train_samples_per_second=3.111 train_steps_per_second=0.049 total_flos=2.724e+18 train_loss=0.01505 epoch=1
2026-10-10T06:34:52Z trained 938 steps in 321.5 min, 1290.9 tok/s, peak 26.81 GB
2026-10-10T06:34:55Z u path: fp32-hidden (max |u_fp32 - u_bf16logits| = 0.0402)
2026-10-10T06:34:56Z padding self-check: max |u_batch - u_single| = 0.1164 (tol 0.824) -> left padding
2026-10-10T06:36:28Z B-MIX-blocks-s2 rule_v1/dev: TA 99.0 Rev 99.3 Hold 99.7 n=300 (95.0 s)
2026-10-10T07:11:20Z B-MIX-blocks-s2 mcv_v1/dev: TA nan Rev nan Hold nan n=None (2091.0 s)
2026-10-10T07:11:23Z DONE B-MIX-blocks-s2 in 359.2 min, GPU util mean 88.2
