2026-10-04T00:43:44Z step 10/938 loss=8.775 grad_norm=7.658 learning_rate=3.214e-05 epoch=0.01067
2026-10-04T00:44:08Z step 20/938 loss=2.665 grad_norm=4.571 learning_rate=6.786e-05 epoch=0.02133
2026-10-04T00:44:33Z step 30/938 loss=0.1709 grad_norm=1.029 learning_rate=0.0001 epoch=0.032
2026-10-04T00:44:58Z step 40/938 loss=0.04134 grad_norm=0.9823 learning_rate=9.996e-05 epoch=0.04267
2026-10-04T00:45:21Z step 50/938 loss=0.02948 grad_norm=1.112 learning_rate=9.987e-05 epoch=0.05333
2026-10-04T00:45:46Z step 60/938 loss=0.01634 grad_norm=0.065 learning_rate=9.971e-05 epoch=0.064
2026-10-04T00:46:10Z step 70/938 loss=0.01584 grad_norm=0.8756 learning_rate=9.95e-05 epoch=0.07467
2026-10-04T00:46:34Z step 80/938 loss=0.006881 grad_norm=1.408 learning_rate=9.923e-05 epoch=0.08533
2026-10-04T00:46:58Z step 90/938 loss=0.02818 grad_norm=0.7269 learning_rate=9.89e-05 epoch=0.096
2026-10-04T00:47:22Z step 100/938 loss=0.01102 grad_norm=0.05932 learning_rate=9.851e-05 epoch=0.1067
2026-10-04T00:47:46Z step 110/938 loss=0.005306 grad_norm=0.06714 learning_rate=9.806e-05 epoch=0.1173
2026-10-04T00:48:10Z step 120/938 loss=0.003348 grad_norm=0.06927 learning_rate=9.755e-05 epoch=0.128
2026-10-04T00:48:35Z step 130/938 loss=0.006318 grad_norm=0.0167 learning_rate=9.699e-05 epoch=0.1387
2026-10-04T00:48:59Z step 140/938 loss=0.00271 grad_norm=0.2346 learning_rate=9.637e-05 epoch=0.1493
2026-10-04T00:49:23Z step 150/938 loss=0.0006314 grad_norm=0.01228 learning_rate=9.57e-05 epoch=0.16
2026-10-04T00:49:48Z step 160/938 loss=0.003908 grad_norm=0.1248 learning_rate=9.497e-05 epoch=0.1707
2026-10-04T00:50:12Z step 170/938 loss=0.004155 grad_norm=0.2348 learning_rate=9.419e-05 epoch=0.1813
2026-10-04T00:50:37Z step 180/938 loss=0.005041 grad_norm=0.01166 learning_rate=9.336e-05 epoch=0.192
2026-10-04T00:51:01Z step 190/938 loss=0.001934 grad_norm=0.04076 learning_rate=9.247e-05 epoch=0.2027
2026-10-04T00:51:26Z step 200/938 loss=0.01073 grad_norm=0.0277 learning_rate=9.154e-05 epoch=0.2133
2026-10-04T00:51:50Z step 210/938 loss=0.004531 grad_norm=0.0434 learning_rate=9.055e-05 epoch=0.224
2026-10-04T00:52:14Z step 220/938 loss=0.0009834 grad_norm=0.05004 learning_rate=8.952e-05 epoch=0.2347
2026-10-04T00:52:38Z step 230/938 loss=0.001335 grad_norm=0.00304 learning_rate=8.844e-05 epoch=0.2453
2026-10-04T00:53:02Z step 240/938 loss=0.0006565 grad_norm=0.0005401 learning_rate=8.731e-05 epoch=0.256
2026-10-04T00:53:25Z step 250/938 loss=0.00185 grad_norm=0.01458 learning_rate=8.614e-05 epoch=0.2667
2026-10-04T00:53:49Z step 260/938 loss=0.001283 grad_norm=0.03617 learning_rate=8.493e-05 epoch=0.2773
2026-10-04T00:54:12Z step 270/938 loss=0.003192 grad_norm=0.7003 learning_rate=8.367e-05 epoch=0.288
2026-10-04T00:54:35Z step 280/938 loss=0.001139 grad_norm=0.03836 learning_rate=8.237e-05 epoch=0.2987
2026-10-04T00:54:58Z step 290/938 loss=0.002617 grad_norm=0.007532 learning_rate=8.104e-05 epoch=0.3093
2026-10-04T00:55:23Z step 300/938 loss=0.001992 grad_norm=0.006845 learning_rate=7.967e-05 epoch=0.32
2026-10-04T00:55:47Z step 310/938 loss=0.0008532 grad_norm=0.006402 learning_rate=7.826e-05 epoch=0.3307
2026-10-04T00:56:11Z step 320/938 loss=5.485e-05 grad_norm=0.004613 learning_rate=7.682e-05 epoch=0.3413
2026-10-04T00:56:35Z step 330/938 loss=5.759e-05 grad_norm=0.0003101 learning_rate=7.535e-05 epoch=0.352
2026-10-04T00:57:00Z step 340/938 loss=7.753e-05 grad_norm=0.0004511 learning_rate=7.385e-05 epoch=0.3627
2026-10-04T00:57:24Z step 350/938 loss=0.0002452 grad_norm=0.0005455 learning_rate=7.231e-05 epoch=0.3733
2026-10-04T00:57:48Z step 360/938 loss=3.87e-05 grad_norm=0.001193 learning_rate=7.076e-05 epoch=0.384
2026-10-04T00:58:12Z step 370/938 loss=0.0001019 grad_norm=0.0002027 learning_rate=6.917e-05 epoch=0.3947
2026-10-04T00:58:36Z step 380/938 loss=1.489e-05 grad_norm=0.0006157 learning_rate=6.757e-05 epoch=0.4053
2026-10-04T00:58:59Z step 390/938 loss=1.278e-05 grad_norm=0.001117 learning_rate=6.594e-05 epoch=0.416
2026-10-04T00:59:24Z step 400/938 loss=0.001643 grad_norm=0.0007334 learning_rate=6.43e-05 epoch=0.4267
2026-10-04T00:59:48Z step 410/938 loss=5.415e-05 grad_norm=0.0002048 learning_rate=6.264e-05 epoch=0.4373
2026-10-04T01:00:13Z step 420/938 loss=5.318e-05 grad_norm=0.00386 learning_rate=6.096e-05 epoch=0.448
2026-10-04T01:00:37Z step 430/938 loss=8.276e-05 grad_norm=0.008038 learning_rate=5.927e-05 epoch=0.4587
2026-10-04T01:01:02Z step 440/938 loss=0.0002934 grad_norm=0.0006876 learning_rate=5.757e-05 epoch=0.4693
2026-10-04T01:01:27Z step 450/938 loss=0.0006309 grad_norm=1.436 learning_rate=5.586e-05 epoch=0.48
2026-10-04T01:01:50Z step 460/938 loss=2.015e-05 grad_norm=0.0002256 learning_rate=5.414e-05 epoch=0.4907
2026-10-04T01:02:14Z step 470/938 loss=3.919e-05 grad_norm=0.0003346 learning_rate=5.242e-05 epoch=0.5013
2026-10-04T01:02:39Z step 480/938 loss=3.304e-05 grad_norm=0.0001292 learning_rate=5.069e-05 epoch=0.512
2026-10-04T01:03:03Z step 490/938 loss=2.768e-05 grad_norm=0.0002279 learning_rate=4.896e-05 epoch=0.5227
2026-10-04T01:03:34Z step 500/938 loss=2.123e-05 grad_norm=0.001103 learning_rate=4.724e-05 epoch=0.5333
2026-10-04T01:03:57Z step 510/938 loss=0.0002947 grad_norm=0.0009226 learning_rate=4.552e-05 epoch=0.544
2026-10-04T01:04:22Z step 520/938 loss=4.614e-05 grad_norm=0.000281 learning_rate=4.38e-05 epoch=0.5547
2026-10-04T01:04:47Z step 530/938 loss=3.093e-05 grad_norm=0.0005623 learning_rate=4.209e-05 epoch=0.5653
2026-10-04T01:05:11Z step 540/938 loss=3.972e-05 grad_norm=0.000106 learning_rate=4.039e-05 epoch=0.576
2026-10-04T01:05:36Z step 550/938 loss=0.004962 grad_norm=0.0003167 learning_rate=3.871e-05 epoch=0.5867
2026-10-04T01:06:00Z step 560/938 loss=0.0002065 grad_norm=0.00537 learning_rate=3.703e-05 epoch=0.5973
2026-10-04T01:06:24Z step 570/938 loss=0.00117 grad_norm=0.0007273 learning_rate=3.537e-05 epoch=0.608
2026-10-04T01:06:48Z step 580/938 loss=0.0001073 grad_norm=0.004534 learning_rate=3.373e-05 epoch=0.6187
2026-10-04T01:07:12Z step 590/938 loss=0.0006932 grad_norm=0.000314 learning_rate=3.211e-05 epoch=0.6293
2026-10-04T01:07:35Z step 600/938 loss=0.0001075 grad_norm=0.0002144 learning_rate=3.051e-05 epoch=0.64
2026-10-04T01:07:59Z step 610/938 loss=2.162e-05 grad_norm=0.0001665 learning_rate=2.893e-05 epoch=0.6507
2026-10-04T01:08:22Z step 620/938 loss=2.464e-05 grad_norm=0.0009454 learning_rate=2.738e-05 epoch=0.6613
2026-10-04T01:08:46Z step 630/938 loss=1.365e-05 grad_norm=0.0005745 learning_rate=2.585e-05 epoch=0.672
2026-10-04T01:09:09Z step 640/938 loss=1.77e-05 grad_norm=0.0003126 learning_rate=2.436e-05 epoch=0.6827
2026-10-04T01:09:34Z step 650/938 loss=0.0001575 grad_norm=0.0002299 learning_rate=2.289e-05 epoch=0.6933
2026-10-04T01:09:58Z step 660/938 loss=1.978e-05 grad_norm=0.0002407 learning_rate=2.145e-05 epoch=0.704
2026-10-04T01:10:22Z step 670/938 loss=1.712e-05 grad_norm=0.0001607 learning_rate=2.005e-05 epoch=0.7147
2026-10-04T01:10:47Z step 680/938 loss=2.192e-05 grad_norm=0.0002531 learning_rate=1.869e-05 epoch=0.7253
2026-10-04T01:11:11Z step 690/938 loss=1.453e-05 grad_norm=0.0004223 learning_rate=1.736e-05 epoch=0.736
2026-10-04T01:11:36Z step 700/938 loss=1.499e-05 grad_norm=0.0009403 learning_rate=1.608e-05 epoch=0.7467
2026-10-04T01:12:00Z step 710/938 loss=2.242e-05 grad_norm=0.0001374 learning_rate=1.483e-05 epoch=0.7573
2026-10-04T01:12:25Z step 720/938 loss=2.116e-05 grad_norm=0.0008483 learning_rate=1.362e-05 epoch=0.768
2026-10-04T01:12:49Z step 730/938 loss=0.0008473 grad_norm=0.0002495 learning_rate=1.246e-05 epoch=0.7787
2026-10-04T01:13:13Z step 740/938 loss=1.111e-05 grad_norm=0.0001138 learning_rate=1.134e-05 epoch=0.7893
2026-10-04T01:13:38Z step 750/938 loss=1.081e-05 grad_norm=0.0003654 learning_rate=1.027e-05 epoch=0.8
2026-10-04T01:14:02Z step 760/938 loss=1.524e-05 grad_norm=0.0003198 learning_rate=9.247e-06 epoch=0.8107
2026-10-04T01:14:26Z step 770/938 loss=1.83e-05 grad_norm=0.00111 learning_rate=8.271e-06 epoch=0.8213
2026-10-04T01:14:49Z step 780/938 loss=1.26e-05 grad_norm=0.00295 learning_rate=7.345e-06 epoch=0.832
2026-10-04T01:15:14Z step 790/938 loss=1.162e-05 grad_norm=0.0001912 learning_rate=6.47e-06 epoch=0.8427
2026-10-04T01:15:38Z step 800/938 loss=1.79e-05 grad_norm=9.407e-05 learning_rate=5.647e-06 epoch=0.8533
2026-10-04T01:16:03Z step 810/938 loss=0.000625 grad_norm=0.00121 learning_rate=4.877e-06 epoch=0.864
2026-10-04T01:16:27Z step 820/938 loss=4.763e-05 grad_norm=0.000136 learning_rate=4.16e-06 epoch=0.8747
2026-10-04T01:16:51Z step 830/938 loss=1.137e-05 grad_norm=0.0006417 learning_rate=3.498e-06 epoch=0.8853
2026-10-04T01:17:15Z step 840/938 loss=1.378e-05 grad_norm=0.0002152 learning_rate=2.892e-06 epoch=0.896
2026-10-04T01:17:40Z step 850/938 loss=0.0001793 grad_norm=0.0008546 learning_rate=2.342e-06 epoch=0.9067
2026-10-04T01:18:04Z step 860/938 loss=2.56e-05 grad_norm=0.0002081 learning_rate=1.848e-06 epoch=0.9173
2026-10-04T01:18:28Z step 870/938 loss=1.375e-05 grad_norm=0.0001637 learning_rate=1.412e-06 epoch=0.928
2026-10-04T01:18:52Z step 880/938 loss=1.41e-05 grad_norm=0.0001266 learning_rate=1.034e-06 epoch=0.9387
2026-10-04T01:19:16Z step 890/938 loss=1.23e-05 grad_norm=0.0004462 learning_rate=7.137e-07 epoch=0.9493
2026-10-04T01:19:41Z step 900/938 loss=1.27e-05 grad_norm=0.001674 learning_rate=4.525e-07 epoch=0.96
2026-10-04T01:20:05Z step 910/938 loss=0.0001316 grad_norm=8.839e-05 learning_rate=2.504e-07 epoch=0.9707
2026-10-04T01:20:28Z step 920/938 loss=1.259e-05 grad_norm=0.0001283 learning_rate=1.075e-07 epoch=0.9813
2026-10-04T01:20:53Z step 930/938 loss=2.316e-05 grad_norm=0.0002367 learning_rate=2.413e-08 epoch=0.992
2026-10-04T01:21:11Z step 938/938 train_runtime=2271 train_samples_per_second=26.42 train_steps_per_second=0.413 total_flos=1.147e+18 train_loss=0.1262 epoch=1
2026-10-04T01:21:16Z trained 938 steps in 37.9 min, 5271.4 tok/s, peak 34.3 GB
2026-10-04T01:21:18Z u path: fp32-hidden (max |u_fp32 - u_bf16logits| = 0.0139)
2026-10-04T01:21:19Z padding self-check: max |u_batch - u_single| = 0.0546 (tol 0.611) -> left padding
2026-10-04T01:22:15Z B-LOKO-boundary-summary2-s2 rule_v1/dev: TA 94.0 Rev 99.0 Hold 95.0 n=300 (58.3 s)
2026-10-04T01:24:32Z generate: batch 25/32, 230825 tokens, 1727 tok/s
2026-10-04T01:28:33Z B-LOKO-boundary-summary2-s2 rule_v1/test_L2: TA 93.0 Rev 98.8 Hold 94.1 n=2000 (377.3 s)
2026-10-04T01:30:37Z B-LOKO-boundary-summary2-s2 xr_v1/test: TA nan Rev nan Hold nan n=None (124.3 s)
2026-10-04T01:30:38Z DONE B-LOKO-boundary-summary2-s2 in 47.7 min, GPU util mean 96.5
