2026-10-03T17:17:19Z step 10/938 loss=0.226 grad_norm=2.384 learning_rate=3.214e-05 epoch=0.01067
2026-10-03T17:18:33Z step 20/938 loss=0.1204 grad_norm=0.8427 learning_rate=6.786e-05 epoch=0.02133
2026-10-03T17:19:48Z step 30/938 loss=0.09035 grad_norm=1.498 learning_rate=0.0001 epoch=0.032
2026-10-03T17:21:03Z step 40/938 loss=0.0693 grad_norm=0.7719 learning_rate=9.996e-05 epoch=0.04267
2026-10-03T17:22:18Z step 50/938 loss=0.04334 grad_norm=0.5354 learning_rate=9.987e-05 epoch=0.05333
2026-10-03T17:23:33Z step 60/938 loss=0.03043 grad_norm=0.5682 learning_rate=9.971e-05 epoch=0.064
2026-10-03T17:24:46Z step 70/938 loss=0.03067 grad_norm=0.4129 learning_rate=9.95e-05 epoch=0.07467
2026-10-03T17:26:00Z step 80/938 loss=0.04534 grad_norm=0.9457 learning_rate=9.923e-05 epoch=0.08533
2026-10-03T17:27:17Z step 90/938 loss=0.03456 grad_norm=0.7248 learning_rate=9.89e-05 epoch=0.096
2026-10-03T17:28:31Z step 100/938 loss=0.01408 grad_norm=0.4637 learning_rate=9.851e-05 epoch=0.1067
2026-10-03T17:29:45Z step 110/938 loss=0.02444 grad_norm=0.1955 learning_rate=9.806e-05 epoch=0.1173
2026-10-03T17:31:36Z step 120/938 loss=0.02429 grad_norm=1.788 learning_rate=9.755e-05 epoch=0.128
2026-10-03T17:32:52Z step 130/938 loss=0.03416 grad_norm=1.884 learning_rate=9.699e-05 epoch=0.1387
2026-10-03T17:34:07Z step 140/938 loss=0.0386 grad_norm=0.7454 learning_rate=9.637e-05 epoch=0.1493
2026-10-03T17:35:22Z step 150/938 loss=0.03577 grad_norm=0.8309 learning_rate=9.57e-05 epoch=0.16
2026-10-03T17:36:37Z step 160/938 loss=0.01686 grad_norm=0.08 learning_rate=9.497e-05 epoch=0.1707
2026-10-03T17:37:53Z step 170/938 loss=0.02903 grad_norm=0.3455 learning_rate=9.419e-05 epoch=0.1813
2026-10-03T17:39:09Z step 180/938 loss=0.02679 grad_norm=0.2367 learning_rate=9.336e-05 epoch=0.192
2026-10-03T17:40:24Z step 190/938 loss=0.02532 grad_norm=0.9068 learning_rate=9.247e-05 epoch=0.2027
2026-10-03T17:41:38Z step 200/938 loss=0.016 grad_norm=0.1056 learning_rate=9.154e-05 epoch=0.2133
2026-10-03T17:42:55Z step 210/938 loss=0.01084 grad_norm=0.4217 learning_rate=9.055e-05 epoch=0.224
2026-10-03T17:44:10Z step 220/938 loss=0.02171 grad_norm=0.3991 learning_rate=8.952e-05 epoch=0.2347
2026-10-03T17:45:26Z step 230/938 loss=0.02912 grad_norm=0.4571 learning_rate=8.844e-05 epoch=0.2453
2026-10-03T17:46:40Z step 240/938 loss=0.01303 grad_norm=0.4596 learning_rate=8.731e-05 epoch=0.256
2026-10-03T17:47:56Z step 250/938 loss=0.01168 grad_norm=0.05696 learning_rate=8.614e-05 epoch=0.2667
2026-10-03T17:49:12Z step 260/938 loss=0.009621 grad_norm=0.1515 learning_rate=8.493e-05 epoch=0.2773
2026-10-03T17:50:26Z step 270/938 loss=0.004362 grad_norm=0.002223 learning_rate=8.367e-05 epoch=0.288
2026-10-03T17:52:16Z step 280/938 loss=0.007594 grad_norm=0.02262 learning_rate=8.237e-05 epoch=0.2987
2026-10-03T17:53:29Z step 290/938 loss=0.01081 grad_norm=0.4514 learning_rate=8.104e-05 epoch=0.3093
2026-10-03T17:54:45Z step 300/938 loss=0.02374 grad_norm=0.1313 learning_rate=7.967e-05 epoch=0.32
2026-10-03T17:55:59Z step 310/938 loss=0.01091 grad_norm=0.1966 learning_rate=7.826e-05 epoch=0.3307
2026-10-03T17:57:13Z step 320/938 loss=0.01562 grad_norm=2.465 learning_rate=7.682e-05 epoch=0.3413
2026-10-03T17:58:28Z step 330/938 loss=0.009586 grad_norm=0.3014 learning_rate=7.535e-05 epoch=0.352
2026-10-03T17:59:44Z step 340/938 loss=0.009483 grad_norm=0.068 learning_rate=7.385e-05 epoch=0.3627
2026-10-03T18:00:58Z step 350/938 loss=0.004623 grad_norm=0.05183 learning_rate=7.231e-05 epoch=0.3733
2026-10-03T18:02:10Z step 360/938 loss=0.01028 grad_norm=0.5372 learning_rate=7.076e-05 epoch=0.384
2026-10-03T18:03:25Z step 370/938 loss=0.005202 grad_norm=0.03321 learning_rate=6.917e-05 epoch=0.3947
2026-10-03T18:04:43Z step 380/938 loss=0.009336 grad_norm=0.297 learning_rate=6.757e-05 epoch=0.4053
2026-10-03T18:05:57Z step 390/938 loss=0.01044 grad_norm=0.01179 learning_rate=6.594e-05 epoch=0.416
2026-10-03T18:07:13Z step 400/938 loss=0.00847 grad_norm=0.02183 learning_rate=6.43e-05 epoch=0.4267
2026-10-03T18:08:27Z step 410/938 loss=0.005419 grad_norm=0.0002693 learning_rate=6.264e-05 epoch=0.4373
2026-10-03T18:09:43Z step 420/938 loss=0.003025 grad_norm=0.1254 learning_rate=6.096e-05 epoch=0.448
2026-10-03T18:10:59Z step 430/938 loss=0.009943 grad_norm=0.06514 learning_rate=5.927e-05 epoch=0.4587
2026-10-03T18:12:49Z step 440/938 loss=0.008341 grad_norm=0.01172 learning_rate=5.757e-05 epoch=0.4693
2026-10-03T18:14:04Z step 450/938 loss=0.00647 grad_norm=0.0145 learning_rate=5.586e-05 epoch=0.48
2026-10-03T18:15:19Z step 460/938 loss=0.006246 grad_norm=0.03188 learning_rate=5.414e-05 epoch=0.4907
2026-10-03T18:16:34Z step 470/938 loss=0.003771 grad_norm=0.627 learning_rate=5.242e-05 epoch=0.5013
2026-10-03T18:17:49Z step 480/938 loss=0.01004 grad_norm=0.02215 learning_rate=5.069e-05 epoch=0.512
2026-10-03T18:19:04Z step 490/938 loss=0.008686 grad_norm=0.2057 learning_rate=4.896e-05 epoch=0.5227
2026-10-03T18:20:19Z step 500/938 loss=0.007069 grad_norm=0.004518 learning_rate=4.724e-05 epoch=0.5333
2026-10-03T18:21:35Z step 510/938 loss=0.003825 grad_norm=0.09246 learning_rate=4.552e-05 epoch=0.544
2026-10-03T18:22:50Z step 520/938 loss=0.001498 grad_norm=0.03634 learning_rate=4.38e-05 epoch=0.5547
2026-10-03T18:24:06Z step 530/938 loss=0.003747 grad_norm=0.0007989 learning_rate=4.209e-05 epoch=0.5653
2026-10-03T18:25:21Z step 540/938 loss=0.003648 grad_norm=0.1938 learning_rate=4.039e-05 epoch=0.576
2026-10-03T18:26:34Z step 550/938 loss=0.002086 grad_norm=0.03354 learning_rate=3.871e-05 epoch=0.5867
2026-10-03T18:27:49Z step 560/938 loss=0.002069 grad_norm=0.03611 learning_rate=3.703e-05 epoch=0.5973
2026-10-03T18:29:05Z step 570/938 loss=0.001167 grad_norm=0.05887 learning_rate=3.537e-05 epoch=0.608
2026-10-03T18:30:21Z step 580/938 loss=0.002352 grad_norm=0.1374 learning_rate=3.373e-05 epoch=0.6187
2026-10-03T18:32:34Z step 590/938 loss=0.004237 grad_norm=0.001024 learning_rate=3.211e-05 epoch=0.6293
2026-10-03T18:33:50Z step 600/938 loss=0.002419 grad_norm=0.001054 learning_rate=3.051e-05 epoch=0.64
2026-10-03T18:35:05Z step 610/938 loss=0.002967 grad_norm=0.411 learning_rate=2.893e-05 epoch=0.6507
2026-10-03T18:36:20Z step 620/938 loss=0.003608 grad_norm=0.05709 learning_rate=2.738e-05 epoch=0.6613
2026-10-03T18:37:36Z step 630/938 loss=0.0006849 grad_norm=0.0003652 learning_rate=2.585e-05 epoch=0.672
2026-10-03T18:38:50Z step 640/938 loss=0.006158 grad_norm=0.1883 learning_rate=2.436e-05 epoch=0.6827
2026-10-03T18:40:04Z step 650/938 loss=0.005415 grad_norm=0.02567 learning_rate=2.289e-05 epoch=0.6933
2026-10-03T18:41:20Z step 660/938 loss=0.00345 grad_norm=0.06247 learning_rate=2.145e-05 epoch=0.704
2026-10-03T18:42:36Z step 670/938 loss=0.002725 grad_norm=0.09839 learning_rate=2.005e-05 epoch=0.7147
2026-10-03T18:43:50Z step 680/938 loss=0.002337 grad_norm=0.04724 learning_rate=1.869e-05 epoch=0.7253
2026-10-03T18:45:04Z step 690/938 loss=0.002764 grad_norm=0.07844 learning_rate=1.736e-05 epoch=0.736
2026-10-03T18:46:18Z step 700/938 loss=0.002606 grad_norm=0.04595 learning_rate=1.608e-05 epoch=0.7467
2026-10-03T18:47:32Z step 710/938 loss=0.0004786 grad_norm=0.0003016 learning_rate=1.483e-05 epoch=0.7573
2026-10-03T18:48:47Z step 720/938 loss=0.0004503 grad_norm=0.03555 learning_rate=1.362e-05 epoch=0.768
2026-10-03T18:50:03Z step 730/938 loss=0.0002733 grad_norm=0.001194 learning_rate=1.246e-05 epoch=0.7787
2026-10-03T18:51:51Z step 740/938 loss=0.006771 grad_norm=0.5355 learning_rate=1.134e-05 epoch=0.7893
2026-10-03T18:53:05Z step 750/938 loss=0.0006772 grad_norm=0.2988 learning_rate=1.027e-05 epoch=0.8
2026-10-03T18:54:20Z step 760/938 loss=0.0002335 grad_norm=0.028 learning_rate=9.247e-06 epoch=0.8107
2026-10-03T18:55:34Z step 770/938 loss=0.002166 grad_norm=0.2074 learning_rate=8.271e-06 epoch=0.8213
2026-10-03T18:56:49Z step 780/938 loss=0.001612 grad_norm=0.4008 learning_rate=7.345e-06 epoch=0.832
2026-10-03T18:58:04Z step 790/938 loss=0.001022 grad_norm=0.02771 learning_rate=6.47e-06 epoch=0.8427
2026-10-03T18:59:18Z step 800/938 loss=0.001884 grad_norm=0.2085 learning_rate=5.647e-06 epoch=0.8533
2026-10-03T19:00:32Z step 810/938 loss=0.0003864 grad_norm=0.0604 learning_rate=4.877e-06 epoch=0.864
2026-10-03T19:01:49Z step 820/938 loss=0.0001835 grad_norm=0.01639 learning_rate=4.16e-06 epoch=0.8747
2026-10-03T19:03:04Z step 830/938 loss=0.000304 grad_norm=0.00023 learning_rate=3.498e-06 epoch=0.8853
2026-10-03T19:04:19Z step 840/938 loss=0.0005875 grad_norm=3.156e-05 learning_rate=2.892e-06 epoch=0.896
2026-10-03T19:05:33Z step 850/938 loss=0.0004682 grad_norm=0.06999 learning_rate=2.342e-06 epoch=0.9067
2026-10-03T19:06:50Z step 860/938 loss=0.001039 grad_norm=0.001233 learning_rate=1.848e-06 epoch=0.9173
2026-10-03T19:08:06Z step 870/938 loss=0.0001902 grad_norm=0.008159 learning_rate=1.412e-06 epoch=0.928
2026-10-03T19:09:22Z step 880/938 loss=0.0009227 grad_norm=0.001562 learning_rate=1.034e-06 epoch=0.9387
2026-10-03T19:10:37Z step 890/938 loss=0.0001716 grad_norm=0.046 learning_rate=7.137e-07 epoch=0.9493
2026-10-03T19:12:27Z step 900/938 loss=0.000354 grad_norm=0.02256 learning_rate=4.525e-07 epoch=0.96
2026-10-03T19:13:41Z step 910/938 loss=0.0007445 grad_norm=0.00224 learning_rate=2.504e-07 epoch=0.9707
2026-10-03T19:14:58Z step 920/938 loss=0.0008018 grad_norm=0.005963 learning_rate=1.075e-07 epoch=0.9813
2026-10-03T19:16:12Z step 930/938 loss=0.0006428 grad_norm=0.05303 learning_rate=2.413e-08 epoch=0.992
2026-10-03T19:17:09Z step 938/938 train_runtime=7577 train_samples_per_second=7.918 train_steps_per_second=0.124 total_flos=1.152e+18 train_loss=0.01454 epoch=1
2026-10-03T19:19:00Z trained 938 steps in 126.3 min, 1856.9 tok/s, peak 23.32 GB
2026-10-03T19:19:31Z u path: fp32-hidden (max |u_fp32 - u_bf16logits| = 0.0033)
2026-10-03T19:19:33Z padding self-check: max |u_batch - u_single| = 0.0516 (tol 0.840) -> left padding
2026-10-03T19:21:19Z B-FOLD2-verdict-triplets-s0 rule_v1_fold2/dev: TA 98.0 Rev 98.0 Hold 100.0 n=300 (137.9 s)
2026-10-03T19:31:54Z B-FOLD2-verdict-triplets-s0 rule_v1_fold2/test_L2: TA 99.5 Rev 99.5 Hold 100.0 n=2000 (634.9 s)
2026-10-03T19:32:00Z DONE B-FOLD2-verdict-triplets-s0 in 143.3 min, GPU util mean 87.8
