2026-10-02T13:42:38Z step 10/938 loss=0.1928 grad_norm=2.099 learning_rate=3.214e-05 epoch=0.01067
2026-10-02T13:43:36Z step 20/938 loss=0.08846 grad_norm=0.8366 learning_rate=6.786e-05 epoch=0.02133
2026-10-02T13:44:35Z step 30/938 loss=0.04184 grad_norm=1.44 learning_rate=0.0001 epoch=0.032
2026-10-02T13:45:34Z step 40/938 loss=0.03434 grad_norm=0.1877 learning_rate=9.996e-05 epoch=0.04267
2026-10-02T13:46:31Z step 50/938 loss=0.03967 grad_norm=0.3648 learning_rate=9.987e-05 epoch=0.05333
2026-10-02T13:47:29Z step 60/938 loss=0.01394 grad_norm=0.0959 learning_rate=9.971e-05 epoch=0.064
2026-10-02T13:48:25Z step 70/938 loss=0.01742 grad_norm=0.9488 learning_rate=9.95e-05 epoch=0.07467
2026-10-02T13:49:24Z step 80/938 loss=0.01139 grad_norm=0.1118 learning_rate=9.923e-05 epoch=0.08533
2026-10-02T13:50:20Z step 90/938 loss=0.01224 grad_norm=0.3705 learning_rate=9.89e-05 epoch=0.096
2026-10-02T13:51:18Z step 100/938 loss=0.009402 grad_norm=0.5127 learning_rate=9.851e-05 epoch=0.1067
2026-10-02T13:52:15Z step 110/938 loss=0.01119 grad_norm=0.3033 learning_rate=9.806e-05 epoch=0.1173
2026-10-02T13:53:13Z step 120/938 loss=0.01292 grad_norm=0.3703 learning_rate=9.755e-05 epoch=0.128
2026-10-02T13:54:11Z step 130/938 loss=0.00896 grad_norm=0.01274 learning_rate=9.699e-05 epoch=0.1387
2026-10-02T13:55:09Z step 140/938 loss=0.008382 grad_norm=0.2056 learning_rate=9.637e-05 epoch=0.1493
2026-10-02T13:56:08Z step 150/938 loss=0.006525 grad_norm=0.08026 learning_rate=9.57e-05 epoch=0.16
2026-10-02T13:57:04Z step 160/938 loss=0.01538 grad_norm=0.5212 learning_rate=9.497e-05 epoch=0.1707
2026-10-02T13:58:02Z step 170/938 loss=0.0154 grad_norm=0.0381 learning_rate=9.419e-05 epoch=0.1813
2026-10-02T13:58:59Z step 180/938 loss=0.01852 grad_norm=0.2123 learning_rate=9.336e-05 epoch=0.192
2026-10-02T14:00:01Z step 190/938 loss=0.0123 grad_norm=0.1013 learning_rate=9.247e-05 epoch=0.2027
2026-10-02T14:01:00Z step 200/938 loss=0.01856 grad_norm=0.3724 learning_rate=9.154e-05 epoch=0.2133
2026-10-02T14:01:59Z step 210/938 loss=0.007636 grad_norm=0.1332 learning_rate=9.055e-05 epoch=0.224
2026-10-02T14:02:57Z step 220/938 loss=0.01238 grad_norm=0.2238 learning_rate=8.952e-05 epoch=0.2347
2026-10-02T14:03:57Z step 230/938 loss=0.006774 grad_norm=0.0811 learning_rate=8.844e-05 epoch=0.2453
2026-10-02T14:04:54Z step 240/938 loss=0.003547 grad_norm=5.574e-05 learning_rate=8.731e-05 epoch=0.256
2026-10-02T14:05:53Z step 250/938 loss=0.005285 grad_norm=0.1217 learning_rate=8.614e-05 epoch=0.2667
2026-10-02T14:06:52Z step 260/938 loss=0.00325 grad_norm=0.114 learning_rate=8.493e-05 epoch=0.2773
2026-10-02T14:07:49Z step 270/938 loss=0.008299 grad_norm=0.0351 learning_rate=8.367e-05 epoch=0.288
2026-10-02T14:08:48Z step 280/938 loss=0.002874 grad_norm=0.07217 learning_rate=8.237e-05 epoch=0.2987
2026-10-02T14:09:47Z step 290/938 loss=0.003053 grad_norm=0.001581 learning_rate=8.104e-05 epoch=0.3093
2026-10-02T14:10:45Z step 300/938 loss=0.01026 grad_norm=0.04548 learning_rate=7.967e-05 epoch=0.32
2026-10-02T14:11:42Z step 310/938 loss=0.01056 grad_norm=0.1237 learning_rate=7.826e-05 epoch=0.3307
2026-10-02T14:12:41Z step 320/938 loss=0.008794 grad_norm=0.03897 learning_rate=7.682e-05 epoch=0.3413
2026-10-02T14:13:39Z step 330/938 loss=0.00333 grad_norm=0.5647 learning_rate=7.535e-05 epoch=0.352
2026-10-02T14:14:35Z step 340/938 loss=0.00303 grad_norm=0.02053 learning_rate=7.385e-05 epoch=0.3627
2026-10-02T14:15:35Z step 350/938 loss=0.005807 grad_norm=0.0338 learning_rate=7.231e-05 epoch=0.3733
2026-10-02T14:16:34Z step 360/938 loss=0.008538 grad_norm=0.06109 learning_rate=7.076e-05 epoch=0.384
2026-10-02T14:17:31Z step 370/938 loss=0.002335 grad_norm=0.03937 learning_rate=6.917e-05 epoch=0.3947
2026-10-02T14:18:29Z step 380/938 loss=0.008564 grad_norm=0.6714 learning_rate=6.757e-05 epoch=0.4053
2026-10-02T14:19:37Z step 390/938 loss=0.00543 grad_norm=0.03663 learning_rate=6.594e-05 epoch=0.416
2026-10-02T14:20:36Z step 400/938 loss=0.002464 grad_norm=0.1674 learning_rate=6.43e-05 epoch=0.4267
2026-10-02T14:21:36Z step 410/938 loss=0.001447 grad_norm=0.007008 learning_rate=6.264e-05 epoch=0.4373
2026-10-02T14:22:35Z step 420/938 loss=0.0004562 grad_norm=0.3276 learning_rate=6.096e-05 epoch=0.448
2026-10-02T14:23:34Z step 430/938 loss=0.008424 grad_norm=1.626 learning_rate=5.927e-05 epoch=0.4587
2026-10-02T14:24:31Z step 440/938 loss=0.01148 grad_norm=0.002841 learning_rate=5.757e-05 epoch=0.4693
2026-10-02T14:25:30Z step 450/938 loss=0.009771 grad_norm=0.1739 learning_rate=5.586e-05 epoch=0.48
2026-10-02T14:26:28Z step 460/938 loss=0.01181 grad_norm=0.06843 learning_rate=5.414e-05 epoch=0.4907
2026-10-02T14:27:27Z step 470/938 loss=0.00729 grad_norm=0.05093 learning_rate=5.242e-05 epoch=0.5013
2026-10-02T14:28:25Z step 480/938 loss=0.008854 grad_norm=0.02615 learning_rate=5.069e-05 epoch=0.512
2026-10-02T14:29:23Z step 490/938 loss=0.005693 grad_norm=0.007731 learning_rate=4.896e-05 epoch=0.5227
2026-10-02T14:30:23Z step 500/938 loss=0.001836 grad_norm=0.05097 learning_rate=4.724e-05 epoch=0.5333
2026-10-02T14:31:20Z step 510/938 loss=0.003756 grad_norm=0.009256 learning_rate=4.552e-05 epoch=0.544
2026-10-02T14:32:18Z step 520/938 loss=0.001747 grad_norm=0.2041 learning_rate=4.38e-05 epoch=0.5547
2026-10-02T14:33:15Z step 530/938 loss=0.0006566 grad_norm=0.09905 learning_rate=4.209e-05 epoch=0.5653
2026-10-02T14:34:14Z step 540/938 loss=0.003125 grad_norm=0.002549 learning_rate=4.039e-05 epoch=0.576
2026-10-02T14:35:11Z step 550/938 loss=0.001511 grad_norm=0.004169 learning_rate=3.871e-05 epoch=0.5867
2026-10-02T14:36:09Z step 560/938 loss=0.00217 grad_norm=0.5181 learning_rate=3.703e-05 epoch=0.5973
2026-10-02T14:37:08Z step 570/938 loss=0.006834 grad_norm=0.004594 learning_rate=3.537e-05 epoch=0.608
2026-10-02T14:38:06Z step 580/938 loss=0.001311 grad_norm=0.08539 learning_rate=3.373e-05 epoch=0.6187
2026-10-02T14:39:04Z step 590/938 loss=0.003182 grad_norm=0.04508 learning_rate=3.211e-05 epoch=0.6293
2026-10-02T14:40:08Z step 600/938 loss=0.001973 grad_norm=0.008535 learning_rate=3.051e-05 epoch=0.64
2026-10-02T14:41:07Z step 610/938 loss=0.008271 grad_norm=0.1579 learning_rate=2.893e-05 epoch=0.6507
2026-10-02T14:42:04Z step 620/938 loss=0.003406 grad_norm=0.01708 learning_rate=2.738e-05 epoch=0.6613
2026-10-02T14:43:02Z step 630/938 loss=0.004465 grad_norm=0.05104 learning_rate=2.585e-05 epoch=0.672
2026-10-02T14:43:59Z step 640/938 loss=0.002844 grad_norm=0.001024 learning_rate=2.436e-05 epoch=0.6827
2026-10-02T14:45:00Z step 650/938 loss=0.0008221 grad_norm=0.0006043 learning_rate=2.289e-05 epoch=0.6933
2026-10-02T14:45:58Z step 660/938 loss=0.003912 grad_norm=0.06271 learning_rate=2.145e-05 epoch=0.704
2026-10-02T14:46:57Z step 670/938 loss=0.001057 grad_norm=0.04716 learning_rate=2.005e-05 epoch=0.7147
2026-10-02T14:47:55Z step 680/938 loss=0.0005742 grad_norm=0.003939 learning_rate=1.869e-05 epoch=0.7253
2026-10-02T14:48:54Z step 690/938 loss=0.0007693 grad_norm=0.03115 learning_rate=1.736e-05 epoch=0.736
2026-10-02T14:49:52Z step 700/938 loss=0.0004382 grad_norm=0.0005154 learning_rate=1.608e-05 epoch=0.7467
2026-10-02T14:50:51Z step 710/938 loss=0.001628 grad_norm=0.0004881 learning_rate=1.483e-05 epoch=0.7573
2026-10-02T14:51:48Z step 720/938 loss=0.001235 grad_norm=0.0002054 learning_rate=1.362e-05 epoch=0.768
2026-10-02T14:52:47Z step 730/938 loss=0.002638 grad_norm=0.02378 learning_rate=1.246e-05 epoch=0.7787
2026-10-02T14:53:46Z step 740/938 loss=0.001139 grad_norm=0.03109 learning_rate=1.134e-05 epoch=0.7893
2026-10-02T14:54:44Z step 750/938 loss=0.0004818 grad_norm=0.01289 learning_rate=1.027e-05 epoch=0.8
2026-10-02T14:55:42Z step 760/938 loss=0.0009485 grad_norm=0.003232 learning_rate=9.247e-06 epoch=0.8107
2026-10-02T14:56:40Z step 770/938 loss=0.002076 grad_norm=0.005808 learning_rate=8.271e-06 epoch=0.8213
2026-10-02T14:57:37Z step 780/938 loss=0.001379 grad_norm=0.0006527 learning_rate=7.345e-06 epoch=0.832
2026-10-02T14:58:36Z step 790/938 loss=0.002782 grad_norm=0.001909 learning_rate=6.47e-06 epoch=0.8427
2026-10-02T14:59:39Z step 800/938 loss=0.0002189 grad_norm=0.004651 learning_rate=5.647e-06 epoch=0.8533
2026-10-02T15:00:38Z step 810/938 loss=0.000749 grad_norm=0.000548 learning_rate=4.877e-06 epoch=0.864
2026-10-02T15:01:34Z step 820/938 loss=0.001341 grad_norm=0.06494 learning_rate=4.16e-06 epoch=0.8747
2026-10-02T15:02:33Z step 830/938 loss=0.001729 grad_norm=0.008466 learning_rate=3.498e-06 epoch=0.8853
2026-10-02T15:03:31Z step 840/938 loss=0.001286 grad_norm=0.03616 learning_rate=2.892e-06 epoch=0.896
2026-10-02T15:04:30Z step 850/938 loss=0.0007242 grad_norm=0.003655 learning_rate=2.342e-06 epoch=0.9067
2026-10-02T15:05:28Z step 860/938 loss=0.002499 grad_norm=0.00315 learning_rate=1.848e-06 epoch=0.9173
2026-10-02T15:06:25Z step 870/938 loss=0.0002059 grad_norm=0.0002133 learning_rate=1.412e-06 epoch=0.928
2026-10-02T15:07:23Z step 880/938 loss=0.00355 grad_norm=0.004044 learning_rate=1.034e-06 epoch=0.9387
2026-10-02T15:08:20Z step 890/938 loss=0.0006389 grad_norm=0.009079 learning_rate=7.137e-07 epoch=0.9493
2026-10-02T15:09:18Z step 900/938 loss=0.0002821 grad_norm=0.003321 learning_rate=4.525e-07 epoch=0.96
2026-10-02T15:10:14Z step 910/938 loss=0.001264 grad_norm=0.001824 learning_rate=2.504e-07 epoch=0.9707
2026-10-02T15:11:10Z step 920/938 loss=0.0007159 grad_norm=0.002358 learning_rate=1.075e-07 epoch=0.9813
2026-10-02T15:12:07Z step 930/938 loss=0.0001053 grad_norm=0.01343 learning_rate=2.413e-08 epoch=0.992
2026-10-02T15:12:50Z step 938/938 train_runtime=5606 train_samples_per_second=10.7 train_steps_per_second=0.167 total_flos=1.084e+18 train_loss=0.009201 epoch=1
2026-10-02T15:12:56Z trained 938 steps in 93.5 min, 2304.3 tok/s, peak 21.56 GB
2026-10-02T15:13:07Z u path: fp32-hidden (max |u_fp32 - u_bf16logits| = 0.1100)
2026-10-02T15:13:08Z padding self-check: max |u_batch - u_single| = 0.0854 (tol 0.866) -> left padding
2026-10-02T15:14:34Z B-F-verdict-natural-s0 rule_v1/dev: TA 65.3 Rev 99.0 Hold 66.3 n=300 (97.9 s)
2026-10-02T15:15:16Z B-F-verdict-natural-s0 rule_v1/dev_missing: TA nan Rev nan Hold nan n=None (41.2 s)
2026-10-02T15:17:35Z B-F-verdict-natural-s0 rule_v1/missing: TA nan Rev nan Hold nan n=None (139.1 s)
2026-10-02T15:22:18Z B-F-verdict-natural-s0 rule_v1/readapply: TA 74.5 Rev 99.5 Hold 74.7 n=1000 (282.8 s)
2026-10-02T15:26:38Z B-F-verdict-natural-s0 rule_v1/test_L0: TA 65.7 Rev 98.7 Hold 66.9 n=1000 (259.5 s)
2026-10-02T15:30:52Z B-F-verdict-natural-s0 rule_v1/test_L1: TA 69.6 Rev 98.4 Hold 71.1 n=1000 (254.1 s)
2026-10-02T15:40:03Z B-F-verdict-natural-s0 rule_v1/test_L2: TA 58.0 Rev 92.0 Hold 65.0 n=2000 (550.7 s)
2026-10-02T15:43:00Z B-F-verdict-natural-s0 rule_v1/test_L3alt: TA 93.4 Rev 100.0 Hold 93.4 n=1000 (176.4 s)
2026-10-02T15:47:33Z B-F-verdict-natural-s0 rule_v1/test_L3inv: TA 59.5 Rev 97.8 Hold 61.5 n=1000 (272.4 s)
2026-10-02T15:53:43Z B-F-verdict-natural-s0 rule_v1/test_hard: TA 56.0 Rev 92.3 Hold 62.4 n=1000 (369.4 s)
2026-10-02T15:53:44Z DONE B-F-verdict-natural-s0 in 134.8 min, GPU util mean 96.7
