2026-10-03T07:34:36Z step 10/938 loss=0.4554 grad_norm=0.8883 learning_rate=3.214e-05 epoch=0.01067
2026-10-03T07:35:06Z step 20/938 loss=0.06088 grad_norm=0.1903 learning_rate=6.786e-05 epoch=0.02133
2026-10-03T07:35:36Z step 30/938 loss=0.01032 grad_norm=0.1579 learning_rate=0.0001 epoch=0.032
2026-10-03T07:36:05Z step 40/938 loss=0.001803 grad_norm=0.03627 learning_rate=9.996e-05 epoch=0.04267
2026-10-03T07:36:34Z step 50/938 loss=0.005343 grad_norm=0.1698 learning_rate=9.987e-05 epoch=0.05333
2026-10-03T07:37:02Z step 60/938 loss=0.003455 grad_norm=0.02989 learning_rate=9.971e-05 epoch=0.064
2026-10-03T07:37:32Z step 70/938 loss=0.001177 grad_norm=0.1992 learning_rate=9.95e-05 epoch=0.07467
2026-10-03T07:38:00Z step 80/938 loss=0.001314 grad_norm=0.005004 learning_rate=9.923e-05 epoch=0.08533
2026-10-03T07:38:29Z step 90/938 loss=0.0008124 grad_norm=0.03246 learning_rate=9.89e-05 epoch=0.096
2026-10-03T07:38:58Z step 100/938 loss=0.000704 grad_norm=0.02791 learning_rate=9.851e-05 epoch=0.1067
2026-10-03T07:39:27Z step 110/938 loss=0.000311 grad_norm=0.001045 learning_rate=9.806e-05 epoch=0.1173
2026-10-03T07:39:55Z step 120/938 loss=0.001696 grad_norm=0.002924 learning_rate=9.755e-05 epoch=0.128
2026-10-03T07:40:24Z step 130/938 loss=0.0008606 grad_norm=0.003086 learning_rate=9.699e-05 epoch=0.1387
2026-10-03T07:41:14Z step 140/938 loss=0.000474 grad_norm=0.01293 learning_rate=9.637e-05 epoch=0.1493
2026-10-03T07:41:42Z step 150/938 loss=0.0003928 grad_norm=0.005454 learning_rate=9.57e-05 epoch=0.16
2026-10-03T07:42:11Z step 160/938 loss=0.000102 grad_norm=0.02998 learning_rate=9.497e-05 epoch=0.1707
2026-10-03T07:42:40Z step 170/938 loss=8.165e-05 grad_norm=0.0002576 learning_rate=9.419e-05 epoch=0.1813
2026-10-03T07:43:10Z step 180/938 loss=2.303e-05 grad_norm=0.0001817 learning_rate=9.336e-05 epoch=0.192
2026-10-03T07:43:38Z step 190/938 loss=2.646e-05 grad_norm=0.0001353 learning_rate=9.247e-05 epoch=0.2027
2026-10-03T07:44:08Z step 200/938 loss=1.782e-05 grad_norm=0.000199 learning_rate=9.154e-05 epoch=0.2133
2026-10-03T07:44:36Z step 210/938 loss=1.571e-05 grad_norm=0.006064 learning_rate=9.055e-05 epoch=0.224
2026-10-03T07:45:05Z step 220/938 loss=1.449e-05 grad_norm=0.0001208 learning_rate=8.952e-05 epoch=0.2347
2026-10-03T07:45:33Z step 230/938 loss=0.000135 grad_norm=0.0001582 learning_rate=8.844e-05 epoch=0.2453
2026-10-03T07:46:03Z step 240/938 loss=0.00188 grad_norm=0.4205 learning_rate=8.731e-05 epoch=0.256
2026-10-03T07:46:31Z step 250/938 loss=0.001674 grad_norm=0.008996 learning_rate=8.614e-05 epoch=0.2667
2026-10-03T07:47:00Z step 260/938 loss=0.0005877 grad_norm=0.006652 learning_rate=8.493e-05 epoch=0.2773
2026-10-03T07:47:29Z step 270/938 loss=0.0007443 grad_norm=0.002064 learning_rate=8.367e-05 epoch=0.288
2026-10-03T07:47:57Z step 280/938 loss=0.002062 grad_norm=0.09936 learning_rate=8.237e-05 epoch=0.2987
2026-10-03T07:48:27Z step 290/938 loss=0.0009516 grad_norm=0.002714 learning_rate=8.104e-05 epoch=0.3093
2026-10-03T07:48:56Z step 300/938 loss=0.0008691 grad_norm=0.0009011 learning_rate=7.967e-05 epoch=0.32
2026-10-03T07:49:25Z step 310/938 loss=0.0003695 grad_norm=0.02371 learning_rate=7.826e-05 epoch=0.3307
2026-10-03T07:49:53Z step 320/938 loss=9.245e-05 grad_norm=0.003486 learning_rate=7.682e-05 epoch=0.3413
2026-10-03T07:50:22Z step 330/938 loss=8.422e-05 grad_norm=0.0004039 learning_rate=7.535e-05 epoch=0.352
2026-10-03T07:50:51Z step 340/938 loss=0.0001196 grad_norm=0.0001879 learning_rate=7.385e-05 epoch=0.3627
2026-10-03T07:51:19Z step 350/938 loss=0.0002535 grad_norm=0.002125 learning_rate=7.231e-05 epoch=0.3733
2026-10-03T07:51:48Z step 360/938 loss=7.146e-05 grad_norm=0.001801 learning_rate=7.076e-05 epoch=0.384
2026-10-03T07:52:18Z step 370/938 loss=0.000361 grad_norm=9.99e-05 learning_rate=6.917e-05 epoch=0.3947
2026-10-03T07:52:48Z step 380/938 loss=0.0001314 grad_norm=0.001608 learning_rate=6.757e-05 epoch=0.4053
2026-10-03T07:53:17Z step 390/938 loss=0.00116 grad_norm=0.0839 learning_rate=6.594e-05 epoch=0.416
2026-10-03T07:53:46Z step 400/938 loss=7.609e-05 grad_norm=0.001417 learning_rate=6.43e-05 epoch=0.4267
2026-10-03T07:54:20Z step 410/938 loss=8.208e-05 grad_norm=0.0007137 learning_rate=6.264e-05 epoch=0.4373
2026-10-03T07:54:48Z step 420/938 loss=8.502e-05 grad_norm=0.0004966 learning_rate=6.096e-05 epoch=0.448
2026-10-03T07:55:18Z step 430/938 loss=2.133e-05 grad_norm=0.0001908 learning_rate=5.927e-05 epoch=0.4587
2026-10-03T07:55:46Z step 440/938 loss=1.809e-05 grad_norm=0.0009011 learning_rate=5.757e-05 epoch=0.4693
2026-10-03T07:56:15Z step 450/938 loss=1.711e-05 grad_norm=0.0002962 learning_rate=5.586e-05 epoch=0.48
2026-10-03T07:56:44Z step 460/938 loss=3.508e-05 grad_norm=0.001316 learning_rate=5.414e-05 epoch=0.4907
2026-10-03T07:57:14Z step 470/938 loss=1.717e-05 grad_norm=0.001128 learning_rate=5.242e-05 epoch=0.5013
2026-10-03T07:57:42Z step 480/938 loss=0.0001332 grad_norm=0.001004 learning_rate=5.069e-05 epoch=0.512
2026-10-03T07:58:11Z step 490/938 loss=1.375e-05 grad_norm=0.0003602 learning_rate=4.896e-05 epoch=0.5227
2026-10-03T07:58:40Z step 500/938 loss=4.497e-05 grad_norm=0.05511 learning_rate=4.724e-05 epoch=0.5333
2026-10-03T07:59:07Z step 510/938 loss=8.132e-05 grad_norm=9.548e-05 learning_rate=4.552e-05 epoch=0.544
2026-10-03T07:59:37Z step 520/938 loss=8.827e-06 grad_norm=0.00111 learning_rate=4.38e-05 epoch=0.5547
2026-10-03T08:00:06Z step 530/938 loss=0.0002186 grad_norm=0.05994 learning_rate=4.209e-05 epoch=0.5653
2026-10-03T08:00:35Z step 540/938 loss=1.165e-05 grad_norm=0.0007873 learning_rate=4.039e-05 epoch=0.576
2026-10-03T08:01:05Z step 550/938 loss=7.391e-06 grad_norm=9.996e-05 learning_rate=3.871e-05 epoch=0.5867
2026-10-03T08:01:34Z step 560/938 loss=2.159e-05 grad_norm=0.001088 learning_rate=3.703e-05 epoch=0.5973
2026-10-03T08:02:04Z step 570/938 loss=1.63e-05 grad_norm=9.926e-05 learning_rate=3.537e-05 epoch=0.608
2026-10-03T08:02:33Z step 580/938 loss=2.133e-05 grad_norm=0.003548 learning_rate=3.373e-05 epoch=0.6187
2026-10-03T08:03:03Z step 590/938 loss=4.3e-06 grad_norm=0.0001029 learning_rate=3.211e-05 epoch=0.6293
2026-10-03T08:03:32Z step 600/938 loss=5.719e-06 grad_norm=0.0002058 learning_rate=3.051e-05 epoch=0.64
2026-10-03T08:04:01Z step 610/938 loss=7.053e-06 grad_norm=3.624e-05 learning_rate=2.893e-05 epoch=0.6507
2026-10-03T08:04:29Z step 620/938 loss=5.919e-06 grad_norm=3.708e-05 learning_rate=2.738e-05 epoch=0.6613
2026-10-03T08:04:59Z step 630/938 loss=5.845e-06 grad_norm=0.001414 learning_rate=2.585e-05 epoch=0.672
2026-10-03T08:05:29Z step 640/938 loss=0.0001088 grad_norm=0.0002666 learning_rate=2.436e-05 epoch=0.6827
2026-10-03T08:05:58Z step 650/938 loss=5.201e-06 grad_norm=4.572e-05 learning_rate=2.289e-05 epoch=0.6933
2026-10-03T08:06:27Z step 660/938 loss=4.69e-06 grad_norm=0.0001051 learning_rate=2.145e-05 epoch=0.704
2026-10-03T08:06:55Z step 670/938 loss=0.0002713 grad_norm=3.88e-05 learning_rate=2.005e-05 epoch=0.7147
2026-10-03T08:07:23Z step 680/938 loss=4.649e-06 grad_norm=0.000113 learning_rate=1.869e-05 epoch=0.7253
2026-10-03T08:07:52Z step 690/938 loss=2.009e-05 grad_norm=6.747e-05 learning_rate=1.736e-05 epoch=0.736
2026-10-03T08:08:21Z step 700/938 loss=1.003e-05 grad_norm=0.008214 learning_rate=1.608e-05 epoch=0.7467
2026-10-03T08:08:50Z step 710/938 loss=6.073e-06 grad_norm=7.237e-05 learning_rate=1.483e-05 epoch=0.7573
2026-10-03T08:09:19Z step 720/938 loss=9.85e-06 grad_norm=6.324e-05 learning_rate=1.362e-05 epoch=0.768
2026-10-03T08:09:48Z step 730/938 loss=5.164e-06 grad_norm=4.721e-05 learning_rate=1.246e-05 epoch=0.7787
2026-10-03T08:10:16Z step 740/938 loss=0.0004184 grad_norm=0.0001827 learning_rate=1.134e-05 epoch=0.7893
2026-10-03T08:10:44Z step 750/938 loss=1.159e-05 grad_norm=0.0002447 learning_rate=1.027e-05 epoch=0.8
2026-10-03T08:11:13Z step 760/938 loss=9.074e-06 grad_norm=4.461e-05 learning_rate=9.247e-06 epoch=0.8107
2026-10-03T08:11:42Z step 770/938 loss=5.199e-06 grad_norm=5.876e-05 learning_rate=8.271e-06 epoch=0.8213
2026-10-03T08:12:12Z step 780/938 loss=4.632e-06 grad_norm=8.753e-05 learning_rate=7.345e-06 epoch=0.832
2026-10-03T08:12:43Z step 790/938 loss=1.486e-05 grad_norm=0.000412 learning_rate=6.47e-06 epoch=0.8427
2026-10-03T08:13:12Z step 800/938 loss=4.494e-06 grad_norm=9.728e-05 learning_rate=5.647e-06 epoch=0.8533
2026-10-03T08:13:41Z step 810/938 loss=5.938e-06 grad_norm=8.433e-05 learning_rate=4.877e-06 epoch=0.864
2026-10-03T08:14:23Z step 820/938 loss=3.497e-06 grad_norm=0.0002216 learning_rate=4.16e-06 epoch=0.8747
2026-10-03T08:14:53Z step 830/938 loss=7.162e-06 grad_norm=4.709e-05 learning_rate=3.498e-06 epoch=0.8853
2026-10-03T08:15:21Z step 840/938 loss=8.816e-05 grad_norm=0.0001015 learning_rate=2.892e-06 epoch=0.896
2026-10-03T08:15:51Z step 850/938 loss=6.929e-06 grad_norm=5.403e-05 learning_rate=2.342e-06 epoch=0.9067
2026-10-03T08:16:19Z step 860/938 loss=1.179e-05 grad_norm=8.134e-05 learning_rate=1.848e-06 epoch=0.9173
2026-10-03T08:16:48Z step 870/938 loss=1.816e-05 grad_norm=0.0002043 learning_rate=1.412e-06 epoch=0.928
2026-10-03T08:17:17Z step 880/938 loss=5.626e-06 grad_norm=0.0001124 learning_rate=1.034e-06 epoch=0.9387
2026-10-03T08:17:46Z step 890/938 loss=3.491e-05 grad_norm=0.05065 learning_rate=7.137e-07 epoch=0.9493
2026-10-03T08:18:15Z step 900/938 loss=5.629e-06 grad_norm=0.001105 learning_rate=4.525e-07 epoch=0.96
2026-10-03T08:18:44Z step 910/938 loss=1.156e-05 grad_norm=4.331e-05 learning_rate=2.504e-07 epoch=0.9707
2026-10-03T08:19:14Z step 920/938 loss=1.185e-05 grad_norm=6.208e-05 learning_rate=1.075e-07 epoch=0.9813
2026-10-03T08:19:42Z step 930/938 loss=2.976e-05 grad_norm=3.026e-05 learning_rate=2.413e-08 epoch=0.992
2026-10-03T08:20:04Z step 938/938 train_runtime=2757 train_samples_per_second=21.77 train_steps_per_second=0.34 total_flos=1.253e+18 train_loss=0.005959 epoch=1
2026-10-03T08:20:09Z trained 938 steps in 46.0 min, 4730.5 tok/s, peak 25.52 GB
2026-10-03T08:20:10Z u path: fp32-hidden (max |u_fp32 - u_bf16logits| = 0.0252)
2026-10-03T08:20:11Z padding self-check: max |u_batch - u_single| = 0.1299 (tol 0.626) -> left padding
2026-10-03T08:21:40Z B-F-ledger2-blocks-s1 rule_v1/dev: TA 56.3 Rev 99.3 Hold 56.7 n=300 (90.5 s)
2026-10-03T08:22:19Z B-F-ledger2-blocks-s1 rule_v1/dev_missing: TA nan Rev nan Hold nan n=None (38.6 s)
2026-10-03T08:24:21Z B-F-ledger2-blocks-s1 rule_v1/missing: TA nan Rev nan Hold nan n=None (121.4 s)
2026-10-03T08:27:28Z generate: batch 25/28, 214764 tokens, 1152 tok/s
2026-10-03T08:29:44Z B-F-ledger2-blocks-s1 rule_v1/readapply: TA 61.4 Rev 99.9 Hold 61.4 n=1000 (322.9 s)
2026-10-03T08:33:29Z B-F-ledger2-blocks-s1 rule_v1/test_L0: TA 57.6 Rev 99.9 Hold 57.7 n=1000 (225.1 s)
2026-10-03T08:37:09Z B-F-ledger2-blocks-s1 rule_v1/test_L1: TA 55.5 Rev 99.0 Hold 56.1 n=1000 (218.8 s)
2026-10-03T08:40:42Z generate: batch 25/32, 224682 tokens, 1071 tok/s
2026-10-03T08:45:06Z B-F-ledger2-blocks-s1 rule_v1/test_L2: TA 59.5 Rev 99.5 Hold 59.7 n=2000 (476.6 s)
2026-10-03T08:48:33Z B-F-ledger2-blocks-s1 rule_v1/test_L3alt: TA 63.0 Rev 100.0 Hold 63.0 n=1000 (206.8 s)
2026-10-03T08:52:23Z B-F-ledger2-blocks-s1 rule_v1/test_L3inv: TA 52.0 Rev 99.3 Hold 52.3 n=1000 (230.3 s)
2026-10-03T08:56:35Z B-F-ledger2-blocks-s1 rule_v1/test_hard: TA 57.3 Rev 99.2 Hold 57.9 n=1000 (251.8 s)
2026-10-03T08:59:18Z B-F-ledger2-blocks-s1 xr_v1/test: TA nan Rev nan Hold nan n=None (162.4 s)
2026-10-03T08:59:18Z DONE B-F-ledger2-blocks-s1 in 85.6 min, GPU util mean 86.1
