2026-10-03T23:36:20Z step 10/938 loss=0.7971 grad_norm=8.767 learning_rate=3.214e-05 epoch=0.01067
2026-10-03T23:36:43Z step 20/938 loss=0.4754 grad_norm=2.965 learning_rate=6.786e-05 epoch=0.02133
2026-10-03T23:37:06Z step 30/938 loss=0.2935 grad_norm=8.757 learning_rate=0.0001 epoch=0.032
2026-10-03T23:37:30Z step 40/938 loss=0.1804 grad_norm=6.073 learning_rate=9.996e-05 epoch=0.04267
2026-10-03T23:37:53Z step 50/938 loss=0.1615 grad_norm=4.565 learning_rate=9.987e-05 epoch=0.05333
2026-10-03T23:38:16Z step 60/938 loss=0.1207 grad_norm=2.294 learning_rate=9.971e-05 epoch=0.064
2026-10-03T23:38:40Z step 70/938 loss=0.1776 grad_norm=2.016 learning_rate=9.95e-05 epoch=0.07467
2026-10-03T23:39:04Z step 80/938 loss=0.08292 grad_norm=5.64 learning_rate=9.923e-05 epoch=0.08533
2026-10-03T23:39:27Z step 90/938 loss=0.1456 grad_norm=2.554 learning_rate=9.89e-05 epoch=0.096
2026-10-03T23:39:50Z step 100/938 loss=0.05205 grad_norm=0.02 learning_rate=9.851e-05 epoch=0.1067
2026-10-03T23:40:13Z step 110/938 loss=0.0898 grad_norm=5.76 learning_rate=9.806e-05 epoch=0.1173
2026-10-03T23:40:36Z step 120/938 loss=0.07922 grad_norm=3.281 learning_rate=9.755e-05 epoch=0.128
2026-10-03T23:41:00Z step 130/938 loss=0.02368 grad_norm=0.001194 learning_rate=9.699e-05 epoch=0.1387
2026-10-03T23:41:23Z step 140/938 loss=0.1254 grad_norm=3.964 learning_rate=9.637e-05 epoch=0.1493
2026-10-03T23:41:46Z step 150/938 loss=0.09083 grad_norm=0.1525 learning_rate=9.57e-05 epoch=0.16
2026-10-03T23:42:09Z step 160/938 loss=0.1712 grad_norm=1.835 learning_rate=9.497e-05 epoch=0.1707
2026-10-03T23:42:32Z step 170/938 loss=0.52 grad_norm=1.401 learning_rate=9.419e-05 epoch=0.1813
2026-10-03T23:42:56Z step 180/938 loss=0.04642 grad_norm=2.918 learning_rate=9.336e-05 epoch=0.192
2026-10-03T23:43:18Z step 190/938 loss=0.1257 grad_norm=0.6279 learning_rate=9.247e-05 epoch=0.2027
2026-10-03T23:43:41Z step 200/938 loss=0.08216 grad_norm=5.229 learning_rate=9.154e-05 epoch=0.2133
2026-10-03T23:44:05Z step 210/938 loss=0.06343 grad_norm=2.06 learning_rate=9.055e-05 epoch=0.224
2026-10-03T23:44:28Z step 220/938 loss=0.06195 grad_norm=0.1438 learning_rate=8.952e-05 epoch=0.2347
2026-10-03T23:44:51Z step 230/938 loss=0.02779 grad_norm=0.316 learning_rate=8.844e-05 epoch=0.2453
2026-10-03T23:45:14Z step 240/938 loss=0.05598 grad_norm=0.09714 learning_rate=8.731e-05 epoch=0.256
2026-10-03T23:45:37Z step 250/938 loss=0.03824 grad_norm=0.1013 learning_rate=8.614e-05 epoch=0.2667
2026-10-03T23:46:00Z step 260/938 loss=0.0596 grad_norm=0.2734 learning_rate=8.493e-05 epoch=0.2773
2026-10-03T23:46:23Z step 270/938 loss=0.05339 grad_norm=1.22 learning_rate=8.367e-05 epoch=0.288
2026-10-03T23:46:46Z step 280/938 loss=0.05627 grad_norm=2.253 learning_rate=8.237e-05 epoch=0.2987
2026-10-03T23:47:09Z step 290/938 loss=0.02171 grad_norm=0.3211 learning_rate=8.104e-05 epoch=0.3093
2026-10-03T23:47:32Z step 300/938 loss=0.08236 grad_norm=0.9868 learning_rate=7.967e-05 epoch=0.32
2026-10-03T23:47:56Z step 310/938 loss=0.03103 grad_norm=0.001181 learning_rate=7.826e-05 epoch=0.3307
2026-10-03T23:48:19Z step 320/938 loss=0.04013 grad_norm=0.0018 learning_rate=7.682e-05 epoch=0.3413
2026-10-03T23:48:43Z step 330/938 loss=0.1004 grad_norm=0.9342 learning_rate=7.535e-05 epoch=0.352
2026-10-03T23:49:06Z step 340/938 loss=0.02905 grad_norm=0.09714 learning_rate=7.385e-05 epoch=0.3627
2026-10-03T23:49:29Z step 350/938 loss=0.01805 grad_norm=0.00616 learning_rate=7.231e-05 epoch=0.3733
2026-10-03T23:49:53Z step 360/938 loss=0.05388 grad_norm=0.2662 learning_rate=7.076e-05 epoch=0.384
2026-10-03T23:50:16Z step 370/938 loss=0.03983 grad_norm=0.3324 learning_rate=6.917e-05 epoch=0.3947
2026-10-03T23:50:39Z step 380/938 loss=0.0499 grad_norm=0.4897 learning_rate=6.757e-05 epoch=0.4053
2026-10-03T23:51:02Z step 390/938 loss=0.03535 grad_norm=0.2636 learning_rate=6.594e-05 epoch=0.416
2026-10-03T23:51:26Z step 400/938 loss=0.02416 grad_norm=0.679 learning_rate=6.43e-05 epoch=0.4267
2026-10-03T23:51:49Z step 410/938 loss=0.00508 grad_norm=0.001975 learning_rate=6.264e-05 epoch=0.4373
2026-10-03T23:52:13Z step 420/938 loss=0.02447 grad_norm=1.159 learning_rate=6.096e-05 epoch=0.448
2026-10-03T23:52:36Z step 430/938 loss=0.00867 grad_norm=0.002229 learning_rate=5.927e-05 epoch=0.4587
2026-10-03T23:52:59Z step 440/938 loss=0.01204 grad_norm=0.009426 learning_rate=5.757e-05 epoch=0.4693
2026-10-03T23:53:23Z step 450/938 loss=0.04752 grad_norm=0.03936 learning_rate=5.586e-05 epoch=0.48
2026-10-03T23:53:46Z step 460/938 loss=0.02339 grad_norm=0.00384 learning_rate=5.414e-05 epoch=0.4907
2026-10-03T23:54:10Z step 470/938 loss=0.01384 grad_norm=0.1999 learning_rate=5.242e-05 epoch=0.5013
2026-10-03T23:54:32Z step 480/938 loss=0.009753 grad_norm=0.2187 learning_rate=5.069e-05 epoch=0.512
2026-10-03T23:54:56Z step 490/938 loss=0.00882 grad_norm=0.007854 learning_rate=4.896e-05 epoch=0.5227
2026-10-03T23:55:19Z step 500/938 loss=0.008371 grad_norm=2.574 learning_rate=4.724e-05 epoch=0.5333
2026-10-03T23:55:42Z step 510/938 loss=0.0314 grad_norm=3.726 learning_rate=4.552e-05 epoch=0.544
2026-10-03T23:56:12Z step 520/938 loss=0.0154 grad_norm=0.1725 learning_rate=4.38e-05 epoch=0.5547
2026-10-03T23:56:35Z step 530/938 loss=0.02851 grad_norm=0.07871 learning_rate=4.209e-05 epoch=0.5653
2026-10-03T23:56:59Z step 540/938 loss=0.024 grad_norm=0.5491 learning_rate=4.039e-05 epoch=0.576
2026-10-03T23:57:22Z step 550/938 loss=0.008018 grad_norm=0.09111 learning_rate=3.871e-05 epoch=0.5867
2026-10-03T23:57:44Z step 560/938 loss=0.005145 grad_norm=0.009227 learning_rate=3.703e-05 epoch=0.5973
2026-10-03T23:58:07Z step 570/938 loss=0.01713 grad_norm=0.06846 learning_rate=3.537e-05 epoch=0.608
2026-10-03T23:58:30Z step 580/938 loss=0.01519 grad_norm=0.01055 learning_rate=3.373e-05 epoch=0.6187
2026-10-03T23:58:53Z step 590/938 loss=0.008003 grad_norm=0.01642 learning_rate=3.211e-05 epoch=0.6293
2026-10-03T23:59:16Z step 600/938 loss=0.001304 grad_norm=0.001139 learning_rate=3.051e-05 epoch=0.64
2026-10-03T23:59:39Z step 610/938 loss=0.008882 grad_norm=0.002559 learning_rate=2.893e-05 epoch=0.6507
2026-10-04T00:00:02Z step 620/938 loss=0.008607 grad_norm=0.01972 learning_rate=2.738e-05 epoch=0.6613
2026-10-04T00:00:25Z step 630/938 loss=0.003088 grad_norm=0.4124 learning_rate=2.585e-05 epoch=0.672
2026-10-04T00:00:48Z step 640/938 loss=0.001362 grad_norm=0.00152 learning_rate=2.436e-05 epoch=0.6827
2026-10-04T00:01:11Z step 650/938 loss=0.00185 grad_norm=0.828 learning_rate=2.289e-05 epoch=0.6933
2026-10-04T00:01:34Z step 660/938 loss=0.008826 grad_norm=0.001113 learning_rate=2.145e-05 epoch=0.704
2026-10-04T00:01:57Z step 670/938 loss=0.0001979 grad_norm=0.01063 learning_rate=2.005e-05 epoch=0.7147
2026-10-04T00:02:20Z step 680/938 loss=0.002286 grad_norm=0.00689 learning_rate=1.869e-05 epoch=0.7253
2026-10-04T00:02:44Z step 690/938 loss=0.0106 grad_norm=0.0004574 learning_rate=1.736e-05 epoch=0.736
2026-10-04T00:03:07Z step 700/938 loss=0.00985 grad_norm=0.0004051 learning_rate=1.608e-05 epoch=0.7467
2026-10-04T00:03:30Z step 710/938 loss=0.0006212 grad_norm=0.03571 learning_rate=1.483e-05 epoch=0.7573
2026-10-04T00:03:53Z step 720/938 loss=0.002708 grad_norm=0.3974 learning_rate=1.362e-05 epoch=0.768
2026-10-04T00:04:17Z step 730/938 loss=0.0004202 grad_norm=0.00123 learning_rate=1.246e-05 epoch=0.7787
2026-10-04T00:04:40Z step 740/938 loss=0.0001307 grad_norm=5.193e-05 learning_rate=1.134e-05 epoch=0.7893
2026-10-04T00:05:03Z step 750/938 loss=0.004055 grad_norm=0.0001125 learning_rate=1.027e-05 epoch=0.8
2026-10-04T00:05:26Z step 760/938 loss=0.0001581 grad_norm=0.0001265 learning_rate=9.247e-06 epoch=0.8107
2026-10-04T00:05:49Z step 770/938 loss=0.0001372 grad_norm=8e-05 learning_rate=8.271e-06 epoch=0.8213
2026-10-04T00:06:12Z step 780/938 loss=0.000145 grad_norm=5.337e-05 learning_rate=7.345e-06 epoch=0.832
2026-10-04T00:06:36Z step 790/938 loss=0.004352 grad_norm=0.0002091 learning_rate=6.47e-06 epoch=0.8427
2026-10-04T00:06:59Z step 800/938 loss=0.001974 grad_norm=0.005152 learning_rate=5.647e-06 epoch=0.8533
2026-10-04T00:07:22Z step 810/938 loss=0.001923 grad_norm=6.575e-05 learning_rate=4.877e-06 epoch=0.864
2026-10-04T00:07:45Z step 820/938 loss=0.003423 grad_norm=0.01564 learning_rate=4.16e-06 epoch=0.8747
2026-10-04T00:08:08Z step 830/938 loss=0.0006913 grad_norm=0.008641 learning_rate=3.498e-06 epoch=0.8853
2026-10-04T00:08:31Z step 840/938 loss=0.0001596 grad_norm=3.528e-05 learning_rate=2.892e-06 epoch=0.896
2026-10-04T00:08:54Z step 850/938 loss=0.0009303 grad_norm=0.8178 learning_rate=2.342e-06 epoch=0.9067
2026-10-04T00:09:16Z step 860/938 loss=0.0002022 grad_norm=0.0002525 learning_rate=1.848e-06 epoch=0.9173
2026-10-04T00:09:39Z step 870/938 loss=0.002207 grad_norm=0.0007704 learning_rate=1.412e-06 epoch=0.928
2026-10-04T00:10:01Z step 880/938 loss=0.0001469 grad_norm=0.002603 learning_rate=1.034e-06 epoch=0.9387
2026-10-04T00:10:24Z step 890/938 loss=0.006061 grad_norm=0.008367 learning_rate=7.137e-07 epoch=0.9493
2026-10-04T00:10:47Z step 900/938 loss=5.674e-05 grad_norm=3.692e-05 learning_rate=4.525e-07 epoch=0.96
2026-10-04T00:11:11Z step 910/938 loss=0.0001527 grad_norm=0.0004836 learning_rate=2.504e-07 epoch=0.9707
2026-10-04T00:11:34Z step 920/938 loss=0.01435 grad_norm=1.964 learning_rate=1.075e-07 epoch=0.9813
2026-10-04T00:11:57Z step 930/938 loss=0.0001006 grad_norm=0.0004373 learning_rate=2.413e-08 epoch=0.992
2026-10-04T00:12:15Z step 938/938 train_runtime=2179 train_samples_per_second=27.54 train_steps_per_second=0.431 total_flos=1.099e+18 train_loss=0.05564 epoch=1
2026-10-04T00:12:19Z trained 938 steps in 36.4 min, 6056.1 tok/s, peak 31.78 GB
2026-10-04T00:12:20Z u path: fp32-hidden (max |u_fp32 - u_bf16logits| = 0.1061)
2026-10-04T00:12:21Z padding self-check: max |u_batch - u_single| = 0.1975 (tol 0.998) -> left padding
2026-10-04T00:13:00Z B-LOKO-time-verdict-s1 rule_v1/dev: TA 93.3 Rev 100.0 Hold 93.3 n=300 (40.0 s)
2026-10-04T00:17:23Z B-LOKO-time-verdict-s1 rule_v1/test_L2: TA 85.2 Rev 91.6 Hold 92.6 n=2000 (263.4 s)
2026-10-04T00:18:25Z B-LOKO-time-verdict-s1 xr_v1/test: TA nan Rev nan Hold nan n=None (61.0 s)
2026-10-04T00:18:25Z DONE B-LOKO-time-verdict-s1 in 42.9 min, GPU util mean 98.3
