2026-10-03T15:27:35Z step 10/938 loss=1.741 grad_norm=4.331 learning_rate=3.214e-05 epoch=0.01067
2026-10-03T15:28:40Z step 20/938 loss=0.213 grad_norm=0.9502 learning_rate=6.786e-05 epoch=0.02133
2026-10-03T15:29:43Z step 30/938 loss=0.04755 grad_norm=1.475 learning_rate=0.0001 epoch=0.032
2026-10-03T15:30:46Z step 40/938 loss=0.01696 grad_norm=0.171 learning_rate=9.996e-05 epoch=0.04267
2026-10-03T15:31:49Z step 50/938 loss=0.008584 grad_norm=0.2722 learning_rate=9.987e-05 epoch=0.05333
2026-10-03T15:32:52Z step 60/938 loss=0.004683 grad_norm=0.006934 learning_rate=9.971e-05 epoch=0.064
2026-10-03T15:33:53Z step 70/938 loss=0.003155 grad_norm=0.05543 learning_rate=9.95e-05 epoch=0.07467
2026-10-03T15:34:57Z step 80/938 loss=0.001573 grad_norm=0.01709 learning_rate=9.923e-05 epoch=0.08533
2026-10-03T15:36:01Z step 90/938 loss=0.01174 grad_norm=0.1206 learning_rate=9.89e-05 epoch=0.096
2026-10-03T15:37:04Z step 100/938 loss=0.00531 grad_norm=0.2467 learning_rate=9.851e-05 epoch=0.1067
2026-10-03T15:38:08Z step 110/938 loss=0.001373 grad_norm=0.03125 learning_rate=9.806e-05 epoch=0.1173
2026-10-03T15:39:11Z step 120/938 loss=0.001674 grad_norm=0.07172 learning_rate=9.755e-05 epoch=0.128
2026-10-03T15:40:15Z step 130/938 loss=0.006144 grad_norm=0.6781 learning_rate=9.699e-05 epoch=0.1387
2026-10-03T15:41:19Z step 140/938 loss=0.02003 grad_norm=0.0539 learning_rate=9.637e-05 epoch=0.1493
2026-10-03T15:42:22Z step 150/938 loss=0.002225 grad_norm=0.05915 learning_rate=9.57e-05 epoch=0.16
2026-10-03T15:43:24Z step 160/938 loss=0.00128 grad_norm=0.00561 learning_rate=9.497e-05 epoch=0.1707
2026-10-03T15:44:27Z step 170/938 loss=0.004126 grad_norm=0.3751 learning_rate=9.419e-05 epoch=0.1813
2026-10-03T15:45:31Z step 180/938 loss=0.004571 grad_norm=0.01629 learning_rate=9.336e-05 epoch=0.192
2026-10-03T15:46:35Z step 190/938 loss=0.001358 grad_norm=0.004361 learning_rate=9.247e-05 epoch=0.2027
2026-10-03T15:48:13Z step 200/938 loss=0.003891 grad_norm=0.001292 learning_rate=9.154e-05 epoch=0.2133
2026-10-03T15:49:18Z step 210/938 loss=0.0001897 grad_norm=0.03295 learning_rate=9.055e-05 epoch=0.224
2026-10-03T15:50:23Z step 220/938 loss=0.0002527 grad_norm=0.1436 learning_rate=8.952e-05 epoch=0.2347
2026-10-03T15:51:26Z step 230/938 loss=0.000321 grad_norm=0.001495 learning_rate=8.844e-05 epoch=0.2453
2026-10-03T15:52:31Z step 240/938 loss=5.638e-05 grad_norm=0.0005924 learning_rate=8.731e-05 epoch=0.256
2026-10-03T15:53:34Z step 250/938 loss=2.741e-05 grad_norm=0.0004543 learning_rate=8.614e-05 epoch=0.2667
2026-10-03T15:54:38Z step 260/938 loss=2.49e-05 grad_norm=0.0002062 learning_rate=8.493e-05 epoch=0.2773
2026-10-03T15:55:40Z step 270/938 loss=6.15e-05 grad_norm=0.0001962 learning_rate=8.367e-05 epoch=0.288
2026-10-03T15:56:43Z step 280/938 loss=0.0001177 grad_norm=0.0005033 learning_rate=8.237e-05 epoch=0.2987
2026-10-03T15:57:45Z step 290/938 loss=0.0043 grad_norm=0.9223 learning_rate=8.104e-05 epoch=0.3093
2026-10-03T15:58:49Z step 300/938 loss=0.004495 grad_norm=0.00986 learning_rate=7.967e-05 epoch=0.32
2026-10-03T15:59:50Z step 310/938 loss=0.001298 grad_norm=0.002814 learning_rate=7.826e-05 epoch=0.3307
2026-10-03T16:00:54Z step 320/938 loss=0.000516 grad_norm=0.005319 learning_rate=7.682e-05 epoch=0.3413
2026-10-03T16:01:58Z step 330/938 loss=0.0008475 grad_norm=0.02609 learning_rate=7.535e-05 epoch=0.352
2026-10-03T16:03:02Z step 340/938 loss=0.00051 grad_norm=0.003767 learning_rate=7.385e-05 epoch=0.3627
2026-10-03T16:04:05Z step 350/938 loss=0.0002125 grad_norm=0.006592 learning_rate=7.231e-05 epoch=0.3733
2026-10-03T16:05:09Z step 360/938 loss=0.0001345 grad_norm=0.002145 learning_rate=7.076e-05 epoch=0.384
2026-10-03T16:06:12Z step 370/938 loss=7.829e-05 grad_norm=0.002371 learning_rate=6.917e-05 epoch=0.3947
2026-10-03T16:08:28Z step 380/938 loss=2.3e-05 grad_norm=0.0006209 learning_rate=6.757e-05 epoch=0.4053
2026-10-03T16:09:31Z step 390/938 loss=1.925e-05 grad_norm=0.0005493 learning_rate=6.594e-05 epoch=0.416
2026-10-03T16:10:34Z step 400/938 loss=1.371e-05 grad_norm=0.000104 learning_rate=6.43e-05 epoch=0.4267
2026-10-03T16:11:38Z step 410/938 loss=0.0001546 grad_norm=0.0005579 learning_rate=6.264e-05 epoch=0.4373
2026-10-03T16:12:38Z step 420/938 loss=2.381e-05 grad_norm=0.0115 learning_rate=6.096e-05 epoch=0.448
2026-10-03T16:13:41Z step 430/938 loss=1.255e-05 grad_norm=0.0009495 learning_rate=5.927e-05 epoch=0.4587
2026-10-03T16:14:44Z step 440/938 loss=1.38e-05 grad_norm=0.001038 learning_rate=5.757e-05 epoch=0.4693
2026-10-03T16:15:46Z step 450/938 loss=1.258e-05 grad_norm=0.005229 learning_rate=5.586e-05 epoch=0.48
2026-10-03T16:16:48Z step 460/938 loss=2.07e-05 grad_norm=0.000131 learning_rate=5.414e-05 epoch=0.4907
2026-10-03T16:17:53Z step 470/938 loss=1.268e-05 grad_norm=0.0001692 learning_rate=5.242e-05 epoch=0.5013
2026-10-03T16:18:57Z step 480/938 loss=0.0001717 grad_norm=0.138 learning_rate=5.069e-05 epoch=0.512
2026-10-03T16:20:00Z step 490/938 loss=3.032e-05 grad_norm=0.0001002 learning_rate=4.896e-05 epoch=0.5227
2026-10-03T16:21:02Z step 500/938 loss=0.0001321 grad_norm=0.0002106 learning_rate=4.724e-05 epoch=0.5333
2026-10-03T16:22:05Z step 510/938 loss=4.666e-05 grad_norm=0.000369 learning_rate=4.552e-05 epoch=0.544
2026-10-03T16:23:08Z step 520/938 loss=9.574e-06 grad_norm=0.0003018 learning_rate=4.38e-05 epoch=0.5547
2026-10-03T16:24:12Z step 530/938 loss=1.481e-05 grad_norm=0.0006032 learning_rate=4.209e-05 epoch=0.5653
2026-10-03T16:25:15Z step 540/938 loss=0.0001744 grad_norm=6.158e-05 learning_rate=4.039e-05 epoch=0.576
2026-10-03T16:26:19Z step 550/938 loss=1.436e-05 grad_norm=0.0002837 learning_rate=3.871e-05 epoch=0.5867
2026-10-03T16:27:56Z step 560/938 loss=0.001917 grad_norm=0.0003472 learning_rate=3.703e-05 epoch=0.5973
2026-10-03T16:28:59Z step 570/938 loss=0.00166 grad_norm=0.5828 learning_rate=3.537e-05 epoch=0.608
2026-10-03T16:30:03Z step 580/938 loss=4.912e-05 grad_norm=0.001416 learning_rate=3.373e-05 epoch=0.6187
2026-10-03T16:31:07Z step 590/938 loss=3.784e-05 grad_norm=0.007835 learning_rate=3.211e-05 epoch=0.6293
2026-10-03T16:32:09Z step 600/938 loss=3.264e-05 grad_norm=0.001676 learning_rate=3.051e-05 epoch=0.64
2026-10-03T16:33:11Z step 610/938 loss=3.414e-05 grad_norm=0.000882 learning_rate=2.893e-05 epoch=0.6507
2026-10-03T16:34:16Z step 620/938 loss=2.063e-05 grad_norm=0.0002662 learning_rate=2.738e-05 epoch=0.6613
2026-10-03T16:35:19Z step 630/938 loss=1.662e-05 grad_norm=0.0002427 learning_rate=2.585e-05 epoch=0.672
2026-10-03T16:36:21Z step 640/938 loss=2.489e-05 grad_norm=0.0002185 learning_rate=2.436e-05 epoch=0.6827
2026-10-03T16:37:26Z step 650/938 loss=0.0006116 grad_norm=0.0001479 learning_rate=2.289e-05 epoch=0.6933
2026-10-03T16:38:30Z step 660/938 loss=0.0001002 grad_norm=0.07089 learning_rate=2.145e-05 epoch=0.704
2026-10-03T16:39:34Z step 670/938 loss=1.766e-05 grad_norm=0.0003799 learning_rate=2.005e-05 epoch=0.7147
2026-10-03T16:40:39Z step 680/938 loss=1.028e-05 grad_norm=0.0001468 learning_rate=1.869e-05 epoch=0.7253
2026-10-03T16:41:44Z step 690/938 loss=1.462e-05 grad_norm=0.0003367 learning_rate=1.736e-05 epoch=0.736
2026-10-03T16:42:48Z step 700/938 loss=1.361e-05 grad_norm=0.0002438 learning_rate=1.608e-05 epoch=0.7467
2026-10-03T16:43:52Z step 710/938 loss=1.181e-05 grad_norm=0.0005012 learning_rate=1.483e-05 epoch=0.7573
2026-10-03T16:44:54Z step 720/938 loss=1.298e-05 grad_norm=0.0006409 learning_rate=1.362e-05 epoch=0.768
2026-10-03T16:46:00Z step 730/938 loss=1.347e-05 grad_norm=0.001731 learning_rate=1.246e-05 epoch=0.7787
2026-10-03T16:49:22Z step 740/938 loss=1.08e-05 grad_norm=0.002243 learning_rate=1.134e-05 epoch=0.7893
2026-10-03T16:50:25Z step 750/938 loss=0.0003044 grad_norm=0.04563 learning_rate=1.027e-05 epoch=0.8
2026-10-03T16:51:28Z step 760/938 loss=2.823e-05 grad_norm=0.02419 learning_rate=9.247e-06 epoch=0.8107
2026-10-03T16:52:31Z step 770/938 loss=1.711e-05 grad_norm=0.0002126 learning_rate=8.271e-06 epoch=0.8213
2026-10-03T16:53:35Z step 780/938 loss=1.095e-05 grad_norm=0.001193 learning_rate=7.345e-06 epoch=0.832
2026-10-03T16:54:37Z step 790/938 loss=9.866e-06 grad_norm=8.844e-05 learning_rate=6.47e-06 epoch=0.8427
2026-10-03T16:55:41Z step 800/938 loss=1.201e-05 grad_norm=0.0007223 learning_rate=5.647e-06 epoch=0.8533
2026-10-03T16:56:47Z step 810/938 loss=1.258e-05 grad_norm=0.0006323 learning_rate=4.877e-06 epoch=0.864
2026-10-03T16:57:51Z step 820/938 loss=9.647e-06 grad_norm=0.0001308 learning_rate=4.16e-06 epoch=0.8747
2026-10-03T16:58:53Z step 830/938 loss=2.723e-05 grad_norm=0.000471 learning_rate=3.498e-06 epoch=0.8853
2026-10-03T16:59:58Z step 840/938 loss=7.865e-06 grad_norm=0.0001113 learning_rate=2.892e-06 epoch=0.896
2026-10-03T17:00:59Z step 850/938 loss=8.607e-06 grad_norm=0.0001243 learning_rate=2.342e-06 epoch=0.9067
2026-10-03T17:02:04Z step 860/938 loss=0.0002234 grad_norm=9.383e-05 learning_rate=1.848e-06 epoch=0.9173
2026-10-03T17:03:05Z step 870/938 loss=8.777e-06 grad_norm=0.0002059 learning_rate=1.412e-06 epoch=0.928
2026-10-03T17:04:15Z step 880/938 loss=9.971e-06 grad_norm=0.0001243 learning_rate=1.034e-06 epoch=0.9387
2026-10-03T17:05:20Z step 890/938 loss=9.263e-06 grad_norm=0.0001991 learning_rate=7.137e-07 epoch=0.9493
2026-10-03T17:06:23Z step 900/938 loss=9.102e-06 grad_norm=0.0001749 learning_rate=4.525e-07 epoch=0.96
2026-10-03T17:08:02Z step 910/938 loss=3.101e-05 grad_norm=8.13e-05 learning_rate=2.504e-07 epoch=0.9707
2026-10-03T17:09:07Z step 920/938 loss=9.109e-06 grad_norm=0.001124 learning_rate=1.075e-07 epoch=0.9813
2026-10-03T17:10:11Z step 930/938 loss=8.596e-06 grad_norm=0.0001016 learning_rate=2.413e-08 epoch=0.992
2026-10-03T17:10:59Z step 938/938 train_runtime=6267 train_samples_per_second=9.573 train_steps_per_second=0.15 total_flos=1.256e+18 train_loss=0.0226 epoch=1
2026-10-03T17:12:07Z trained 938 steps in 104.5 min, 2082.2 tok/s, peak 35.03 GB
2026-10-03T17:12:12Z u path: fp32-hidden (max |u_fp32 - u_bf16logits| = 0.0324)
2026-10-03T17:12:13Z padding self-check: max |u_batch - u_single| = 0.0844 (tol 0.626) -> left padding
2026-10-03T17:14:07Z B-AB-probe-rw-s0 rule_v1/dev: TA 51.0 Rev 99.0 Hold 51.3 n=300 (117.8 s)
2026-10-03T17:19:08Z generate: batch 25/32, 224789 tokens, 811 tok/s
2026-10-03T17:27:24Z B-AB-probe-rw-s0 rule_v1/test_L2: TA 55.3 Rev 98.6 Hold 56.0 n=2000 (797.2 s)
2026-10-03T17:31:41Z B-AB-probe-rw-s0 xr_v1/test: TA nan Rev nan Hold nan n=None (256.1 s)
2026-10-03T17:31:43Z DONE B-AB-probe-rw-s0 in 125.7 min, GPU util mean 93.3
