2026-10-10T04:54:47Z step 10/938 loss=0.8873 grad_norm=1.123 learning_rate=3.214e-05 epoch=0.01067
2026-10-10T04:55:14Z step 20/938 loss=0.1749 grad_norm=0.6233 learning_rate=6.786e-05 epoch=0.02133
2026-10-10T04:55:41Z step 30/938 loss=0.04947 grad_norm=0.2808 learning_rate=0.0001 epoch=0.032
2026-10-10T04:56:09Z step 40/938 loss=0.02166 grad_norm=0.1585 learning_rate=9.996e-05 epoch=0.04267
2026-10-10T04:56:36Z step 50/938 loss=0.02196 grad_norm=0.07892 learning_rate=9.987e-05 epoch=0.05333
2026-10-10T04:57:03Z step 60/938 loss=0.01876 grad_norm=2.108 learning_rate=9.971e-05 epoch=0.064
2026-10-10T04:57:30Z step 70/938 loss=0.01562 grad_norm=0.1215 learning_rate=9.95e-05 epoch=0.07467
2026-10-10T04:57:57Z step 80/938 loss=0.02431 grad_norm=0.1076 learning_rate=9.923e-05 epoch=0.08533
2026-10-10T04:58:25Z step 90/938 loss=0.02561 grad_norm=0.05004 learning_rate=9.89e-05 epoch=0.096
2026-10-10T04:58:52Z step 100/938 loss=0.01659 grad_norm=0.1357 learning_rate=9.851e-05 epoch=0.1067
2026-10-10T04:59:19Z step 110/938 loss=0.02028 grad_norm=0.08074 learning_rate=9.806e-05 epoch=0.1173
2026-10-10T04:59:46Z step 120/938 loss=0.01521 grad_norm=0.05836 learning_rate=9.755e-05 epoch=0.128
2026-10-10T05:00:12Z step 130/938 loss=0.01889 grad_norm=0.06184 learning_rate=9.699e-05 epoch=0.1387
2026-10-10T05:00:39Z step 140/938 loss=0.01911 grad_norm=0.05384 learning_rate=9.637e-05 epoch=0.1493
2026-10-10T05:01:06Z step 150/938 loss=0.01679 grad_norm=0.002789 learning_rate=9.57e-05 epoch=0.16
2026-10-10T05:01:33Z step 160/938 loss=0.03089 grad_norm=0.04433 learning_rate=9.497e-05 epoch=0.1707
2026-10-10T05:02:01Z step 170/938 loss=0.01685 grad_norm=0.03174 learning_rate=9.419e-05 epoch=0.1813
2026-10-10T05:02:28Z step 180/938 loss=0.01518 grad_norm=0.03583 learning_rate=9.336e-05 epoch=0.192
2026-10-10T05:02:54Z step 190/938 loss=0.0135 grad_norm=0.001696 learning_rate=9.247e-05 epoch=0.2027
2026-10-10T05:03:21Z step 200/938 loss=0.01829 grad_norm=0.03326 learning_rate=9.154e-05 epoch=0.2133
2026-10-10T05:03:47Z step 210/938 loss=0.02005 grad_norm=0.0763 learning_rate=9.055e-05 epoch=0.224
2026-10-10T05:04:15Z step 220/938 loss=0.02014 grad_norm=0.1246 learning_rate=8.952e-05 epoch=0.2347
2026-10-10T05:04:42Z step 230/938 loss=0.02154 grad_norm=0.007835 learning_rate=8.844e-05 epoch=0.2453
2026-10-10T05:05:09Z step 240/938 loss=0.01807 grad_norm=0.1305 learning_rate=8.731e-05 epoch=0.256
2026-10-10T05:05:36Z step 250/938 loss=0.02516 grad_norm=0.05964 learning_rate=8.614e-05 epoch=0.2667
2026-10-10T05:06:03Z step 260/938 loss=0.01637 grad_norm=0.01512 learning_rate=8.493e-05 epoch=0.2773
2026-10-10T05:06:30Z step 270/938 loss=0.02246 grad_norm=0.04402 learning_rate=8.367e-05 epoch=0.288
2026-10-10T05:06:56Z step 280/938 loss=0.01508 grad_norm=0.0171 learning_rate=8.237e-05 epoch=0.2987
2026-10-10T05:07:24Z step 290/938 loss=0.01421 grad_norm=0.02281 learning_rate=8.104e-05 epoch=0.3093
2026-10-10T05:07:50Z step 300/938 loss=0.01916 grad_norm=0.05964 learning_rate=7.967e-05 epoch=0.32
2026-10-10T05:08:17Z step 310/938 loss=0.01765 grad_norm=0.06687 learning_rate=7.826e-05 epoch=0.3307
2026-10-10T05:08:46Z step 320/938 loss=0.026 grad_norm=0.03263 learning_rate=7.682e-05 epoch=0.3413
2026-10-10T05:09:14Z step 330/938 loss=0.01507 grad_norm=0.09594 learning_rate=7.535e-05 epoch=0.352
2026-10-10T05:09:41Z step 340/938 loss=0.01381 grad_norm=0.0009815 learning_rate=7.385e-05 epoch=0.3627
2026-10-10T05:10:08Z step 350/938 loss=0.01898 grad_norm=0.0342 learning_rate=7.231e-05 epoch=0.3733
2026-10-10T05:10:36Z step 360/938 loss=0.01387 grad_norm=0.0571 learning_rate=7.076e-05 epoch=0.384
2026-10-10T05:11:03Z step 370/938 loss=0.02424 grad_norm=0.02511 learning_rate=6.917e-05 epoch=0.3947
2026-10-10T05:11:30Z step 380/938 loss=0.0131 grad_norm=0.04609 learning_rate=6.757e-05 epoch=0.4053
2026-10-10T05:14:39Z step 390/938 loss=0.0135 grad_norm=0.02659 learning_rate=6.594e-05 epoch=0.416
2026-10-10T05:15:06Z step 400/938 loss=0.01882 grad_norm=0.0458 learning_rate=6.43e-05 epoch=0.4267
2026-10-10T05:15:33Z step 410/938 loss=0.01494 grad_norm=0.05314 learning_rate=6.264e-05 epoch=0.4373
2026-10-10T05:16:00Z step 420/938 loss=0.02068 grad_norm=0.1477 learning_rate=6.096e-05 epoch=0.448
2026-10-10T05:16:27Z step 430/938 loss=0.01321 grad_norm=0.04812 learning_rate=5.927e-05 epoch=0.4587
2026-10-10T05:16:54Z step 440/938 loss=0.01411 grad_norm=0.06807 learning_rate=5.757e-05 epoch=0.4693
2026-10-10T05:17:21Z step 450/938 loss=0.0203 grad_norm=0.000416 learning_rate=5.586e-05 epoch=0.48
2026-10-10T05:17:48Z step 460/938 loss=0.02317 grad_norm=0.08635 learning_rate=5.414e-05 epoch=0.4907
2026-10-10T05:18:15Z step 470/938 loss=0.01384 grad_norm=0.09193 learning_rate=5.242e-05 epoch=0.5013
2026-10-10T05:18:41Z step 480/938 loss=0.01161 grad_norm=0.06473 learning_rate=5.069e-05 epoch=0.512
2026-10-10T05:19:08Z step 490/938 loss=0.01697 grad_norm=0.07138 learning_rate=4.896e-05 epoch=0.5227
2026-10-10T05:19:35Z step 500/938 loss=0.0173 grad_norm=0.004486 learning_rate=4.724e-05 epoch=0.5333
2026-10-10T05:20:02Z step 510/938 loss=0.02239 grad_norm=0.08078 learning_rate=4.552e-05 epoch=0.544
2026-10-10T05:20:29Z step 520/938 loss=0.02 grad_norm=0.0595 learning_rate=4.38e-05 epoch=0.5547
2026-10-10T05:20:57Z step 530/938 loss=0.01729 grad_norm=0.06837 learning_rate=4.209e-05 epoch=0.5653
2026-10-10T05:21:25Z step 540/938 loss=0.01242 grad_norm=0.0519 learning_rate=4.039e-05 epoch=0.576
2026-10-10T05:21:51Z step 550/938 loss=0.0102 grad_norm=0.04917 learning_rate=3.871e-05 epoch=0.5867
2026-10-10T05:22:19Z step 560/938 loss=0.01775 grad_norm=0.07139 learning_rate=3.703e-05 epoch=0.5973
2026-10-10T05:22:46Z step 570/938 loss=0.01578 grad_norm=0.1402 learning_rate=3.537e-05 epoch=0.608
2026-10-10T05:23:12Z step 580/938 loss=0.01197 grad_norm=0.06608 learning_rate=3.373e-05 epoch=0.6187
2026-10-10T05:23:39Z step 590/938 loss=0.01451 grad_norm=0.05538 learning_rate=3.211e-05 epoch=0.6293
2026-10-10T05:24:07Z step 600/938 loss=0.01734 grad_norm=0.08588 learning_rate=3.051e-05 epoch=0.64
2026-10-10T05:24:34Z step 610/938 loss=0.01185 grad_norm=0.06787 learning_rate=2.893e-05 epoch=0.6507
2026-10-10T05:25:01Z step 620/938 loss=0.01115 grad_norm=0.0004005 learning_rate=2.738e-05 epoch=0.6613
2026-10-10T05:25:28Z step 630/938 loss=0.00989 grad_norm=0.03822 learning_rate=2.585e-05 epoch=0.672
2026-10-10T05:25:55Z step 640/938 loss=0.01583 grad_norm=0.07298 learning_rate=2.436e-05 epoch=0.6827
2026-10-10T05:26:23Z step 650/938 loss=0.01291 grad_norm=0.04913 learning_rate=2.289e-05 epoch=0.6933
2026-10-10T05:26:50Z step 660/938 loss=0.00832 grad_norm=0.08487 learning_rate=2.145e-05 epoch=0.704
2026-10-10T05:27:16Z step 670/938 loss=0.01748 grad_norm=0.06366 learning_rate=2.005e-05 epoch=0.7147
2026-10-10T05:27:43Z step 680/938 loss=0.01268 grad_norm=0.08463 learning_rate=1.869e-05 epoch=0.7253
2026-10-10T05:28:11Z step 690/938 loss=0.00976 grad_norm=0.07004 learning_rate=1.736e-05 epoch=0.736
2026-10-10T05:28:38Z step 700/938 loss=0.01099 grad_norm=0.2167 learning_rate=1.608e-05 epoch=0.7467
2026-10-10T05:29:05Z step 710/938 loss=0.01524 grad_norm=0.08364 learning_rate=1.483e-05 epoch=0.7573
2026-10-10T05:29:33Z step 720/938 loss=0.01033 grad_norm=0.0003853 learning_rate=1.362e-05 epoch=0.768
2026-10-10T05:30:00Z step 730/938 loss=0.008073 grad_norm=0.06335 learning_rate=1.246e-05 epoch=0.7787
2026-10-10T05:30:26Z step 740/938 loss=0.01608 grad_norm=0.1147 learning_rate=1.134e-05 epoch=0.7893
2026-10-10T05:30:53Z step 750/938 loss=0.009503 grad_norm=0.09507 learning_rate=1.027e-05 epoch=0.8
2026-10-10T05:31:20Z step 760/938 loss=0.01111 grad_norm=0.1121 learning_rate=9.247e-06 epoch=0.8107
2026-10-10T05:34:22Z step 770/938 loss=0.01574 grad_norm=0.1035 learning_rate=8.271e-06 epoch=0.8213
2026-10-10T05:34:49Z step 780/938 loss=0.02128 grad_norm=0.0892 learning_rate=7.345e-06 epoch=0.832
2026-10-10T05:35:16Z step 790/938 loss=0.01004 grad_norm=0.003724 learning_rate=6.47e-06 epoch=0.8427
2026-10-10T05:35:43Z step 800/938 loss=0.009536 grad_norm=0.06809 learning_rate=5.647e-06 epoch=0.8533
2026-10-10T05:36:10Z step 810/938 loss=0.01396 grad_norm=0.1196 learning_rate=4.877e-06 epoch=0.864
2026-10-10T05:36:37Z step 820/938 loss=0.01217 grad_norm=0.07424 learning_rate=4.16e-06 epoch=0.8747
2026-10-10T05:37:04Z step 830/938 loss=0.01038 grad_norm=0.06537 learning_rate=3.498e-06 epoch=0.8853
2026-10-10T05:37:31Z step 840/938 loss=0.01025 grad_norm=0.1137 learning_rate=2.892e-06 epoch=0.896
2026-10-10T05:37:58Z step 850/938 loss=0.007946 grad_norm=0.06156 learning_rate=2.342e-06 epoch=0.9067
2026-10-10T05:38:25Z step 860/938 loss=0.01315 grad_norm=0.16 learning_rate=1.848e-06 epoch=0.9173
2026-10-10T05:38:52Z step 870/938 loss=0.01162 grad_norm=0.0002736 learning_rate=1.412e-06 epoch=0.928
2026-10-10T05:39:19Z step 880/938 loss=0.0104 grad_norm=0.07296 learning_rate=1.034e-06 epoch=0.9387
2026-10-10T05:39:46Z step 890/938 loss=0.01055 grad_norm=0.1412 learning_rate=7.137e-07 epoch=0.9493
2026-10-10T05:40:13Z step 900/938 loss=0.008017 grad_norm=0.04895 learning_rate=4.525e-07 epoch=0.96
2026-10-10T05:40:41Z step 910/938 loss=0.01067 grad_norm=0.08131 learning_rate=2.504e-07 epoch=0.9707
2026-10-10T05:41:08Z step 920/938 loss=0.01409 grad_norm=0.09892 learning_rate=1.075e-07 epoch=0.9813
2026-10-10T05:41:35Z step 930/938 loss=0.006481 grad_norm=0.06988 learning_rate=2.413e-08 epoch=0.992
2026-10-10T05:41:56Z step 938/938 train_runtime=3025 train_samples_per_second=19.83 train_steps_per_second=0.31 total_flos=1.277e+18 train_loss=0.02695 epoch=1
2026-10-10T05:42:45Z trained 938 steps in 50.4 min, 5123.8 tok/s, peak 23.78 GB
2026-10-10T05:43:02Z u path: fp32-hidden (max |u_fp32 - u_bf16logits| = 0.0129)
2026-10-10T05:43:04Z padding self-check: max |u_batch - u_single| = 0.1712 (tol 0.643) -> left padding
2026-10-10T05:44:32Z B-V2-reader-blocks-s0 rule_v2/dev: TA 66.0 Rev 99.7 Hold 66.3 n=300 (106.1 s)
2026-10-10T05:47:24Z generate: batch 25/32, 276316 tokens, 1659 tok/s
2026-10-10T05:51:48Z B-V2-reader-blocks-s0 rule_v2/test_L2: TA 59.4 Rev 99.5 Hold 59.9 n=2000 (435.4 s)
2026-10-10T05:54:37Z generate: batch 25/32, 260618 tokens, 1573 tok/s
2026-10-10T05:58:54Z B-V2-reader-blocks-s0 rule_v1/test_L2: TA 78.0 Rev 98.6 Hold 79.4 n=2000 (425.0 s)
2026-10-10T06:01:11Z B-V2-reader-blocks-s0 xr_v1/test: TA nan Rev nan Hold nan n=None (136.5 s)
2026-10-10T06:02:00Z B-V2-reader-blocks-s0 cls_v1/dev: TA 19.0 Rev 99.7 Hold 19.0 n=300 (48.2 s)
2026-10-10T06:05:04Z B-V2-reader-blocks-s0 cls_v1/test: TA 14.4 Rev 99.9 Hold 14.4 n=1200 (184.2 s)
2026-10-10T06:05:05Z DONE B-V2-reader-blocks-s0 in 73.9 min, GPU util mean 82.2
