2026-10-03T23:25:14Z step 10/938 loss=0.4548 grad_norm=0.8548 learning_rate=3.214e-05 epoch=0.01067
2026-10-03T23:25:41Z step 20/938 loss=0.06425 grad_norm=0.341 learning_rate=6.786e-05 epoch=0.02133
2026-10-03T23:26:08Z step 30/938 loss=0.01265 grad_norm=0.4548 learning_rate=0.0001 epoch=0.032
2026-10-03T23:26:35Z step 40/938 loss=0.007535 grad_norm=0.3135 learning_rate=9.996e-05 epoch=0.04267
2026-10-03T23:27:02Z step 50/938 loss=0.003138 grad_norm=0.03806 learning_rate=9.987e-05 epoch=0.05333
2026-10-03T23:27:29Z step 60/938 loss=0.0006467 grad_norm=0.008456 learning_rate=9.971e-05 epoch=0.064
2026-10-03T23:27:57Z step 70/938 loss=0.00084 grad_norm=0.01008 learning_rate=9.95e-05 epoch=0.07467
2026-10-03T23:28:24Z step 80/938 loss=0.001079 grad_norm=0.05807 learning_rate=9.923e-05 epoch=0.08533
2026-10-03T23:28:50Z step 90/938 loss=0.0008252 grad_norm=0.02353 learning_rate=9.89e-05 epoch=0.096
2026-10-03T23:29:17Z step 100/938 loss=0.0004235 grad_norm=0.004011 learning_rate=9.851e-05 epoch=0.1067
2026-10-03T23:29:44Z step 110/938 loss=0.0008454 grad_norm=0.01161 learning_rate=9.806e-05 epoch=0.1173
2026-10-03T23:30:11Z step 120/938 loss=0.002557 grad_norm=0.06304 learning_rate=9.755e-05 epoch=0.128
2026-10-03T23:30:39Z step 130/938 loss=0.0003965 grad_norm=0.008803 learning_rate=9.699e-05 epoch=0.1387
2026-10-03T23:31:06Z step 140/938 loss=0.0005241 grad_norm=0.06687 learning_rate=9.637e-05 epoch=0.1493
2026-10-03T23:31:33Z step 150/938 loss=0.001514 grad_norm=0.1462 learning_rate=9.57e-05 epoch=0.16
2026-10-03T23:32:00Z step 160/938 loss=0.001591 grad_norm=0.02619 learning_rate=9.497e-05 epoch=0.1707
2026-10-03T23:32:27Z step 170/938 loss=0.003009 grad_norm=0.003319 learning_rate=9.419e-05 epoch=0.1813
2026-10-03T23:32:55Z step 180/938 loss=0.0002695 grad_norm=0.002327 learning_rate=9.336e-05 epoch=0.192
2026-10-03T23:33:22Z step 190/938 loss=0.0001044 grad_norm=0.004467 learning_rate=9.247e-05 epoch=0.2027
2026-10-03T23:33:48Z step 200/938 loss=0.0007849 grad_norm=0.07998 learning_rate=9.154e-05 epoch=0.2133
2026-10-03T23:34:15Z step 210/938 loss=0.0002965 grad_norm=0.003144 learning_rate=9.055e-05 epoch=0.224
2026-10-03T23:34:42Z step 220/938 loss=0.0001893 grad_norm=0.0009061 learning_rate=8.952e-05 epoch=0.2347
2026-10-03T23:35:09Z step 230/938 loss=0.002473 grad_norm=0.02251 learning_rate=8.844e-05 epoch=0.2453
2026-10-03T23:35:36Z step 240/938 loss=0.0007603 grad_norm=0.1279 learning_rate=8.731e-05 epoch=0.256
2026-10-03T23:36:03Z step 250/938 loss=0.0001069 grad_norm=0.005476 learning_rate=8.614e-05 epoch=0.2667
2026-10-03T23:36:30Z step 260/938 loss=0.0009108 grad_norm=0.001849 learning_rate=8.493e-05 epoch=0.2773
2026-10-03T23:36:58Z step 270/938 loss=0.0006089 grad_norm=0.1224 learning_rate=8.367e-05 epoch=0.288
2026-10-03T23:37:25Z step 280/938 loss=4.636e-05 grad_norm=0.002141 learning_rate=8.237e-05 epoch=0.2987
2026-10-03T23:37:52Z step 290/938 loss=0.0001482 grad_norm=0.0006867 learning_rate=8.104e-05 epoch=0.3093
2026-10-03T23:38:19Z step 300/938 loss=0.0002124 grad_norm=0.1796 learning_rate=7.967e-05 epoch=0.32
2026-10-03T23:38:47Z step 310/938 loss=7.226e-05 grad_norm=0.02053 learning_rate=7.826e-05 epoch=0.3307
2026-10-03T23:39:14Z step 320/938 loss=0.0007022 grad_norm=0.04957 learning_rate=7.682e-05 epoch=0.3413
2026-10-03T23:39:41Z step 330/938 loss=0.0002969 grad_norm=0.0009876 learning_rate=7.535e-05 epoch=0.352
2026-10-03T23:40:09Z step 340/938 loss=9.653e-05 grad_norm=0.0008491 learning_rate=7.385e-05 epoch=0.3627
2026-10-03T23:40:36Z step 350/938 loss=7.077e-05 grad_norm=0.0002157 learning_rate=7.231e-05 epoch=0.3733
2026-10-03T23:41:03Z step 360/938 loss=0.0001162 grad_norm=0.0005358 learning_rate=7.076e-05 epoch=0.384
2026-10-03T23:41:30Z step 370/938 loss=1.46e-05 grad_norm=0.0002212 learning_rate=6.917e-05 epoch=0.3947
2026-10-03T23:41:58Z step 380/938 loss=2.95e-05 grad_norm=9.189e-05 learning_rate=6.757e-05 epoch=0.4053
2026-10-03T23:42:30Z step 390/938 loss=1.81e-05 grad_norm=0.0002066 learning_rate=6.594e-05 epoch=0.416
2026-10-03T23:42:57Z step 400/938 loss=4.171e-05 grad_norm=0.001469 learning_rate=6.43e-05 epoch=0.4267
2026-10-03T23:43:24Z step 410/938 loss=4.274e-05 grad_norm=0.0004555 learning_rate=6.264e-05 epoch=0.4373
2026-10-03T23:43:52Z step 420/938 loss=8.002e-05 grad_norm=0.001241 learning_rate=6.096e-05 epoch=0.448
2026-10-03T23:44:20Z step 430/938 loss=1.815e-05 grad_norm=0.0001628 learning_rate=5.927e-05 epoch=0.4587
2026-10-03T23:44:47Z step 440/938 loss=2.497e-05 grad_norm=0.0003721 learning_rate=5.757e-05 epoch=0.4693
2026-10-03T23:45:13Z step 450/938 loss=0.0002245 grad_norm=0.06202 learning_rate=5.586e-05 epoch=0.48
2026-10-03T23:45:40Z step 460/938 loss=0.0005251 grad_norm=0.004379 learning_rate=5.414e-05 epoch=0.4907
2026-10-03T23:46:07Z step 470/938 loss=0.0002915 grad_norm=0.0004759 learning_rate=5.242e-05 epoch=0.5013
2026-10-03T23:46:35Z step 480/938 loss=0.0001123 grad_norm=0.0002579 learning_rate=5.069e-05 epoch=0.512
2026-10-03T23:47:02Z step 490/938 loss=4.799e-05 grad_norm=0.0006512 learning_rate=4.896e-05 epoch=0.5227
2026-10-03T23:47:30Z step 500/938 loss=1.045e-05 grad_norm=0.00119 learning_rate=4.724e-05 epoch=0.5333
2026-10-03T23:47:57Z step 510/938 loss=1.193e-05 grad_norm=0.0001803 learning_rate=4.552e-05 epoch=0.544
2026-10-03T23:48:24Z step 520/938 loss=2.14e-05 grad_norm=0.0003791 learning_rate=4.38e-05 epoch=0.5547
2026-10-03T23:48:51Z step 530/938 loss=1.092e-05 grad_norm=0.000125 learning_rate=4.209e-05 epoch=0.5653
2026-10-03T23:49:18Z step 540/938 loss=4.872e-05 grad_norm=0.002076 learning_rate=4.039e-05 epoch=0.576
2026-10-03T23:49:45Z step 550/938 loss=4.795e-06 grad_norm=0.0001657 learning_rate=3.871e-05 epoch=0.5867
2026-10-03T23:50:12Z step 560/938 loss=6.6e-06 grad_norm=0.0001326 learning_rate=3.703e-05 epoch=0.5973
2026-10-03T23:50:39Z step 570/938 loss=6.893e-06 grad_norm=0.0001532 learning_rate=3.537e-05 epoch=0.608
2026-10-03T23:51:06Z step 580/938 loss=0.0002516 grad_norm=0.0003364 learning_rate=3.373e-05 epoch=0.6187
2026-10-03T23:51:33Z step 590/938 loss=4.649e-06 grad_norm=0.0002065 learning_rate=3.211e-05 epoch=0.6293
2026-10-03T23:52:00Z step 600/938 loss=9.802e-06 grad_norm=0.001624 learning_rate=3.051e-05 epoch=0.64
2026-10-03T23:52:28Z step 610/938 loss=8.56e-06 grad_norm=8.069e-05 learning_rate=2.893e-05 epoch=0.6507
2026-10-03T23:52:54Z step 620/938 loss=8.304e-06 grad_norm=0.0009463 learning_rate=2.738e-05 epoch=0.6613
2026-10-03T23:53:21Z step 630/938 loss=0.001543 grad_norm=0.0001736 learning_rate=2.585e-05 epoch=0.672
2026-10-03T23:53:49Z step 640/938 loss=2.165e-05 grad_norm=0.02667 learning_rate=2.436e-05 epoch=0.6827
2026-10-03T23:54:16Z step 650/938 loss=2.618e-05 grad_norm=0.0004265 learning_rate=2.289e-05 epoch=0.6933
2026-10-03T23:54:43Z step 660/938 loss=1.513e-05 grad_norm=0.0009917 learning_rate=2.145e-05 epoch=0.704
2026-10-03T23:55:10Z step 670/938 loss=0.0001863 grad_norm=0.0003988 learning_rate=2.005e-05 epoch=0.7147
2026-10-03T23:55:38Z step 680/938 loss=2.241e-05 grad_norm=0.01773 learning_rate=1.869e-05 epoch=0.7253
2026-10-03T23:56:05Z step 690/938 loss=7.645e-05 grad_norm=0.0003944 learning_rate=1.736e-05 epoch=0.736
2026-10-03T23:56:32Z step 700/938 loss=2.428e-05 grad_norm=0.0001408 learning_rate=1.608e-05 epoch=0.7467
2026-10-03T23:56:59Z step 710/938 loss=4.189e-05 grad_norm=0.01408 learning_rate=1.483e-05 epoch=0.7573
2026-10-03T23:57:26Z step 720/938 loss=0.0001776 grad_norm=0.001832 learning_rate=1.362e-05 epoch=0.768
2026-10-03T23:57:53Z step 730/938 loss=5.397e-05 grad_norm=6.053e-05 learning_rate=1.246e-05 epoch=0.7787
2026-10-03T23:58:20Z step 740/938 loss=9.331e-06 grad_norm=0.0001465 learning_rate=1.134e-05 epoch=0.7893
2026-10-03T23:58:47Z step 750/938 loss=1.171e-05 grad_norm=0.0001208 learning_rate=1.027e-05 epoch=0.8
2026-10-03T23:59:14Z step 760/938 loss=4.529e-05 grad_norm=0.002721 learning_rate=9.247e-06 epoch=0.8107
2026-10-03T23:59:42Z step 770/938 loss=7.782e-06 grad_norm=0.0001676 learning_rate=8.271e-06 epoch=0.8213
2026-10-04T00:00:09Z step 780/938 loss=6.909e-06 grad_norm=0.0001069 learning_rate=7.345e-06 epoch=0.832
2026-10-04T00:00:36Z step 790/938 loss=1.174e-05 grad_norm=0.001987 learning_rate=6.47e-06 epoch=0.8427
2026-10-04T00:01:03Z step 800/938 loss=7.631e-06 grad_norm=0.0003243 learning_rate=5.647e-06 epoch=0.8533
2026-10-04T00:01:30Z step 810/938 loss=6.787e-06 grad_norm=0.0001533 learning_rate=4.877e-06 epoch=0.864
2026-10-04T00:01:57Z step 820/938 loss=8.732e-06 grad_norm=0.0007878 learning_rate=4.16e-06 epoch=0.8747
2026-10-04T00:02:29Z step 830/938 loss=7.728e-06 grad_norm=0.0004803 learning_rate=3.498e-06 epoch=0.8853
2026-10-04T00:02:56Z step 840/938 loss=6.071e-06 grad_norm=0.0008146 learning_rate=2.892e-06 epoch=0.896
2026-10-04T00:03:23Z step 850/938 loss=4.828e-05 grad_norm=0.0002449 learning_rate=2.342e-06 epoch=0.9067
2026-10-04T00:03:51Z step 860/938 loss=8.455e-06 grad_norm=0.0001977 learning_rate=1.848e-06 epoch=0.9173
2026-10-04T00:04:18Z step 870/938 loss=7.553e-06 grad_norm=0.0001305 learning_rate=1.412e-06 epoch=0.928
2026-10-04T00:04:45Z step 880/938 loss=1.288e-05 grad_norm=9.692e-05 learning_rate=1.034e-06 epoch=0.9387
2026-10-04T00:05:12Z step 890/938 loss=6.963e-06 grad_norm=0.0004842 learning_rate=7.137e-07 epoch=0.9493
2026-10-04T00:05:39Z step 900/938 loss=5.814e-06 grad_norm=0.0001461 learning_rate=4.525e-07 epoch=0.96
2026-10-04T00:06:07Z step 910/938 loss=6.8e-06 grad_norm=0.0001283 learning_rate=2.504e-07 epoch=0.9707
2026-10-04T00:06:33Z step 920/938 loss=1.015e-05 grad_norm=0.0007731 learning_rate=1.075e-07 epoch=0.9813
2026-10-04T00:07:01Z step 930/938 loss=7.064e-06 grad_norm=0.0001843 learning_rate=2.413e-08 epoch=0.992
2026-10-04T00:07:21Z step 938/938 train_runtime=2710 train_samples_per_second=22.14 train_steps_per_second=0.346 total_flos=1.293e+18 train_loss=0.006069 epoch=1
2026-10-04T00:07:26Z trained 938 steps in 45.2 min, 6126.3 tok/s, peak 24.03 GB
2026-10-04T00:07:42Z u path: fp32-hidden (max |u_fp32 - u_bf16logits| = 0.0084)
2026-10-04T00:07:43Z padding self-check: max |u_batch - u_single| = 0.0564 (tol 0.623) -> left padding
2026-10-04T00:09:25Z B-LC-ledger2-triplets-s2 rule_v1/dev: TA 99.7 Rev 99.7 Hold 100.0 n=300 (118.1 s)
2026-10-04T00:11:48Z generate: batch 25/32, 224957 tokens, 1588 tok/s
2026-10-04T00:17:51Z B-LC-ledger2-triplets-s2 rule_v1/test_L2: TA 99.0 Rev 99.0 Hold 100.0 n=2000 (506.1 s)
2026-10-04T00:20:22Z B-LC-ledger2-triplets-s2 xr_v1/test: TA nan Rev nan Hold nan n=None (151.0 s)
2026-10-04T00:20:23Z DONE B-LC-ledger2-triplets-s2 in 58.5 min, GPU util mean 91.6
