2026-10-02T10:17:52Z step 10/353 loss=0.08329 grad_norm=0.01956 learning_rate=8.182e-05 epoch=0.02833
2026-10-02T10:18:21Z step 20/353 loss=0.03147 grad_norm=0.03543 learning_rate=9.987e-05 epoch=0.05666
2026-10-02T10:18:50Z step 30/353 loss=0.0002227 grad_norm=0.0003312 learning_rate=9.932e-05 epoch=0.08499
2026-10-02T10:19:18Z step 40/353 loss=0.006253 grad_norm=1.907 learning_rate=9.836e-05 epoch=0.1133
2026-10-02T10:19:47Z step 50/353 loss=0.01235 grad_norm=0.03708 learning_rate=9.698e-05 epoch=0.1416
2026-10-02T10:20:16Z step 60/353 loss=0.001152 grad_norm=0.0009904 learning_rate=9.522e-05 epoch=0.17
2026-10-02T10:20:45Z step 70/353 loss=0.001632 grad_norm=0.000389 learning_rate=9.307e-05 epoch=0.1983
2026-10-02T10:21:13Z step 80/353 loss=0.007884 grad_norm=0.0004388 learning_rate=9.056e-05 epoch=0.2266
2026-10-02T10:21:42Z step 90/353 loss=0.0005152 grad_norm=0.0002009 learning_rate=8.771e-05 epoch=0.255
2026-10-02T10:22:11Z step 100/353 loss=0.0003597 grad_norm=0.0001538 learning_rate=8.453e-05 epoch=0.2833
2026-10-02T10:22:40Z step 110/353 loss=5.613e-05 grad_norm=0.0001054 learning_rate=8.107e-05 epoch=0.3116
2026-10-02T10:23:09Z step 120/353 loss=3.144e-06 grad_norm=9.684e-05 learning_rate=7.735e-05 epoch=0.3399
2026-10-02T10:23:38Z step 130/353 loss=3.088e-06 grad_norm=9.823e-05 learning_rate=7.339e-05 epoch=0.3683
2026-10-02T10:24:07Z step 140/353 loss=2.386e-06 grad_norm=6.528e-05 learning_rate=6.924e-05 epoch=0.3966
2026-10-02T10:24:36Z step 150/353 loss=1.526e-05 grad_norm=5.495e-05 learning_rate=6.493e-05 epoch=0.4249
2026-10-02T10:25:05Z step 160/353 loss=3.649e-06 grad_norm=4.187e-05 learning_rate=6.049e-05 epoch=0.4533
2026-10-02T10:25:34Z step 170/353 loss=3.328e-06 grad_norm=4.331e-05 learning_rate=5.596e-05 epoch=0.4816
2026-10-02T10:26:03Z step 180/353 loss=1.597e-06 grad_norm=4.573e-05 learning_rate=5.138e-05 epoch=0.5099
2026-10-02T10:26:31Z step 190/353 loss=1.528e-06 grad_norm=4.078e-05 learning_rate=4.679e-05 epoch=0.5382
2026-10-02T10:27:00Z step 200/353 loss=7.72e-06 grad_norm=4.246e-05 learning_rate=4.222e-05 epoch=0.5666
2026-10-02T10:27:30Z step 210/353 loss=1.507e-06 grad_norm=3.771e-05 learning_rate=3.773e-05 epoch=0.5949
2026-10-02T10:27:58Z step 220/353 loss=1.402e-06 grad_norm=4.464e-05 learning_rate=3.333e-05 epoch=0.6232
2026-10-02T10:28:28Z step 230/353 loss=1.214e-06 grad_norm=3.567e-05 learning_rate=2.908e-05 epoch=0.6516
2026-10-02T10:28:57Z step 240/353 loss=1.231e-06 grad_norm=4.939e-05 learning_rate=2.5e-05 epoch=0.6799
2026-10-02T10:29:26Z step 250/353 loss=1.176e-06 grad_norm=3.582e-05 learning_rate=2.113e-05 epoch=0.7082
2026-10-02T10:29:55Z step 260/353 loss=1.09e-06 grad_norm=3.807e-05 learning_rate=1.751e-05 epoch=0.7365
2026-10-02T10:30:24Z step 270/353 loss=1.105e-06 grad_norm=3.443e-05 learning_rate=1.416e-05 epoch=0.7649
2026-10-02T10:30:53Z step 280/353 loss=1.041e-06 grad_norm=2.628e-05 learning_rate=1.111e-05 epoch=0.7932
2026-10-02T10:31:22Z step 290/353 loss=1.071e-06 grad_norm=2.952e-05 learning_rate=8.395e-06 epoch=0.8215
2026-10-02T10:31:51Z step 300/353 loss=1.048e-06 grad_norm=3.656e-05 learning_rate=6.026e-06 epoch=0.8499
2026-10-02T10:32:19Z step 310/353 loss=1.108e-06 grad_norm=6.876e-05 learning_rate=4.029e-06 epoch=0.8782
2026-10-02T10:32:48Z step 320/353 loss=1.111e-06 grad_norm=3.191e-05 learning_rate=2.419e-06 epoch=0.9065
2026-10-02T10:33:17Z step 330/353 loss=9.971e-07 grad_norm=2.658e-05 learning_rate=1.21e-06 epoch=0.9348
2026-10-02T10:33:46Z step 340/353 loss=2.856e-06 grad_norm=2.871e-05 learning_rate=4.129e-07 epoch=0.9632
2026-10-02T10:34:15Z step 350/353 loss=1.144e-06 grad_norm=3.105e-05 learning_rate=3.375e-08 epoch=0.9915
2026-10-02T10:34:32Z step 353/353 train_runtime=1155 train_samples_per_second=19.55 train_steps_per_second=0.306 total_flos=2.008e+17 train_loss=0.004115 epoch=1
2026-10-02T10:35:02Z trained 353 steps in 19.3 min, 2604.6 tok/s, peak 20.58 GB
2026-10-02T10:35:13Z u path: fp32-hidden (max |u_fp32 - u_bf16logits| = 0.0637)
2026-10-02T10:35:13Z padding self-check: max |u_batch - u_single| = 0.0963 (tol 0.287) -> left padding
2026-10-02T10:35:58Z B-C0-smoke-verdict-triplets-s0 smoke_v2/dev_seen_rules: TA 97.3 Rev 100.0 Hold 97.3 n=300 (55.4 s)
2026-10-02T10:37:36Z B-C0-smoke-verdict-triplets-s0 smoke_v2/test_heldout_rules: TA 100.0 Rev 100.0 Hold 100.0 n=600 (97.9 s)
2026-10-02T10:37:38Z DONE B-C0-smoke-verdict-triplets-s0 in 22.7 min, GPU util mean 85.7
