2026-10-03T23:44:59Z step 10/938 loss=9.575 grad_norm=8.138 learning_rate=3.214e-05 epoch=0.01067
2026-10-03T23:45:24Z step 20/938 loss=2.902 grad_norm=6.201 learning_rate=6.786e-05 epoch=0.02133
2026-10-03T23:45:48Z step 30/938 loss=0.175 grad_norm=1.261 learning_rate=0.0001 epoch=0.032
2026-10-03T23:46:12Z step 40/938 loss=0.03389 grad_norm=0.233 learning_rate=9.996e-05 epoch=0.04267
2026-10-03T23:46:36Z step 50/938 loss=0.03143 grad_norm=0.5033 learning_rate=9.987e-05 epoch=0.05333
2026-10-03T23:47:00Z step 60/938 loss=0.02043 grad_norm=0.5229 learning_rate=9.971e-05 epoch=0.064
2026-10-03T23:47:23Z step 70/938 loss=0.002734 grad_norm=0.0611 learning_rate=9.95e-05 epoch=0.07467
2026-10-03T23:47:47Z step 80/938 loss=0.01249 grad_norm=0.05186 learning_rate=9.923e-05 epoch=0.08533
2026-10-03T23:48:11Z step 90/938 loss=0.001611 grad_norm=0.05461 learning_rate=9.89e-05 epoch=0.096
2026-10-03T23:48:36Z step 100/938 loss=0.003047 grad_norm=0.005451 learning_rate=9.851e-05 epoch=0.1067
2026-10-03T23:49:00Z step 110/938 loss=0.0002401 grad_norm=0.003476 learning_rate=9.806e-05 epoch=0.1173
2026-10-03T23:49:23Z step 120/938 loss=0.00017 grad_norm=0.001321 learning_rate=9.755e-05 epoch=0.128
2026-10-03T23:49:47Z step 130/938 loss=7.299e-05 grad_norm=0.001155 learning_rate=9.699e-05 epoch=0.1387
2026-10-03T23:50:11Z step 140/938 loss=5.288e-05 grad_norm=0.001436 learning_rate=9.637e-05 epoch=0.1493
2026-10-03T23:50:34Z step 150/938 loss=2.735e-05 grad_norm=0.001024 learning_rate=9.57e-05 epoch=0.16
2026-10-03T23:50:57Z step 160/938 loss=4.954e-05 grad_norm=0.0003297 learning_rate=9.497e-05 epoch=0.1707
2026-10-03T23:51:22Z step 170/938 loss=0.0004551 grad_norm=0.0008669 learning_rate=9.419e-05 epoch=0.1813
2026-10-03T23:51:46Z step 180/938 loss=0.001592 grad_norm=0.003467 learning_rate=9.336e-05 epoch=0.192
2026-10-03T23:52:10Z step 190/938 loss=0.01123 grad_norm=0.2678 learning_rate=9.247e-05 epoch=0.2027
2026-10-03T23:52:34Z step 200/938 loss=0.002014 grad_norm=0.07664 learning_rate=9.154e-05 epoch=0.2133
2026-10-03T23:52:59Z step 210/938 loss=0.0002767 grad_norm=0.000675 learning_rate=9.055e-05 epoch=0.224
2026-10-03T23:53:23Z step 220/938 loss=4.429e-05 grad_norm=0.0003813 learning_rate=8.952e-05 epoch=0.2347
2026-10-03T23:53:46Z step 230/938 loss=0.0009674 grad_norm=0.002254 learning_rate=8.844e-05 epoch=0.2453
2026-10-03T23:54:09Z step 240/938 loss=0.001882 grad_norm=0.0006894 learning_rate=8.731e-05 epoch=0.256
2026-10-03T23:54:33Z step 250/938 loss=0.0009456 grad_norm=0.001836 learning_rate=8.614e-05 epoch=0.2667
2026-10-03T23:54:57Z step 260/938 loss=0.0008376 grad_norm=0.0004292 learning_rate=8.493e-05 epoch=0.2773
2026-10-03T23:55:21Z step 270/938 loss=0.007809 grad_norm=0.04785 learning_rate=8.367e-05 epoch=0.288
2026-10-03T23:55:45Z step 280/938 loss=0.003316 grad_norm=4.843 learning_rate=8.237e-05 epoch=0.2987
2026-10-03T23:56:08Z step 290/938 loss=0.0006153 grad_norm=0.002555 learning_rate=8.104e-05 epoch=0.3093
2026-10-03T23:56:32Z step 300/938 loss=0.001545 grad_norm=0.005172 learning_rate=7.967e-05 epoch=0.32
2026-10-03T23:56:56Z step 310/938 loss=0.00535 grad_norm=0.07089 learning_rate=7.826e-05 epoch=0.3307
2026-10-03T23:57:20Z step 320/938 loss=0.0004288 grad_norm=0.005917 learning_rate=7.682e-05 epoch=0.3413
2026-10-03T23:57:44Z step 330/938 loss=0.0001142 grad_norm=0.002121 learning_rate=7.535e-05 epoch=0.352
2026-10-03T23:58:07Z step 340/938 loss=0.004531 grad_norm=0.001462 learning_rate=7.385e-05 epoch=0.3627
2026-10-03T23:58:31Z step 350/938 loss=0.0004152 grad_norm=0.00238 learning_rate=7.231e-05 epoch=0.3733
2026-10-03T23:58:56Z step 360/938 loss=0.0002296 grad_norm=0.001601 learning_rate=7.076e-05 epoch=0.384
2026-10-03T23:59:19Z step 370/938 loss=0.0001311 grad_norm=0.02038 learning_rate=6.917e-05 epoch=0.3947
2026-10-03T23:59:43Z step 380/938 loss=6.714e-05 grad_norm=0.0019 learning_rate=6.757e-05 epoch=0.4053
2026-10-04T00:00:06Z step 390/938 loss=0.001918 grad_norm=0.3195 learning_rate=6.594e-05 epoch=0.416
2026-10-04T00:00:31Z step 400/938 loss=0.0006709 grad_norm=0.03947 learning_rate=6.43e-05 epoch=0.4267
2026-10-04T00:00:55Z step 410/938 loss=0.002149 grad_norm=0.2307 learning_rate=6.264e-05 epoch=0.4373
2026-10-04T00:01:18Z step 420/938 loss=0.0004534 grad_norm=0.007542 learning_rate=6.096e-05 epoch=0.448
2026-10-04T00:01:43Z step 430/938 loss=0.003491 grad_norm=0.009503 learning_rate=5.927e-05 epoch=0.4587
2026-10-04T00:02:07Z step 440/938 loss=0.0008265 grad_norm=0.008209 learning_rate=5.757e-05 epoch=0.4693
2026-10-04T00:02:31Z step 450/938 loss=0.0001337 grad_norm=0.0007426 learning_rate=5.586e-05 epoch=0.48
2026-10-04T00:02:55Z step 460/938 loss=0.002791 grad_norm=0.002284 learning_rate=5.414e-05 epoch=0.4907
2026-10-04T00:03:19Z step 470/938 loss=0.0001234 grad_norm=0.004316 learning_rate=5.242e-05 epoch=0.5013
2026-10-04T00:03:43Z step 480/938 loss=0.00031 grad_norm=0.00578 learning_rate=5.069e-05 epoch=0.512
2026-10-04T00:04:07Z step 490/938 loss=0.0001062 grad_norm=0.00115 learning_rate=4.896e-05 epoch=0.5227
2026-10-04T00:04:30Z step 500/938 loss=0.002588 grad_norm=0.0005539 learning_rate=4.724e-05 epoch=0.5333
2026-10-04T00:05:00Z step 510/938 loss=0.0001989 grad_norm=0.0004621 learning_rate=4.552e-05 epoch=0.544
2026-10-04T00:05:24Z step 520/938 loss=9.279e-05 grad_norm=0.0003689 learning_rate=4.38e-05 epoch=0.5547
2026-10-04T00:05:48Z step 530/938 loss=4.634e-05 grad_norm=0.0003004 learning_rate=4.209e-05 epoch=0.5653
2026-10-04T00:06:13Z step 540/938 loss=3.829e-05 grad_norm=0.001208 learning_rate=4.039e-05 epoch=0.576
2026-10-04T00:06:37Z step 550/938 loss=0.003325 grad_norm=0.6018 learning_rate=3.871e-05 epoch=0.5867
2026-10-04T00:07:01Z step 560/938 loss=0.0007667 grad_norm=0.04427 learning_rate=3.703e-05 epoch=0.5973
2026-10-04T00:07:25Z step 570/938 loss=0.000468 grad_norm=0.004377 learning_rate=3.537e-05 epoch=0.608
2026-10-04T00:07:49Z step 580/938 loss=4.947e-05 grad_norm=0.001881 learning_rate=3.373e-05 epoch=0.6187
2026-10-04T00:08:13Z step 590/938 loss=3.36e-05 grad_norm=0.001225 learning_rate=3.211e-05 epoch=0.6293
2026-10-04T00:08:36Z step 600/938 loss=5.842e-05 grad_norm=0.0007243 learning_rate=3.051e-05 epoch=0.64
2026-10-04T00:09:00Z step 610/938 loss=2.805e-05 grad_norm=0.0002764 learning_rate=2.893e-05 epoch=0.6507
2026-10-04T00:09:24Z step 620/938 loss=0.0002544 grad_norm=0.0005977 learning_rate=2.738e-05 epoch=0.6613
2026-10-04T00:09:48Z step 630/938 loss=7.8e-05 grad_norm=0.0001952 learning_rate=2.585e-05 epoch=0.672
2026-10-04T00:10:13Z step 640/938 loss=0.0004185 grad_norm=0.0002609 learning_rate=2.436e-05 epoch=0.6827
2026-10-04T00:10:37Z step 650/938 loss=0.0001313 grad_norm=0.000517 learning_rate=2.289e-05 epoch=0.6933
2026-10-04T00:11:01Z step 660/938 loss=1.96e-05 grad_norm=0.0009194 learning_rate=2.145e-05 epoch=0.704
2026-10-04T00:11:25Z step 670/938 loss=2.245e-05 grad_norm=0.0003802 learning_rate=2.005e-05 epoch=0.7147
2026-10-04T00:11:48Z step 680/938 loss=3.244e-05 grad_norm=0.0001402 learning_rate=1.869e-05 epoch=0.7253
2026-10-04T00:12:12Z step 690/938 loss=5.287e-05 grad_norm=0.0005148 learning_rate=1.736e-05 epoch=0.736
2026-10-04T00:12:36Z step 700/938 loss=2.216e-05 grad_norm=0.0008572 learning_rate=1.608e-05 epoch=0.7467
2026-10-04T00:12:59Z step 710/938 loss=1.337e-05 grad_norm=0.0004895 learning_rate=1.483e-05 epoch=0.7573
2026-10-04T00:13:24Z step 720/938 loss=2.991e-05 grad_norm=0.0001389 learning_rate=1.362e-05 epoch=0.768
2026-10-04T00:13:48Z step 730/938 loss=2.758e-05 grad_norm=0.0002394 learning_rate=1.246e-05 epoch=0.7787
2026-10-04T00:14:12Z step 740/938 loss=2.143e-05 grad_norm=0.0001911 learning_rate=1.134e-05 epoch=0.7893
2026-10-04T00:14:36Z step 750/938 loss=1.534e-05 grad_norm=0.0002043 learning_rate=1.027e-05 epoch=0.8
2026-10-04T00:14:59Z step 760/938 loss=1.862e-05 grad_norm=0.0002507 learning_rate=9.247e-06 epoch=0.8107
2026-10-04T00:15:23Z step 770/938 loss=1.865e-05 grad_norm=0.0003804 learning_rate=8.271e-06 epoch=0.8213
2026-10-04T00:15:47Z step 780/938 loss=0.0008809 grad_norm=0.0009437 learning_rate=7.345e-06 epoch=0.832
2026-10-04T00:16:12Z step 790/938 loss=2.668e-05 grad_norm=0.0001594 learning_rate=6.47e-06 epoch=0.8427
2026-10-04T00:16:35Z step 800/938 loss=3.447e-05 grad_norm=0.000349 learning_rate=5.647e-06 epoch=0.8533
2026-10-04T00:16:58Z step 810/938 loss=1.641e-05 grad_norm=0.0003113 learning_rate=4.877e-06 epoch=0.864
2026-10-04T00:17:22Z step 820/938 loss=1.777e-05 grad_norm=0.0001617 learning_rate=4.16e-06 epoch=0.8747
2026-10-04T00:17:46Z step 830/938 loss=4.3e-05 grad_norm=0.0007705 learning_rate=3.498e-06 epoch=0.8853
2026-10-04T00:18:10Z step 840/938 loss=1.586e-05 grad_norm=0.0001885 learning_rate=2.892e-06 epoch=0.896
2026-10-04T00:18:34Z step 850/938 loss=3.042e-05 grad_norm=0.001366 learning_rate=2.342e-06 epoch=0.9067
2026-10-04T00:18:58Z step 860/938 loss=1.53e-05 grad_norm=0.0004331 learning_rate=1.848e-06 epoch=0.9173
2026-10-04T00:19:22Z step 870/938 loss=1.312e-05 grad_norm=0.0002353 learning_rate=1.412e-06 epoch=0.928
2026-10-04T00:19:46Z step 880/938 loss=2.849e-05 grad_norm=0.002719 learning_rate=1.034e-06 epoch=0.9387
2026-10-04T00:20:10Z step 890/938 loss=1.291e-05 grad_norm=0.0002017 learning_rate=7.137e-07 epoch=0.9493
2026-10-04T00:20:34Z step 900/938 loss=5.787e-05 grad_norm=0.0001989 learning_rate=4.525e-07 epoch=0.96
2026-10-04T00:20:57Z step 910/938 loss=1.335e-05 grad_norm=0.0001703 learning_rate=2.504e-07 epoch=0.9707
2026-10-04T00:21:21Z step 920/938 loss=6.979e-05 grad_norm=0.0001842 learning_rate=1.075e-07 epoch=0.9813
2026-10-04T00:21:46Z step 930/938 loss=1.633e-05 grad_norm=0.000574 learning_rate=2.413e-08 epoch=0.992
2026-10-04T00:22:04Z step 938/938 train_runtime=2250 train_samples_per_second=26.67 train_steps_per_second=0.417 total_flos=1.148e+18 train_loss=0.1367 epoch=1
2026-10-04T00:22:08Z trained 938 steps in 37.5 min, 5296.8 tok/s, peak 32.89 GB
2026-10-04T00:22:10Z u path: fp32-hidden (max |u_fp32 - u_bf16logits| = 0.0482)
2026-10-04T00:22:10Z padding self-check: max |u_batch - u_single| = 0.0379 (tol 0.631) -> left padding
2026-10-04T00:23:02Z B-LOKO-time-summary2-s1 rule_v1/dev: TA 93.3 Rev 99.0 Hold 94.3 n=300 (53.0 s)
2026-10-04T00:24:59Z generate: batch 25/32, 200025 tokens, 1741 tok/s
2026-10-04T00:28:48Z B-LOKO-time-summary2-s1 rule_v1/test_L2: TA 92.9 Rev 98.3 Hold 94.6 n=2000 (345.5 s)
2026-10-04T00:30:41Z B-LOKO-time-summary2-s1 xr_v1/test: TA nan Rev nan Hold nan n=None (113.3 s)
2026-10-04T00:30:42Z DONE B-LOKO-time-summary2-s1 in 46.5 min, GPU util mean 96.8
