2026-10-03T08:44:07Z step 10/938 loss=1.87 grad_norm=3.03 learning_rate=3.214e-05 epoch=0.01067
2026-10-03T08:44:36Z step 20/938 loss=0.1724 grad_norm=1.965 learning_rate=6.786e-05 epoch=0.02133
2026-10-03T08:45:05Z step 30/938 loss=0.04585 grad_norm=0.2616 learning_rate=0.0001 epoch=0.032
2026-10-03T08:45:37Z step 40/938 loss=0.01952 grad_norm=0.5031 learning_rate=9.996e-05 epoch=0.04267
2026-10-03T08:46:07Z step 50/938 loss=0.01145 grad_norm=0.06005 learning_rate=9.987e-05 epoch=0.05333
2026-10-03T08:46:36Z step 60/938 loss=0.006663 grad_norm=0.0578 learning_rate=9.971e-05 epoch=0.064
2026-10-03T08:47:07Z step 70/938 loss=0.002486 grad_norm=0.1164 learning_rate=9.95e-05 epoch=0.07467
2026-10-03T08:47:36Z step 80/938 loss=0.009892 grad_norm=0.04455 learning_rate=9.923e-05 epoch=0.08533
2026-10-03T08:48:06Z step 90/938 loss=0.002615 grad_norm=0.02349 learning_rate=9.89e-05 epoch=0.096
2026-10-03T08:48:37Z step 100/938 loss=0.001305 grad_norm=0.0022 learning_rate=9.851e-05 epoch=0.1067
2026-10-03T08:49:06Z step 110/938 loss=0.0003206 grad_norm=0.0004704 learning_rate=9.806e-05 epoch=0.1173
2026-10-03T08:49:35Z step 120/938 loss=0.004807 grad_norm=0.4647 learning_rate=9.755e-05 epoch=0.128
2026-10-03T08:50:06Z step 130/938 loss=0.001092 grad_norm=0.1694 learning_rate=9.699e-05 epoch=0.1387
2026-10-03T08:50:36Z step 140/938 loss=0.00317 grad_norm=0.43 learning_rate=9.637e-05 epoch=0.1493
2026-10-03T08:51:05Z step 150/938 loss=0.002664 grad_norm=0.05319 learning_rate=9.57e-05 epoch=0.16
2026-10-03T08:51:35Z step 160/938 loss=0.001465 grad_norm=0.001161 learning_rate=9.497e-05 epoch=0.1707
2026-10-03T08:52:06Z step 170/938 loss=0.0007451 grad_norm=0.2777 learning_rate=9.419e-05 epoch=0.1813
2026-10-03T08:52:35Z step 180/938 loss=0.002265 grad_norm=0.002599 learning_rate=9.336e-05 epoch=0.192
2026-10-03T08:53:05Z step 190/938 loss=0.002104 grad_norm=0.00683 learning_rate=9.247e-05 epoch=0.2027
2026-10-03T08:53:36Z step 200/938 loss=0.0006369 grad_norm=0.09611 learning_rate=9.154e-05 epoch=0.2133
2026-10-03T08:54:06Z step 210/938 loss=0.000108 grad_norm=0.03625 learning_rate=9.055e-05 epoch=0.224
2026-10-03T08:54:35Z step 220/938 loss=0.001136 grad_norm=0.007318 learning_rate=8.952e-05 epoch=0.2347
2026-10-03T08:55:05Z step 230/938 loss=0.002498 grad_norm=0.02078 learning_rate=8.844e-05 epoch=0.2453
2026-10-03T08:55:35Z step 240/938 loss=0.0001856 grad_norm=0.04534 learning_rate=8.731e-05 epoch=0.256
2026-10-03T08:56:05Z step 250/938 loss=8.794e-05 grad_norm=0.0003098 learning_rate=8.614e-05 epoch=0.2667
2026-10-03T08:56:37Z step 260/938 loss=0.001391 grad_norm=0.004992 learning_rate=8.493e-05 epoch=0.2773
2026-10-03T08:57:06Z step 270/938 loss=0.006884 grad_norm=0.02682 learning_rate=8.367e-05 epoch=0.288
2026-10-03T08:57:35Z step 280/938 loss=0.003866 grad_norm=0.04523 learning_rate=8.237e-05 epoch=0.2987
2026-10-03T08:58:05Z step 290/938 loss=0.001224 grad_norm=0.2579 learning_rate=8.104e-05 epoch=0.3093
2026-10-03T08:58:35Z step 300/938 loss=0.0003981 grad_norm=0.003315 learning_rate=7.967e-05 epoch=0.32
2026-10-03T08:59:05Z step 310/938 loss=0.0001366 grad_norm=0.0003214 learning_rate=7.826e-05 epoch=0.3307
2026-10-03T08:59:34Z step 320/938 loss=0.005543 grad_norm=0.001103 learning_rate=7.682e-05 epoch=0.3413
2026-10-03T09:00:33Z step 330/938 loss=0.006717 grad_norm=0.06351 learning_rate=7.535e-05 epoch=0.352
2026-10-03T09:01:02Z step 340/938 loss=0.002649 grad_norm=0.01699 learning_rate=7.385e-05 epoch=0.3627
2026-10-03T09:01:32Z step 350/938 loss=0.0002352 grad_norm=0.0008652 learning_rate=7.231e-05 epoch=0.3733
2026-10-03T09:02:03Z step 360/938 loss=4.112e-05 grad_norm=0.002628 learning_rate=7.076e-05 epoch=0.384
2026-10-03T09:02:33Z step 370/938 loss=0.002209 grad_norm=0.007823 learning_rate=6.917e-05 epoch=0.3947
2026-10-03T09:03:03Z step 380/938 loss=0.001787 grad_norm=0.002307 learning_rate=6.757e-05 epoch=0.4053
2026-10-03T09:03:34Z step 390/938 loss=0.002446 grad_norm=0.0004827 learning_rate=6.594e-05 epoch=0.416
2026-10-03T09:04:09Z step 400/938 loss=0.002777 grad_norm=0.03053 learning_rate=6.43e-05 epoch=0.4267
2026-10-03T09:04:39Z step 410/938 loss=0.0005307 grad_norm=0.01779 learning_rate=6.264e-05 epoch=0.4373
2026-10-03T09:05:09Z step 420/938 loss=0.0005056 grad_norm=0.009334 learning_rate=6.096e-05 epoch=0.448
2026-10-03T09:05:39Z step 430/938 loss=7.262e-05 grad_norm=0.003639 learning_rate=5.927e-05 epoch=0.4587
2026-10-03T09:06:08Z step 440/938 loss=3.104e-05 grad_norm=0.0002675 learning_rate=5.757e-05 epoch=0.4693
2026-10-03T09:06:39Z step 450/938 loss=0.003346 grad_norm=0.2091 learning_rate=5.586e-05 epoch=0.48
2026-10-03T09:07:09Z step 460/938 loss=0.0007745 grad_norm=0.008771 learning_rate=5.414e-05 epoch=0.4907
2026-10-03T09:07:39Z step 470/938 loss=0.0001384 grad_norm=0.001033 learning_rate=5.242e-05 epoch=0.5013
2026-10-03T09:08:08Z step 480/938 loss=0.0001177 grad_norm=0.001721 learning_rate=5.069e-05 epoch=0.512
2026-10-03T09:08:40Z step 490/938 loss=7.235e-05 grad_norm=0.003971 learning_rate=4.896e-05 epoch=0.5227
2026-10-03T09:09:10Z step 500/938 loss=0.0002819 grad_norm=0.07367 learning_rate=4.724e-05 epoch=0.5333
2026-10-03T09:09:39Z step 510/938 loss=0.0001727 grad_norm=0.0001085 learning_rate=4.552e-05 epoch=0.544
2026-10-03T09:10:10Z step 520/938 loss=2.562e-05 grad_norm=0.0008014 learning_rate=4.38e-05 epoch=0.5547
2026-10-03T09:10:40Z step 530/938 loss=1.982e-05 grad_norm=0.0005915 learning_rate=4.209e-05 epoch=0.5653
2026-10-03T09:11:10Z step 540/938 loss=0.0001086 grad_norm=0.0002261 learning_rate=4.039e-05 epoch=0.576
2026-10-03T09:11:41Z step 550/938 loss=1.399e-05 grad_norm=0.0002254 learning_rate=3.871e-05 epoch=0.5867
2026-10-03T09:12:11Z step 560/938 loss=4.592e-05 grad_norm=0.002233 learning_rate=3.703e-05 epoch=0.5973
2026-10-03T09:12:40Z step 570/938 loss=1.263e-05 grad_norm=0.0003841 learning_rate=3.537e-05 epoch=0.608
2026-10-03T09:13:11Z step 580/938 loss=2.79e-05 grad_norm=0.0001922 learning_rate=3.373e-05 epoch=0.6187
2026-10-03T09:13:42Z step 590/938 loss=1.608e-05 grad_norm=0.001046 learning_rate=3.211e-05 epoch=0.6293
2026-10-03T09:14:11Z step 600/938 loss=1.759e-05 grad_norm=0.0005408 learning_rate=3.051e-05 epoch=0.64
2026-10-03T09:14:41Z step 610/938 loss=2.901e-05 grad_norm=0.0003783 learning_rate=2.893e-05 epoch=0.6507
2026-10-03T09:15:12Z step 620/938 loss=1.017e-05 grad_norm=0.000189 learning_rate=2.738e-05 epoch=0.6613
2026-10-03T09:15:41Z step 630/938 loss=1.22e-05 grad_norm=0.0001286 learning_rate=2.585e-05 epoch=0.672
2026-10-03T09:16:10Z step 640/938 loss=0.0004644 grad_norm=8.441e-05 learning_rate=2.436e-05 epoch=0.6827
2026-10-03T09:16:40Z step 650/938 loss=1.352e-05 grad_norm=0.0007325 learning_rate=2.289e-05 epoch=0.6933
2026-10-03T09:17:11Z step 660/938 loss=2.921e-05 grad_norm=0.00273 learning_rate=2.145e-05 epoch=0.704
2026-10-03T09:17:41Z step 670/938 loss=1.115e-05 grad_norm=0.0001336 learning_rate=2.005e-05 epoch=0.7147
2026-10-03T09:18:12Z step 680/938 loss=9.678e-06 grad_norm=5.063e-05 learning_rate=1.869e-05 epoch=0.7253
2026-10-03T09:18:43Z step 690/938 loss=2.98e-05 grad_norm=8.81e-05 learning_rate=1.736e-05 epoch=0.736
2026-10-03T09:19:13Z step 700/938 loss=9.809e-06 grad_norm=0.0001756 learning_rate=1.608e-05 epoch=0.7467
2026-10-03T09:19:44Z step 710/938 loss=2.123e-05 grad_norm=0.002245 learning_rate=1.483e-05 epoch=0.7573
2026-10-03T09:20:14Z step 720/938 loss=0.0004865 grad_norm=0.0001346 learning_rate=1.362e-05 epoch=0.768
2026-10-03T09:20:45Z step 730/938 loss=9.837e-06 grad_norm=0.0004166 learning_rate=1.246e-05 epoch=0.7787
2026-10-03T09:21:14Z step 740/938 loss=1.227e-05 grad_norm=0.0009195 learning_rate=1.134e-05 epoch=0.7893
2026-10-03T09:21:44Z step 750/938 loss=1.147e-05 grad_norm=0.001598 learning_rate=1.027e-05 epoch=0.8
2026-10-03T09:22:15Z step 760/938 loss=1.018e-05 grad_norm=0.0003032 learning_rate=9.247e-06 epoch=0.8107
2026-10-03T09:22:44Z step 770/938 loss=1.06e-05 grad_norm=9.471e-05 learning_rate=8.271e-06 epoch=0.8213
2026-10-03T09:23:13Z step 780/938 loss=2.28e-05 grad_norm=0.0007826 learning_rate=7.345e-06 epoch=0.832
2026-10-03T09:23:50Z step 790/938 loss=0.001349 grad_norm=0.002628 learning_rate=6.47e-06 epoch=0.8427
2026-10-03T09:24:19Z step 800/938 loss=1.648e-05 grad_norm=0.001853 learning_rate=5.647e-06 epoch=0.8533
2026-10-03T09:24:50Z step 810/938 loss=8.111e-06 grad_norm=0.003044 learning_rate=4.877e-06 epoch=0.864
2026-10-03T09:25:20Z step 820/938 loss=1.984e-05 grad_norm=0.001216 learning_rate=4.16e-06 epoch=0.8747
2026-10-03T09:25:51Z step 830/938 loss=1.092e-05 grad_norm=0.0001282 learning_rate=3.498e-06 epoch=0.8853
2026-10-03T09:26:20Z step 840/938 loss=9.58e-06 grad_norm=0.0007694 learning_rate=2.892e-06 epoch=0.896
2026-10-03T09:26:50Z step 850/938 loss=8.715e-06 grad_norm=0.001146 learning_rate=2.342e-06 epoch=0.9067
2026-10-03T09:27:21Z step 860/938 loss=1.824e-05 grad_norm=0.0004763 learning_rate=1.848e-06 epoch=0.9173
2026-10-03T09:27:51Z step 870/938 loss=6.148e-06 grad_norm=9.336e-05 learning_rate=1.412e-06 epoch=0.928
2026-10-03T09:28:21Z step 880/938 loss=8.123e-06 grad_norm=0.0001118 learning_rate=1.034e-06 epoch=0.9387
2026-10-03T09:28:51Z step 890/938 loss=5.588e-05 grad_norm=8.305e-05 learning_rate=7.137e-07 epoch=0.9493
2026-10-03T09:29:22Z step 900/938 loss=1.008e-05 grad_norm=0.0001087 learning_rate=4.525e-07 epoch=0.96
2026-10-03T09:29:52Z step 910/938 loss=8.501e-06 grad_norm=0.0006307 learning_rate=2.504e-07 epoch=0.9707
2026-10-03T09:30:22Z step 920/938 loss=9.438e-06 grad_norm=0.001385 learning_rate=1.075e-07 epoch=0.9813
2026-10-03T09:31:01Z step 930/938 loss=8.549e-06 grad_norm=0.0001122 learning_rate=2.413e-08 epoch=0.992
2026-10-03T09:31:25Z step 938/938 train_runtime=2868 train_samples_per_second=20.92 train_steps_per_second=0.327 total_flos=1.276e+18 train_loss=0.02359 epoch=1
2026-10-03T09:33:15Z trained 938 steps in 49.5 min, 4452.2 tok/s, peak 34.5 GB
2026-10-03T09:33:16Z u path: fp32-hidden (max |u_fp32 - u_bf16logits| = 0.0351)
2026-10-03T09:33:18Z padding self-check: max |u_batch - u_single| = 0.0920 (tol 0.639) -> left padding
2026-10-03T09:34:29Z B-LOKO-subject-ledger2-s0 rule_v1/dev: TA 95.7 Rev 98.7 Hold 97.0 n=300 (73.2 s)
2026-10-03T09:38:17Z generate: batch 25/32, 224807 tokens, 995 tok/s
2026-10-03T09:42:47Z B-LOKO-subject-ledger2-s0 rule_v1/test_L2: TA 91.2 Rev 97.5 Hold 93.5 n=2000 (497.8 s)
2026-10-03T09:46:41Z B-LOKO-subject-ledger2-s0 rule_v1/test_L0: TA 94.9 Rev 99.1 Hold 95.8 n=1000 (233.1 s)
2026-10-03T09:49:44Z B-LOKO-subject-ledger2-s0 xr_v1/test: TA nan Rev nan Hold nan n=None (183.3 s)
2026-10-03T09:49:45Z DONE B-LOKO-subject-ledger2-s0 in 66.7 min, GPU util mean 85.9
