2026-10-04T00:32:17Z step 10/938 loss=0.7859 grad_norm=10.42 learning_rate=3.214e-05 epoch=0.01067
2026-10-04T00:34:17Z step 20/938 loss=0.4118 grad_norm=2.594 learning_rate=6.786e-05 epoch=0.02133
2026-10-04T00:36:17Z step 30/938 loss=0.2505 grad_norm=2.771 learning_rate=0.0001 epoch=0.032
2026-10-04T00:38:21Z step 40/938 loss=0.2557 grad_norm=2.815 learning_rate=9.996e-05 epoch=0.04267
2026-10-04T00:40:21Z step 50/938 loss=0.1417 grad_norm=4.907 learning_rate=9.987e-05 epoch=0.05333
2026-10-04T00:42:23Z step 60/938 loss=0.1138 grad_norm=4.348 learning_rate=9.971e-05 epoch=0.064
2026-10-04T00:44:25Z step 70/938 loss=0.1677 grad_norm=1.082 learning_rate=9.95e-05 epoch=0.07467
2026-10-04T00:46:26Z step 80/938 loss=0.1196 grad_norm=1.265 learning_rate=9.923e-05 epoch=0.08533
2026-10-04T00:48:25Z step 90/938 loss=0.1125 grad_norm=5.01 learning_rate=9.89e-05 epoch=0.096
2026-10-04T00:50:33Z step 100/938 loss=0.1376 grad_norm=8.951 learning_rate=9.851e-05 epoch=0.1067
2026-10-04T00:52:34Z step 110/938 loss=0.06442 grad_norm=2.684 learning_rate=9.806e-05 epoch=0.1173
2026-10-04T00:54:34Z step 120/938 loss=0.08322 grad_norm=18.12 learning_rate=9.755e-05 epoch=0.128
2026-10-04T00:56:39Z step 130/938 loss=0.1274 grad_norm=0.7428 learning_rate=9.699e-05 epoch=0.1387
2026-10-04T00:58:36Z step 140/938 loss=0.07671 grad_norm=0.3687 learning_rate=9.637e-05 epoch=0.1493
2026-10-04T01:00:38Z step 150/938 loss=0.06057 grad_norm=2.6 learning_rate=9.57e-05 epoch=0.16
2026-10-04T01:02:41Z step 160/938 loss=0.08992 grad_norm=1.337 learning_rate=9.497e-05 epoch=0.1707
2026-10-04T01:04:42Z step 170/938 loss=0.06643 grad_norm=5.396 learning_rate=9.419e-05 epoch=0.1813
2026-10-04T01:06:42Z step 180/938 loss=0.1288 grad_norm=0.4689 learning_rate=9.336e-05 epoch=0.192
2026-10-04T01:08:43Z step 190/938 loss=0.05669 grad_norm=0.927 learning_rate=9.247e-05 epoch=0.2027
2026-10-04T01:10:54Z step 200/938 loss=0.02616 grad_norm=2.072 learning_rate=9.154e-05 epoch=0.2133
2026-10-04T01:12:58Z step 210/938 loss=0.09794 grad_norm=0.5606 learning_rate=9.055e-05 epoch=0.224
2026-10-04T01:14:58Z step 220/938 loss=0.03724 grad_norm=0.08447 learning_rate=8.952e-05 epoch=0.2347
2026-10-04T01:16:58Z step 230/938 loss=0.03364 grad_norm=1.569 learning_rate=8.844e-05 epoch=0.2453
2026-10-04T01:19:02Z step 240/938 loss=0.1075 grad_norm=3.447 learning_rate=8.731e-05 epoch=0.256
2026-10-04T01:21:03Z step 250/938 loss=0.03717 grad_norm=0.713 learning_rate=8.614e-05 epoch=0.2667
2026-10-04T01:23:03Z step 260/938 loss=0.0333 grad_norm=0.006584 learning_rate=8.493e-05 epoch=0.2773
2026-10-04T01:25:02Z step 270/938 loss=0.0406 grad_norm=0.3805 learning_rate=8.367e-05 epoch=0.288
2026-10-04T01:27:05Z step 280/938 loss=0.04808 grad_norm=0.8839 learning_rate=8.237e-05 epoch=0.2987
2026-10-04T01:29:04Z step 290/938 loss=0.04964 grad_norm=0.2481 learning_rate=8.104e-05 epoch=0.3093
2026-10-04T01:31:14Z step 300/938 loss=0.02583 grad_norm=0.0795 learning_rate=7.967e-05 epoch=0.32
2026-10-04T01:33:12Z step 310/938 loss=0.02849 grad_norm=1.05 learning_rate=7.826e-05 epoch=0.3307
2026-10-04T01:35:12Z step 320/938 loss=0.03819 grad_norm=4.427 learning_rate=7.682e-05 epoch=0.3413
2026-10-04T01:37:14Z step 330/938 loss=0.06289 grad_norm=0.9489 learning_rate=7.535e-05 epoch=0.352
2026-10-04T01:39:13Z step 340/938 loss=0.03634 grad_norm=0.6409 learning_rate=7.385e-05 epoch=0.3627
2026-10-04T01:41:15Z step 350/938 loss=0.01828 grad_norm=0.1942 learning_rate=7.231e-05 epoch=0.3733
2026-10-04T01:43:19Z step 360/938 loss=0.04357 grad_norm=0.06239 learning_rate=7.076e-05 epoch=0.384
2026-10-04T01:45:19Z step 370/938 loss=0.02993 grad_norm=0.002007 learning_rate=6.917e-05 epoch=0.3947
2026-10-04T01:47:22Z step 380/938 loss=0.009305 grad_norm=0.001272 learning_rate=6.757e-05 epoch=0.4053
2026-10-04T01:49:22Z step 390/938 loss=0.02945 grad_norm=5.101 learning_rate=6.594e-05 epoch=0.416
2026-10-04T01:51:27Z step 400/938 loss=0.02052 grad_norm=0.3197 learning_rate=6.43e-05 epoch=0.4267
2026-10-04T01:53:27Z step 410/938 loss=0.01019 grad_norm=0.1194 learning_rate=6.264e-05 epoch=0.4373
2026-10-04T01:55:28Z step 420/938 loss=0.0295 grad_norm=0.002662 learning_rate=6.096e-05 epoch=0.448
2026-10-04T01:57:30Z step 430/938 loss=0.02316 grad_norm=0.01633 learning_rate=5.927e-05 epoch=0.4587
2026-10-04T01:59:34Z step 440/938 loss=0.01815 grad_norm=0.02131 learning_rate=5.757e-05 epoch=0.4693
2026-10-04T02:01:36Z step 450/938 loss=0.03085 grad_norm=1.818 learning_rate=5.586e-05 epoch=0.48
2026-10-04T02:03:39Z step 460/938 loss=0.02405 grad_norm=0.09368 learning_rate=5.414e-05 epoch=0.4907
2026-10-04T02:05:40Z step 470/938 loss=0.009533 grad_norm=0.257 learning_rate=5.242e-05 epoch=0.5013
2026-10-04T02:07:40Z step 480/938 loss=0.03513 grad_norm=0.1636 learning_rate=5.069e-05 epoch=0.512
2026-10-04T02:09:41Z step 490/938 loss=0.02962 grad_norm=0.01461 learning_rate=4.896e-05 epoch=0.5227
2026-10-04T02:11:47Z step 500/938 loss=0.02391 grad_norm=0.9585 learning_rate=4.724e-05 epoch=0.5333
2026-10-04T02:13:51Z step 510/938 loss=0.05852 grad_norm=0.2354 learning_rate=4.552e-05 epoch=0.544
2026-10-04T02:15:52Z step 520/938 loss=0.009206 grad_norm=0.03415 learning_rate=4.38e-05 epoch=0.5547
2026-10-04T02:17:51Z step 530/938 loss=0.01185 grad_norm=0.001143 learning_rate=4.209e-05 epoch=0.5653
2026-10-04T02:19:55Z step 540/938 loss=0.003774 grad_norm=0.002901 learning_rate=4.039e-05 epoch=0.576
2026-10-04T02:21:56Z step 550/938 loss=0.007613 grad_norm=0.1736 learning_rate=3.871e-05 epoch=0.5867
2026-10-04T02:23:57Z step 560/938 loss=0.0002106 grad_norm=0.003874 learning_rate=3.703e-05 epoch=0.5973
2026-10-04T02:25:59Z step 570/938 loss=0.001768 grad_norm=0.0004344 learning_rate=3.537e-05 epoch=0.608
2026-10-04T02:28:02Z step 580/938 loss=0.02699 grad_norm=2.328 learning_rate=3.373e-05 epoch=0.6187
2026-10-04T02:30:03Z step 590/938 loss=0.01168 grad_norm=0.000964 learning_rate=3.211e-05 epoch=0.6293
2026-10-04T02:32:08Z step 600/938 loss=0.002197 grad_norm=0.07576 learning_rate=3.051e-05 epoch=0.64
2026-10-04T02:34:07Z step 610/938 loss=0.0006654 grad_norm=0.004816 learning_rate=2.893e-05 epoch=0.6507
2026-10-04T02:36:11Z step 620/938 loss=0.0006878 grad_norm=0.001806 learning_rate=2.738e-05 epoch=0.6613
2026-10-04T02:38:14Z step 630/938 loss=0.0151 grad_norm=0.01392 learning_rate=2.585e-05 epoch=0.672
2026-10-04T02:40:14Z step 640/938 loss=0.02019 grad_norm=0.05766 learning_rate=2.436e-05 epoch=0.6827
2026-10-04T02:42:13Z step 650/938 loss=0.01046 grad_norm=0.00442 learning_rate=2.289e-05 epoch=0.6933
2026-10-04T02:44:14Z step 660/938 loss=0.0005358 grad_norm=0.009349 learning_rate=2.145e-05 epoch=0.704
2026-10-04T02:46:17Z step 670/938 loss=0.02685 grad_norm=0.005872 learning_rate=2.005e-05 epoch=0.7147
2026-10-04T02:48:19Z step 680/938 loss=0.01427 grad_norm=0.07225 learning_rate=1.869e-05 epoch=0.7253
2026-10-04T02:50:21Z step 690/938 loss=0.007315 grad_norm=0.001655 learning_rate=1.736e-05 epoch=0.736
2026-10-04T02:52:31Z step 700/938 loss=0.002394 grad_norm=0.00398 learning_rate=1.608e-05 epoch=0.7467
2026-10-04T02:54:34Z step 710/938 loss=0.001997 grad_norm=0.03135 learning_rate=1.483e-05 epoch=0.7573
2026-10-04T02:56:33Z step 720/938 loss=0.01861 grad_norm=0.01168 learning_rate=1.362e-05 epoch=0.768
2026-10-04T02:58:34Z step 730/938 loss=0.001444 grad_norm=0.1678 learning_rate=1.246e-05 epoch=0.7787
2026-10-04T03:00:37Z step 740/938 loss=0.0007781 grad_norm=0.006128 learning_rate=1.134e-05 epoch=0.7893
2026-10-04T03:02:39Z step 750/938 loss=0.0179 grad_norm=1.6 learning_rate=1.027e-05 epoch=0.8
2026-10-04T03:04:42Z step 760/938 loss=0.01533 grad_norm=0.001938 learning_rate=9.247e-06 epoch=0.8107
2026-10-04T03:06:44Z step 770/938 loss=0.009678 grad_norm=0.3673 learning_rate=8.271e-06 epoch=0.8213
2026-10-04T03:08:44Z step 780/938 loss=0.001819 grad_norm=0.002501 learning_rate=7.345e-06 epoch=0.832
2026-10-04T03:10:48Z step 790/938 loss=0.000383 grad_norm=0.0113 learning_rate=6.47e-06 epoch=0.8427
2026-10-04T03:12:54Z step 800/938 loss=0.007133 grad_norm=0.01367 learning_rate=5.647e-06 epoch=0.8533
2026-10-04T03:14:55Z step 810/938 loss=0.0004158 grad_norm=0.003582 learning_rate=4.877e-06 epoch=0.864
2026-10-04T03:16:56Z step 820/938 loss=0.002647 grad_norm=0.09956 learning_rate=4.16e-06 epoch=0.8747
2026-10-04T03:18:56Z step 830/938 loss=0.00112 grad_norm=0.004633 learning_rate=3.498e-06 epoch=0.8853
2026-10-04T03:20:58Z step 840/938 loss=0.000478 grad_norm=0.0009823 learning_rate=2.892e-06 epoch=0.896
2026-10-04T03:22:57Z step 850/938 loss=0.02215 grad_norm=0.002539 learning_rate=2.342e-06 epoch=0.9067
2026-10-04T03:24:57Z step 860/938 loss=0.004239 grad_norm=0.008246 learning_rate=1.848e-06 epoch=0.9173
2026-10-04T03:27:02Z step 870/938 loss=0.001375 grad_norm=0.01274 learning_rate=1.412e-06 epoch=0.928
2026-10-04T03:29:05Z step 880/938 loss=0.0008123 grad_norm=0.06041 learning_rate=1.034e-06 epoch=0.9387
2026-10-04T03:31:06Z step 890/938 loss=0.003184 grad_norm=0.002377 learning_rate=7.137e-07 epoch=0.9493
2026-10-04T03:33:12Z step 900/938 loss=0.01155 grad_norm=0.00961 learning_rate=4.525e-07 epoch=0.96
2026-10-04T03:35:15Z step 910/938 loss=0.0005813 grad_norm=0.1474 learning_rate=2.504e-07 epoch=0.9707
2026-10-04T03:37:15Z step 920/938 loss=0.0006596 grad_norm=0.001822 learning_rate=1.075e-07 epoch=0.9813
2026-10-04T03:39:15Z step 930/938 loss=0.0001541 grad_norm=0.002209 learning_rate=2.413e-08 epoch=0.992
2026-10-04T03:40:45Z step 938/938 train_runtime=1.143e+04 train_samples_per_second=5.25 train_steps_per_second=0.082 total_flos=1.094e+18 train_loss=0.05011 epoch=1
2026-10-04T03:40:51Z trained 938 steps in 190.5 min, 1135.2 tok/s, peak 32.43 GB
2026-10-04T03:40:53Z u path: fp32-hidden (max |u_fp32 - u_bf16logits| = 0.0355)
2026-10-04T03:40:54Z padding self-check: max |u_batch - u_single| = 0.1280 (tol 0.844) -> left padding
2026-10-04T03:44:10Z B-LOKO-boundary-verdict-s2 rule_v1/dev: TA 86.0 Rev 98.7 Hold 87.0 n=300 (197.8 s)
2026-10-04T04:06:24Z B-LOKO-boundary-verdict-s2 rule_v1/test_L2: TA 76.2 Rev 91.3 Hold 82.3 n=2000 (1333.4 s)
2026-10-04T04:11:30Z B-LOKO-boundary-verdict-s2 xr_v1/test: TA nan Rev nan Hold nan n=None (306.2 s)
2026-10-04T04:11:31Z DONE B-LOKO-boundary-verdict-s2 in 221.7 min, GPU util mean 98.9
