2026-10-03T13:12:37Z step 10/938 loss=1.764 grad_norm=3.231 learning_rate=3.214e-05 epoch=0.01067
2026-10-03T13:13:11Z step 20/938 loss=0.2165 grad_norm=0.8835 learning_rate=6.786e-05 epoch=0.02133
2026-10-03T13:13:46Z step 30/938 loss=0.04221 grad_norm=1.194 learning_rate=0.0001 epoch=0.032
2026-10-03T13:14:22Z step 40/938 loss=0.02552 grad_norm=2.134 learning_rate=9.996e-05 epoch=0.04267
2026-10-03T13:14:57Z step 50/938 loss=0.005004 grad_norm=0.06894 learning_rate=9.987e-05 epoch=0.05333
2026-10-03T13:15:32Z step 60/938 loss=0.011 grad_norm=0.0136 learning_rate=9.971e-05 epoch=0.064
2026-10-03T13:16:07Z step 70/938 loss=0.006828 grad_norm=0.01176 learning_rate=9.95e-05 epoch=0.07467
2026-10-03T13:16:43Z step 80/938 loss=0.008831 grad_norm=0.2778 learning_rate=9.923e-05 epoch=0.08533
2026-10-03T13:17:17Z step 90/938 loss=0.008115 grad_norm=0.05726 learning_rate=9.89e-05 epoch=0.096
2026-10-03T13:17:52Z step 100/938 loss=0.001258 grad_norm=0.3753 learning_rate=9.851e-05 epoch=0.1067
2026-10-03T13:18:29Z step 110/938 loss=0.001601 grad_norm=0.03624 learning_rate=9.806e-05 epoch=0.1173
2026-10-03T13:19:04Z step 120/938 loss=0.005298 grad_norm=0.005654 learning_rate=9.755e-05 epoch=0.128
2026-10-03T13:19:40Z step 130/938 loss=0.005542 grad_norm=0.1364 learning_rate=9.699e-05 epoch=0.1387
2026-10-03T13:20:16Z step 140/938 loss=0.001458 grad_norm=0.06192 learning_rate=9.637e-05 epoch=0.1493
2026-10-03T13:20:51Z step 150/938 loss=0.003252 grad_norm=0.003273 learning_rate=9.57e-05 epoch=0.16
2026-10-03T13:21:26Z step 160/938 loss=0.002609 grad_norm=0.001234 learning_rate=9.497e-05 epoch=0.1707
2026-10-03T13:22:00Z step 170/938 loss=0.0002171 grad_norm=0.00263 learning_rate=9.419e-05 epoch=0.1813
2026-10-03T13:22:35Z step 180/938 loss=0.0003188 grad_norm=0.001754 learning_rate=9.336e-05 epoch=0.192
2026-10-03T13:23:12Z step 190/938 loss=0.005359 grad_norm=0.003325 learning_rate=9.247e-05 epoch=0.2027
2026-10-03T13:23:48Z step 200/938 loss=0.004099 grad_norm=0.005856 learning_rate=9.154e-05 epoch=0.2133
2026-10-03T13:24:23Z step 210/938 loss=0.004505 grad_norm=0.02323 learning_rate=9.055e-05 epoch=0.224
2026-10-03T13:24:58Z step 220/938 loss=0.00156 grad_norm=0.01265 learning_rate=8.952e-05 epoch=0.2347
2026-10-03T13:25:33Z step 230/938 loss=0.0007106 grad_norm=0.4803 learning_rate=8.844e-05 epoch=0.2453
2026-10-03T13:26:07Z step 240/938 loss=0.001838 grad_norm=0.278 learning_rate=8.731e-05 epoch=0.256
2026-10-03T13:26:43Z step 250/938 loss=0.002776 grad_norm=0.1595 learning_rate=8.614e-05 epoch=0.2667
2026-10-03T13:27:18Z step 260/938 loss=0.002099 grad_norm=0.02063 learning_rate=8.493e-05 epoch=0.2773
2026-10-03T13:27:53Z step 270/938 loss=0.0001419 grad_norm=0.0006575 learning_rate=8.367e-05 epoch=0.288
2026-10-03T13:28:29Z step 280/938 loss=0.001978 grad_norm=0.006278 learning_rate=8.237e-05 epoch=0.2987
2026-10-03T13:29:02Z step 290/938 loss=0.0008833 grad_norm=0.06066 learning_rate=8.104e-05 epoch=0.3093
2026-10-03T13:29:37Z step 300/938 loss=0.0003148 grad_norm=0.0004057 learning_rate=7.967e-05 epoch=0.32
2026-10-03T13:30:13Z step 310/938 loss=0.0001216 grad_norm=0.005893 learning_rate=7.826e-05 epoch=0.3307
2026-10-03T13:30:48Z step 320/938 loss=0.002852 grad_norm=0.1455 learning_rate=7.682e-05 epoch=0.3413
2026-10-03T13:31:23Z step 330/938 loss=0.002966 grad_norm=0.02557 learning_rate=7.535e-05 epoch=0.352
2026-10-03T13:31:58Z step 340/938 loss=0.001021 grad_norm=0.01966 learning_rate=7.385e-05 epoch=0.3627
2026-10-03T13:32:38Z step 350/938 loss=0.004299 grad_norm=0.005575 learning_rate=7.231e-05 epoch=0.3733
2026-10-03T13:33:13Z step 360/938 loss=0.005251 grad_norm=0.2124 learning_rate=7.076e-05 epoch=0.384
2026-10-03T13:33:48Z step 370/938 loss=0.006289 grad_norm=0.07032 learning_rate=6.917e-05 epoch=0.3947
2026-10-03T13:34:23Z step 380/938 loss=0.002567 grad_norm=0.1022 learning_rate=6.757e-05 epoch=0.4053
2026-10-03T13:35:03Z step 390/938 loss=0.0002901 grad_norm=0.02524 learning_rate=6.594e-05 epoch=0.416
2026-10-03T13:35:38Z step 400/938 loss=0.0001265 grad_norm=0.05774 learning_rate=6.43e-05 epoch=0.4267
2026-10-03T13:36:13Z step 410/938 loss=0.00175 grad_norm=0.003678 learning_rate=6.264e-05 epoch=0.4373
2026-10-03T13:36:47Z step 420/938 loss=0.001965 grad_norm=0.02121 learning_rate=6.096e-05 epoch=0.448
2026-10-03T13:37:22Z step 430/938 loss=0.001395 grad_norm=0.03498 learning_rate=5.927e-05 epoch=0.4587
2026-10-03T13:37:58Z step 440/938 loss=0.00322 grad_norm=0.02436 learning_rate=5.757e-05 epoch=0.4693
2026-10-03T13:38:34Z step 450/938 loss=0.001205 grad_norm=0.001448 learning_rate=5.586e-05 epoch=0.48
2026-10-03T13:39:08Z step 460/938 loss=0.0003272 grad_norm=0.004327 learning_rate=5.414e-05 epoch=0.4907
2026-10-03T13:39:43Z step 470/938 loss=0.000125 grad_norm=0.0006627 learning_rate=5.242e-05 epoch=0.5013
2026-10-03T13:40:18Z step 480/938 loss=2.88e-05 grad_norm=0.0008628 learning_rate=5.069e-05 epoch=0.512
2026-10-03T13:40:53Z step 490/938 loss=0.0006861 grad_norm=0.002166 learning_rate=4.896e-05 epoch=0.5227
2026-10-03T13:41:27Z step 500/938 loss=0.0006924 grad_norm=0.0907 learning_rate=4.724e-05 epoch=0.5333
2026-10-03T13:42:03Z step 510/938 loss=5.925e-05 grad_norm=0.0009984 learning_rate=4.552e-05 epoch=0.544
2026-10-03T13:42:37Z step 520/938 loss=2.84e-05 grad_norm=0.0002954 learning_rate=4.38e-05 epoch=0.5547
2026-10-03T13:43:13Z step 530/938 loss=1.212e-05 grad_norm=0.0001361 learning_rate=4.209e-05 epoch=0.5653
2026-10-03T13:43:49Z step 540/938 loss=2.556e-05 grad_norm=0.0009284 learning_rate=4.039e-05 epoch=0.576
2026-10-03T13:44:25Z step 550/938 loss=0.0002636 grad_norm=0.0006334 learning_rate=3.871e-05 epoch=0.5867
2026-10-03T13:45:00Z step 560/938 loss=0.0002345 grad_norm=0.0002124 learning_rate=3.703e-05 epoch=0.5973
2026-10-03T13:45:37Z step 570/938 loss=0.0009323 grad_norm=0.0001483 learning_rate=3.537e-05 epoch=0.608
2026-10-03T13:46:12Z step 580/938 loss=8.168e-05 grad_norm=0.0001784 learning_rate=3.373e-05 epoch=0.6187
2026-10-03T13:46:47Z step 590/938 loss=3.512e-05 grad_norm=0.0001845 learning_rate=3.211e-05 epoch=0.6293
2026-10-03T13:47:22Z step 600/938 loss=0.0007737 grad_norm=0.0002617 learning_rate=3.051e-05 epoch=0.64
2026-10-03T13:47:58Z step 610/938 loss=0.003032 grad_norm=0.0004693 learning_rate=2.893e-05 epoch=0.6507
2026-10-03T13:48:32Z step 620/938 loss=0.0001245 grad_norm=0.002143 learning_rate=2.738e-05 epoch=0.6613
2026-10-03T13:49:07Z step 630/938 loss=0.000158 grad_norm=0.004278 learning_rate=2.585e-05 epoch=0.672
2026-10-03T13:49:44Z step 640/938 loss=3.006e-05 grad_norm=0.0002567 learning_rate=2.436e-05 epoch=0.6827
2026-10-03T13:50:18Z step 650/938 loss=9.782e-05 grad_norm=0.004945 learning_rate=2.289e-05 epoch=0.6933
2026-10-03T13:50:53Z step 660/938 loss=0.0003366 grad_norm=0.006546 learning_rate=2.145e-05 epoch=0.704
2026-10-03T13:51:29Z step 670/938 loss=5.556e-05 grad_norm=0.03907 learning_rate=2.005e-05 epoch=0.7147
2026-10-03T13:53:41Z step 680/938 loss=3.47e-05 grad_norm=0.004631 learning_rate=1.869e-05 epoch=0.7253
2026-10-03T13:54:16Z step 690/938 loss=2.776e-05 grad_norm=0.0006915 learning_rate=1.736e-05 epoch=0.736
2026-10-03T13:54:52Z step 700/938 loss=2.125e-05 grad_norm=0.002476 learning_rate=1.608e-05 epoch=0.7467
2026-10-03T13:55:27Z step 710/938 loss=2.164e-05 grad_norm=0.0001816 learning_rate=1.483e-05 epoch=0.7573
2026-10-03T13:56:02Z step 720/938 loss=9.516e-05 grad_norm=0.0002044 learning_rate=1.362e-05 epoch=0.768
2026-10-03T13:56:36Z step 730/938 loss=0.0002593 grad_norm=0.0003018 learning_rate=1.246e-05 epoch=0.7787
2026-10-03T13:57:11Z step 740/938 loss=2.048e-05 grad_norm=0.000114 learning_rate=1.134e-05 epoch=0.7893
2026-10-03T13:57:46Z step 750/938 loss=2.77e-05 grad_norm=0.01557 learning_rate=1.027e-05 epoch=0.8
2026-10-03T13:58:21Z step 760/938 loss=1.659e-05 grad_norm=0.004772 learning_rate=9.247e-06 epoch=0.8107
2026-10-03T13:58:57Z step 770/938 loss=0.001607 grad_norm=0.0004619 learning_rate=8.271e-06 epoch=0.8213
2026-10-03T13:59:31Z step 780/938 loss=3.431e-05 grad_norm=0.001089 learning_rate=7.345e-06 epoch=0.832
2026-10-03T14:00:05Z step 790/938 loss=2.881e-05 grad_norm=0.002979 learning_rate=6.47e-06 epoch=0.8427
2026-10-03T14:00:41Z step 800/938 loss=2.466e-05 grad_norm=0.0002486 learning_rate=5.647e-06 epoch=0.8533
2026-10-03T14:01:16Z step 810/938 loss=0.0001087 grad_norm=0.0002423 learning_rate=4.877e-06 epoch=0.864
2026-10-03T14:01:52Z step 820/938 loss=3.733e-05 grad_norm=0.0002532 learning_rate=4.16e-06 epoch=0.8747
2026-10-03T14:02:27Z step 830/938 loss=0.000246 grad_norm=0.03242 learning_rate=3.498e-06 epoch=0.8853
2026-10-03T14:03:02Z step 840/938 loss=0.0001701 grad_norm=0.001085 learning_rate=2.892e-06 epoch=0.896
2026-10-03T14:03:37Z step 850/938 loss=0.000215 grad_norm=0.0002766 learning_rate=2.342e-06 epoch=0.9067
2026-10-03T14:04:11Z step 860/938 loss=1.948e-05 grad_norm=0.001623 learning_rate=1.848e-06 epoch=0.9173
2026-10-03T14:04:56Z step 870/938 loss=0.0002438 grad_norm=0.0001467 learning_rate=1.412e-06 epoch=0.928
2026-10-03T14:05:30Z step 880/938 loss=0.0008181 grad_norm=0.0006434 learning_rate=1.034e-06 epoch=0.9387
2026-10-03T14:06:48Z step 890/938 loss=2.437e-05 grad_norm=0.01514 learning_rate=7.137e-07 epoch=0.9493
2026-10-03T14:07:24Z step 900/938 loss=0.0002084 grad_norm=0.0009763 learning_rate=4.525e-07 epoch=0.96
2026-10-03T14:08:00Z step 910/938 loss=1.498e-05 grad_norm=0.0001212 learning_rate=2.504e-07 epoch=0.9707
2026-10-03T14:08:35Z step 920/938 loss=0.000639 grad_norm=0.3283 learning_rate=1.075e-07 epoch=0.9813
2026-10-03T14:09:10Z step 930/938 loss=1.879e-05 grad_norm=0.000147 learning_rate=2.413e-08 epoch=0.992
2026-10-03T14:09:37Z step 938/938 train_runtime=3456 train_samples_per_second=17.36 train_steps_per_second=0.271 total_flos=1.263e+18 train_loss=0.02329 epoch=1
2026-10-03T14:09:41Z trained 938 steps in 57.7 min, 3806.5 tok/s, peak 35.23 GB
2026-10-03T14:09:42Z u path: fp32-hidden (max |u_fp32 - u_bf16logits| = 0.0373)
2026-10-03T14:09:43Z padding self-check: max |u_batch - u_single| = 0.1216 (tol 0.639) -> left padding
2026-10-03T14:10:42Z B-F-ledger2-triplets-s4 rule_v1/dev: TA 99.3 Rev 99.7 Hold 99.7 n=300 (60.4 s)
2026-10-03T14:11:14Z B-F-ledger2-triplets-s4 rule_v1/dev_missing: TA nan Rev nan Hold nan n=None (31.8 s)
2026-10-03T14:12:56Z B-F-ledger2-triplets-s4 rule_v1/missing: TA nan Rev nan Hold nan n=None (102.4 s)
2026-10-03T14:15:00Z generate: batch 25/28, 215079 tokens, 1749 tok/s
2026-10-03T14:17:20Z B-F-ledger2-triplets-s4 rule_v1/readapply: TA 99.9 Rev 99.9 Hold 100.0 n=1000 (262.8 s)
2026-10-03T14:20:29Z B-F-ledger2-triplets-s4 rule_v1/test_L0: TA 99.8 Rev 99.9 Hold 99.9 n=1000 (189.0 s)
2026-10-03T14:23:35Z B-F-ledger2-triplets-s4 rule_v1/test_L1: TA 100.0 Rev 100.0 Hold 100.0 n=1000 (186.2 s)
2026-10-03T14:25:54Z generate: batch 25/32, 225447 tokens, 1638 tok/s
2026-10-03T14:30:18Z B-F-ledger2-triplets-s4 rule_v1/test_L2: TA 99.7 Rev 99.8 Hold 99.9 n=2000 (402.5 s)
2026-10-03T14:33:10Z B-F-ledger2-triplets-s4 rule_v1/test_L3alt: TA 100.0 Rev 100.0 Hold 100.0 n=1000 (172.2 s)
2026-10-03T14:36:26Z B-F-ledger2-triplets-s4 rule_v1/test_L3inv: TA 99.2 Rev 99.6 Hold 99.6 n=1000 (195.6 s)
2026-10-03T14:39:59Z B-F-ledger2-triplets-s4 rule_v1/test_hard: TA 99.4 Rev 99.4 Hold 100.0 n=1000 (213.0 s)
2026-10-03T14:42:11Z B-F-ledger2-triplets-s4 xr_v1/test: TA nan Rev nan Hold nan n=None (131.2 s)
2026-10-03T14:42:11Z DONE B-F-ledger2-triplets-s4 in 90.6 min, GPU util mean 92.9
