2026-10-03T09:38:55Z step 10/938 loss=1.936 grad_norm=3.095 learning_rate=3.214e-05 epoch=0.01067
2026-10-03T09:39:25Z step 20/938 loss=0.2029 grad_norm=0.6272 learning_rate=6.786e-05 epoch=0.02133
2026-10-03T09:39:55Z step 30/938 loss=0.03284 grad_norm=0.7984 learning_rate=0.0001 epoch=0.032
2026-10-03T09:40:26Z step 40/938 loss=0.02194 grad_norm=0.3763 learning_rate=9.996e-05 epoch=0.04267
2026-10-03T09:40:56Z step 50/938 loss=0.004856 grad_norm=0.03813 learning_rate=9.987e-05 epoch=0.05333
2026-10-03T09:41:24Z step 60/938 loss=0.002164 grad_norm=0.3205 learning_rate=9.971e-05 epoch=0.064
2026-10-03T09:41:53Z step 70/938 loss=0.00461 grad_norm=0.01067 learning_rate=9.95e-05 epoch=0.07467
2026-10-03T09:42:24Z step 80/938 loss=0.0009739 grad_norm=0.006697 learning_rate=9.923e-05 epoch=0.08533
2026-10-03T09:42:54Z step 90/938 loss=0.006167 grad_norm=0.03563 learning_rate=9.89e-05 epoch=0.096
2026-10-03T09:43:23Z step 100/938 loss=0.005647 grad_norm=0.02616 learning_rate=9.851e-05 epoch=0.1067
2026-10-03T09:43:54Z step 110/938 loss=0.002524 grad_norm=0.02929 learning_rate=9.806e-05 epoch=0.1173
2026-10-03T09:44:24Z step 120/938 loss=0.007081 grad_norm=1.151 learning_rate=9.755e-05 epoch=0.128
2026-10-03T09:44:53Z step 130/938 loss=0.002043 grad_norm=0.02112 learning_rate=9.699e-05 epoch=0.1387
2026-10-03T09:45:23Z step 140/938 loss=0.006852 grad_norm=0.7039 learning_rate=9.637e-05 epoch=0.1493
2026-10-03T09:45:53Z step 150/938 loss=0.001751 grad_norm=0.04267 learning_rate=9.57e-05 epoch=0.16
2026-10-03T09:46:22Z step 160/938 loss=0.002709 grad_norm=0.1272 learning_rate=9.497e-05 epoch=0.1707
2026-10-03T09:46:58Z step 170/938 loss=0.002904 grad_norm=0.00102 learning_rate=9.419e-05 epoch=0.1813
2026-10-03T09:47:29Z step 180/938 loss=0.002288 grad_norm=0.001013 learning_rate=9.336e-05 epoch=0.192
2026-10-03T09:47:59Z step 190/938 loss=0.0009807 grad_norm=0.009078 learning_rate=9.247e-05 epoch=0.2027
2026-10-03T09:48:28Z step 200/938 loss=0.003576 grad_norm=0.003069 learning_rate=9.154e-05 epoch=0.2133
2026-10-03T09:48:59Z step 210/938 loss=0.0005748 grad_norm=0.003285 learning_rate=9.055e-05 epoch=0.224
2026-10-03T09:49:28Z step 220/938 loss=0.009509 grad_norm=0.0262 learning_rate=8.952e-05 epoch=0.2347
2026-10-03T09:49:57Z step 230/938 loss=0.003405 grad_norm=0.3571 learning_rate=8.844e-05 epoch=0.2453
2026-10-03T09:50:26Z step 240/938 loss=0.002073 grad_norm=0.04389 learning_rate=8.731e-05 epoch=0.256
2026-10-03T09:50:57Z step 250/938 loss=0.0002036 grad_norm=0.01342 learning_rate=8.614e-05 epoch=0.2667
2026-10-03T09:51:26Z step 260/938 loss=0.0001341 grad_norm=0.01348 learning_rate=8.493e-05 epoch=0.2773
2026-10-03T09:51:55Z step 270/938 loss=0.006965 grad_norm=0.3967 learning_rate=8.367e-05 epoch=0.288
2026-10-03T09:52:26Z step 280/938 loss=0.0007365 grad_norm=0.0223 learning_rate=8.237e-05 epoch=0.2987
2026-10-03T09:52:55Z step 290/938 loss=0.0008895 grad_norm=0.007524 learning_rate=8.104e-05 epoch=0.3093
2026-10-03T09:53:24Z step 300/938 loss=0.0001804 grad_norm=0.001565 learning_rate=7.967e-05 epoch=0.32
2026-10-03T09:53:53Z step 310/938 loss=0.002005 grad_norm=0.01201 learning_rate=7.826e-05 epoch=0.3307
2026-10-03T09:54:24Z step 320/938 loss=0.0015 grad_norm=0.00956 learning_rate=7.682e-05 epoch=0.3413
2026-10-03T09:54:53Z step 330/938 loss=0.0001119 grad_norm=0.01705 learning_rate=7.535e-05 epoch=0.352
2026-10-03T09:55:23Z step 340/938 loss=0.0009031 grad_norm=0.2284 learning_rate=7.385e-05 epoch=0.3627
2026-10-03T09:55:53Z step 350/938 loss=0.002076 grad_norm=0.0006161 learning_rate=7.231e-05 epoch=0.3733
2026-10-03T09:56:22Z step 360/938 loss=0.0001032 grad_norm=0.0002869 learning_rate=7.076e-05 epoch=0.384
2026-10-03T09:56:52Z step 370/938 loss=0.0001494 grad_norm=0.001201 learning_rate=6.917e-05 epoch=0.3947
2026-10-03T09:57:21Z step 380/938 loss=0.0007521 grad_norm=0.01534 learning_rate=6.757e-05 epoch=0.4053
2026-10-03T09:57:51Z step 390/938 loss=4.281e-05 grad_norm=0.0005243 learning_rate=6.594e-05 epoch=0.416
2026-10-03T09:58:20Z step 400/938 loss=9.881e-05 grad_norm=0.0006935 learning_rate=6.43e-05 epoch=0.4267
2026-10-03T09:58:55Z step 410/938 loss=0.0001723 grad_norm=0.001823 learning_rate=6.264e-05 epoch=0.4373
2026-10-03T09:59:24Z step 420/938 loss=2.66e-05 grad_norm=0.0002801 learning_rate=6.096e-05 epoch=0.448
2026-10-03T09:59:55Z step 430/938 loss=3.507e-05 grad_norm=0.001946 learning_rate=5.927e-05 epoch=0.4587
2026-10-03T10:00:25Z step 440/938 loss=2.272e-05 grad_norm=0.0004212 learning_rate=5.757e-05 epoch=0.4693
2026-10-03T10:00:54Z step 450/938 loss=0.007799 grad_norm=0.09886 learning_rate=5.586e-05 epoch=0.48
2026-10-03T10:01:23Z step 460/938 loss=0.0004448 grad_norm=0.01738 learning_rate=5.414e-05 epoch=0.4907
2026-10-03T10:01:52Z step 470/938 loss=0.0001769 grad_norm=0.001081 learning_rate=5.242e-05 epoch=0.5013
2026-10-03T10:02:22Z step 480/938 loss=0.0001108 grad_norm=0.001586 learning_rate=5.069e-05 epoch=0.512
2026-10-03T10:02:51Z step 490/938 loss=4.195e-05 grad_norm=0.0007096 learning_rate=4.896e-05 epoch=0.5227
2026-10-03T10:03:22Z step 500/938 loss=0.0005325 grad_norm=0.03436 learning_rate=4.724e-05 epoch=0.5333
2026-10-03T10:03:51Z step 510/938 loss=0.0001222 grad_norm=0.001531 learning_rate=4.552e-05 epoch=0.544
2026-10-03T10:04:20Z step 520/938 loss=3.5e-05 grad_norm=0.0003292 learning_rate=4.38e-05 epoch=0.5547
2026-10-03T10:04:51Z step 530/938 loss=0.0001743 grad_norm=0.1592 learning_rate=4.209e-05 epoch=0.5653
2026-10-03T10:05:21Z step 540/938 loss=0.0004289 grad_norm=0.0002329 learning_rate=4.039e-05 epoch=0.576
2026-10-03T10:05:49Z step 550/938 loss=2.234e-05 grad_norm=0.0004067 learning_rate=3.871e-05 epoch=0.5867
2026-10-03T10:06:19Z step 560/938 loss=2.561e-05 grad_norm=0.0009218 learning_rate=3.703e-05 epoch=0.5973
2026-10-03T10:06:50Z step 570/938 loss=0.002048 grad_norm=0.0002448 learning_rate=3.537e-05 epoch=0.608
2026-10-03T10:07:19Z step 580/938 loss=7.073e-05 grad_norm=0.001168 learning_rate=3.373e-05 epoch=0.6187
2026-10-03T10:07:48Z step 590/938 loss=0.0005908 grad_norm=0.0002667 learning_rate=3.211e-05 epoch=0.6293
2026-10-03T10:08:17Z step 600/938 loss=3.409e-05 grad_norm=0.0005649 learning_rate=3.051e-05 epoch=0.64
2026-10-03T10:08:47Z step 610/938 loss=0.0004122 grad_norm=0.000293 learning_rate=2.893e-05 epoch=0.6507
2026-10-03T10:09:17Z step 620/938 loss=8.751e-05 grad_norm=0.0001043 learning_rate=2.738e-05 epoch=0.6613
2026-10-03T10:09:46Z step 630/938 loss=0.001664 grad_norm=0.1983 learning_rate=2.585e-05 epoch=0.672
2026-10-03T10:10:17Z step 640/938 loss=0.001022 grad_norm=0.0004949 learning_rate=2.436e-05 epoch=0.6827
2026-10-03T10:10:45Z step 650/938 loss=6.048e-05 grad_norm=0.002525 learning_rate=2.289e-05 epoch=0.6933
2026-10-03T10:11:15Z step 660/938 loss=4.877e-05 grad_norm=0.001986 learning_rate=2.145e-05 epoch=0.704
2026-10-03T10:11:44Z step 670/938 loss=7.142e-05 grad_norm=0.0003205 learning_rate=2.005e-05 epoch=0.7147
2026-10-03T10:12:15Z step 680/938 loss=3.586e-05 grad_norm=0.02054 learning_rate=1.869e-05 epoch=0.7253
2026-10-03T10:12:44Z step 690/938 loss=0.0001717 grad_norm=0.001593 learning_rate=1.736e-05 epoch=0.736
2026-10-03T10:13:14Z step 700/938 loss=2.126e-05 grad_norm=0.001114 learning_rate=1.608e-05 epoch=0.7467
2026-10-03T10:13:44Z step 710/938 loss=7.235e-05 grad_norm=0.0006043 learning_rate=1.483e-05 epoch=0.7573
2026-10-03T10:14:13Z step 720/938 loss=8.499e-05 grad_norm=0.01038 learning_rate=1.362e-05 epoch=0.768
2026-10-03T10:14:43Z step 730/938 loss=1.98e-05 grad_norm=0.001224 learning_rate=1.246e-05 epoch=0.7787
2026-10-03T10:15:12Z step 740/938 loss=2.307e-05 grad_norm=0.001955 learning_rate=1.134e-05 epoch=0.7893
2026-10-03T10:15:43Z step 750/938 loss=3.631e-05 grad_norm=0.002598 learning_rate=1.027e-05 epoch=0.8
2026-10-03T10:16:12Z step 760/938 loss=2.568e-05 grad_norm=0.0007084 learning_rate=9.247e-06 epoch=0.8107
2026-10-03T10:16:41Z step 770/938 loss=3.983e-05 grad_norm=0.0001114 learning_rate=8.271e-06 epoch=0.8213
2026-10-03T10:17:11Z step 780/938 loss=6.271e-05 grad_norm=0.0148 learning_rate=7.345e-06 epoch=0.832
2026-10-03T10:17:42Z step 790/938 loss=1.832e-05 grad_norm=0.001514 learning_rate=6.47e-06 epoch=0.8427
2026-10-03T10:18:11Z step 800/938 loss=2.255e-05 grad_norm=0.0005563 learning_rate=5.647e-06 epoch=0.8533
2026-10-03T10:18:45Z step 810/938 loss=3.446e-05 grad_norm=0.01269 learning_rate=4.877e-06 epoch=0.864
2026-10-03T10:19:14Z step 820/938 loss=0.0003001 grad_norm=0.001423 learning_rate=4.16e-06 epoch=0.8747
2026-10-03T10:19:44Z step 830/938 loss=4.818e-05 grad_norm=0.0003993 learning_rate=3.498e-06 epoch=0.8853
2026-10-03T10:20:13Z step 840/938 loss=6.691e-05 grad_norm=0.0001989 learning_rate=2.892e-06 epoch=0.896
2026-10-03T10:20:42Z step 850/938 loss=9.94e-05 grad_norm=0.02377 learning_rate=2.342e-06 epoch=0.9067
2026-10-03T10:21:11Z step 860/938 loss=2.393e-05 grad_norm=0.002554 learning_rate=1.848e-06 epoch=0.9173
2026-10-03T10:21:41Z step 870/938 loss=2.37e-05 grad_norm=0.0001742 learning_rate=1.412e-06 epoch=0.928
2026-10-03T10:22:10Z step 880/938 loss=5.133e-05 grad_norm=0.0004806 learning_rate=1.034e-06 epoch=0.9387
2026-10-03T10:22:39Z step 890/938 loss=2.247e-05 grad_norm=0.002264 learning_rate=7.137e-07 epoch=0.9493
2026-10-03T10:23:10Z step 900/938 loss=4.658e-05 grad_norm=0.0001886 learning_rate=4.525e-07 epoch=0.96
2026-10-03T10:23:39Z step 910/938 loss=1.306e-05 grad_norm=0.0004281 learning_rate=2.504e-07 epoch=0.9707
2026-10-03T10:24:09Z step 920/938 loss=2.1e-05 grad_norm=0.0003043 learning_rate=1.075e-07 epoch=0.9813
2026-10-03T10:24:38Z step 930/938 loss=1.941e-05 grad_norm=0.0002671 learning_rate=2.413e-08 epoch=0.992
2026-10-03T10:24:59Z step 938/938 train_runtime=2794 train_samples_per_second=21.48 train_steps_per_second=0.336 total_flos=1.266e+18 train_loss=0.02454 epoch=1
2026-10-03T10:25:08Z trained 938 steps in 46.6 min, 4681.3 tok/s, peak 33.7 GB
2026-10-03T10:25:10Z u path: fp32-hidden (max |u_fp32 - u_bf16logits| = 0.0822)
2026-10-03T10:25:11Z padding self-check: max |u_batch - u_single| = 0.0560 (tol 0.613) -> left padding
2026-10-03T10:26:17Z B-LOKO-time-ledger2-s0 rule_v1/dev: TA 93.7 Rev 98.3 Hold 95.3 n=300 (68.7 s)
2026-10-03T10:30:24Z generate: batch 25/32, 197331 tokens, 1061 tok/s
2026-10-03T10:34:35Z B-LOKO-time-ledger2-s0 rule_v1/test_L2: TA 96.8 Rev 99.5 Hold 97.2 n=2000 (437.7 s)
2026-10-03T10:38:10Z B-LOKO-time-ledger2-s0 rule_v1/test_L0: TA 97.5 Rev 99.8 Hold 97.7 n=1000 (214.7 s)
2026-10-03T10:40:35Z B-LOKO-time-ledger2-s0 xr_v1/test: TA nan Rev nan Hold nan n=None (145.0 s)
2026-10-03T10:40:35Z DONE B-LOKO-time-ledger2-s0 in 62.7 min, GPU util mean 89.5
