2026-10-03T14:40:57Z step 10/938 loss=1.752 grad_norm=3.61 learning_rate=3.214e-05 epoch=0.01067
2026-10-03T14:41:26Z step 20/938 loss=0.2434 grad_norm=1.052 learning_rate=6.786e-05 epoch=0.02133
2026-10-03T14:41:56Z step 30/938 loss=0.03302 grad_norm=0.3807 learning_rate=0.0001 epoch=0.032
2026-10-03T14:42:26Z step 40/938 loss=0.01543 grad_norm=0.06646 learning_rate=9.996e-05 epoch=0.04267
2026-10-03T14:42:56Z step 50/938 loss=0.01444 grad_norm=0.3211 learning_rate=9.987e-05 epoch=0.05333
2026-10-03T14:43:26Z step 60/938 loss=0.002971 grad_norm=0.2379 learning_rate=9.971e-05 epoch=0.064
2026-10-03T14:43:55Z step 70/938 loss=0.01689 grad_norm=0.9815 learning_rate=9.95e-05 epoch=0.07467
2026-10-03T14:44:25Z step 80/938 loss=0.01909 grad_norm=0.04214 learning_rate=9.923e-05 epoch=0.08533
2026-10-03T14:44:55Z step 90/938 loss=0.004546 grad_norm=0.1961 learning_rate=9.89e-05 epoch=0.096
2026-10-03T14:45:24Z step 100/938 loss=0.00655 grad_norm=0.2402 learning_rate=9.851e-05 epoch=0.1067
2026-10-03T14:45:54Z step 110/938 loss=0.003665 grad_norm=0.4605 learning_rate=9.806e-05 epoch=0.1173
2026-10-03T14:46:24Z step 120/938 loss=0.002782 grad_norm=0.03338 learning_rate=9.755e-05 epoch=0.128
2026-10-03T14:46:54Z step 130/938 loss=0.001949 grad_norm=0.01736 learning_rate=9.699e-05 epoch=0.1387
2026-10-03T14:47:23Z step 140/938 loss=0.0006922 grad_norm=0.006336 learning_rate=9.637e-05 epoch=0.1493
2026-10-03T14:47:52Z step 150/938 loss=0.00304 grad_norm=0.0071 learning_rate=9.57e-05 epoch=0.16
2026-10-03T14:48:23Z step 160/938 loss=0.006556 grad_norm=0.07421 learning_rate=9.497e-05 epoch=0.1707
2026-10-03T14:48:52Z step 170/938 loss=0.002898 grad_norm=0.0208 learning_rate=9.419e-05 epoch=0.1813
2026-10-03T14:49:22Z step 180/938 loss=0.000955 grad_norm=0.02727 learning_rate=9.336e-05 epoch=0.192
2026-10-03T14:49:52Z step 190/938 loss=0.009712 grad_norm=0.002399 learning_rate=9.247e-05 epoch=0.2027
2026-10-03T14:50:20Z step 200/938 loss=0.000663 grad_norm=0.03159 learning_rate=9.154e-05 epoch=0.2133
2026-10-03T14:50:49Z step 210/938 loss=0.002374 grad_norm=0.005668 learning_rate=9.055e-05 epoch=0.224
2026-10-03T14:51:19Z step 220/938 loss=0.00152 grad_norm=0.01475 learning_rate=8.952e-05 epoch=0.2347
2026-10-03T14:51:49Z step 230/938 loss=0.00241 grad_norm=0.7959 learning_rate=8.844e-05 epoch=0.2453
2026-10-03T14:52:18Z step 240/938 loss=0.000506 grad_norm=0.07544 learning_rate=8.731e-05 epoch=0.256
2026-10-03T14:52:47Z step 250/938 loss=0.0005935 grad_norm=0.006496 learning_rate=8.614e-05 epoch=0.2667
2026-10-03T14:53:17Z step 260/938 loss=0.0005681 grad_norm=0.02695 learning_rate=8.493e-05 epoch=0.2773
2026-10-03T14:53:46Z step 270/938 loss=6.337e-05 grad_norm=0.0008085 learning_rate=8.367e-05 epoch=0.288
2026-10-03T14:54:15Z step 280/938 loss=0.007094 grad_norm=1.13 learning_rate=8.237e-05 epoch=0.2987
2026-10-03T14:54:45Z step 290/938 loss=0.002338 grad_norm=0.03928 learning_rate=8.104e-05 epoch=0.3093
2026-10-03T14:55:14Z step 300/938 loss=0.002126 grad_norm=0.02988 learning_rate=7.967e-05 epoch=0.32
2026-10-03T14:56:02Z step 310/938 loss=0.003806 grad_norm=0.001446 learning_rate=7.826e-05 epoch=0.3307
2026-10-03T14:56:32Z step 320/938 loss=0.0003701 grad_norm=0.001932 learning_rate=7.682e-05 epoch=0.3413
2026-10-03T14:57:02Z step 330/938 loss=0.0008104 grad_norm=0.003229 learning_rate=7.535e-05 epoch=0.352
2026-10-03T14:57:31Z step 340/938 loss=0.0004158 grad_norm=0.03682 learning_rate=7.385e-05 epoch=0.3627
2026-10-03T14:58:01Z step 350/938 loss=0.00216 grad_norm=0.02543 learning_rate=7.231e-05 epoch=0.3733
2026-10-03T14:58:30Z step 360/938 loss=0.01082 grad_norm=0.02691 learning_rate=7.076e-05 epoch=0.384
2026-10-03T14:58:59Z step 370/938 loss=0.003834 grad_norm=0.08932 learning_rate=6.917e-05 epoch=0.3947
2026-10-03T14:59:29Z step 380/938 loss=0.001423 grad_norm=0.03541 learning_rate=6.757e-05 epoch=0.4053
2026-10-03T14:59:58Z step 390/938 loss=0.0003475 grad_norm=0.008685 learning_rate=6.594e-05 epoch=0.416
2026-10-03T15:00:42Z step 400/938 loss=0.0007774 grad_norm=0.003132 learning_rate=6.43e-05 epoch=0.4267
2026-10-03T15:01:12Z step 410/938 loss=0.0002048 grad_norm=0.002986 learning_rate=6.264e-05 epoch=0.4373
2026-10-03T15:01:41Z step 420/938 loss=0.0005583 grad_norm=0.0005944 learning_rate=6.096e-05 epoch=0.448
2026-10-03T15:02:11Z step 430/938 loss=3.13e-05 grad_norm=0.0004842 learning_rate=5.927e-05 epoch=0.4587
2026-10-03T15:02:41Z step 440/938 loss=3.081e-05 grad_norm=0.0004012 learning_rate=5.757e-05 epoch=0.4693
2026-10-03T15:03:09Z step 450/938 loss=0.0005517 grad_norm=0.05493 learning_rate=5.586e-05 epoch=0.48
2026-10-03T15:03:38Z step 460/938 loss=0.0002216 grad_norm=0.0559 learning_rate=5.414e-05 epoch=0.4907
2026-10-03T15:04:07Z step 470/938 loss=2.953e-05 grad_norm=0.0003428 learning_rate=5.242e-05 epoch=0.5013
2026-10-03T15:04:37Z step 480/938 loss=1.84e-05 grad_norm=0.000187 learning_rate=5.069e-05 epoch=0.512
2026-10-03T15:05:05Z step 490/938 loss=0.003968 grad_norm=0.0004557 learning_rate=4.896e-05 epoch=0.5227
2026-10-03T15:05:35Z step 500/938 loss=9.664e-05 grad_norm=0.001853 learning_rate=4.724e-05 epoch=0.5333
2026-10-03T15:06:04Z step 510/938 loss=0.0007446 grad_norm=0.4894 learning_rate=4.552e-05 epoch=0.544
2026-10-03T15:06:34Z step 520/938 loss=0.0001892 grad_norm=0.06667 learning_rate=4.38e-05 epoch=0.5547
2026-10-03T15:07:04Z step 530/938 loss=6.305e-05 grad_norm=0.0008354 learning_rate=4.209e-05 epoch=0.5653
2026-10-03T15:07:35Z step 540/938 loss=4.419e-05 grad_norm=0.001818 learning_rate=4.039e-05 epoch=0.576
2026-10-03T15:08:04Z step 550/938 loss=3.806e-05 grad_norm=0.0004716 learning_rate=3.871e-05 epoch=0.5867
2026-10-03T15:08:33Z step 560/938 loss=0.001556 grad_norm=0.0005019 learning_rate=3.703e-05 epoch=0.5973
2026-10-03T15:09:03Z step 570/938 loss=8.975e-05 grad_norm=0.000635 learning_rate=3.537e-05 epoch=0.608
2026-10-03T15:09:32Z step 580/938 loss=0.002075 grad_norm=0.001837 learning_rate=3.373e-05 epoch=0.6187
2026-10-03T15:10:01Z step 590/938 loss=7.12e-05 grad_norm=0.002332 learning_rate=3.211e-05 epoch=0.6293
2026-10-03T15:10:32Z step 600/938 loss=0.000444 grad_norm=0.002767 learning_rate=3.051e-05 epoch=0.64
2026-10-03T15:11:01Z step 610/938 loss=0.0002907 grad_norm=0.002932 learning_rate=2.893e-05 epoch=0.6507
2026-10-03T15:11:31Z step 620/938 loss=4.131e-05 grad_norm=0.0007443 learning_rate=2.738e-05 epoch=0.6613
2026-10-03T15:12:01Z step 630/938 loss=3.556e-05 grad_norm=0.0004737 learning_rate=2.585e-05 epoch=0.672
2026-10-03T15:12:30Z step 640/938 loss=3.659e-05 grad_norm=0.0005965 learning_rate=2.436e-05 epoch=0.6827
2026-10-03T15:13:00Z step 650/938 loss=5.268e-05 grad_norm=0.006383 learning_rate=2.289e-05 epoch=0.6933
2026-10-03T15:13:29Z step 660/938 loss=4.023e-05 grad_norm=0.0004309 learning_rate=2.145e-05 epoch=0.704
2026-10-03T15:14:00Z step 670/938 loss=0.0003071 grad_norm=0.0003373 learning_rate=2.005e-05 epoch=0.7147
2026-10-03T15:14:29Z step 680/938 loss=2.892e-05 grad_norm=0.0005109 learning_rate=1.869e-05 epoch=0.7253
2026-10-03T15:14:59Z step 690/938 loss=1.995e-05 grad_norm=0.0005354 learning_rate=1.736e-05 epoch=0.736
2026-10-03T15:15:29Z step 700/938 loss=3.334e-05 grad_norm=0.0002118 learning_rate=1.608e-05 epoch=0.7467
2026-10-03T15:15:58Z step 710/938 loss=2.872e-05 grad_norm=0.004854 learning_rate=1.483e-05 epoch=0.7573
2026-10-03T15:16:28Z step 720/938 loss=3.279e-05 grad_norm=0.0002262 learning_rate=1.362e-05 epoch=0.768
2026-10-03T15:16:59Z step 730/938 loss=3.151e-05 grad_norm=0.00033 learning_rate=1.246e-05 epoch=0.7787
2026-10-03T15:17:29Z step 740/938 loss=3.701e-05 grad_norm=0.001391 learning_rate=1.134e-05 epoch=0.7893
2026-10-03T15:17:57Z step 750/938 loss=3.021e-05 grad_norm=0.002334 learning_rate=1.027e-05 epoch=0.8
2026-10-03T15:18:27Z step 760/938 loss=2.198e-05 grad_norm=0.0001914 learning_rate=9.247e-06 epoch=0.8107
2026-10-03T15:18:56Z step 770/938 loss=2.315e-05 grad_norm=0.0003104 learning_rate=8.271e-06 epoch=0.8213
2026-10-03T15:19:26Z step 780/938 loss=3.01e-05 grad_norm=0.009172 learning_rate=7.345e-06 epoch=0.832
2026-10-03T15:19:55Z step 790/938 loss=2.392e-05 grad_norm=0.0001762 learning_rate=6.47e-06 epoch=0.8427
2026-10-03T15:20:48Z step 800/938 loss=1.733e-05 grad_norm=0.0001295 learning_rate=5.647e-06 epoch=0.8533
2026-10-03T15:21:18Z step 810/938 loss=1.543e-05 grad_norm=0.0003534 learning_rate=4.877e-06 epoch=0.864
2026-10-03T15:21:48Z step 820/938 loss=2.886e-05 grad_norm=0.0002998 learning_rate=4.16e-06 epoch=0.8747
2026-10-03T15:22:18Z step 830/938 loss=2.539e-05 grad_norm=0.0007145 learning_rate=3.498e-06 epoch=0.8853
2026-10-03T15:22:48Z step 840/938 loss=3.966e-05 grad_norm=0.004199 learning_rate=2.892e-06 epoch=0.896
2026-10-03T15:23:16Z step 850/938 loss=0.0001735 grad_norm=0.0002434 learning_rate=2.342e-06 epoch=0.9067
2026-10-03T15:23:45Z step 860/938 loss=2.481e-05 grad_norm=0.0002784 learning_rate=1.848e-06 epoch=0.9173
2026-10-03T15:24:16Z step 870/938 loss=2.475e-05 grad_norm=0.001263 learning_rate=1.412e-06 epoch=0.928
2026-10-03T15:24:45Z step 880/938 loss=3.038e-05 grad_norm=0.00494 learning_rate=1.034e-06 epoch=0.9387
2026-10-03T15:25:15Z step 890/938 loss=2.504e-05 grad_norm=0.0002752 learning_rate=7.137e-07 epoch=0.9493
2026-10-03T15:25:45Z step 900/938 loss=6.08e-05 grad_norm=0.002257 learning_rate=4.525e-07 epoch=0.96
2026-10-03T15:26:14Z step 910/938 loss=2.959e-05 grad_norm=0.0002976 learning_rate=2.504e-07 epoch=0.9707
2026-10-03T15:26:43Z step 920/938 loss=1.973e-05 grad_norm=0.0004836 learning_rate=1.075e-07 epoch=0.9813
2026-10-03T15:27:13Z step 930/938 loss=2.118e-05 grad_norm=0.0002609 learning_rate=2.413e-08 epoch=0.992
2026-10-03T15:27:36Z step 938/938 train_runtime=2831 train_samples_per_second=21.2 train_steps_per_second=0.331 total_flos=1.266e+18 train_loss=0.02344 epoch=1
2026-10-03T15:27:40Z trained 938 steps in 47.2 min, 4663.2 tok/s, peak 34.91 GB
2026-10-03T15:27:41Z u path: fp32-hidden (max |u_fp32 - u_bf16logits| = 0.0298)
2026-10-03T15:27:42Z padding self-check: max |u_batch - u_single| = 0.1962 (tol 0.643) -> left padding
2026-10-03T15:28:51Z B-AB-nopres-s0 rule_v1/dev: TA 99.3 Rev 99.7 Hold 99.7 n=300 (70.1 s)
2026-10-03T15:32:24Z generate: batch 25/32, 224998 tokens, 1126 tok/s
2026-10-03T15:36:47Z B-AB-nopres-s0 rule_v1/test_L2: TA 98.7 Rev 99.3 Hold 99.3 n=2000 (475.7 s)
2026-10-03T15:39:31Z B-AB-nopres-s0 xr_v1/test: TA nan Rev nan Hold nan n=None (164.5 s)
2026-10-03T15:39:32Z DONE B-AB-nopres-s0 in 59.6 min, GPU util mean 93.2
