2026-10-04T00:41:39Z step 10/938 loss=8.759 grad_norm=6.995 learning_rate=3.214e-05 epoch=0.01067
2026-10-04T00:42:54Z step 20/938 loss=2.629 grad_norm=3.736 learning_rate=6.786e-05 epoch=0.02133
2026-10-04T00:44:09Z step 30/938 loss=0.1631 grad_norm=1.365 learning_rate=0.0001 epoch=0.032
2026-10-04T00:45:23Z step 40/938 loss=0.03874 grad_norm=1.039 learning_rate=9.996e-05 epoch=0.04267
2026-10-04T00:46:38Z step 50/938 loss=0.02232 grad_norm=0.09333 learning_rate=9.987e-05 epoch=0.05333
2026-10-04T00:47:51Z step 60/938 loss=0.01303 grad_norm=0.2507 learning_rate=9.971e-05 epoch=0.064
2026-10-04T00:49:07Z step 70/938 loss=0.0146 grad_norm=0.0627 learning_rate=9.95e-05 epoch=0.07467
2026-10-04T00:50:21Z step 80/938 loss=0.007159 grad_norm=0.02235 learning_rate=9.923e-05 epoch=0.08533
2026-10-04T00:51:35Z step 90/938 loss=0.008247 grad_norm=1.366 learning_rate=9.89e-05 epoch=0.096
2026-10-04T00:52:50Z step 100/938 loss=0.008027 grad_norm=0.359 learning_rate=9.851e-05 epoch=0.1067
2026-10-04T00:54:04Z step 110/938 loss=0.005908 grad_norm=0.3413 learning_rate=9.806e-05 epoch=0.1173
2026-10-04T00:55:19Z step 120/938 loss=0.004398 grad_norm=0.5089 learning_rate=9.755e-05 epoch=0.128
2026-10-04T00:56:33Z step 130/938 loss=0.005131 grad_norm=0.9539 learning_rate=9.699e-05 epoch=0.1387
2026-10-04T00:57:48Z step 140/938 loss=0.007418 grad_norm=0.0984 learning_rate=9.637e-05 epoch=0.1493
2026-10-04T00:59:00Z step 150/938 loss=0.002995 grad_norm=0.008168 learning_rate=9.57e-05 epoch=0.16
2026-10-04T01:00:49Z step 160/938 loss=0.0005149 grad_norm=0.5684 learning_rate=9.497e-05 epoch=0.1707
2026-10-04T01:02:04Z step 170/938 loss=0.00886 grad_norm=0.009278 learning_rate=9.419e-05 epoch=0.1813
2026-10-04T01:03:19Z step 180/938 loss=0.002502 grad_norm=0.01361 learning_rate=9.336e-05 epoch=0.192
2026-10-04T01:04:35Z step 190/938 loss=0.001715 grad_norm=0.01358 learning_rate=9.247e-05 epoch=0.2027
2026-10-04T01:05:50Z step 200/938 loss=0.001274 grad_norm=0.1492 learning_rate=9.154e-05 epoch=0.2133
2026-10-04T01:07:05Z step 210/938 loss=0.007448 grad_norm=0.0181 learning_rate=9.055e-05 epoch=0.224
2026-10-04T01:08:16Z step 220/938 loss=0.0008147 grad_norm=0.02279 learning_rate=8.952e-05 epoch=0.2347
2026-10-04T01:09:31Z step 230/938 loss=0.0001744 grad_norm=0.001015 learning_rate=8.844e-05 epoch=0.2453
2026-10-04T01:10:44Z step 240/938 loss=0.00522 grad_norm=0.1581 learning_rate=8.731e-05 epoch=0.256
2026-10-04T01:12:00Z step 250/938 loss=0.004939 grad_norm=0.02608 learning_rate=8.614e-05 epoch=0.2667
2026-10-04T01:13:15Z step 260/938 loss=0.003703 grad_norm=0.08412 learning_rate=8.493e-05 epoch=0.2773
2026-10-04T01:14:31Z step 270/938 loss=0.001426 grad_norm=0.002745 learning_rate=8.367e-05 epoch=0.288
2026-10-04T01:15:42Z step 280/938 loss=0.00167 grad_norm=0.03457 learning_rate=8.237e-05 epoch=0.2987
2026-10-04T01:16:55Z step 290/938 loss=0.0005552 grad_norm=0.001853 learning_rate=8.104e-05 epoch=0.3093
2026-10-04T01:18:09Z step 300/938 loss=0.0001409 grad_norm=0.001946 learning_rate=7.967e-05 epoch=0.32
2026-10-04T01:19:22Z step 310/938 loss=3.651e-05 grad_norm=0.0004929 learning_rate=7.826e-05 epoch=0.3307
2026-10-04T01:21:10Z step 320/938 loss=6.537e-05 grad_norm=0.007025 learning_rate=7.682e-05 epoch=0.3413
2026-10-04T01:22:24Z step 330/938 loss=2.911e-05 grad_norm=0.0005084 learning_rate=7.535e-05 epoch=0.352
2026-10-04T01:23:39Z step 340/938 loss=0.0008872 grad_norm=0.001351 learning_rate=7.385e-05 epoch=0.3627
2026-10-04T01:24:51Z step 350/938 loss=5.948e-05 grad_norm=0.01778 learning_rate=7.231e-05 epoch=0.3733
2026-10-04T01:26:06Z step 360/938 loss=4.332e-05 grad_norm=0.003786 learning_rate=7.076e-05 epoch=0.384
2026-10-04T01:27:19Z step 370/938 loss=0.0006553 grad_norm=0.0004903 learning_rate=6.917e-05 epoch=0.3947
2026-10-04T01:28:33Z step 380/938 loss=0.0001021 grad_norm=0.003479 learning_rate=6.757e-05 epoch=0.4053
2026-10-04T01:29:48Z step 390/938 loss=0.002714 grad_norm=0.002049 learning_rate=6.594e-05 epoch=0.416
2026-10-04T01:31:01Z step 400/938 loss=0.000446 grad_norm=0.04636 learning_rate=6.43e-05 epoch=0.4267
2026-10-04T01:32:15Z step 410/938 loss=0.002553 grad_norm=0.03594 learning_rate=6.264e-05 epoch=0.4373
2026-10-04T01:33:29Z step 420/938 loss=0.002529 grad_norm=0.004126 learning_rate=6.096e-05 epoch=0.448
2026-10-04T01:34:43Z step 430/938 loss=0.0009007 grad_norm=0.003779 learning_rate=5.927e-05 epoch=0.4587
2026-10-04T01:35:57Z step 440/938 loss=0.001754 grad_norm=0.1794 learning_rate=5.757e-05 epoch=0.4693
2026-10-04T01:37:12Z step 450/938 loss=0.0004571 grad_norm=0.004744 learning_rate=5.586e-05 epoch=0.48
2026-10-04T01:38:29Z step 460/938 loss=0.0001148 grad_norm=0.004556 learning_rate=5.414e-05 epoch=0.4907
2026-10-04T01:39:43Z step 470/938 loss=9.591e-05 grad_norm=0.003203 learning_rate=5.242e-05 epoch=0.5013
2026-10-04T01:41:31Z step 480/938 loss=5.706e-05 grad_norm=0.00169 learning_rate=5.069e-05 epoch=0.512
2026-10-04T01:42:43Z step 490/938 loss=5.077e-05 grad_norm=0.007811 learning_rate=4.896e-05 epoch=0.5227
2026-10-04T01:43:55Z step 500/938 loss=7.526e-05 grad_norm=0.0002253 learning_rate=4.724e-05 epoch=0.5333
2026-10-04T01:45:07Z step 510/938 loss=4.333e-05 grad_norm=0.01949 learning_rate=4.552e-05 epoch=0.544
2026-10-04T01:46:22Z step 520/938 loss=9.468e-05 grad_norm=0.001332 learning_rate=4.38e-05 epoch=0.5547
2026-10-04T01:47:36Z step 530/938 loss=5.044e-05 grad_norm=0.0005485 learning_rate=4.209e-05 epoch=0.5653
2026-10-04T01:48:49Z step 540/938 loss=1.754e-05 grad_norm=0.0006017 learning_rate=4.039e-05 epoch=0.576
2026-10-04T01:50:03Z step 550/938 loss=0.0003941 grad_norm=0.0003781 learning_rate=3.871e-05 epoch=0.5867
2026-10-04T01:51:14Z step 560/938 loss=2.45e-05 grad_norm=0.0004937 learning_rate=3.703e-05 epoch=0.5973
2026-10-04T01:52:26Z step 570/938 loss=3.118e-05 grad_norm=0.001632 learning_rate=3.537e-05 epoch=0.608
2026-10-04T01:53:37Z step 580/938 loss=2.044e-05 grad_norm=0.002047 learning_rate=3.373e-05 epoch=0.6187
2026-10-04T01:54:54Z step 590/938 loss=0.0001697 grad_norm=0.0001975 learning_rate=3.211e-05 epoch=0.6293
2026-10-04T01:56:10Z step 600/938 loss=1.793e-05 grad_norm=0.0002907 learning_rate=3.051e-05 epoch=0.64
2026-10-04T01:57:22Z step 610/938 loss=9.247e-05 grad_norm=0.1493 learning_rate=2.893e-05 epoch=0.6507
2026-10-04T01:58:37Z step 620/938 loss=0.0007369 grad_norm=0.0002962 learning_rate=2.738e-05 epoch=0.6613
2026-10-04T01:59:51Z step 630/938 loss=0.0002717 grad_norm=0.0003342 learning_rate=2.585e-05 epoch=0.672
2026-10-04T02:01:41Z step 640/938 loss=0.0004201 grad_norm=0.00242 learning_rate=2.436e-05 epoch=0.6827
2026-10-04T02:02:56Z step 650/938 loss=0.0001288 grad_norm=0.0005502 learning_rate=2.289e-05 epoch=0.6933
2026-10-04T02:04:12Z step 660/938 loss=2.148e-05 grad_norm=0.002137 learning_rate=2.145e-05 epoch=0.704
2026-10-04T02:05:24Z step 670/938 loss=9.449e-05 grad_norm=0.0002563 learning_rate=2.005e-05 epoch=0.7147
2026-10-04T02:06:40Z step 680/938 loss=2.434e-05 grad_norm=0.0007892 learning_rate=1.869e-05 epoch=0.7253
2026-10-04T02:07:52Z step 690/938 loss=2.979e-05 grad_norm=0.01933 learning_rate=1.736e-05 epoch=0.736
2026-10-04T02:09:05Z step 700/938 loss=1.228e-05 grad_norm=0.0002858 learning_rate=1.608e-05 epoch=0.7467
2026-10-04T02:10:21Z step 710/938 loss=2.396e-05 grad_norm=0.00258 learning_rate=1.483e-05 epoch=0.7573
2026-10-04T02:11:36Z step 720/938 loss=1.861e-05 grad_norm=0.0005595 learning_rate=1.362e-05 epoch=0.768
2026-10-04T02:12:50Z step 730/938 loss=2.792e-05 grad_norm=0.00181 learning_rate=1.246e-05 epoch=0.7787
2026-10-04T02:14:05Z step 740/938 loss=3.277e-05 grad_norm=0.0002131 learning_rate=1.134e-05 epoch=0.7893
2026-10-04T02:15:22Z step 750/938 loss=1.988e-05 grad_norm=0.01288 learning_rate=1.027e-05 epoch=0.8
2026-10-04T02:16:34Z step 760/938 loss=2.049e-05 grad_norm=0.0002287 learning_rate=9.247e-06 epoch=0.8107
2026-10-04T02:17:48Z step 770/938 loss=1.465e-05 grad_norm=0.0002097 learning_rate=8.271e-06 epoch=0.8213
2026-10-04T02:19:03Z step 780/938 loss=4.073e-05 grad_norm=0.0004195 learning_rate=7.345e-06 epoch=0.832
2026-10-04T02:20:17Z step 790/938 loss=1.602e-05 grad_norm=0.0002651 learning_rate=6.47e-06 epoch=0.8427
2026-10-04T02:22:08Z step 800/938 loss=1.537e-05 grad_norm=0.0005995 learning_rate=5.647e-06 epoch=0.8533
2026-10-04T02:23:20Z step 810/938 loss=1.073e-05 grad_norm=0.0004291 learning_rate=4.877e-06 epoch=0.864
2026-10-04T02:24:33Z step 820/938 loss=1.518e-05 grad_norm=0.0001789 learning_rate=4.16e-06 epoch=0.8747
2026-10-04T02:25:49Z step 830/938 loss=1.048e-05 grad_norm=0.0001553 learning_rate=3.498e-06 epoch=0.8853
2026-10-04T02:27:04Z step 840/938 loss=2.194e-05 grad_norm=0.0001441 learning_rate=2.892e-06 epoch=0.896
2026-10-04T02:28:18Z step 850/938 loss=1.539e-05 grad_norm=0.0001323 learning_rate=2.342e-06 epoch=0.9067
2026-10-04T02:29:32Z step 860/938 loss=1.421e-05 grad_norm=0.0001116 learning_rate=1.848e-06 epoch=0.9173
2026-10-04T02:30:46Z step 870/938 loss=1.51e-05 grad_norm=0.0001268 learning_rate=1.412e-06 epoch=0.928
2026-10-04T02:32:00Z step 880/938 loss=2.851e-05 grad_norm=0.2042 learning_rate=1.034e-06 epoch=0.9387
2026-10-04T02:33:17Z step 890/938 loss=1.363e-05 grad_norm=0.0004796 learning_rate=7.137e-07 epoch=0.9493
2026-10-04T02:34:30Z step 900/938 loss=4.425e-05 grad_norm=0.002861 learning_rate=4.525e-07 epoch=0.96
2026-10-04T02:35:45Z step 910/938 loss=1.695e-05 grad_norm=0.0002535 learning_rate=2.504e-07 epoch=0.9707
2026-10-04T02:36:58Z step 920/938 loss=1.314e-05 grad_norm=0.0002224 learning_rate=1.075e-07 epoch=0.9813
2026-10-04T02:38:13Z step 930/938 loss=1.271e-05 grad_norm=0.0003027 learning_rate=2.413e-08 epoch=0.992
2026-10-04T02:39:10Z step 938/938 train_runtime=7144 train_samples_per_second=8.398 train_steps_per_second=0.131 total_flos=1.148e+18 train_loss=0.1252 epoch=1
2026-10-04T02:39:44Z trained 938 steps in 119.1 min, 1676.9 tok/s, peak 34.17 GB
2026-10-04T02:39:48Z u path: fp32-hidden (max |u_fp32 - u_bf16logits| = 0.0096)
2026-10-04T02:39:50Z padding self-check: max |u_batch - u_single| = 0.0512 (tol 0.635) -> left padding
2026-10-04T02:42:31Z B-LOKO-boundary-summary2-s1 rule_v1/dev: TA 98.0 Rev 98.0 Hold 100.0 n=300 (165.8 s)
2026-10-04T02:46:03Z generate: batch 25/63, 106568 tokens, 522 tok/s
2026-10-04T02:49:56Z generate: batch 50/63, 229934 tokens, 526 tok/s
2026-10-04T03:00:57Z B-LOKO-boundary-summary2-s1 rule_v1/test_L2: TA 97.0 Rev 97.6 Hold 99.4 n=2000 (1105.8 s)
2026-10-04T03:07:30Z B-LOKO-boundary-summary2-s1 xr_v1/test: TA nan Rev nan Hold nan n=None (392.9 s)
2026-10-04T03:07:35Z DONE B-LOKO-boundary-summary2-s1 in 149.8 min, GPU util mean 92.9
