2026-10-10T08:41:47Z step 10/938 loss=0.927 grad_norm=1.164 learning_rate=3.214e-05 epoch=0.01067
2026-10-10T08:42:17Z step 20/938 loss=0.2328 grad_norm=0.5353 learning_rate=6.786e-05 epoch=0.02133
2026-10-10T08:42:48Z step 30/938 loss=0.0628 grad_norm=0.3505 learning_rate=0.0001 epoch=0.032
2026-10-10T08:43:17Z step 40/938 loss=0.03618 grad_norm=0.1165 learning_rate=9.996e-05 epoch=0.04267
2026-10-10T08:43:47Z step 50/938 loss=0.03111 grad_norm=0.1048 learning_rate=9.987e-05 epoch=0.05333
2026-10-10T08:44:17Z step 60/938 loss=0.03456 grad_norm=0.1239 learning_rate=9.971e-05 epoch=0.064
2026-10-10T08:44:47Z step 70/938 loss=0.03589 grad_norm=0.06514 learning_rate=9.95e-05 epoch=0.07467
2026-10-10T08:45:18Z step 80/938 loss=0.03439 grad_norm=0.1531 learning_rate=9.923e-05 epoch=0.08533
2026-10-10T08:45:48Z step 90/938 loss=0.03698 grad_norm=0.1578 learning_rate=9.89e-05 epoch=0.096
2026-10-10T08:46:19Z step 100/938 loss=0.02353 grad_norm=0.08112 learning_rate=9.851e-05 epoch=0.1067
2026-10-10T08:46:49Z step 110/938 loss=0.02617 grad_norm=0.1282 learning_rate=9.806e-05 epoch=0.1173
2026-10-10T08:47:20Z step 120/938 loss=0.03664 grad_norm=0.1408 learning_rate=9.755e-05 epoch=0.128
2026-10-10T08:47:49Z step 130/938 loss=0.03602 grad_norm=0.06601 learning_rate=9.699e-05 epoch=0.1387
2026-10-10T08:48:19Z step 140/938 loss=0.03025 grad_norm=0.05397 learning_rate=9.637e-05 epoch=0.1493
2026-10-10T08:48:49Z step 150/938 loss=0.02883 grad_norm=0.03364 learning_rate=9.57e-05 epoch=0.16
2026-10-10T08:49:19Z step 160/938 loss=0.03289 grad_norm=0.078 learning_rate=9.497e-05 epoch=0.1707
2026-10-10T08:49:49Z step 170/938 loss=0.02947 grad_norm=0.1405 learning_rate=9.419e-05 epoch=0.1813
2026-10-10T08:50:35Z step 180/938 loss=0.02765 grad_norm=0.03161 learning_rate=9.336e-05 epoch=0.192
2026-10-10T08:51:04Z step 190/938 loss=0.02105 grad_norm=0.05945 learning_rate=9.247e-05 epoch=0.2027
2026-10-10T08:51:34Z step 200/938 loss=0.02951 grad_norm=0.04827 learning_rate=9.154e-05 epoch=0.2133
2026-10-10T08:52:05Z step 210/938 loss=0.02487 grad_norm=0.1589 learning_rate=9.055e-05 epoch=0.224
2026-10-10T08:52:34Z step 220/938 loss=0.02737 grad_norm=0.1474 learning_rate=8.952e-05 epoch=0.2347
2026-10-10T08:53:05Z step 230/938 loss=0.03038 grad_norm=0.08252 learning_rate=8.844e-05 epoch=0.2453
2026-10-10T08:53:34Z step 240/938 loss=0.03664 grad_norm=0.2915 learning_rate=8.731e-05 epoch=0.256
2026-10-10T08:54:03Z step 250/938 loss=0.02339 grad_norm=0.03415 learning_rate=8.614e-05 epoch=0.2667
2026-10-10T08:54:34Z step 260/938 loss=0.02634 grad_norm=0.1175 learning_rate=8.493e-05 epoch=0.2773
2026-10-10T08:55:04Z step 270/938 loss=0.01997 grad_norm=0.01921 learning_rate=8.367e-05 epoch=0.288
2026-10-10T08:55:35Z step 280/938 loss=0.02228 grad_norm=0.03906 learning_rate=8.237e-05 epoch=0.2987
2026-10-10T08:56:04Z step 290/938 loss=0.02388 grad_norm=0.02857 learning_rate=8.104e-05 epoch=0.3093
2026-10-10T08:56:34Z step 300/938 loss=0.02313 grad_norm=0.05471 learning_rate=7.967e-05 epoch=0.32
2026-10-10T08:57:04Z step 310/938 loss=0.02777 grad_norm=0.07886 learning_rate=7.826e-05 epoch=0.3307
2026-10-10T08:57:34Z step 320/938 loss=0.0303 grad_norm=0.08475 learning_rate=7.682e-05 epoch=0.3413
2026-10-10T08:58:03Z step 330/938 loss=0.01755 grad_norm=0.05614 learning_rate=7.535e-05 epoch=0.352
2026-10-10T08:58:34Z step 340/938 loss=0.0214 grad_norm=0.06921 learning_rate=7.385e-05 epoch=0.3627
2026-10-10T08:59:04Z step 350/938 loss=0.02536 grad_norm=0.08228 learning_rate=7.231e-05 epoch=0.3733
2026-10-10T08:59:33Z step 360/938 loss=0.02467 grad_norm=0.0854 learning_rate=7.076e-05 epoch=0.384
2026-10-10T09:00:02Z step 370/938 loss=0.02186 grad_norm=0.06267 learning_rate=6.917e-05 epoch=0.3947
2026-10-10T09:00:32Z step 380/938 loss=0.02986 grad_norm=0.05594 learning_rate=6.757e-05 epoch=0.4053
2026-10-10T09:01:02Z step 390/938 loss=0.02627 grad_norm=0.1363 learning_rate=6.594e-05 epoch=0.416
2026-10-10T09:04:02Z step 400/938 loss=0.02783 grad_norm=0.1481 learning_rate=6.43e-05 epoch=0.4267
2026-10-10T09:04:31Z step 410/938 loss=0.02862 grad_norm=0.06246 learning_rate=6.264e-05 epoch=0.4373
2026-10-10T09:05:01Z step 420/938 loss=0.0285 grad_norm=0.08866 learning_rate=6.096e-05 epoch=0.448
2026-10-10T09:05:31Z step 430/938 loss=0.01954 grad_norm=0.07882 learning_rate=5.927e-05 epoch=0.4587
2026-10-10T09:06:01Z step 440/938 loss=0.02788 grad_norm=0.1018 learning_rate=5.757e-05 epoch=0.4693
2026-10-10T09:06:32Z step 450/938 loss=0.02841 grad_norm=0.08192 learning_rate=5.586e-05 epoch=0.48
2026-10-10T09:07:03Z step 460/938 loss=0.02297 grad_norm=0.1181 learning_rate=5.414e-05 epoch=0.4907
2026-10-10T09:07:34Z step 470/938 loss=0.02305 grad_norm=0.04978 learning_rate=5.242e-05 epoch=0.5013
2026-10-10T09:08:04Z step 480/938 loss=0.01118 grad_norm=0.0605 learning_rate=5.069e-05 epoch=0.512
2026-10-10T09:08:33Z step 490/938 loss=0.02019 grad_norm=0.04151 learning_rate=4.896e-05 epoch=0.5227
2026-10-10T09:09:04Z step 500/938 loss=0.02354 grad_norm=0.07547 learning_rate=4.724e-05 epoch=0.5333
2026-10-10T09:09:34Z step 510/938 loss=0.02121 grad_norm=0.06501 learning_rate=4.552e-05 epoch=0.544
2026-10-10T09:10:04Z step 520/938 loss=0.01971 grad_norm=0.03209 learning_rate=4.38e-05 epoch=0.5547
2026-10-10T09:10:34Z step 530/938 loss=0.02334 grad_norm=0.07894 learning_rate=4.209e-05 epoch=0.5653
2026-10-10T09:11:04Z step 540/938 loss=0.01653 grad_norm=0.1017 learning_rate=4.039e-05 epoch=0.576
2026-10-10T09:11:35Z step 550/938 loss=0.02149 grad_norm=0.1139 learning_rate=3.871e-05 epoch=0.5867
2026-10-10T09:12:05Z step 560/938 loss=0.0172 grad_norm=0.02104 learning_rate=3.703e-05 epoch=0.5973
2026-10-10T09:12:34Z step 570/938 loss=0.01522 grad_norm=0.05908 learning_rate=3.537e-05 epoch=0.608
2026-10-10T09:13:04Z step 580/938 loss=0.02285 grad_norm=0.1384 learning_rate=3.373e-05 epoch=0.6187
2026-10-10T09:13:33Z step 590/938 loss=0.01467 grad_norm=0.1548 learning_rate=3.211e-05 epoch=0.6293
2026-10-10T09:14:04Z step 600/938 loss=0.02151 grad_norm=0.1745 learning_rate=3.051e-05 epoch=0.64
2026-10-10T09:14:35Z step 610/938 loss=0.02336 grad_norm=0.1045 learning_rate=2.893e-05 epoch=0.6507
2026-10-10T09:15:05Z step 620/938 loss=0.0175 grad_norm=0.1054 learning_rate=2.738e-05 epoch=0.6613
2026-10-10T09:15:36Z step 630/938 loss=0.02498 grad_norm=0.124 learning_rate=2.585e-05 epoch=0.672
2026-10-10T09:16:05Z step 640/938 loss=0.02145 grad_norm=0.08451 learning_rate=2.436e-05 epoch=0.6827
2026-10-10T09:16:35Z step 650/938 loss=0.01844 grad_norm=0.058 learning_rate=2.289e-05 epoch=0.6933
2026-10-10T09:17:04Z step 660/938 loss=0.01627 grad_norm=0.07859 learning_rate=2.145e-05 epoch=0.704
2026-10-10T09:17:33Z step 670/938 loss=0.01532 grad_norm=0.0812 learning_rate=2.005e-05 epoch=0.7147
2026-10-10T09:18:02Z step 680/938 loss=0.02293 grad_norm=0.0665 learning_rate=1.869e-05 epoch=0.7253
2026-10-10T09:18:32Z step 690/938 loss=0.02078 grad_norm=0.1077 learning_rate=1.736e-05 epoch=0.736
2026-10-10T09:19:01Z step 700/938 loss=0.02011 grad_norm=0.1286 learning_rate=1.608e-05 epoch=0.7467
2026-10-10T09:19:32Z step 710/938 loss=0.02091 grad_norm=0.03118 learning_rate=1.483e-05 epoch=0.7573
2026-10-10T09:20:02Z step 720/938 loss=0.02219 grad_norm=0.03647 learning_rate=1.362e-05 epoch=0.768
2026-10-10T09:20:32Z step 730/938 loss=0.014 grad_norm=0.0772 learning_rate=1.246e-05 epoch=0.7787
2026-10-10T09:21:02Z step 740/938 loss=0.0187 grad_norm=0.1317 learning_rate=1.134e-05 epoch=0.7893
2026-10-10T09:24:04Z step 750/938 loss=0.01888 grad_norm=0.0714 learning_rate=1.027e-05 epoch=0.8
2026-10-10T09:24:34Z step 760/938 loss=0.01653 grad_norm=0.1329 learning_rate=9.247e-06 epoch=0.8107
2026-10-10T09:25:05Z step 770/938 loss=0.01833 grad_norm=0.1151 learning_rate=8.271e-06 epoch=0.8213
2026-10-10T09:25:34Z step 780/938 loss=0.01913 grad_norm=0.1678 learning_rate=7.345e-06 epoch=0.832
2026-10-10T09:26:04Z step 790/938 loss=0.0127 grad_norm=0.1374 learning_rate=6.47e-06 epoch=0.8427
2026-10-10T09:26:35Z step 800/938 loss=0.02074 grad_norm=0.1208 learning_rate=5.647e-06 epoch=0.8533
2026-10-10T09:27:04Z step 810/938 loss=0.01765 grad_norm=0.05835 learning_rate=4.877e-06 epoch=0.864
2026-10-10T09:27:34Z step 820/938 loss=0.01828 grad_norm=0.1599 learning_rate=4.16e-06 epoch=0.8747
2026-10-10T09:28:03Z step 830/938 loss=0.01698 grad_norm=0.1193 learning_rate=3.498e-06 epoch=0.8853
2026-10-10T09:28:33Z step 840/938 loss=0.01829 grad_norm=0.08277 learning_rate=2.892e-06 epoch=0.896
2026-10-10T09:29:03Z step 850/938 loss=0.01286 grad_norm=0.1178 learning_rate=2.342e-06 epoch=0.9067
2026-10-10T09:29:32Z step 860/938 loss=0.02352 grad_norm=0.1146 learning_rate=1.848e-06 epoch=0.9173
2026-10-10T09:30:01Z step 870/938 loss=0.01817 grad_norm=0.05768 learning_rate=1.412e-06 epoch=0.928
2026-10-10T09:30:32Z step 880/938 loss=0.01817 grad_norm=0.1148 learning_rate=1.034e-06 epoch=0.9387
2026-10-10T09:31:01Z step 890/938 loss=0.01936 grad_norm=0.1073 learning_rate=7.137e-07 epoch=0.9493
2026-10-10T09:31:30Z step 900/938 loss=0.01961 grad_norm=0.08756 learning_rate=4.525e-07 epoch=0.96
2026-10-10T09:32:01Z step 910/938 loss=0.02035 grad_norm=0.1225 learning_rate=2.504e-07 epoch=0.9707
2026-10-10T09:32:30Z step 920/938 loss=0.01669 grad_norm=0.09452 learning_rate=1.075e-07 epoch=0.9813
2026-10-10T09:33:00Z step 930/938 loss=0.01721 grad_norm=0.1148 learning_rate=2.413e-08 epoch=0.992
2026-10-10T09:33:22Z step 938/938 train_runtime=3124 train_samples_per_second=19.2 train_steps_per_second=0.3 total_flos=1.286e+18 train_loss=0.03549 epoch=1
2026-10-10T09:34:59Z trained 938 steps in 52.6 min, 4975.4 tok/s, peak 25.12 GB
2026-10-10T09:35:05Z u path: fp32-hidden (max |u_fp32 - u_bf16logits| = 0.0128)
2026-10-10T09:35:06Z padding self-check: max |u_batch - u_single| = 0.0826 (tol 0.620) -> left padding
2026-10-10T09:36:39Z B-V2-reader-triplets-s3 rule_v2/dev: TA 94.7 Rev 98.3 Hold 96.3 n=300 (96.4 s)
2026-10-10T09:40:35Z generate: batch 25/32, 282380 tokens, 1231 tok/s
2026-10-10T09:45:17Z B-V2-reader-triplets-s3 rule_v2/test_L2: TA 93.1 Rev 97.7 Hold 95.2 n=2000 (516.7 s)
2026-10-10T09:49:03Z generate: batch 25/32, 261294 tokens, 1166 tok/s
2026-10-10T09:53:45Z B-V2-reader-triplets-s3 rule_v1/test_L2: TA 99.2 Rev 99.3 Hold 100.0 n=2000 (507.1 s)
2026-10-10T09:56:43Z B-V2-reader-triplets-s3 xr_v1/test: TA nan Rev nan Hold nan n=None (178.1 s)
2026-10-10T09:57:41Z B-V2-reader-triplets-s3 cls_v1/dev: TA 74.3 Rev 91.3 Hold 82.3 n=300 (56.5 s)
2026-10-10T10:01:38Z B-V2-reader-triplets-s3 cls_v1/test: TA 69.9 Rev 91.2 Hold 76.4 n=1200 (236.0 s)
2026-10-10T10:01:42Z DONE B-V2-reader-triplets-s3 in 80.8 min, GPU util mean 81.1
