2026-10-03T13:42:37Z step 10/938 loss=3.909 grad_norm=4.618 learning_rate=3.214e-05 epoch=0.01067
2026-10-03T13:43:03Z step 20/938 loss=0.61 grad_norm=1.326 learning_rate=6.786e-05 epoch=0.02133
2026-10-03T13:43:30Z step 30/938 loss=0.0402 grad_norm=0.3413 learning_rate=0.0001 epoch=0.032
2026-10-03T13:43:56Z step 40/938 loss=0.01492 grad_norm=0.3643 learning_rate=9.996e-05 epoch=0.04267
2026-10-03T13:44:22Z step 50/938 loss=0.009041 grad_norm=0.774 learning_rate=9.987e-05 epoch=0.05333
2026-10-03T13:44:49Z step 60/938 loss=0.009864 grad_norm=1.83 learning_rate=9.971e-05 epoch=0.064
2026-10-03T13:45:15Z step 70/938 loss=0.006094 grad_norm=1.803 learning_rate=9.95e-05 epoch=0.07467
2026-10-03T13:45:42Z step 80/938 loss=0.01555 grad_norm=0.07486 learning_rate=9.923e-05 epoch=0.08533
2026-10-03T13:46:08Z step 90/938 loss=0.004543 grad_norm=0.06256 learning_rate=9.89e-05 epoch=0.096
2026-10-03T13:46:34Z step 100/938 loss=0.007567 grad_norm=0.4044 learning_rate=9.851e-05 epoch=0.1067
2026-10-03T13:47:00Z step 110/938 loss=0.003191 grad_norm=0.04189 learning_rate=9.806e-05 epoch=0.1173
2026-10-03T13:47:26Z step 120/938 loss=0.00231 grad_norm=0.006753 learning_rate=9.755e-05 epoch=0.128
2026-10-03T13:47:52Z step 130/938 loss=0.005942 grad_norm=0.2271 learning_rate=9.699e-05 epoch=0.1387
2026-10-03T13:48:18Z step 140/938 loss=0.004145 grad_norm=0.03363 learning_rate=9.637e-05 epoch=0.1493
2026-10-03T13:48:44Z step 150/938 loss=0.002037 grad_norm=0.007861 learning_rate=9.57e-05 epoch=0.16
2026-10-03T13:49:11Z step 160/938 loss=0.0007277 grad_norm=0.005002 learning_rate=9.497e-05 epoch=0.1707
2026-10-03T13:49:38Z step 170/938 loss=0.005653 grad_norm=0.01818 learning_rate=9.419e-05 epoch=0.1813
2026-10-03T13:50:05Z step 180/938 loss=0.00501 grad_norm=0.005685 learning_rate=9.336e-05 epoch=0.192
2026-10-03T13:50:30Z step 190/938 loss=0.0004231 grad_norm=0.02552 learning_rate=9.247e-05 epoch=0.2027
2026-10-03T13:50:58Z step 200/938 loss=0.0008095 grad_norm=0.001392 learning_rate=9.154e-05 epoch=0.2133
2026-10-03T13:51:24Z step 210/938 loss=0.002683 grad_norm=0.07921 learning_rate=9.055e-05 epoch=0.224
2026-10-03T13:51:51Z step 220/938 loss=0.0005154 grad_norm=0.0003885 learning_rate=8.952e-05 epoch=0.2347
2026-10-03T13:52:18Z step 230/938 loss=0.001795 grad_norm=0.001049 learning_rate=8.844e-05 epoch=0.2453
2026-10-03T13:52:46Z step 240/938 loss=0.003738 grad_norm=0.02801 learning_rate=8.731e-05 epoch=0.256
2026-10-03T13:53:12Z step 250/938 loss=0.002088 grad_norm=0.07508 learning_rate=8.614e-05 epoch=0.2667
2026-10-03T13:53:39Z step 260/938 loss=0.001694 grad_norm=0.0008877 learning_rate=8.493e-05 epoch=0.2773
2026-10-03T13:54:07Z step 270/938 loss=0.0005615 grad_norm=0.03428 learning_rate=8.367e-05 epoch=0.288
2026-10-03T13:54:32Z step 280/938 loss=0.00119 grad_norm=0.01411 learning_rate=8.237e-05 epoch=0.2987
2026-10-03T13:54:59Z step 290/938 loss=0.0001913 grad_norm=0.001282 learning_rate=8.104e-05 epoch=0.3093
2026-10-03T13:55:26Z step 300/938 loss=0.0004762 grad_norm=0.07176 learning_rate=7.967e-05 epoch=0.32
2026-10-03T13:55:52Z step 310/938 loss=0.0001206 grad_norm=0.09567 learning_rate=7.826e-05 epoch=0.3307
2026-10-03T13:56:18Z step 320/938 loss=0.0001545 grad_norm=0.0001084 learning_rate=7.682e-05 epoch=0.3413
2026-10-03T13:56:45Z step 330/938 loss=1.466e-05 grad_norm=0.0006099 learning_rate=7.535e-05 epoch=0.352
2026-10-03T13:57:12Z step 340/938 loss=3.485e-05 grad_norm=0.004592 learning_rate=7.385e-05 epoch=0.3627
2026-10-03T13:57:40Z step 350/938 loss=4.137e-05 grad_norm=0.0005152 learning_rate=7.231e-05 epoch=0.3733
2026-10-03T13:58:06Z step 360/938 loss=0.000119 grad_norm=0.008975 learning_rate=7.076e-05 epoch=0.384
2026-10-03T13:58:32Z step 370/938 loss=3.561e-05 grad_norm=0.0005911 learning_rate=6.917e-05 epoch=0.3947
2026-10-03T13:59:00Z step 380/938 loss=9.369e-06 grad_norm=0.0002371 learning_rate=6.757e-05 epoch=0.4053
2026-10-03T13:59:26Z step 390/938 loss=0.001328 grad_norm=0.0001481 learning_rate=6.594e-05 epoch=0.416
2026-10-03T13:59:52Z step 400/938 loss=1.215e-05 grad_norm=0.001003 learning_rate=6.43e-05 epoch=0.4267
2026-10-03T14:00:19Z step 410/938 loss=0.0003116 grad_norm=0.8114 learning_rate=6.264e-05 epoch=0.4373
2026-10-03T14:00:46Z step 420/938 loss=0.005511 grad_norm=0.0004151 learning_rate=6.096e-05 epoch=0.448
2026-10-03T14:01:13Z step 430/938 loss=0.0004134 grad_norm=0.02993 learning_rate=5.927e-05 epoch=0.4587
2026-10-03T14:01:38Z step 440/938 loss=0.002367 grad_norm=0.127 learning_rate=5.757e-05 epoch=0.4693
2026-10-03T14:02:05Z step 450/938 loss=0.0008273 grad_norm=0.0005051 learning_rate=5.586e-05 epoch=0.48
2026-10-03T14:02:41Z step 460/938 loss=0.0001407 grad_norm=0.002216 learning_rate=5.414e-05 epoch=0.4907
2026-10-03T14:03:08Z step 470/938 loss=0.0005867 grad_norm=0.0006707 learning_rate=5.242e-05 epoch=0.5013
2026-10-03T14:03:35Z step 480/938 loss=7.405e-05 grad_norm=0.01249 learning_rate=5.069e-05 epoch=0.512
2026-10-03T14:04:02Z step 490/938 loss=0.0006549 grad_norm=0.0009882 learning_rate=4.896e-05 epoch=0.5227
2026-10-03T14:04:47Z step 500/938 loss=0.0004347 grad_norm=0.0004326 learning_rate=4.724e-05 epoch=0.5333
2026-10-03T14:05:14Z step 510/938 loss=0.0005952 grad_norm=0.2389 learning_rate=4.552e-05 epoch=0.544
2026-10-03T14:05:40Z step 520/938 loss=6.644e-05 grad_norm=0.08174 learning_rate=4.38e-05 epoch=0.5547
2026-10-03T14:06:40Z step 530/938 loss=4.513e-05 grad_norm=0.01988 learning_rate=4.209e-05 epoch=0.5653
2026-10-03T14:07:07Z step 540/938 loss=4.207e-05 grad_norm=0.0002569 learning_rate=4.039e-05 epoch=0.576
2026-10-03T14:07:34Z step 550/938 loss=0.0002375 grad_norm=9.583e-05 learning_rate=3.871e-05 epoch=0.5867
2026-10-03T14:08:00Z step 560/938 loss=0.0006837 grad_norm=0.01065 learning_rate=3.703e-05 epoch=0.5973
2026-10-03T14:08:27Z step 570/938 loss=1.475e-05 grad_norm=0.0001318 learning_rate=3.537e-05 epoch=0.608
2026-10-03T14:08:53Z step 580/938 loss=2.173e-05 grad_norm=0.00126 learning_rate=3.373e-05 epoch=0.6187
2026-10-03T14:09:20Z step 590/938 loss=2.664e-05 grad_norm=0.001515 learning_rate=3.211e-05 epoch=0.6293
2026-10-03T14:09:46Z step 600/938 loss=2.695e-05 grad_norm=0.000126 learning_rate=3.051e-05 epoch=0.64
2026-10-03T14:10:12Z step 610/938 loss=0.0005759 grad_norm=0.0005759 learning_rate=2.893e-05 epoch=0.6507
2026-10-03T14:10:39Z step 620/938 loss=0.0001259 grad_norm=0.0007152 learning_rate=2.738e-05 epoch=0.6613
2026-10-03T14:11:06Z step 630/938 loss=0.0008276 grad_norm=0.0001245 learning_rate=2.585e-05 epoch=0.672
2026-10-03T14:11:32Z step 640/938 loss=2.996e-05 grad_norm=0.005901 learning_rate=2.436e-05 epoch=0.6827
2026-10-03T14:11:59Z step 650/938 loss=1.437e-05 grad_norm=0.001756 learning_rate=2.289e-05 epoch=0.6933
2026-10-03T14:12:25Z step 660/938 loss=0.0002492 grad_norm=0.0005127 learning_rate=2.145e-05 epoch=0.704
2026-10-03T14:12:51Z step 670/938 loss=2.526e-05 grad_norm=0.0005195 learning_rate=2.005e-05 epoch=0.7147
2026-10-03T14:13:17Z step 680/938 loss=1.809e-05 grad_norm=0.001299 learning_rate=1.869e-05 epoch=0.7253
2026-10-03T14:13:44Z step 690/938 loss=2.651e-05 grad_norm=0.001005 learning_rate=1.736e-05 epoch=0.736
2026-10-03T14:14:10Z step 700/938 loss=1.122e-05 grad_norm=0.0003355 learning_rate=1.608e-05 epoch=0.7467
2026-10-03T14:14:35Z step 710/938 loss=2.846e-05 grad_norm=0.008752 learning_rate=1.483e-05 epoch=0.7573
2026-10-03T14:15:02Z step 720/938 loss=1.668e-05 grad_norm=9.253e-05 learning_rate=1.362e-05 epoch=0.768
2026-10-03T14:15:29Z step 730/938 loss=2.232e-05 grad_norm=0.01059 learning_rate=1.246e-05 epoch=0.7787
2026-10-03T14:15:55Z step 740/938 loss=1.338e-05 grad_norm=0.001209 learning_rate=1.134e-05 epoch=0.7893
2026-10-03T14:16:22Z step 750/938 loss=2.755e-05 grad_norm=0.000658 learning_rate=1.027e-05 epoch=0.8
2026-10-03T14:16:48Z step 760/938 loss=6.727e-05 grad_norm=0.04506 learning_rate=9.247e-06 epoch=0.8107
2026-10-03T14:17:14Z step 770/938 loss=8.432e-05 grad_norm=8.833e-05 learning_rate=8.271e-06 epoch=0.8213
2026-10-03T14:17:41Z step 780/938 loss=1.676e-05 grad_norm=0.001098 learning_rate=7.345e-06 epoch=0.832
2026-10-03T14:18:08Z step 790/938 loss=0.0002432 grad_norm=0.0005172 learning_rate=6.47e-06 epoch=0.8427
2026-10-03T14:18:34Z step 800/938 loss=4.155e-05 grad_norm=0.0006246 learning_rate=5.647e-06 epoch=0.8533
2026-10-03T14:19:00Z step 810/938 loss=8.166e-05 grad_norm=0.0002443 learning_rate=4.877e-06 epoch=0.864
2026-10-03T14:19:25Z step 820/938 loss=2.046e-05 grad_norm=0.0001901 learning_rate=4.16e-06 epoch=0.8747
2026-10-03T14:19:52Z step 830/938 loss=2.413e-05 grad_norm=0.007167 learning_rate=3.498e-06 epoch=0.8853
2026-10-03T14:20:17Z step 840/938 loss=9.053e-06 grad_norm=0.001062 learning_rate=2.892e-06 epoch=0.896
2026-10-03T14:20:44Z step 850/938 loss=7.868e-06 grad_norm=0.0001153 learning_rate=2.342e-06 epoch=0.9067
2026-10-03T14:21:10Z step 860/938 loss=3.818e-05 grad_norm=0.007232 learning_rate=1.848e-06 epoch=0.9173
2026-10-03T14:21:37Z step 870/938 loss=0.0004954 grad_norm=0.0001467 learning_rate=1.412e-06 epoch=0.928
2026-10-03T14:22:04Z step 880/938 loss=3.09e-05 grad_norm=0.01016 learning_rate=1.034e-06 epoch=0.9387
2026-10-03T14:22:36Z step 890/938 loss=9.987e-06 grad_norm=0.0007876 learning_rate=7.137e-07 epoch=0.9493
2026-10-03T14:23:03Z step 900/938 loss=1.048e-05 grad_norm=0.0001757 learning_rate=4.525e-07 epoch=0.96
2026-10-03T14:23:29Z step 910/938 loss=1.261e-05 grad_norm=0.0003169 learning_rate=2.504e-07 epoch=0.9707
2026-10-03T14:23:55Z step 920/938 loss=8.841e-05 grad_norm=3.544e-05 learning_rate=1.075e-07 epoch=0.9813
2026-10-03T14:24:21Z step 930/938 loss=8.596e-06 grad_norm=0.0001541 learning_rate=2.413e-08 epoch=0.992
2026-10-03T14:24:41Z step 938/938 train_runtime=2551 train_samples_per_second=23.52 train_steps_per_second=0.368 total_flos=1.281e+18 train_loss=0.05 epoch=1
2026-10-03T14:24:45Z trained 938 steps in 42.6 min, 4876.5 tok/s, peak 35.11 GB
2026-10-03T14:24:45Z u path: fp32-hidden (max |u_fp32 - u_bf16logits| = 0.0414)
2026-10-03T14:24:46Z padding self-check: max |u_batch - u_single| = 0.1287 (tol 0.658) -> left padding
2026-10-03T14:25:39Z B-AB-bitonly-judge-s0 rule_v1/dev: TA 99.7 Rev 100.0 Hold 99.7 n=300 (54.0 s)
2026-10-03T14:28:04Z generate: batch 25/32, 257349 tokens, 1801 tok/s
2026-10-03T14:31:36Z B-AB-bitonly-judge-s0 rule_v1/test_L2: TA 99.3 Rev 99.5 Hold 99.9 n=2000 (357.1 s)
2026-10-03T14:33:36Z B-AB-bitonly-judge-s0 xr_v1/test: TA nan Rev nan Hold nan n=None (119.4 s)
2026-10-03T14:33:37Z DONE B-AB-bitonly-judge-s0 in 52.0 min, GPU util mean 93.9
