2026-10-10T16:30:33Z step 10/817 loss=1.743 grad_norm=3.35 learning_rate=3.6e-05 epoch=0.01224
2026-10-10T16:31:06Z step 20/817 loss=0.1547 grad_norm=0.5104 learning_rate=7.6e-05 epoch=0.02449
2026-10-10T16:31:39Z step 30/817 loss=0.02106 grad_norm=0.3414 learning_rate=9.999e-05 epoch=0.03673
2026-10-10T16:32:11Z step 40/817 loss=0.008446 grad_norm=0.9365 learning_rate=9.992e-05 epoch=0.04897
2026-10-10T16:32:44Z step 50/817 loss=0.004077 grad_norm=0.06754 learning_rate=9.977e-05 epoch=0.06122
2026-10-10T16:33:17Z step 60/817 loss=0.0008802 grad_norm=0.02983 learning_rate=9.955e-05 epoch=0.07346
2026-10-10T16:33:48Z step 70/817 loss=0.0001649 grad_norm=0.004068 learning_rate=9.924e-05 epoch=0.08571
2026-10-10T16:34:20Z step 80/817 loss=4.782e-05 grad_norm=0.0005115 learning_rate=9.886e-05 epoch=0.09795
2026-10-10T16:34:53Z step 90/817 loss=8.641e-05 grad_norm=0.0008816 learning_rate=9.84e-05 epoch=0.1102
2026-10-10T16:35:26Z step 100/817 loss=2.241e-05 grad_norm=9.995e-05 learning_rate=9.786e-05 epoch=0.1224
2026-10-10T16:35:59Z step 110/817 loss=2.028e-05 grad_norm=0.0004516 learning_rate=9.725e-05 epoch=0.1347
2026-10-10T16:36:32Z step 120/817 loss=1.352e-05 grad_norm=0.0003097 learning_rate=9.656e-05 epoch=0.1469
2026-10-10T16:37:05Z step 130/817 loss=1.817e-05 grad_norm=0.0007716 learning_rate=9.581e-05 epoch=0.1592
2026-10-10T16:37:37Z step 140/817 loss=1.706e-05 grad_norm=0.0001476 learning_rate=9.497e-05 epoch=0.1714
2026-10-10T16:38:10Z step 150/817 loss=0.005166 grad_norm=0.01456 learning_rate=9.407e-05 epoch=0.1837
2026-10-10T16:38:43Z step 160/817 loss=0.001682 grad_norm=0.06953 learning_rate=9.31e-05 epoch=0.1959
2026-10-10T16:39:16Z step 170/817 loss=7.863e-05 grad_norm=0.004543 learning_rate=9.206e-05 epoch=0.2081
2026-10-10T16:39:50Z step 180/817 loss=4.865e-05 grad_norm=0.0003268 learning_rate=9.096e-05 epoch=0.2204
2026-10-10T16:40:23Z step 190/817 loss=7.723e-05 grad_norm=0.0005131 learning_rate=8.979e-05 epoch=0.2326
2026-10-10T16:40:55Z step 200/817 loss=2.088e-05 grad_norm=0.0004258 learning_rate=8.856e-05 epoch=0.2449
2026-10-10T16:41:28Z step 210/817 loss=1.508e-05 grad_norm=0.00024 learning_rate=8.726e-05 epoch=0.2571
2026-10-10T16:42:00Z step 220/817 loss=1.51e-05 grad_norm=0.0002515 learning_rate=8.591e-05 epoch=0.2694
2026-10-10T16:42:32Z step 230/817 loss=2.596e-05 grad_norm=0.0005007 learning_rate=8.45e-05 epoch=0.2816
2026-10-10T16:43:05Z step 240/817 loss=4.196e-05 grad_norm=0.0001367 learning_rate=8.304e-05 epoch=0.2938
2026-10-10T16:43:36Z step 250/817 loss=9.449e-06 grad_norm=0.0001012 learning_rate=8.153e-05 epoch=0.3061
2026-10-10T16:44:09Z step 260/817 loss=1.039e-05 grad_norm=0.0001409 learning_rate=7.996e-05 epoch=0.3183
2026-10-10T16:44:42Z step 270/817 loss=1.028e-05 grad_norm=7.182e-05 learning_rate=7.835e-05 epoch=0.3306
2026-10-10T16:45:16Z step 280/817 loss=1.025e-05 grad_norm=0.0001397 learning_rate=7.67e-05 epoch=0.3428
2026-10-10T16:45:48Z step 290/817 loss=1.405e-05 grad_norm=0.0001714 learning_rate=7.5e-05 epoch=0.3551
2026-10-10T16:46:22Z step 300/817 loss=8.028e-06 grad_norm=0.0004594 learning_rate=7.326e-05 epoch=0.3673
2026-10-10T16:46:54Z step 310/817 loss=7.111e-06 grad_norm=0.0001076 learning_rate=7.149e-05 epoch=0.3796
2026-10-10T16:47:26Z step 320/817 loss=7.523e-06 grad_norm=0.0003904 learning_rate=6.968e-05 epoch=0.3918
2026-10-10T16:47:58Z step 330/817 loss=7.566e-06 grad_norm=0.0008363 learning_rate=6.784e-05 epoch=0.404
2026-10-10T16:48:32Z step 340/817 loss=3.943e-05 grad_norm=0.0004593 learning_rate=6.598e-05 epoch=0.4163
2026-10-10T16:49:03Z step 350/817 loss=6.088e-06 grad_norm=8.462e-05 learning_rate=6.409e-05 epoch=0.4285
2026-10-10T16:49:36Z step 360/817 loss=7.203e-06 grad_norm=0.0001469 learning_rate=6.217e-05 epoch=0.4408
2026-10-10T16:52:19Z step 370/817 loss=6.672e-06 grad_norm=4.653e-05 learning_rate=6.024e-05 epoch=0.453
2026-10-10T16:52:52Z step 380/817 loss=5.507e-06 grad_norm=6.051e-05 learning_rate=5.829e-05 epoch=0.4653
2026-10-10T16:53:24Z step 390/817 loss=6.017e-06 grad_norm=0.0002428 learning_rate=5.633e-05 epoch=0.4775
2026-10-10T16:53:57Z step 400/817 loss=6.552e-06 grad_norm=0.0001764 learning_rate=5.436e-05 epoch=0.4897
2026-10-10T16:54:29Z step 410/817 loss=8.403e-06 grad_norm=0.0001617 learning_rate=5.238e-05 epoch=0.502
2026-10-10T16:55:02Z step 420/817 loss=5.43e-06 grad_norm=0.0004203 learning_rate=5.04e-05 epoch=0.5142
2026-10-10T16:55:34Z step 430/817 loss=5.49e-06 grad_norm=0.0002019 learning_rate=4.841e-05 epoch=0.5265
2026-10-10T16:56:08Z step 440/817 loss=0.0001574 grad_norm=0.001063 learning_rate=4.643e-05 epoch=0.5387
2026-10-10T16:56:40Z step 450/817 loss=0.0001114 grad_norm=0.0002393 learning_rate=4.446e-05 epoch=0.551
2026-10-10T16:57:14Z step 460/817 loss=2.464e-05 grad_norm=9.444e-05 learning_rate=4.249e-05 epoch=0.5632
2026-10-10T16:57:45Z step 470/817 loss=4.63e-06 grad_norm=0.0001954 learning_rate=4.054e-05 epoch=0.5755
2026-10-10T16:58:18Z step 480/817 loss=6.088e-06 grad_norm=8.046e-05 learning_rate=3.86e-05 epoch=0.5877
2026-10-10T16:58:51Z step 490/817 loss=6.172e-06 grad_norm=0.0002392 learning_rate=3.668e-05 epoch=0.5999
2026-10-10T16:59:23Z step 500/817 loss=9.742e-06 grad_norm=6.527e-05 learning_rate=3.478e-05 epoch=0.6122
2026-10-10T16:59:55Z step 510/817 loss=6.75e-06 grad_norm=7.974e-05 learning_rate=3.29e-05 epoch=0.6244
2026-10-10T17:00:29Z step 520/817 loss=7.936e-06 grad_norm=4.017e-05 learning_rate=3.105e-05 epoch=0.6367
2026-10-10T17:01:01Z step 530/817 loss=8.041e-06 grad_norm=0.0005819 learning_rate=2.923e-05 epoch=0.6489
2026-10-10T17:01:33Z step 540/817 loss=5.196e-06 grad_norm=9.89e-05 learning_rate=2.744e-05 epoch=0.6612
2026-10-10T17:02:07Z step 550/817 loss=6.124e-06 grad_norm=0.0002063 learning_rate=2.569e-05 epoch=0.6734
2026-10-10T17:02:40Z step 560/817 loss=4.984e-06 grad_norm=9.015e-05 learning_rate=2.398e-05 epoch=0.6856
2026-10-10T17:03:13Z step 570/817 loss=5.196e-06 grad_norm=0.0001645 learning_rate=2.23e-05 epoch=0.6979
2026-10-10T17:03:44Z step 580/817 loss=4.709e-06 grad_norm=0.0001322 learning_rate=2.067e-05 epoch=0.7101
2026-10-10T17:04:18Z step 590/817 loss=4.156e-06 grad_norm=4.858e-05 learning_rate=1.909e-05 epoch=0.7224
2026-10-10T17:04:51Z step 600/817 loss=4.469e-06 grad_norm=3.298e-05 learning_rate=1.756e-05 epoch=0.7346
2026-10-10T17:05:24Z step 610/817 loss=5.564e-06 grad_norm=0.0002253 learning_rate=1.607e-05 epoch=0.7469
2026-10-10T17:05:57Z step 620/817 loss=3.489e-06 grad_norm=4.488e-05 learning_rate=1.464e-05 epoch=0.7591
2026-10-10T17:06:29Z step 630/817 loss=4.667e-06 grad_norm=4.655e-05 learning_rate=1.327e-05 epoch=0.7713
2026-10-10T17:07:02Z step 640/817 loss=5.476e-06 grad_norm=0.0009764 learning_rate=1.195e-05 epoch=0.7836
2026-10-10T17:07:36Z step 650/817 loss=4.226e-06 grad_norm=7.184e-05 learning_rate=1.07e-05 epoch=0.7958
2026-10-10T17:08:08Z step 660/817 loss=4.619e-06 grad_norm=4.968e-05 learning_rate=9.503e-06 epoch=0.8081
2026-10-10T17:08:42Z step 670/817 loss=5.675e-06 grad_norm=0.0005206 learning_rate=8.372e-06 epoch=0.8203
2026-10-10T17:09:15Z step 680/817 loss=4.314e-06 grad_norm=7.839e-05 learning_rate=7.306e-06 epoch=0.8326
2026-10-10T17:09:48Z step 690/817 loss=4.461e-06 grad_norm=8.184e-05 learning_rate=6.308e-06 epoch=0.8448
2026-10-10T17:12:16Z step 700/817 loss=4.084e-06 grad_norm=0.0002439 learning_rate=5.378e-06 epoch=0.8571
2026-10-10T17:12:50Z step 710/817 loss=4.32e-06 grad_norm=0.0003298 learning_rate=4.518e-06 epoch=0.8693
2026-10-10T17:13:23Z step 720/817 loss=4.327e-06 grad_norm=6.713e-05 learning_rate=3.73e-06 epoch=0.8815
2026-10-10T17:13:55Z step 730/817 loss=4.743e-06 grad_norm=0.0002141 learning_rate=3.015e-06 epoch=0.8938
2026-10-10T17:14:27Z step 740/817 loss=4.014e-06 grad_norm=5.077e-05 learning_rate=2.374e-06 epoch=0.906
2026-10-10T17:15:02Z step 750/817 loss=5.606e-06 grad_norm=8.306e-05 learning_rate=1.808e-06 epoch=0.9183
2026-10-10T17:15:33Z step 760/817 loss=3.471e-06 grad_norm=0.0001083 learning_rate=1.317e-06 epoch=0.9305
2026-10-10T17:39:25Z step 700/817 loss=4.328e-06 grad_norm=0.0002514 learning_rate=5.378e-06 epoch=0.8571
2026-10-10T17:41:33Z step 710/817 loss=4.263e-06 grad_norm=0.0002797 learning_rate=4.518e-06 epoch=0.8693
2026-10-10T17:43:41Z step 720/817 loss=4.334e-06 grad_norm=6.551e-05 learning_rate=3.73e-06 epoch=0.8815
2026-10-10T17:45:48Z step 730/817 loss=4.624e-06 grad_norm=0.0001682 learning_rate=3.015e-06 epoch=0.8938
2026-10-10T17:47:57Z step 740/817 loss=4e-06 grad_norm=4.924e-05 learning_rate=2.374e-06 epoch=0.906
2026-10-10T17:50:07Z step 750/817 loss=5.587e-06 grad_norm=7.845e-05 learning_rate=1.808e-06 epoch=0.9183
2026-10-10T17:52:10Z step 760/817 loss=3.497e-06 grad_norm=0.0001121 learning_rate=1.317e-06 epoch=0.9305
2026-10-10T17:54:20Z step 770/817 loss=3.894e-06 grad_norm=5.908e-05 learning_rate=9.036e-07 epoch=0.9428
2026-10-10T17:56:28Z step 780/817 loss=4.016e-06 grad_norm=3.894e-05 learning_rate=5.669e-07 epoch=0.955
2026-10-10T18:00:27Z step 790/817 loss=3.708e-06 grad_norm=2.608e-05 learning_rate=3.081e-07 epoch=0.9672
2026-10-10T18:02:35Z step 800/817 loss=3.737e-06 grad_norm=4.7e-05 learning_rate=1.274e-07 epoch=0.9795
2026-10-10T18:04:43Z step 810/817 loss=4.679e-06 grad_norm=5.951e-05 learning_rate=2.517e-08 epoch=0.9917
2026-10-10T18:06:10Z step 817/817 train_runtime=1677 train_samples_per_second=31.16 train_steps_per_second=0.487 total_flos=1.006e+18 train_loss=6.313e-07 epoch=1
2026-10-10T18:06:49Z trained 817 steps in 28.3 min, 914.2 tok/s, peak 32.4 GB
2026-10-10T18:06:50Z u path: fp32-hidden (max |u_fp32 - u_bf16logits| = 0.0023)
2026-10-10T18:06:51Z padding self-check: max |u_batch - u_single| = 0.0507 (tol 0.627) -> left padding
2026-10-10T18:11:28Z B-DIV-patients-223-s0 rule_v1/dev: TA 94.0 Rev 96.3 Hold 97.3 n=300 (279.0 s)
2026-10-10T18:16:25Z generate: batch 25/63, 105509 tokens, 359 tok/s
2026-10-10T18:22:36Z generate: batch 50/63, 226483 tokens, 341 tok/s
2026-10-10T18:43:07Z B-DIV-patients-223-s0 rule_v1/test_L2: TA 89.1 Rev 90.5 Hold 98.5 n=2000 (1898.0 s)
2026-10-10T18:43:09Z DONE B-DIV-patients-223-s0 in 65.7 min, GPU util mean 94.3
