2026-10-10T02:04:46Z step 10/938 loss=0.9143 grad_norm=1.095 learning_rate=3.214e-05 epoch=0.01067
2026-10-10T02:05:13Z step 20/938 loss=0.2126 grad_norm=0.477 learning_rate=6.786e-05 epoch=0.02133
2026-10-10T02:05:41Z step 30/938 loss=0.06867 grad_norm=0.4995 learning_rate=0.0001 epoch=0.032
2026-10-10T02:06:08Z step 40/938 loss=0.03627 grad_norm=0.2964 learning_rate=9.996e-05 epoch=0.04267
2026-10-10T02:06:35Z step 50/938 loss=0.03237 grad_norm=0.1145 learning_rate=9.987e-05 epoch=0.05333
2026-10-10T02:07:03Z step 60/938 loss=0.03636 grad_norm=0.09545 learning_rate=9.971e-05 epoch=0.064
2026-10-10T02:07:30Z step 70/938 loss=0.03129 grad_norm=0.09147 learning_rate=9.95e-05 epoch=0.07467
2026-10-10T02:07:57Z step 80/938 loss=0.02895 grad_norm=0.2616 learning_rate=9.923e-05 epoch=0.08533
2026-10-10T02:08:24Z step 90/938 loss=0.02672 grad_norm=0.2305 learning_rate=9.89e-05 epoch=0.096
2026-10-10T02:08:51Z step 100/938 loss=0.03099 grad_norm=0.06647 learning_rate=9.851e-05 epoch=0.1067
2026-10-10T02:09:18Z step 110/938 loss=0.03068 grad_norm=0.07426 learning_rate=9.806e-05 epoch=0.1173
2026-10-10T02:09:46Z step 120/938 loss=0.02513 grad_norm=0.04028 learning_rate=9.755e-05 epoch=0.128
2026-10-10T02:10:13Z step 130/938 loss=0.02797 grad_norm=0.0565 learning_rate=9.699e-05 epoch=0.1387
2026-10-10T02:10:40Z step 140/938 loss=0.02807 grad_norm=0.02164 learning_rate=9.637e-05 epoch=0.1493
2026-10-10T02:11:06Z step 150/938 loss=0.02636 grad_norm=0.0316 learning_rate=9.57e-05 epoch=0.16
2026-10-10T02:11:34Z step 160/938 loss=0.03493 grad_norm=0.08838 learning_rate=9.497e-05 epoch=0.1707
2026-10-10T02:12:01Z step 170/938 loss=0.02634 grad_norm=0.07278 learning_rate=9.419e-05 epoch=0.1813
2026-10-10T02:12:28Z step 180/938 loss=0.0253 grad_norm=0.05456 learning_rate=9.336e-05 epoch=0.192
2026-10-10T02:12:55Z step 190/938 loss=0.02875 grad_norm=0.07239 learning_rate=9.247e-05 epoch=0.2027
2026-10-10T02:13:22Z step 200/938 loss=0.02745 grad_norm=0.0457 learning_rate=9.154e-05 epoch=0.2133
2026-10-10T02:13:48Z step 210/938 loss=0.03379 grad_norm=0.05302 learning_rate=9.055e-05 epoch=0.224
2026-10-10T02:14:17Z step 220/938 loss=0.02381 grad_norm=0.06611 learning_rate=8.952e-05 epoch=0.2347
2026-10-10T02:14:44Z step 230/938 loss=0.03005 grad_norm=0.07907 learning_rate=8.844e-05 epoch=0.2453
2026-10-10T02:15:11Z step 240/938 loss=0.02654 grad_norm=0.0833 learning_rate=8.731e-05 epoch=0.256
2026-10-10T02:15:37Z step 250/938 loss=0.02979 grad_norm=0.06987 learning_rate=8.614e-05 epoch=0.2667
2026-10-10T03:40:00Z step 10/938 loss=0.9141 grad_norm=1.092 learning_rate=3.214e-05 epoch=0.01067
2026-10-10T03:40:30Z step 20/938 loss=0.2135 grad_norm=0.4885 learning_rate=6.786e-05 epoch=0.02133
2026-10-10T03:41:01Z step 30/938 loss=0.06841 grad_norm=0.4703 learning_rate=0.0001 epoch=0.032
2026-10-10T03:41:32Z step 40/938 loss=0.03645 grad_norm=0.3178 learning_rate=9.996e-05 epoch=0.04267
2026-10-10T03:42:02Z step 50/938 loss=0.02761 grad_norm=0.0889 learning_rate=9.987e-05 epoch=0.05333
2026-10-10T03:42:33Z step 60/938 loss=0.03637 grad_norm=0.08305 learning_rate=9.971e-05 epoch=0.064
2026-10-10T03:43:04Z step 70/938 loss=0.03623 grad_norm=0.07966 learning_rate=9.95e-05 epoch=0.07467
2026-10-10T03:43:35Z step 80/938 loss=0.02888 grad_norm=0.2422 learning_rate=9.923e-05 epoch=0.08533
2026-10-10T03:44:06Z step 90/938 loss=0.02632 grad_norm=0.05793 learning_rate=9.89e-05 epoch=0.096
2026-10-10T03:44:37Z step 100/938 loss=0.03045 grad_norm=0.06212 learning_rate=9.851e-05 epoch=0.1067
2026-10-10T03:45:08Z step 110/938 loss=0.03128 grad_norm=0.09971 learning_rate=9.806e-05 epoch=0.1173
2026-10-10T03:45:39Z step 120/938 loss=0.02578 grad_norm=0.03263 learning_rate=9.755e-05 epoch=0.128
2026-10-10T03:46:08Z step 130/938 loss=0.03041 grad_norm=0.05852 learning_rate=9.699e-05 epoch=0.1387
2026-10-10T03:46:39Z step 140/938 loss=0.02838 grad_norm=0.01622 learning_rate=9.637e-05 epoch=0.1493
2026-10-10T03:47:09Z step 150/938 loss=0.02697 grad_norm=0.03516 learning_rate=9.57e-05 epoch=0.16
2026-10-10T03:47:40Z step 160/938 loss=0.03575 grad_norm=0.1097 learning_rate=9.497e-05 epoch=0.1707
2026-10-10T03:48:10Z step 170/938 loss=0.02655 grad_norm=0.04338 learning_rate=9.419e-05 epoch=0.1813
2026-10-10T03:48:40Z step 180/938 loss=0.02626 grad_norm=0.1238 learning_rate=9.336e-05 epoch=0.192
2026-10-10T03:49:10Z step 190/938 loss=0.02867 grad_norm=0.066 learning_rate=9.247e-05 epoch=0.2027
2026-10-10T03:49:41Z step 200/938 loss=0.02753 grad_norm=0.04749 learning_rate=9.154e-05 epoch=0.2133
2026-10-10T03:50:10Z step 210/938 loss=0.03423 grad_norm=0.05701 learning_rate=9.055e-05 epoch=0.224
2026-10-10T03:50:43Z step 220/938 loss=0.02486 grad_norm=0.1012 learning_rate=8.952e-05 epoch=0.2347
2026-10-10T03:51:14Z step 230/938 loss=0.03098 grad_norm=0.06725 learning_rate=8.844e-05 epoch=0.2453
2026-10-10T03:51:43Z step 240/938 loss=0.02565 grad_norm=0.2149 learning_rate=8.731e-05 epoch=0.256
2026-10-10T03:52:13Z step 250/938 loss=0.02887 grad_norm=0.06545 learning_rate=8.614e-05 epoch=0.2667
2026-10-10T03:52:44Z step 260/938 loss=0.02783 grad_norm=0.03419 learning_rate=8.493e-05 epoch=0.2773
2026-10-10T03:53:14Z step 270/938 loss=0.03006 grad_norm=0.1115 learning_rate=8.367e-05 epoch=0.288
2026-10-10T03:53:44Z step 280/938 loss=0.02688 grad_norm=0.1282 learning_rate=8.237e-05 epoch=0.2987
2026-10-10T03:54:14Z step 290/938 loss=0.0232 grad_norm=0.08884 learning_rate=8.104e-05 epoch=0.3093
2026-10-10T03:54:44Z step 300/938 loss=0.02429 grad_norm=0.0873 learning_rate=7.967e-05 epoch=0.32
2026-10-10T03:55:15Z step 310/938 loss=0.02828 grad_norm=0.09747 learning_rate=7.826e-05 epoch=0.3307
2026-10-10T03:55:46Z step 320/938 loss=0.02993 grad_norm=0.1137 learning_rate=7.682e-05 epoch=0.3413
2026-10-10T03:56:17Z step 330/938 loss=0.02774 grad_norm=0.07396 learning_rate=7.535e-05 epoch=0.352
2026-10-10T03:56:48Z step 340/938 loss=0.0215 grad_norm=0.01346 learning_rate=7.385e-05 epoch=0.3627
2026-10-10T03:57:19Z step 350/938 loss=0.02512 grad_norm=0.083 learning_rate=7.231e-05 epoch=0.3733
2026-10-10T03:57:49Z step 360/938 loss=0.02517 grad_norm=0.04091 learning_rate=7.076e-05 epoch=0.384
2026-10-10T03:58:20Z step 370/938 loss=0.0343 grad_norm=0.0454 learning_rate=6.917e-05 epoch=0.3947
2026-10-10T03:58:51Z step 380/938 loss=0.02744 grad_norm=0.03805 learning_rate=6.757e-05 epoch=0.4053
2026-10-10T03:59:21Z step 390/938 loss=0.02471 grad_norm=0.07212 learning_rate=6.594e-05 epoch=0.416
2026-10-10T04:02:15Z step 400/938 loss=0.01908 grad_norm=0.05708 learning_rate=6.43e-05 epoch=0.4267
2026-10-10T04:02:46Z step 410/938 loss=0.02568 grad_norm=0.07529 learning_rate=6.264e-05 epoch=0.4373
2026-10-10T04:03:16Z step 420/938 loss=0.02584 grad_norm=0.08153 learning_rate=6.096e-05 epoch=0.448
2026-10-10T04:03:47Z step 430/938 loss=0.02672 grad_norm=0.04706 learning_rate=5.927e-05 epoch=0.4587
2026-10-10T04:04:18Z step 440/938 loss=0.0282 grad_norm=0.1508 learning_rate=5.757e-05 epoch=0.4693
2026-10-10T04:04:49Z step 450/938 loss=0.02527 grad_norm=0.04185 learning_rate=5.586e-05 epoch=0.48
2026-10-10T04:05:19Z step 460/938 loss=0.02524 grad_norm=0.06027 learning_rate=5.414e-05 epoch=0.4907
2026-10-10T04:05:49Z step 470/938 loss=0.02832 grad_norm=0.04202 learning_rate=5.242e-05 epoch=0.5013
2026-10-10T04:06:19Z step 480/938 loss=0.02574 grad_norm=0.06103 learning_rate=5.069e-05 epoch=0.512
2026-10-10T04:06:50Z step 490/938 loss=0.02393 grad_norm=0.01578 learning_rate=4.896e-05 epoch=0.5227
2026-10-10T04:07:21Z step 500/938 loss=0.02195 grad_norm=0.06293 learning_rate=4.724e-05 epoch=0.5333
2026-10-10T04:07:52Z step 510/938 loss=0.02427 grad_norm=0.1957 learning_rate=4.552e-05 epoch=0.544
2026-10-10T04:08:22Z step 520/938 loss=0.01911 grad_norm=0.05632 learning_rate=4.38e-05 epoch=0.5547
2026-10-10T04:08:52Z step 530/938 loss=0.02558 grad_norm=0.1253 learning_rate=4.209e-05 epoch=0.5653
2026-10-10T04:09:23Z step 540/938 loss=0.02458 grad_norm=0.1086 learning_rate=4.039e-05 epoch=0.576
2026-10-10T04:09:54Z step 550/938 loss=0.02351 grad_norm=0.09664 learning_rate=3.871e-05 epoch=0.5867
2026-10-10T04:10:25Z step 560/938 loss=0.02308 grad_norm=0.08183 learning_rate=3.703e-05 epoch=0.5973
2026-10-10T04:10:55Z step 570/938 loss=0.02152 grad_norm=0.06909 learning_rate=3.537e-05 epoch=0.608
2026-10-10T04:11:28Z step 580/938 loss=0.02162 grad_norm=0.05847 learning_rate=3.373e-05 epoch=0.6187
2026-10-10T04:11:58Z step 590/938 loss=0.0223 grad_norm=0.08529 learning_rate=3.211e-05 epoch=0.6293
2026-10-10T04:12:29Z step 600/938 loss=0.02206 grad_norm=0.07019 learning_rate=3.051e-05 epoch=0.64
2026-10-10T04:13:00Z step 610/938 loss=0.01907 grad_norm=0.08253 learning_rate=2.893e-05 epoch=0.6507
2026-10-10T04:13:31Z step 620/938 loss=0.01707 grad_norm=0.05714 learning_rate=2.738e-05 epoch=0.6613
2026-10-10T04:14:04Z step 630/938 loss=0.02257 grad_norm=0.1318 learning_rate=2.585e-05 epoch=0.672
2026-10-10T04:14:36Z step 640/938 loss=0.0217 grad_norm=0.0632 learning_rate=2.436e-05 epoch=0.6827
2026-10-10T04:15:07Z step 650/938 loss=0.02183 grad_norm=0.0879 learning_rate=2.289e-05 epoch=0.6933
2026-10-10T04:15:38Z step 660/938 loss=0.01401 grad_norm=0.1296 learning_rate=2.145e-05 epoch=0.704
2026-10-10T04:16:09Z step 670/938 loss=0.02655 grad_norm=0.07749 learning_rate=2.005e-05 epoch=0.7147
2026-10-10T04:16:39Z step 680/938 loss=0.01873 grad_norm=0.08157 learning_rate=1.869e-05 epoch=0.7253
2026-10-10T04:17:11Z step 690/938 loss=0.018 grad_norm=0.08714 learning_rate=1.736e-05 epoch=0.736
2026-10-10T04:17:42Z step 700/938 loss=0.01864 grad_norm=0.08828 learning_rate=1.608e-05 epoch=0.7467
2026-10-10T04:18:14Z step 710/938 loss=0.01497 grad_norm=0.07456 learning_rate=1.483e-05 epoch=0.7573
2026-10-10T04:18:46Z step 720/938 loss=0.01342 grad_norm=0.08724 learning_rate=1.362e-05 epoch=0.768
2026-10-10T04:19:17Z step 730/938 loss=0.0142 grad_norm=0.06495 learning_rate=1.246e-05 epoch=0.7787
2026-10-10T04:22:10Z step 740/938 loss=0.01556 grad_norm=0.09688 learning_rate=1.134e-05 epoch=0.7893
2026-10-10T04:22:41Z step 750/938 loss=0.02192 grad_norm=0.1805 learning_rate=1.027e-05 epoch=0.8
2026-10-10T04:23:12Z step 760/938 loss=0.01835 grad_norm=0.1207 learning_rate=9.247e-06 epoch=0.8107
2026-10-10T04:23:44Z step 770/938 loss=0.02016 grad_norm=0.1089 learning_rate=8.271e-06 epoch=0.8213
2026-10-10T04:24:14Z step 780/938 loss=0.023 grad_norm=0.1172 learning_rate=7.345e-06 epoch=0.832
2026-10-10T04:24:46Z step 790/938 loss=0.01445 grad_norm=0.1053 learning_rate=6.47e-06 epoch=0.8427
2026-10-10T04:25:17Z step 800/938 loss=0.01832 grad_norm=0.03678 learning_rate=5.647e-06 epoch=0.8533
2026-10-10T04:25:49Z step 810/938 loss=0.01874 grad_norm=0.1515 learning_rate=4.877e-06 epoch=0.864
2026-10-10T04:26:21Z step 820/938 loss=0.02317 grad_norm=0.1411 learning_rate=4.16e-06 epoch=0.8747
2026-10-10T04:26:51Z step 830/938 loss=0.01986 grad_norm=0.1946 learning_rate=3.498e-06 epoch=0.8853
2026-10-10T04:27:22Z step 840/938 loss=0.01814 grad_norm=0.1412 learning_rate=2.892e-06 epoch=0.896
2026-10-10T04:27:53Z step 850/938 loss=0.01512 grad_norm=0.0577 learning_rate=2.342e-06 epoch=0.9067
2026-10-10T04:28:24Z step 860/938 loss=0.02238 grad_norm=0.1755 learning_rate=1.848e-06 epoch=0.9173
2026-10-10T04:28:55Z step 870/938 loss=0.01742 grad_norm=0.175 learning_rate=1.412e-06 epoch=0.928
2026-10-10T04:29:25Z step 880/938 loss=0.01594 grad_norm=0.1076 learning_rate=1.034e-06 epoch=0.9387
2026-10-10T04:29:56Z step 890/938 loss=0.01432 grad_norm=0.1242 learning_rate=7.137e-07 epoch=0.9493
2026-10-10T04:30:28Z step 900/938 loss=0.01662 grad_norm=0.191 learning_rate=4.525e-07 epoch=0.96
2026-10-10T04:31:01Z step 910/938 loss=0.01616 grad_norm=0.1211 learning_rate=2.504e-07 epoch=0.9707
2026-10-10T04:31:32Z step 920/938 loss=0.01925 grad_norm=0.1466 learning_rate=1.075e-07 epoch=0.9813
2026-10-10T04:32:03Z step 930/938 loss=0.01776 grad_norm=0.09857 learning_rate=2.413e-08 epoch=0.992
2026-10-10T04:32:27Z step 938/938 train_runtime=3178 train_samples_per_second=18.88 train_steps_per_second=0.295 total_flos=1.285e+18 train_loss=0.03571 epoch=1
2026-10-10T04:33:22Z trained 938 steps in 53.0 min, 4935.2 tok/s, peak 25.05 GB
2026-10-10T04:33:25Z u path: fp32-hidden (max |u_fp32 - u_bf16logits| = 0.0161)
2026-10-10T04:33:27Z padding self-check: max |u_batch - u_single| = 0.2459 (tol 0.647) -> left padding
2026-10-10T04:35:11Z B-V2-reader-triplets-s0 rule_v2/dev: TA 92.7 Rev 99.0 Hold 93.7 n=300 (106.7 s)
2026-10-10T04:39:46Z generate: batch 25/32, 281020 tokens, 1043 tok/s
2026-10-10T04:44:42Z B-V2-reader-triplets-s0 rule_v2/test_L2: TA 92.0 Rev 97.3 Hold 94.4 n=2000 (569.8 s)
2026-10-10T04:49:11Z generate: batch 25/32, 261729 tokens, 984 tok/s
2026-10-10T04:53:58Z B-V2-reader-triplets-s0 rule_v1/test_L2: TA 98.5 Rev 98.6 Hold 99.9 n=2000 (555.6 s)
2026-10-10T04:57:19Z B-V2-reader-triplets-s0 xr_v1/test: TA nan Rev nan Hold nan n=None (199.4 s)
2026-10-10T04:58:25Z B-V2-reader-triplets-s0 cls_v1/dev: TA 73.7 Rev 90.3 Hold 81.7 n=300 (64.4 s)
2026-10-10T05:02:30Z B-V2-reader-triplets-s0 cls_v1/test: TA 72.5 Rev 91.7 Hold 78.5 n=1200 (243.6 s)
2026-10-10T05:02:32Z DONE B-V2-reader-triplets-s0 in 83.5 min, GPU util mean 79.4
