2026-10-02T13:11:00Z step 10/938 loss=0.4373 grad_norm=0.7928 learning_rate=3.214e-05 epoch=0.01067
2026-10-02T13:12:24Z step 20/938 loss=0.06777 grad_norm=0.2032 learning_rate=6.786e-05 epoch=0.02133
2026-10-02T13:13:48Z step 30/938 loss=0.01404 grad_norm=0.1609 learning_rate=0.0001 epoch=0.032
2026-10-02T13:15:10Z step 40/938 loss=0.004202 grad_norm=0.1757 learning_rate=9.996e-05 epoch=0.04267
2026-10-02T13:16:33Z step 50/938 loss=0.002953 grad_norm=0.2064 learning_rate=9.987e-05 epoch=0.05333
2026-10-02T13:17:56Z step 60/938 loss=0.002475 grad_norm=0.02462 learning_rate=9.971e-05 epoch=0.064
2026-10-02T13:19:19Z step 70/938 loss=0.001898 grad_norm=0.01379 learning_rate=9.95e-05 epoch=0.07467
2026-10-02T13:20:42Z step 80/938 loss=0.003245 grad_norm=0.06205 learning_rate=9.923e-05 epoch=0.08533
2026-10-02T13:22:05Z step 90/938 loss=0.0006335 grad_norm=0.01066 learning_rate=9.89e-05 epoch=0.096
2026-10-02T13:23:25Z step 100/938 loss=0.00131 grad_norm=0.004274 learning_rate=9.851e-05 epoch=0.1067
2026-10-02T13:24:47Z step 110/938 loss=0.001494 grad_norm=0.1115 learning_rate=9.806e-05 epoch=0.1173
2026-10-02T13:26:43Z step 120/938 loss=0.001159 grad_norm=0.111 learning_rate=9.755e-05 epoch=0.128
2026-10-02T13:28:04Z step 130/938 loss=0.0008831 grad_norm=0.007749 learning_rate=9.699e-05 epoch=0.1387
2026-10-02T13:29:26Z step 140/938 loss=0.0003904 grad_norm=0.005137 learning_rate=9.637e-05 epoch=0.1493
2026-10-02T13:30:48Z step 150/938 loss=0.000865 grad_norm=0.007511 learning_rate=9.57e-05 epoch=0.16
2026-10-02T13:32:09Z step 160/938 loss=0.0003129 grad_norm=0.00253 learning_rate=9.497e-05 epoch=0.1707
2026-10-02T13:33:33Z step 170/938 loss=0.0003552 grad_norm=0.008449 learning_rate=9.419e-05 epoch=0.1813
2026-10-02T13:34:58Z step 180/938 loss=0.0005029 grad_norm=0.0001123 learning_rate=9.336e-05 epoch=0.192
2026-10-02T13:36:18Z step 190/938 loss=0.000208 grad_norm=0.003298 learning_rate=9.247e-05 epoch=0.2027
2026-10-02T13:37:43Z step 200/938 loss=8.65e-05 grad_norm=0.0002163 learning_rate=9.154e-05 epoch=0.2133
2026-10-02T13:39:05Z step 210/938 loss=5.706e-05 grad_norm=0.04252 learning_rate=9.055e-05 epoch=0.224
2026-10-02T13:40:30Z step 220/938 loss=0.0001065 grad_norm=0.0001384 learning_rate=8.952e-05 epoch=0.2347
2026-10-02T13:41:55Z step 230/938 loss=0.0001265 grad_norm=0.0004282 learning_rate=8.844e-05 epoch=0.2453
2026-10-02T13:43:20Z step 240/938 loss=1.676e-05 grad_norm=0.0002742 learning_rate=8.731e-05 epoch=0.256
2026-10-02T13:44:43Z step 250/938 loss=2.354e-05 grad_norm=0.04762 learning_rate=8.614e-05 epoch=0.2667
2026-10-02T13:46:45Z step 260/938 loss=0.0009285 grad_norm=0.0003802 learning_rate=8.493e-05 epoch=0.2773
2026-10-02T13:48:12Z step 270/938 loss=0.0003855 grad_norm=0.001168 learning_rate=8.367e-05 epoch=0.288
2026-10-02T13:49:30Z step 280/938 loss=0.0005587 grad_norm=0.002066 learning_rate=8.237e-05 epoch=0.2987
2026-10-02T13:50:54Z step 290/938 loss=0.0001355 grad_norm=0.01442 learning_rate=8.104e-05 epoch=0.3093
2026-10-02T13:52:16Z step 300/938 loss=0.0007617 grad_norm=0.3983 learning_rate=7.967e-05 epoch=0.32
2026-10-02T13:53:37Z step 310/938 loss=0.0001675 grad_norm=0.04382 learning_rate=7.826e-05 epoch=0.3307
2026-10-02T13:54:59Z step 320/938 loss=0.0001128 grad_norm=0.002337 learning_rate=7.682e-05 epoch=0.3413
2026-10-02T13:56:22Z step 330/938 loss=8.147e-05 grad_norm=0.0001821 learning_rate=7.535e-05 epoch=0.352
2026-10-02T13:57:47Z step 340/938 loss=2.44e-05 grad_norm=0.001525 learning_rate=7.385e-05 epoch=0.3627
2026-10-02T13:59:13Z step 350/938 loss=0.000154 grad_norm=0.005556 learning_rate=7.231e-05 epoch=0.3733
2026-10-02T14:00:35Z step 360/938 loss=0.0007307 grad_norm=0.2114 learning_rate=7.076e-05 epoch=0.384
2026-10-02T14:01:57Z step 370/938 loss=0.0001147 grad_norm=0.006697 learning_rate=6.917e-05 epoch=0.3947
2026-10-02T14:03:21Z step 380/938 loss=0.0001252 grad_norm=0.004116 learning_rate=6.757e-05 epoch=0.4053
2026-10-02T14:04:44Z step 390/938 loss=6.801e-05 grad_norm=0.0001437 learning_rate=6.594e-05 epoch=0.416
2026-10-02T14:06:39Z step 400/938 loss=4.358e-05 grad_norm=0.0002431 learning_rate=6.43e-05 epoch=0.4267
2026-10-02T14:08:02Z step 410/938 loss=1.752e-05 grad_norm=0.0001562 learning_rate=6.264e-05 epoch=0.4373
2026-10-02T14:09:24Z step 420/938 loss=4.379e-06 grad_norm=0.0001643 learning_rate=6.096e-05 epoch=0.448
2026-10-02T14:10:47Z step 430/938 loss=9.017e-06 grad_norm=0.002338 learning_rate=5.927e-05 epoch=0.4587
2026-10-02T14:12:07Z step 440/938 loss=5.175e-06 grad_norm=0.0001392 learning_rate=5.757e-05 epoch=0.4693
2026-10-02T14:13:29Z step 450/938 loss=0.0002038 grad_norm=0.003067 learning_rate=5.586e-05 epoch=0.48
2026-10-02T14:14:50Z step 460/938 loss=1.912e-05 grad_norm=0.0001253 learning_rate=5.414e-05 epoch=0.4907
2026-10-02T14:16:12Z step 470/938 loss=1.576e-05 grad_norm=8.641e-05 learning_rate=5.242e-05 epoch=0.5013
2026-10-02T14:17:38Z step 480/938 loss=3.245e-05 grad_norm=7.794e-05 learning_rate=5.069e-05 epoch=0.512
2026-10-02T14:19:00Z step 490/938 loss=5.801e-06 grad_norm=9.516e-05 learning_rate=4.896e-05 epoch=0.5227
2026-10-02T14:20:24Z step 500/938 loss=1.514e-05 grad_norm=0.0001699 learning_rate=4.724e-05 epoch=0.5333
2026-10-02T14:21:48Z step 510/938 loss=0.0002462 grad_norm=0.1563 learning_rate=4.552e-05 epoch=0.544
2026-10-02T14:23:10Z step 520/938 loss=6.454e-05 grad_norm=0.003474 learning_rate=4.38e-05 epoch=0.5547
2026-10-02T14:24:34Z step 530/938 loss=5.641e-05 grad_norm=0.02086 learning_rate=4.209e-05 epoch=0.5653
2026-10-02T14:26:32Z step 540/938 loss=4.42e-05 grad_norm=0.0005473 learning_rate=4.039e-05 epoch=0.576
2026-10-02T14:27:54Z step 550/938 loss=6.126e-06 grad_norm=0.0001016 learning_rate=3.871e-05 epoch=0.5867
2026-10-02T14:29:15Z step 560/938 loss=6.692e-06 grad_norm=0.0001025 learning_rate=3.703e-05 epoch=0.5973
2026-10-02T14:30:38Z step 570/938 loss=5.214e-06 grad_norm=6.741e-05 learning_rate=3.537e-05 epoch=0.608
2026-10-02T14:32:00Z step 580/938 loss=9.173e-06 grad_norm=0.0002459 learning_rate=3.373e-05 epoch=0.6187
2026-10-02T14:33:22Z step 590/938 loss=4.783e-06 grad_norm=0.0003333 learning_rate=3.211e-05 epoch=0.6293
2026-10-02T14:34:42Z step 600/938 loss=4.158e-06 grad_norm=0.0002083 learning_rate=3.051e-05 epoch=0.64
2026-10-02T14:36:04Z step 610/938 loss=9.343e-06 grad_norm=0.0001869 learning_rate=2.893e-05 epoch=0.6507
2026-10-02T14:37:29Z step 620/938 loss=3.363e-06 grad_norm=3.425e-05 learning_rate=2.738e-05 epoch=0.6613
2026-10-02T14:38:51Z step 630/938 loss=1.585e-05 grad_norm=0.001603 learning_rate=2.585e-05 epoch=0.672
2026-10-02T14:40:13Z step 640/938 loss=3.777e-06 grad_norm=5.424e-05 learning_rate=2.436e-05 epoch=0.6827
2026-10-02T14:41:35Z step 650/938 loss=3.06e-05 grad_norm=0.0001926 learning_rate=2.289e-05 epoch=0.6933
2026-10-02T14:42:57Z step 660/938 loss=8.301e-06 grad_norm=0.0002666 learning_rate=2.145e-05 epoch=0.704
2026-10-02T14:44:17Z step 670/938 loss=3.178e-06 grad_norm=0.000273 learning_rate=2.005e-05 epoch=0.7147
2026-10-02T14:46:15Z step 680/938 loss=5.691e-06 grad_norm=0.0003173 learning_rate=1.869e-05 epoch=0.7253
2026-10-02T14:47:38Z step 690/938 loss=1.97e-05 grad_norm=9.784e-05 learning_rate=1.736e-05 epoch=0.736
2026-10-02T14:48:59Z step 700/938 loss=2.79e-06 grad_norm=4.503e-05 learning_rate=1.608e-05 epoch=0.7467
2026-10-02T14:50:18Z step 710/938 loss=4.171e-06 grad_norm=6.204e-05 learning_rate=1.483e-05 epoch=0.7573
2026-10-02T14:51:42Z step 720/938 loss=5.808e-06 grad_norm=7.384e-05 learning_rate=1.362e-05 epoch=0.768
2026-10-02T14:53:06Z step 730/938 loss=8.409e-06 grad_norm=0.004628 learning_rate=1.246e-05 epoch=0.7787
2026-10-02T14:54:28Z step 740/938 loss=2.137e-06 grad_norm=4.456e-05 learning_rate=1.134e-05 epoch=0.7893
2026-10-02T14:55:49Z step 750/938 loss=7.716e-06 grad_norm=0.003319 learning_rate=1.027e-05 epoch=0.8
2026-10-02T14:57:11Z step 760/938 loss=3.849e-06 grad_norm=0.0001937 learning_rate=9.247e-06 epoch=0.8107
2026-10-02T14:58:33Z step 770/938 loss=5.162e-06 grad_norm=5.616e-05 learning_rate=8.271e-06 epoch=0.8213
2026-10-02T14:59:57Z step 780/938 loss=3.022e-06 grad_norm=4.324e-05 learning_rate=7.345e-06 epoch=0.832
2026-10-02T15:01:20Z step 790/938 loss=3.139e-06 grad_norm=9.048e-05 learning_rate=6.47e-06 epoch=0.8427
2026-10-02T15:02:41Z step 800/938 loss=1.944e-06 grad_norm=2.522e-05 learning_rate=5.647e-06 epoch=0.8533
2026-10-02T15:04:03Z step 810/938 loss=1.333e-05 grad_norm=0.0005352 learning_rate=4.877e-06 epoch=0.864
2026-10-02T15:05:21Z step 820/938 loss=2.797e-06 grad_norm=7.308e-05 learning_rate=4.16e-06 epoch=0.8747
2026-10-02T15:07:19Z step 830/938 loss=3.01e-06 grad_norm=4.981e-05 learning_rate=3.498e-06 epoch=0.8853
2026-10-02T15:08:38Z step 840/938 loss=2.542e-06 grad_norm=0.0001493 learning_rate=2.892e-06 epoch=0.896
2026-10-02T15:10:02Z step 850/938 loss=3.017e-06 grad_norm=0.0003331 learning_rate=2.342e-06 epoch=0.9067
2026-10-02T15:11:23Z step 860/938 loss=8.939e-06 grad_norm=5.09e-05 learning_rate=1.848e-06 epoch=0.9173
2026-10-02T15:12:46Z step 870/938 loss=6.212e-06 grad_norm=9.845e-05 learning_rate=1.412e-06 epoch=0.928
2026-10-02T15:14:09Z step 880/938 loss=2.894e-06 grad_norm=0.0001081 learning_rate=1.034e-06 epoch=0.9387
2026-10-02T15:15:32Z step 890/938 loss=2.708e-06 grad_norm=0.0003263 learning_rate=7.137e-07 epoch=0.9493
2026-10-02T15:16:56Z step 900/938 loss=3.225e-06 grad_norm=5.38e-05 learning_rate=4.525e-07 epoch=0.96
2026-10-02T15:18:16Z step 910/938 loss=4.514e-06 grad_norm=0.001484 learning_rate=2.504e-07 epoch=0.9707
2026-10-02T15:19:37Z step 920/938 loss=4.033e-06 grad_norm=1.916e-05 learning_rate=1.075e-07 epoch=0.9813
2026-10-02T15:20:59Z step 930/938 loss=2.704e-06 grad_norm=0.0002204 learning_rate=2.413e-08 epoch=0.992
2026-10-02T15:21:59Z step 938/938 train_runtime=8225 train_samples_per_second=7.295 train_steps_per_second=0.114 total_flos=1.265e+18 train_loss=0.00584 epoch=1
2026-10-02T15:22:33Z trained 938 steps in 137.1 min, 1600.8 tok/s, peak 22.1 GB
2026-10-02T15:22:59Z u path: fp32-hidden (max |u_fp32 - u_bf16logits| = 0.0075)
2026-10-02T15:23:01Z padding self-check: max |u_batch - u_single| = 0.0953 (tol 0.625) -> left padding
2026-10-02T15:26:15Z B-F-ledger2-triplets-s0 rule_v1/dev: TA 99.7 Rev 99.7 Hold 100.0 n=300 (220.6 s)
2026-10-02T15:27:40Z B-F-ledger2-triplets-s0 rule_v1/dev_missing: TA nan Rev nan Hold nan n=None (84.0 s)
2026-10-02T15:32:27Z B-F-ledger2-triplets-s0 rule_v1/missing: TA nan Rev nan Hold nan n=None (287.2 s)
2026-10-02T15:35:14Z generate: batch 25/55, 99135 tokens, 615 tok/s
2026-10-02T15:38:48Z generate: batch 50/55, 214661 tokens, 572 tok/s
2026-10-02T15:44:24Z B-F-ledger2-triplets-s0 rule_v1/readapply: TA 99.7 Rev 99.8 Hold 99.9 n=1000 (715.8 s)
2026-10-02T15:47:56Z generate: batch 25/32, 106002 tokens, 512 tok/s
2026-10-02T15:53:03Z B-F-ledger2-triplets-s0 rule_v1/test_L0: TA 99.7 Rev 99.7 Hold 100.0 n=1000 (518.9 s)
2026-10-02T15:56:27Z generate: batch 25/32, 109561 tokens, 550 tok/s
2026-10-02T16:01:29Z B-F-ledger2-triplets-s0 rule_v1/test_L1: TA 99.1 Rev 99.2 Hold 99.9 n=1000 (505.7 s)
2026-10-02T16:04:59Z generate: batch 25/63, 104731 tokens, 527 tok/s
2026-10-02T16:08:52Z generate: batch 50/63, 224760 tokens, 520 tok/s
2026-10-02T16:19:50Z B-F-ledger2-triplets-s0 rule_v1/test_L2: TA 99.2 Rev 99.2 Hold 100.0 n=2000 (1100.2 s)
2026-10-02T16:23:16Z generate: batch 25/32, 123590 tokens, 613 tok/s
2026-10-02T16:27:47Z B-F-ledger2-triplets-s0 rule_v1/test_L3alt: TA 100.0 Rev 100.0 Hold 100.0 n=1000 (476.6 s)
2026-10-02T16:31:25Z generate: batch 25/32, 110234 tokens, 520 tok/s
2026-10-02T16:36:52Z B-F-ledger2-triplets-s0 rule_v1/test_L3inv: TA 97.9 Rev 98.7 Hold 99.2 n=1000 (544.2 s)
2026-10-02T16:41:13Z generate: batch 25/32, 112147 tokens, 438 tok/s
2026-10-02T16:46:50Z B-F-ledger2-triplets-s0 rule_v1/test_hard: TA 98.3 Rev 98.5 Hold 99.8 n=1000 (597.4 s)
2026-10-02T16:46:54Z DONE B-F-ledger2-triplets-s0 in 223.9 min, GPU util mean 90.0
