2026-10-03T18:15:59Z step 10/938 loss=1.836 grad_norm=3.037 learning_rate=3.214e-05 epoch=0.01067
2026-10-03T18:16:30Z step 20/938 loss=0.2262 grad_norm=1.87 learning_rate=6.786e-05 epoch=0.02133
2026-10-03T18:17:00Z step 30/938 loss=0.03576 grad_norm=1 learning_rate=0.0001 epoch=0.032
2026-10-03T18:17:32Z step 40/938 loss=0.01252 grad_norm=0.1055 learning_rate=9.996e-05 epoch=0.04267
2026-10-03T18:18:05Z step 50/938 loss=0.01033 grad_norm=0.06538 learning_rate=9.987e-05 epoch=0.05333
2026-10-03T18:18:36Z step 60/938 loss=0.009602 grad_norm=0.08572 learning_rate=9.971e-05 epoch=0.064
2026-10-03T18:19:05Z step 70/938 loss=0.002438 grad_norm=0.02021 learning_rate=9.95e-05 epoch=0.07467
2026-10-03T18:19:36Z step 80/938 loss=0.001503 grad_norm=0.03712 learning_rate=9.923e-05 epoch=0.08533
2026-10-03T18:20:08Z step 90/938 loss=0.01035 grad_norm=0.4345 learning_rate=9.89e-05 epoch=0.096
2026-10-03T18:20:38Z step 100/938 loss=0.001949 grad_norm=0.01944 learning_rate=9.851e-05 epoch=0.1067
2026-10-03T18:21:09Z step 110/938 loss=0.001637 grad_norm=0.02688 learning_rate=9.806e-05 epoch=0.1173
2026-10-03T18:21:39Z step 120/938 loss=0.001781 grad_norm=0.002039 learning_rate=9.755e-05 epoch=0.128
2026-10-03T18:22:10Z step 130/938 loss=0.000151 grad_norm=0.001803 learning_rate=9.699e-05 epoch=0.1387
2026-10-03T18:22:41Z step 140/938 loss=0.0002113 grad_norm=0.009875 learning_rate=9.637e-05 epoch=0.1493
2026-10-03T18:23:11Z step 150/938 loss=0.0006904 grad_norm=0.003124 learning_rate=9.57e-05 epoch=0.16
2026-10-03T18:23:41Z step 160/938 loss=0.00125 grad_norm=0.9839 learning_rate=9.497e-05 epoch=0.1707
2026-10-03T18:24:11Z step 170/938 loss=0.006616 grad_norm=1.295 learning_rate=9.419e-05 epoch=0.1813
2026-10-03T18:24:42Z step 180/938 loss=0.008143 grad_norm=0.1013 learning_rate=9.336e-05 epoch=0.192
2026-10-03T18:25:13Z step 190/938 loss=0.003865 grad_norm=0.03696 learning_rate=9.247e-05 epoch=0.2027
2026-10-03T18:25:44Z step 200/938 loss=0.001986 grad_norm=0.1917 learning_rate=9.154e-05 epoch=0.2133
2026-10-03T18:26:14Z step 210/938 loss=0.001196 grad_norm=0.09031 learning_rate=9.055e-05 epoch=0.224
2026-10-03T18:26:47Z step 220/938 loss=0.002046 grad_norm=0.001959 learning_rate=8.952e-05 epoch=0.2347
2026-10-03T18:27:17Z step 230/938 loss=0.001175 grad_norm=0.009838 learning_rate=8.844e-05 epoch=0.2453
2026-10-03T18:27:48Z step 240/938 loss=0.001941 grad_norm=0.01883 learning_rate=8.731e-05 epoch=0.256
2026-10-03T18:28:18Z step 250/938 loss=0.001145 grad_norm=0.01949 learning_rate=8.614e-05 epoch=0.2667
2026-10-03T18:28:50Z step 260/938 loss=0.001701 grad_norm=0.006936 learning_rate=8.493e-05 epoch=0.2773
2026-10-03T18:29:21Z step 270/938 loss=0.0002121 grad_norm=0.283 learning_rate=8.367e-05 epoch=0.288
2026-10-03T18:29:51Z step 280/938 loss=0.00424 grad_norm=0.7441 learning_rate=8.237e-05 epoch=0.2987
2026-10-03T18:30:21Z step 290/938 loss=0.004689 grad_norm=0.03765 learning_rate=8.104e-05 epoch=0.3093
2026-10-03T18:30:52Z step 300/938 loss=0.001052 grad_norm=0.1811 learning_rate=7.967e-05 epoch=0.32
2026-10-03T18:31:24Z step 310/938 loss=0.0005313 grad_norm=0.02175 learning_rate=7.826e-05 epoch=0.3307
2026-10-03T18:31:54Z step 320/938 loss=5.293e-05 grad_norm=0.004379 learning_rate=7.682e-05 epoch=0.3413
2026-10-03T18:32:25Z step 330/938 loss=0.000212 grad_norm=0.0009187 learning_rate=7.535e-05 epoch=0.352
2026-10-03T18:32:54Z step 340/938 loss=4.487e-05 grad_norm=9.835e-05 learning_rate=7.385e-05 epoch=0.3627
2026-10-03T18:33:26Z step 350/938 loss=0.000281 grad_norm=0.0003284 learning_rate=7.231e-05 epoch=0.3733
2026-10-03T18:33:57Z step 360/938 loss=8.136e-05 grad_norm=0.0001834 learning_rate=7.076e-05 epoch=0.384
2026-10-03T18:34:27Z step 370/938 loss=0.003228 grad_norm=0.001444 learning_rate=6.917e-05 epoch=0.3947
2026-10-03T18:34:57Z step 380/938 loss=0.0001367 grad_norm=0.009323 learning_rate=6.757e-05 epoch=0.4053
2026-10-03T18:35:34Z step 390/938 loss=0.000689 grad_norm=0.0009446 learning_rate=6.594e-05 epoch=0.416
2026-10-03T18:36:04Z step 400/938 loss=2.198e-05 grad_norm=0.0002121 learning_rate=6.43e-05 epoch=0.4267
2026-10-03T18:36:36Z step 410/938 loss=4.413e-05 grad_norm=0.0003164 learning_rate=6.264e-05 epoch=0.4373
2026-10-03T18:37:06Z step 420/938 loss=0.0001226 grad_norm=0.0003231 learning_rate=6.096e-05 epoch=0.448
2026-10-03T18:37:37Z step 430/938 loss=6.233e-05 grad_norm=8.843e-05 learning_rate=5.927e-05 epoch=0.4587
2026-10-03T18:38:10Z step 440/938 loss=1.5e-05 grad_norm=0.000526 learning_rate=5.757e-05 epoch=0.4693
2026-10-03T18:38:40Z step 450/938 loss=1.472e-05 grad_norm=9.918e-05 learning_rate=5.586e-05 epoch=0.48
2026-10-03T18:39:11Z step 460/938 loss=1.105e-05 grad_norm=0.0003694 learning_rate=5.414e-05 epoch=0.4907
2026-10-03T18:39:41Z step 470/938 loss=4.733e-05 grad_norm=7.29e-05 learning_rate=5.242e-05 epoch=0.5013
2026-10-03T18:40:12Z step 480/938 loss=1.618e-05 grad_norm=0.0001349 learning_rate=5.069e-05 epoch=0.512
2026-10-03T18:40:45Z step 490/938 loss=9.994e-06 grad_norm=9.534e-05 learning_rate=4.896e-05 epoch=0.5227
2026-10-03T18:41:15Z step 500/938 loss=7.188e-06 grad_norm=0.0001236 learning_rate=4.724e-05 epoch=0.5333
2026-10-03T18:41:45Z step 510/938 loss=0.0005774 grad_norm=4.816e-05 learning_rate=4.552e-05 epoch=0.544
2026-10-03T18:42:16Z step 520/938 loss=9.019e-06 grad_norm=0.000149 learning_rate=4.38e-05 epoch=0.5547
2026-10-03T18:42:46Z step 530/938 loss=2.099e-05 grad_norm=5.875e-05 learning_rate=4.209e-05 epoch=0.5653
2026-10-03T18:43:18Z step 540/938 loss=4.425e-05 grad_norm=0.001945 learning_rate=4.039e-05 epoch=0.576
2026-10-03T18:43:48Z step 550/938 loss=1.13e-05 grad_norm=0.00132 learning_rate=3.871e-05 epoch=0.5867
2026-10-03T18:44:19Z step 560/938 loss=5.736e-06 grad_norm=8.132e-05 learning_rate=3.703e-05 epoch=0.5973
2026-10-03T18:44:48Z step 570/938 loss=0.0004717 grad_norm=3.12e-05 learning_rate=3.537e-05 epoch=0.608
2026-10-03T18:45:21Z step 580/938 loss=2.653e-05 grad_norm=0.004317 learning_rate=3.373e-05 epoch=0.6187
2026-10-03T18:45:51Z step 590/938 loss=7.709e-05 grad_norm=0.0001736 learning_rate=3.211e-05 epoch=0.6293
2026-10-03T18:46:22Z step 600/938 loss=3.063e-05 grad_norm=4.648e-05 learning_rate=3.051e-05 epoch=0.64
2026-10-03T18:46:53Z step 610/938 loss=0.0001047 grad_norm=0.0002026 learning_rate=2.893e-05 epoch=0.6507
2026-10-03T18:47:27Z step 620/938 loss=0.0006363 grad_norm=0.02655 learning_rate=2.738e-05 epoch=0.6613
2026-10-03T18:47:58Z step 630/938 loss=1.964e-05 grad_norm=6.046e-05 learning_rate=2.585e-05 epoch=0.672
2026-10-03T18:48:29Z step 640/938 loss=9.677e-06 grad_norm=3.402e-05 learning_rate=2.436e-05 epoch=0.6827
2026-10-03T18:49:01Z step 650/938 loss=0.0001328 grad_norm=0.0003159 learning_rate=2.289e-05 epoch=0.6933
2026-10-03T18:49:30Z step 660/938 loss=6.424e-06 grad_norm=0.0007965 learning_rate=2.145e-05 epoch=0.704
2026-10-03T18:50:02Z step 670/938 loss=1.258e-05 grad_norm=0.0003 learning_rate=2.005e-05 epoch=0.7147
2026-10-03T18:50:33Z step 680/938 loss=2.822e-05 grad_norm=0.0002961 learning_rate=1.869e-05 epoch=0.7253
2026-10-03T18:51:04Z step 690/938 loss=2e-05 grad_norm=0.0001787 learning_rate=1.736e-05 epoch=0.736
2026-10-03T18:51:35Z step 700/938 loss=3.916e-05 grad_norm=2.317e-05 learning_rate=1.608e-05 epoch=0.7467
2026-10-03T18:52:05Z step 710/938 loss=4.929e-06 grad_norm=7.039e-05 learning_rate=1.483e-05 epoch=0.7573
2026-10-03T18:52:37Z step 720/938 loss=8.392e-06 grad_norm=0.004588 learning_rate=1.362e-05 epoch=0.768
2026-10-03T18:53:08Z step 730/938 loss=9.452e-06 grad_norm=9.181e-05 learning_rate=1.246e-05 epoch=0.7787
2026-10-03T18:53:39Z step 740/938 loss=5.662e-05 grad_norm=0.0001513 learning_rate=1.134e-05 epoch=0.7893
2026-10-03T18:54:10Z step 750/938 loss=1.811e-05 grad_norm=0.0004344 learning_rate=1.027e-05 epoch=0.8
2026-10-03T18:54:41Z step 760/938 loss=4.487e-05 grad_norm=0.04005 learning_rate=9.247e-06 epoch=0.8107
2026-10-03T18:55:11Z step 770/938 loss=5.232e-06 grad_norm=4.209e-05 learning_rate=8.271e-06 epoch=0.8213
2026-10-03T18:55:47Z step 780/938 loss=6.933e-06 grad_norm=0.0006941 learning_rate=7.345e-06 epoch=0.832
2026-10-03T18:56:18Z step 790/938 loss=5.18e-06 grad_norm=7.898e-05 learning_rate=6.47e-06 epoch=0.8427
2026-10-03T18:56:48Z step 800/938 loss=1.196e-05 grad_norm=0.003867 learning_rate=5.647e-06 epoch=0.8533
2026-10-03T18:57:21Z step 810/938 loss=6.388e-06 grad_norm=0.0007633 learning_rate=4.877e-06 epoch=0.864
2026-10-03T18:57:51Z step 820/938 loss=1.43e-05 grad_norm=0.00018 learning_rate=4.16e-06 epoch=0.8747
2026-10-03T18:58:21Z step 830/938 loss=8.583e-06 grad_norm=9.315e-05 learning_rate=3.498e-06 epoch=0.8853
2026-10-03T18:58:51Z step 840/938 loss=7.758e-06 grad_norm=0.0002022 learning_rate=2.892e-06 epoch=0.896
2026-10-03T18:59:21Z step 850/938 loss=2.139e-05 grad_norm=0.0001359 learning_rate=2.342e-06 epoch=0.9067
2026-10-03T18:59:54Z step 860/938 loss=6.382e-06 grad_norm=9.588e-05 learning_rate=1.848e-06 epoch=0.9173
2026-10-03T19:00:25Z step 870/938 loss=6.848e-06 grad_norm=0.0005485 learning_rate=1.412e-06 epoch=0.928
2026-10-03T19:00:55Z step 880/938 loss=5.029e-06 grad_norm=0.0001157 learning_rate=1.034e-06 epoch=0.9387
2026-10-03T19:01:26Z step 890/938 loss=7.255e-06 grad_norm=0.0007383 learning_rate=7.137e-07 epoch=0.9493
2026-10-03T19:01:57Z step 900/938 loss=0.0001427 grad_norm=0.0001337 learning_rate=4.525e-07 epoch=0.96
2026-10-03T19:02:29Z step 910/938 loss=6.269e-06 grad_norm=0.0008011 learning_rate=2.504e-07 epoch=0.9707
2026-10-03T19:02:58Z step 920/938 loss=7.697e-06 grad_norm=2.99e-05 learning_rate=1.075e-07 epoch=0.9813
2026-10-03T19:03:29Z step 930/938 loss=5.434e-06 grad_norm=7.39e-05 learning_rate=2.413e-08 epoch=0.992
2026-10-03T19:03:52Z step 938/938 train_runtime=2903 train_samples_per_second=20.67 train_steps_per_second=0.323 total_flos=1.322e+18 train_loss=0.02346 epoch=1
2026-10-03T19:03:56Z trained 938 steps in 48.5 min, 4770.7 tok/s, peak 34.56 GB
2026-10-03T19:03:58Z u path: fp32-hidden (max |u_fp32 - u_bf16logits| = 0.0268)
2026-10-03T19:03:58Z padding self-check: max |u_batch - u_single| = 0.1524 (tol 0.631) -> left padding
2026-10-03T19:05:12Z B-FOLD3-ledger2-triplets-s0 rule_v1_fold3/dev: TA 99.3 Rev 99.3 Hold 100.0 n=300 (75.0 s)
2026-10-03T19:09:08Z generate: batch 25/32, 218893 tokens, 1137 tok/s
2026-10-03T19:12:59Z B-FOLD3-ledger2-triplets-s0 rule_v1_fold3/test_L2: TA 99.4 Rev 99.4 Hold 100.0 n=2000 (466.9 s)
2026-10-03T19:13:00Z DONE B-FOLD3-ledger2-triplets-s0 in 58.2 min, GPU util mean 88.7
