2026-10-03T21:55:03Z step 10/938 loss=9.064 grad_norm=8.219 learning_rate=3.214e-05 epoch=0.01067
2026-10-03T21:55:31Z step 20/938 loss=2.67 grad_norm=3.499 learning_rate=6.786e-05 epoch=0.02133
2026-10-03T21:56:01Z step 30/938 loss=0.164 grad_norm=0.825 learning_rate=0.0001 epoch=0.032
2026-10-03T21:56:29Z step 40/938 loss=0.04848 grad_norm=0.2763 learning_rate=9.996e-05 epoch=0.04267
2026-10-03T21:56:57Z step 50/938 loss=0.02402 grad_norm=0.3634 learning_rate=9.987e-05 epoch=0.05333
2026-10-03T21:57:26Z step 60/938 loss=0.001208 grad_norm=0.3242 learning_rate=9.971e-05 epoch=0.064
2026-10-03T21:57:55Z step 70/938 loss=0.006954 grad_norm=0.546 learning_rate=9.95e-05 epoch=0.07467
2026-10-03T21:58:24Z step 80/938 loss=0.009621 grad_norm=0.5308 learning_rate=9.923e-05 epoch=0.08533
2026-10-03T21:58:53Z step 90/938 loss=0.0107 grad_norm=0.3393 learning_rate=9.89e-05 epoch=0.096
2026-10-03T21:59:21Z step 100/938 loss=0.008543 grad_norm=1.367 learning_rate=9.851e-05 epoch=0.1067
2026-10-03T21:59:50Z step 110/938 loss=0.0143 grad_norm=0.02357 learning_rate=9.806e-05 epoch=0.1173
2026-10-03T22:00:18Z step 120/938 loss=0.0139 grad_norm=0.249 learning_rate=9.755e-05 epoch=0.128
2026-10-03T22:00:47Z step 130/938 loss=0.003946 grad_norm=0.05215 learning_rate=9.699e-05 epoch=0.1387
2026-10-03T22:01:16Z step 140/938 loss=0.002621 grad_norm=0.00248 learning_rate=9.637e-05 epoch=0.1493
2026-10-03T22:01:44Z step 150/938 loss=0.001945 grad_norm=0.678 learning_rate=9.57e-05 epoch=0.16
2026-10-03T22:02:12Z step 160/938 loss=0.006057 grad_norm=0.02125 learning_rate=9.497e-05 epoch=0.1707
2026-10-03T22:02:42Z step 170/938 loss=0.007334 grad_norm=0.03432 learning_rate=9.419e-05 epoch=0.1813
2026-10-03T22:03:10Z step 180/938 loss=0.003666 grad_norm=0.03971 learning_rate=9.336e-05 epoch=0.192
2026-10-03T22:03:39Z step 190/938 loss=0.00143 grad_norm=0.09017 learning_rate=9.247e-05 epoch=0.2027
2026-10-03T22:04:08Z step 200/938 loss=0.007976 grad_norm=0.3819 learning_rate=9.154e-05 epoch=0.2133
2026-10-03T22:04:36Z step 210/938 loss=0.001043 grad_norm=0.1386 learning_rate=9.055e-05 epoch=0.224
2026-10-03T22:05:04Z step 220/938 loss=0.002645 grad_norm=0.02441 learning_rate=8.952e-05 epoch=0.2347
2026-10-03T22:05:33Z step 230/938 loss=0.004001 grad_norm=0.04227 learning_rate=8.844e-05 epoch=0.2453
2026-10-03T22:06:01Z step 240/938 loss=0.001424 grad_norm=0.03129 learning_rate=8.731e-05 epoch=0.256
2026-10-03T22:06:30Z step 250/938 loss=0.004401 grad_norm=0.02124 learning_rate=8.614e-05 epoch=0.2667
2026-10-03T22:06:59Z step 260/938 loss=0.002298 grad_norm=0.02373 learning_rate=8.493e-05 epoch=0.2773
2026-10-03T22:07:28Z step 270/938 loss=0.0005755 grad_norm=0.07824 learning_rate=8.367e-05 epoch=0.288
2026-10-03T22:07:57Z step 280/938 loss=0.0004478 grad_norm=0.0007081 learning_rate=8.237e-05 epoch=0.2987
2026-10-03T22:08:26Z step 290/938 loss=0.0006553 grad_norm=0.002469 learning_rate=8.104e-05 epoch=0.3093
2026-10-03T22:08:55Z step 300/938 loss=0.0004184 grad_norm=0.2186 learning_rate=7.967e-05 epoch=0.32
2026-10-03T22:09:24Z step 310/938 loss=0.0005017 grad_norm=0.3336 learning_rate=7.826e-05 epoch=0.3307
2026-10-03T22:09:53Z step 320/938 loss=0.004933 grad_norm=0.1723 learning_rate=7.682e-05 epoch=0.3413
2026-10-03T22:10:21Z step 330/938 loss=0.00458 grad_norm=0.1068 learning_rate=7.535e-05 epoch=0.352
2026-10-03T22:10:51Z step 340/938 loss=0.002275 grad_norm=0.06805 learning_rate=7.385e-05 epoch=0.3627
2026-10-03T22:11:19Z step 350/938 loss=0.0007992 grad_norm=0.006285 learning_rate=7.231e-05 epoch=0.3733
2026-10-03T22:11:47Z step 360/938 loss=0.0001729 grad_norm=0.005326 learning_rate=7.076e-05 epoch=0.384
2026-10-03T22:12:16Z step 370/938 loss=0.000169 grad_norm=0.004009 learning_rate=6.917e-05 epoch=0.3947
2026-10-03T22:12:45Z step 380/938 loss=0.01092 grad_norm=0.008208 learning_rate=6.757e-05 epoch=0.4053
2026-10-03T22:13:13Z step 390/938 loss=0.0008907 grad_norm=0.0172 learning_rate=6.594e-05 epoch=0.416
2026-10-03T22:13:42Z step 400/938 loss=0.0003522 grad_norm=0.001759 learning_rate=6.43e-05 epoch=0.4267
2026-10-03T22:14:10Z step 410/938 loss=0.0001674 grad_norm=0.001257 learning_rate=6.264e-05 epoch=0.4373
2026-10-03T22:14:47Z step 420/938 loss=0.001246 grad_norm=0.003161 learning_rate=6.096e-05 epoch=0.448
2026-10-03T22:15:15Z step 430/938 loss=0.0003118 grad_norm=0.003199 learning_rate=5.927e-05 epoch=0.4587
2026-10-03T22:15:44Z step 440/938 loss=0.001048 grad_norm=0.00225 learning_rate=5.757e-05 epoch=0.4693
2026-10-03T22:16:13Z step 450/938 loss=0.0001166 grad_norm=0.001572 learning_rate=5.586e-05 epoch=0.48
2026-10-03T22:16:41Z step 460/938 loss=7.493e-05 grad_norm=0.003067 learning_rate=5.414e-05 epoch=0.4907
2026-10-03T22:17:10Z step 470/938 loss=4.564e-05 grad_norm=0.0005263 learning_rate=5.242e-05 epoch=0.5013
2026-10-03T22:17:40Z step 480/938 loss=4.578e-05 grad_norm=0.01537 learning_rate=5.069e-05 epoch=0.512
2026-10-03T22:18:08Z step 490/938 loss=5.841e-05 grad_norm=0.0008668 learning_rate=4.896e-05 epoch=0.5227
2026-10-03T22:18:37Z step 500/938 loss=4.299e-05 grad_norm=0.0004548 learning_rate=4.724e-05 epoch=0.5333
2026-10-03T22:19:06Z step 510/938 loss=2.221e-05 grad_norm=0.0003613 learning_rate=4.552e-05 epoch=0.544
2026-10-03T22:19:34Z step 520/938 loss=3.393e-05 grad_norm=0.006681 learning_rate=4.38e-05 epoch=0.5547
2026-10-03T22:20:03Z step 530/938 loss=1.867e-05 grad_norm=0.0004862 learning_rate=4.209e-05 epoch=0.5653
2026-10-03T22:20:32Z step 540/938 loss=3.914e-05 grad_norm=0.003658 learning_rate=4.039e-05 epoch=0.576
2026-10-03T22:20:59Z step 550/938 loss=6.302e-05 grad_norm=0.0001888 learning_rate=3.871e-05 epoch=0.5867
2026-10-03T22:21:27Z step 560/938 loss=0.0005499 grad_norm=0.0003447 learning_rate=3.703e-05 epoch=0.5973
2026-10-03T22:21:57Z step 570/938 loss=7.247e-05 grad_norm=0.001637 learning_rate=3.537e-05 epoch=0.608
2026-10-03T22:22:25Z step 580/938 loss=0.0006835 grad_norm=0.001779 learning_rate=3.373e-05 epoch=0.6187
2026-10-03T22:22:53Z step 590/938 loss=1.755e-05 grad_norm=0.007207 learning_rate=3.211e-05 epoch=0.6293
2026-10-03T22:23:22Z step 600/938 loss=0.002273 grad_norm=0.001509 learning_rate=3.051e-05 epoch=0.64
2026-10-03T22:23:51Z step 610/938 loss=2.49e-05 grad_norm=0.0001496 learning_rate=2.893e-05 epoch=0.6507
2026-10-03T22:24:19Z step 620/938 loss=6.132e-05 grad_norm=0.0001971 learning_rate=2.738e-05 epoch=0.6613
2026-10-03T22:24:48Z step 630/938 loss=3.554e-05 grad_norm=0.001051 learning_rate=2.585e-05 epoch=0.672
2026-10-03T22:25:17Z step 640/938 loss=3.141e-05 grad_norm=0.0001505 learning_rate=2.436e-05 epoch=0.6827
2026-10-03T22:25:45Z step 650/938 loss=7.95e-05 grad_norm=0.0004176 learning_rate=2.289e-05 epoch=0.6933
2026-10-03T22:26:14Z step 660/938 loss=2.431e-05 grad_norm=0.0003694 learning_rate=2.145e-05 epoch=0.704
2026-10-03T22:26:43Z step 670/938 loss=9.75e-05 grad_norm=0.001956 learning_rate=2.005e-05 epoch=0.7147
2026-10-03T22:27:12Z step 680/938 loss=3.397e-05 grad_norm=0.0001608 learning_rate=1.869e-05 epoch=0.7253
2026-10-03T22:27:41Z step 690/938 loss=5.201e-05 grad_norm=0.00146 learning_rate=1.736e-05 epoch=0.736
2026-10-03T22:28:09Z step 700/938 loss=3.106e-05 grad_norm=0.000799 learning_rate=1.608e-05 epoch=0.7467
2026-10-03T22:28:37Z step 710/938 loss=2.589e-05 grad_norm=0.001463 learning_rate=1.483e-05 epoch=0.7573
2026-10-03T22:29:06Z step 720/938 loss=1.886e-05 grad_norm=0.0006313 learning_rate=1.362e-05 epoch=0.768
2026-10-03T22:29:34Z step 730/938 loss=4.308e-05 grad_norm=0.0002293 learning_rate=1.246e-05 epoch=0.7787
2026-10-03T22:30:03Z step 740/938 loss=5.823e-05 grad_norm=0.0003671 learning_rate=1.134e-05 epoch=0.7893
2026-10-03T22:30:32Z step 750/938 loss=1.287e-05 grad_norm=0.0002853 learning_rate=1.027e-05 epoch=0.8
2026-10-03T22:31:01Z step 760/938 loss=2.503e-05 grad_norm=0.0002706 learning_rate=9.247e-06 epoch=0.8107
2026-10-03T22:31:30Z step 770/938 loss=1.748e-05 grad_norm=0.0002362 learning_rate=8.271e-06 epoch=0.8213
2026-10-03T22:31:59Z step 780/938 loss=2.416e-05 grad_norm=0.0001334 learning_rate=7.345e-06 epoch=0.832
2026-10-03T22:32:27Z step 790/938 loss=1.792e-05 grad_norm=0.0004144 learning_rate=6.47e-06 epoch=0.8427
2026-10-03T22:32:55Z step 800/938 loss=3.059e-05 grad_norm=0.0002045 learning_rate=5.647e-06 epoch=0.8533
2026-10-03T22:33:24Z step 810/938 loss=1.844e-05 grad_norm=0.0001916 learning_rate=4.877e-06 epoch=0.864
2026-10-03T22:33:52Z step 820/938 loss=1.278e-05 grad_norm=0.001194 learning_rate=4.16e-06 epoch=0.8747
2026-10-03T22:34:20Z step 830/938 loss=1.543e-05 grad_norm=0.0002134 learning_rate=3.498e-06 epoch=0.8853
2026-10-03T22:34:55Z step 840/938 loss=1.928e-05 grad_norm=0.0003561 learning_rate=2.892e-06 epoch=0.896
2026-10-03T22:35:24Z step 850/938 loss=0.001286 grad_norm=0.001694 learning_rate=2.342e-06 epoch=0.9067
2026-10-03T22:35:53Z step 860/938 loss=1.851e-05 grad_norm=0.0002817 learning_rate=1.848e-06 epoch=0.9173
2026-10-03T22:36:22Z step 870/938 loss=1.912e-05 grad_norm=0.002741 learning_rate=1.412e-06 epoch=0.928
2026-10-03T22:36:50Z step 880/938 loss=1.845e-05 grad_norm=0.0002223 learning_rate=1.034e-06 epoch=0.9387
2026-10-03T22:37:18Z step 890/938 loss=2.279e-05 grad_norm=0.001517 learning_rate=7.137e-07 epoch=0.9493
2026-10-03T22:37:47Z step 900/938 loss=1.686e-05 grad_norm=0.00047 learning_rate=4.525e-07 epoch=0.96
2026-10-03T22:38:16Z step 910/938 loss=4.373e-05 grad_norm=0.0006103 learning_rate=2.504e-07 epoch=0.9707
2026-10-03T22:38:44Z step 920/938 loss=1.765e-05 grad_norm=0.0005031 learning_rate=1.075e-07 epoch=0.9813
2026-10-03T22:39:13Z step 930/938 loss=3.738e-05 grad_norm=0.0001692 learning_rate=2.413e-08 epoch=0.992
2026-10-03T22:39:34Z step 938/938 train_runtime=2700 train_samples_per_second=22.22 train_steps_per_second=0.347 total_flos=1.22e+18 train_loss=0.1293 epoch=1
2026-10-03T22:39:39Z trained 938 steps in 45.1 min, 5715.4 tok/s, peak 33.91 GB
2026-10-03T22:39:40Z u path: fp32-hidden (max |u_fp32 - u_bf16logits| = 0.0147)
2026-10-03T22:39:40Z padding self-check: max |u_batch - u_single| = 0.1538 (tol 0.641) -> left padding
2026-10-03T22:41:10Z B-SC-summary2-triplets-s2 rule_v1/dev: TA 100.0 Rev 100.0 Hold 100.0 n=300 (91.1 s)
2026-10-03T22:44:31Z generate: batch 25/32, 230148 tokens, 1149 tok/s
2026-10-03T23:28:15Z adapter already trained for this spec (/pvc/selrm/adapters/B-SC-summary2-triplets-s2/TRAINED.json); skipping training
2026-10-03T23:28:22Z u path: fp32-hidden (max |u_fp32 - u_bf16logits| = 0.0081)
2026-10-03T23:28:23Z padding self-check: max |u_batch - u_single| = 0.0653 (tol 0.642) -> left padding
2026-10-03T23:30:04Z B-SC-summary2-triplets-s2 rule_v1/dev: TA 100.0 Rev 100.0 Hold 100.0 n=300 (102.6 s)
2026-10-03T23:32:20Z generate: batch 25/32, 230147 tokens, 1712 tok/s
2026-10-03T23:40:51Z B-SC-summary2-triplets-s2 rule_v1/test_L2: TA 99.6 Rev 99.6 Hold 100.0 n=2000 (646.5 s)
2026-10-03T23:44:01Z B-SC-summary2-triplets-s2 xr_v1/test: TA nan Rev nan Hold nan n=None (190.4 s)
2026-10-03T23:44:02Z DONE B-SC-summary2-triplets-s2 in 16.0 min, GPU util mean 91.5
