2026-10-10T04:54:17Z step 10/938 loss=0.2411 grad_norm=3.92 learning_rate=3.214e-05 epoch=0.01067
2026-10-10T04:55:16Z step 20/938 loss=0.1376 grad_norm=1.682 learning_rate=6.786e-05 epoch=0.02133
2026-10-10T04:56:12Z step 30/938 loss=0.06418 grad_norm=0.3734 learning_rate=0.0001 epoch=0.032
2026-10-10T04:57:08Z step 40/938 loss=0.05291 grad_norm=0.7385 learning_rate=9.996e-05 epoch=0.04267
2026-10-10T04:58:06Z step 50/938 loss=0.04013 grad_norm=0.2731 learning_rate=9.987e-05 epoch=0.05333
2026-10-10T04:59:03Z step 60/938 loss=0.008484 grad_norm=0.3211 learning_rate=9.971e-05 epoch=0.064
2026-10-10T05:00:01Z step 70/938 loss=0.03632 grad_norm=0.2231 learning_rate=9.95e-05 epoch=0.07467
2026-10-10T05:00:58Z step 80/938 loss=0.007933 grad_norm=0.0545 learning_rate=9.923e-05 epoch=0.08533
2026-10-10T05:01:55Z step 90/938 loss=0.01723 grad_norm=0.4654 learning_rate=9.89e-05 epoch=0.096
2026-10-10T05:02:52Z step 100/938 loss=0.01197 grad_norm=0.1019 learning_rate=9.851e-05 epoch=0.1067
2026-10-10T05:03:48Z step 110/938 loss=0.01494 grad_norm=0.5645 learning_rate=9.806e-05 epoch=0.1173
2026-10-10T05:04:46Z step 120/938 loss=0.03274 grad_norm=0.8777 learning_rate=9.755e-05 epoch=0.128
2026-10-10T05:05:43Z step 130/938 loss=0.01086 grad_norm=0.0586 learning_rate=9.699e-05 epoch=0.1387
2026-10-10T05:06:41Z step 140/938 loss=0.006613 grad_norm=0.1224 learning_rate=9.637e-05 epoch=0.1493
2026-10-10T05:07:38Z step 150/938 loss=0.01412 grad_norm=0.6386 learning_rate=9.57e-05 epoch=0.16
2026-10-10T05:08:35Z step 160/938 loss=0.01161 grad_norm=0.141 learning_rate=9.497e-05 epoch=0.1707
2026-10-10T05:09:31Z step 170/938 loss=0.002934 grad_norm=0.0001629 learning_rate=9.419e-05 epoch=0.1813
2026-10-10T05:10:29Z step 180/938 loss=0.06124 grad_norm=0.4421 learning_rate=9.336e-05 epoch=0.192
2026-10-10T05:11:28Z step 190/938 loss=0.01148 grad_norm=0.2888 learning_rate=9.247e-05 epoch=0.2027
2026-10-10T05:12:24Z step 200/938 loss=0.01325 grad_norm=0.3157 learning_rate=9.154e-05 epoch=0.2133
2026-10-10T05:13:21Z step 210/938 loss=0.005747 grad_norm=0.009928 learning_rate=9.055e-05 epoch=0.224
2026-10-10T05:17:15Z step 220/938 loss=0.01441 grad_norm=0.8822 learning_rate=8.952e-05 epoch=0.2347
2026-10-10T05:18:11Z step 230/938 loss=0.01623 grad_norm=0.2975 learning_rate=8.844e-05 epoch=0.2453
2026-10-10T05:19:08Z step 240/938 loss=0.007606 grad_norm=0.6855 learning_rate=8.731e-05 epoch=0.256
2026-10-10T05:20:05Z step 250/938 loss=0.0259 grad_norm=0.009611 learning_rate=8.614e-05 epoch=0.2667
2026-10-10T05:21:02Z step 260/938 loss=0.008725 grad_norm=0.06344 learning_rate=8.493e-05 epoch=0.2773
2026-10-10T05:22:00Z step 270/938 loss=0.01448 grad_norm=0.03622 learning_rate=8.367e-05 epoch=0.288
2026-10-10T05:22:59Z step 280/938 loss=0.006799 grad_norm=0.03843 learning_rate=8.237e-05 epoch=0.2987
2026-10-10T05:23:57Z step 290/938 loss=0.004519 grad_norm=0.4068 learning_rate=8.104e-05 epoch=0.3093
2026-10-10T05:24:53Z step 300/938 loss=0.005198 grad_norm=8.621 learning_rate=7.967e-05 epoch=0.32
2026-10-10T05:25:51Z step 310/938 loss=0.003892 grad_norm=0.0002292 learning_rate=7.826e-05 epoch=0.3307
2026-10-10T05:26:47Z step 320/938 loss=0.007779 grad_norm=0.09487 learning_rate=7.682e-05 epoch=0.3413
2026-10-10T05:27:44Z step 330/938 loss=0.006607 grad_norm=0.09268 learning_rate=7.535e-05 epoch=0.352
2026-10-10T05:28:41Z step 340/938 loss=0.003621 grad_norm=0.02811 learning_rate=7.385e-05 epoch=0.3627
2026-10-10T05:29:37Z step 350/938 loss=0.004539 grad_norm=0.002334 learning_rate=7.231e-05 epoch=0.3733
2026-10-10T05:30:33Z step 360/938 loss=0.004906 grad_norm=0.002471 learning_rate=7.076e-05 epoch=0.384
2026-10-10T05:31:32Z step 370/938 loss=0.003835 grad_norm=0.2024 learning_rate=6.917e-05 epoch=0.3947
2026-10-10T05:32:29Z step 380/938 loss=0.0007148 grad_norm=0.0002268 learning_rate=6.757e-05 epoch=0.4053
2026-10-10T05:33:26Z step 390/938 loss=0.009051 grad_norm=0.01128 learning_rate=6.594e-05 epoch=0.416
2026-10-10T05:36:41Z step 400/938 loss=0.004778 grad_norm=0.0008598 learning_rate=6.43e-05 epoch=0.4267
2026-10-10T05:37:38Z step 410/938 loss=0.006009 grad_norm=0.2351 learning_rate=6.264e-05 epoch=0.4373
2026-10-10T05:38:33Z step 420/938 loss=0.002784 grad_norm=0.02745 learning_rate=6.096e-05 epoch=0.448
2026-10-10T05:39:30Z step 430/938 loss=0.006498 grad_norm=0.09712 learning_rate=5.927e-05 epoch=0.4587
2026-10-10T05:40:27Z step 440/938 loss=0.00153 grad_norm=0.07137 learning_rate=5.757e-05 epoch=0.4693
2026-10-10T05:41:23Z step 450/938 loss=0.000573 grad_norm=8.259e-05 learning_rate=5.586e-05 epoch=0.48
2026-10-10T05:42:20Z step 460/938 loss=0.00324 grad_norm=1.232e-05 learning_rate=5.414e-05 epoch=0.4907
2026-10-10T05:43:17Z step 470/938 loss=0.001968 grad_norm=4.317e-05 learning_rate=5.242e-05 epoch=0.5013
2026-10-10T05:44:13Z step 480/938 loss=0.002008 grad_norm=0.1749 learning_rate=5.069e-05 epoch=0.512
2026-10-10T05:45:10Z step 490/938 loss=0.0004176 grad_norm=0.004969 learning_rate=4.896e-05 epoch=0.5227
2026-10-10T05:46:07Z step 500/938 loss=0.001842 grad_norm=0.9929 learning_rate=4.724e-05 epoch=0.5333
2026-10-10T05:47:04Z step 510/938 loss=0.00109 grad_norm=0.03258 learning_rate=4.552e-05 epoch=0.544
2026-10-10T05:48:00Z step 520/938 loss=0.003509 grad_norm=0.9896 learning_rate=4.38e-05 epoch=0.5547
2026-10-10T05:48:56Z step 530/938 loss=0.0003459 grad_norm=0.0001508 learning_rate=4.209e-05 epoch=0.5653
2026-10-10T05:49:53Z step 540/938 loss=0.003208 grad_norm=3.94e-05 learning_rate=4.039e-05 epoch=0.576
2026-10-10T05:50:50Z step 550/938 loss=0.002153 grad_norm=0.01753 learning_rate=3.871e-05 epoch=0.5867
2026-10-10T05:51:48Z step 560/938 loss=0.003493 grad_norm=8.48e-05 learning_rate=3.703e-05 epoch=0.5973
2026-10-10T05:52:44Z step 570/938 loss=0.00151 grad_norm=0.02632 learning_rate=3.537e-05 epoch=0.608
2026-10-10T05:55:49Z step 580/938 loss=0.0007971 grad_norm=0.0001002 learning_rate=3.373e-05 epoch=0.6187
2026-10-10T05:56:45Z step 590/938 loss=0.000495 grad_norm=0.0006743 learning_rate=3.211e-05 epoch=0.6293
2026-10-10T05:57:43Z step 600/938 loss=0.001381 grad_norm=0.0007602 learning_rate=3.051e-05 epoch=0.64
2026-10-10T05:58:41Z step 610/938 loss=0.002224 grad_norm=0.0006883 learning_rate=2.893e-05 epoch=0.6507
2026-10-10T05:59:37Z step 620/938 loss=0.00431 grad_norm=0.2578 learning_rate=2.738e-05 epoch=0.6613
2026-10-10T06:00:35Z step 630/938 loss=0.000428 grad_norm=0.0004131 learning_rate=2.585e-05 epoch=0.672
2026-10-10T06:01:30Z step 640/938 loss=0.000816 grad_norm=0.01197 learning_rate=2.436e-05 epoch=0.6827
2026-10-10T06:02:27Z step 650/938 loss=0.0002839 grad_norm=0.005687 learning_rate=2.289e-05 epoch=0.6933
2026-10-10T06:03:23Z step 660/938 loss=0.0001124 grad_norm=8.076e-06 learning_rate=2.145e-05 epoch=0.704
2026-10-10T06:04:21Z step 670/938 loss=0.00151 grad_norm=0.01164 learning_rate=2.005e-05 epoch=0.7147
2026-10-10T06:05:19Z step 680/938 loss=0.0002952 grad_norm=0.000248 learning_rate=1.869e-05 epoch=0.7253
2026-10-10T06:06:17Z step 690/938 loss=0.0004515 grad_norm=0.008032 learning_rate=1.736e-05 epoch=0.736
2026-10-10T06:07:13Z step 700/938 loss=1.345e-06 grad_norm=0.0003614 learning_rate=1.608e-05 epoch=0.7467
2026-10-10T06:08:11Z step 710/938 loss=0.001496 grad_norm=9.795e-06 learning_rate=1.483e-05 epoch=0.7573
2026-10-10T06:09:07Z step 720/938 loss=0.005434 grad_norm=9.566e-06 learning_rate=1.362e-05 epoch=0.768
2026-10-10T06:10:05Z step 730/938 loss=0.0004959 grad_norm=0.001596 learning_rate=1.246e-05 epoch=0.7787
2026-10-10T06:11:02Z step 740/938 loss=0.0004695 grad_norm=0.006761 learning_rate=1.134e-05 epoch=0.7893
2026-10-10T06:11:58Z step 750/938 loss=0.001235 grad_norm=0.5737 learning_rate=1.027e-05 epoch=0.8
2026-10-10T06:12:55Z step 760/938 loss=0.0007079 grad_norm=0.0003972 learning_rate=9.247e-06 epoch=0.8107
2026-10-10T06:15:44Z step 770/938 loss=0.001198 grad_norm=0.001801 learning_rate=8.271e-06 epoch=0.8213
2026-10-10T06:16:40Z step 780/938 loss=0.001111 grad_norm=1.394e-05 learning_rate=7.345e-06 epoch=0.832
2026-10-10T06:17:38Z step 790/938 loss=0.000457 grad_norm=5.389e-05 learning_rate=6.47e-06 epoch=0.8427
2026-10-10T06:18:34Z step 800/938 loss=0.0002024 grad_norm=9.18e-06 learning_rate=5.647e-06 epoch=0.8533
2026-10-10T06:19:31Z step 810/938 loss=3.975e-05 grad_norm=0.000187 learning_rate=4.877e-06 epoch=0.864
2026-10-10T06:20:27Z step 820/938 loss=3.53e-05 grad_norm=0.009801 learning_rate=4.16e-06 epoch=0.8747
2026-10-10T06:21:25Z step 830/938 loss=0.0001555 grad_norm=3.214e-05 learning_rate=3.498e-06 epoch=0.8853
2026-10-10T06:22:22Z step 840/938 loss=0.002207 grad_norm=0.4258 learning_rate=2.892e-06 epoch=0.896
2026-10-10T06:23:20Z step 850/938 loss=0.002669 grad_norm=0.002255 learning_rate=2.342e-06 epoch=0.9067
2026-10-10T06:24:17Z step 860/938 loss=0.001259 grad_norm=0.7435 learning_rate=1.848e-06 epoch=0.9173
2026-10-10T06:25:15Z step 870/938 loss=0.0002554 grad_norm=8.606e-06 learning_rate=1.412e-06 epoch=0.928
2026-10-10T06:26:13Z step 880/938 loss=1.648e-05 grad_norm=8.024e-06 learning_rate=1.034e-06 epoch=0.9387
2026-10-10T06:27:09Z step 890/938 loss=0.0003955 grad_norm=0.0447 learning_rate=7.137e-07 epoch=0.9493
2026-10-10T06:28:07Z step 900/938 loss=7.558e-05 grad_norm=0.0009364 learning_rate=4.525e-07 epoch=0.96
2026-10-10T06:29:04Z step 910/938 loss=0.0001284 grad_norm=0.000815 learning_rate=2.504e-07 epoch=0.9707
2026-10-10T06:30:02Z step 920/938 loss=0.0007104 grad_norm=0.0003093 learning_rate=1.075e-07 epoch=0.9813
2026-10-10T06:30:59Z step 930/938 loss=0.0008968 grad_norm=0.0001279 learning_rate=2.413e-08 epoch=0.992
2026-10-10T06:31:42Z step 938/938 train_runtime=5901 train_samples_per_second=10.17 train_steps_per_second=0.159 total_flos=1.054e+18 train_loss=0.01102 epoch=1
2026-10-10T06:32:35Z trained 938 steps in 98.4 min, 2244.2 tok/s, peak 23.21 GB
2026-10-10T06:32:37Z u path: fp32-hidden (max |u_fp32 - u_bf16logits| = 0.1216)
2026-10-10T06:32:38Z padding self-check: max |u_batch - u_single| = 0.1113 (tol 0.918) -> left padding
2026-10-10T06:33:57Z B-V2-verdict-blocks-s1 rule_v2/dev: TA 56.3 Rev 98.7 Hold 56.7 n=300 (81.5 s)
2026-10-10T06:43:15Z B-V2-verdict-blocks-s1 rule_v2/test_L2: TA 41.9 Rev 95.2 Hold 43.2 n=2000 (556.5 s)
2026-10-10T06:52:31Z B-V2-verdict-blocks-s1 rule_v1/test_L2: TA 54.5 Rev 91.7 Hold 57.1 n=2000 (554.8 s)
2026-10-10T06:54:37Z B-V2-verdict-blocks-s1 xr_v1/test: TA nan Rev nan Hold nan n=None (124.7 s)
2026-10-10T06:55:36Z B-V2-verdict-blocks-s1 cls_v1/dev: TA 5.3 Rev 99.7 Hold 5.3 n=300 (57.6 s)
2026-10-10T06:59:26Z B-V2-verdict-blocks-s1 cls_v1/test: TA 3.4 Rev 99.8 Hold 3.4 n=1200 (228.2 s)
2026-10-10T06:59:31Z DONE B-V2-verdict-blocks-s1 in 126.6 min, GPU util mean 89.0
