2026-10-03T13:08:39Z step 10/938 loss=1.762 grad_norm=3.779 learning_rate=3.214e-05 epoch=0.01067
2026-10-03T13:09:06Z step 20/938 loss=0.2286 grad_norm=0.7831 learning_rate=6.786e-05 epoch=0.02133
2026-10-03T13:09:32Z step 30/938 loss=0.03221 grad_norm=0.6235 learning_rate=0.0001 epoch=0.032
2026-10-03T13:09:59Z step 40/938 loss=0.01 grad_norm=0.5207 learning_rate=9.996e-05 epoch=0.04267
2026-10-03T13:10:25Z step 50/938 loss=0.006768 grad_norm=0.04135 learning_rate=9.987e-05 epoch=0.05333
2026-10-03T13:10:52Z step 60/938 loss=0.008652 grad_norm=0.1336 learning_rate=9.971e-05 epoch=0.064
2026-10-03T13:11:19Z step 70/938 loss=0.002031 grad_norm=0.4034 learning_rate=9.95e-05 epoch=0.07467
2026-10-03T13:11:46Z step 80/938 loss=0.0007552 grad_norm=0.03554 learning_rate=9.923e-05 epoch=0.08533
2026-10-03T13:12:13Z step 90/938 loss=0.006593 grad_norm=0.04807 learning_rate=9.89e-05 epoch=0.096
2026-10-03T13:12:39Z step 100/938 loss=0.002562 grad_norm=0.2015 learning_rate=9.851e-05 epoch=0.1067
2026-10-03T13:13:05Z step 110/938 loss=0.001856 grad_norm=0.002679 learning_rate=9.806e-05 epoch=0.1173
2026-10-03T13:13:30Z step 120/938 loss=0.001699 grad_norm=0.01768 learning_rate=9.755e-05 epoch=0.128
2026-10-03T13:13:57Z step 130/938 loss=0.004438 grad_norm=0.004689 learning_rate=9.699e-05 epoch=0.1387
2026-10-03T13:14:23Z step 140/938 loss=0.003984 grad_norm=0.01966 learning_rate=9.637e-05 epoch=0.1493
2026-10-03T13:14:50Z step 150/938 loss=0.0005154 grad_norm=0.007511 learning_rate=9.57e-05 epoch=0.16
2026-10-03T13:15:17Z step 160/938 loss=0.005294 grad_norm=1.314 learning_rate=9.497e-05 epoch=0.1707
2026-10-03T13:15:43Z step 170/938 loss=0.0013 grad_norm=0.02372 learning_rate=9.419e-05 epoch=0.1813
2026-10-03T13:16:10Z step 180/938 loss=0.0009039 grad_norm=0.03063 learning_rate=9.336e-05 epoch=0.192
2026-10-03T13:16:36Z step 190/938 loss=0.0003092 grad_norm=0.0008777 learning_rate=9.247e-05 epoch=0.2027
2026-10-03T13:17:03Z step 200/938 loss=0.001079 grad_norm=0.0002498 learning_rate=9.154e-05 epoch=0.2133
2026-10-03T13:17:29Z step 210/938 loss=0.005029 grad_norm=0.3486 learning_rate=9.055e-05 epoch=0.224
2026-10-03T13:17:56Z step 220/938 loss=0.0007738 grad_norm=0.004415 learning_rate=8.952e-05 epoch=0.2347
2026-10-03T13:18:22Z step 230/938 loss=0.003079 grad_norm=0.006191 learning_rate=8.844e-05 epoch=0.2453
2026-10-03T13:18:47Z step 240/938 loss=0.001008 grad_norm=0.02842 learning_rate=8.731e-05 epoch=0.256
2026-10-03T13:19:13Z step 250/938 loss=0.0001657 grad_norm=0.0126 learning_rate=8.614e-05 epoch=0.2667
2026-10-03T13:19:40Z step 260/938 loss=0.0003479 grad_norm=0.002626 learning_rate=8.493e-05 epoch=0.2773
2026-10-03T13:20:06Z step 270/938 loss=0.005079 grad_norm=0.1029 learning_rate=8.367e-05 epoch=0.288
2026-10-03T13:20:33Z step 280/938 loss=0.0004036 grad_norm=0.006157 learning_rate=8.237e-05 epoch=0.2987
2026-10-03T13:20:58Z step 290/938 loss=0.002696 grad_norm=0.03372 learning_rate=8.104e-05 epoch=0.3093
2026-10-03T13:21:24Z step 300/938 loss=0.0007484 grad_norm=0.002751 learning_rate=7.967e-05 epoch=0.32
2026-10-03T13:21:51Z step 310/938 loss=0.0006558 grad_norm=0.002336 learning_rate=7.826e-05 epoch=0.3307
2026-10-03T13:22:17Z step 320/938 loss=0.0017 grad_norm=0.02099 learning_rate=7.682e-05 epoch=0.3413
2026-10-03T13:22:44Z step 330/938 loss=0.0002365 grad_norm=0.0003686 learning_rate=7.535e-05 epoch=0.352
2026-10-03T13:23:10Z step 340/938 loss=0.0005961 grad_norm=0.0002197 learning_rate=7.385e-05 epoch=0.3627
2026-10-03T13:23:36Z step 350/938 loss=0.0008737 grad_norm=0.215 learning_rate=7.231e-05 epoch=0.3733
2026-10-03T13:24:03Z step 360/938 loss=0.0001427 grad_norm=0.0008017 learning_rate=7.076e-05 epoch=0.384
2026-10-03T13:24:30Z step 370/938 loss=0.0002268 grad_norm=0.0001492 learning_rate=6.917e-05 epoch=0.3947
2026-10-03T13:24:56Z step 380/938 loss=0.007187 grad_norm=0.01485 learning_rate=6.757e-05 epoch=0.4053
2026-10-03T13:25:23Z step 390/938 loss=0.005258 grad_norm=0.04296 learning_rate=6.594e-05 epoch=0.416
2026-10-03T13:25:49Z step 400/938 loss=0.001851 grad_norm=0.0009563 learning_rate=6.43e-05 epoch=0.4267
2026-10-03T13:26:14Z step 410/938 loss=0.0002433 grad_norm=0.003653 learning_rate=6.264e-05 epoch=0.4373
2026-10-03T13:26:41Z step 420/938 loss=0.0001653 grad_norm=0.01102 learning_rate=6.096e-05 epoch=0.448
2026-10-03T13:27:07Z step 430/938 loss=0.0001709 grad_norm=0.01692 learning_rate=5.927e-05 epoch=0.4587
2026-10-03T13:27:33Z step 440/938 loss=3.309e-05 grad_norm=0.001221 learning_rate=5.757e-05 epoch=0.4693
2026-10-03T13:28:00Z step 450/938 loss=2.206e-05 grad_norm=0.0003335 learning_rate=5.586e-05 epoch=0.48
2026-10-03T13:28:32Z step 460/938 loss=0.002781 grad_norm=0.00344 learning_rate=5.414e-05 epoch=0.4907
2026-10-03T13:28:59Z step 470/938 loss=0.001867 grad_norm=0.001257 learning_rate=5.242e-05 epoch=0.5013
2026-10-03T13:29:25Z step 480/938 loss=7.753e-05 grad_norm=0.01542 learning_rate=5.069e-05 epoch=0.512
2026-10-03T13:29:52Z step 490/938 loss=0.0004225 grad_norm=0.001527 learning_rate=4.896e-05 epoch=0.5227
2026-10-03T13:30:17Z step 500/938 loss=5.088e-05 grad_norm=0.04959 learning_rate=4.724e-05 epoch=0.5333
2026-10-03T13:30:44Z step 510/938 loss=1.959e-05 grad_norm=0.005865 learning_rate=4.552e-05 epoch=0.544
2026-10-03T13:31:11Z step 520/938 loss=0.0005842 grad_norm=0.0001988 learning_rate=4.38e-05 epoch=0.5547
2026-10-03T13:31:37Z step 530/938 loss=2.205e-05 grad_norm=0.0001244 learning_rate=4.209e-05 epoch=0.5653
2026-10-03T13:32:04Z step 540/938 loss=0.00344 grad_norm=0.01778 learning_rate=4.039e-05 epoch=0.576
2026-10-03T13:32:30Z step 550/938 loss=1.652e-05 grad_norm=0.0006737 learning_rate=3.871e-05 epoch=0.5867
2026-10-03T13:32:56Z step 560/938 loss=5.382e-05 grad_norm=0.00816 learning_rate=3.703e-05 epoch=0.5973
2026-10-03T13:33:23Z step 570/938 loss=8.888e-05 grad_norm=0.004554 learning_rate=3.537e-05 epoch=0.608
2026-10-03T13:33:49Z step 580/938 loss=0.0004258 grad_norm=0.01552 learning_rate=3.373e-05 epoch=0.6187
2026-10-03T13:34:15Z step 590/938 loss=2.266e-05 grad_norm=0.0003364 learning_rate=3.211e-05 epoch=0.6293
2026-10-03T13:34:41Z step 600/938 loss=7.566e-05 grad_norm=0.0001577 learning_rate=3.051e-05 epoch=0.64
2026-10-03T13:35:08Z step 610/938 loss=3.054e-05 grad_norm=0.0001989 learning_rate=2.893e-05 epoch=0.6507
2026-10-03T13:35:34Z step 620/938 loss=1.791e-05 grad_norm=0.0001521 learning_rate=2.738e-05 epoch=0.6613
2026-10-03T13:36:00Z step 630/938 loss=0.0008986 grad_norm=0.0001267 learning_rate=2.585e-05 epoch=0.672
2026-10-03T13:36:27Z step 640/938 loss=1.663e-05 grad_norm=0.001105 learning_rate=2.436e-05 epoch=0.6827
2026-10-03T13:36:52Z step 650/938 loss=1.309e-05 grad_norm=0.0003043 learning_rate=2.289e-05 epoch=0.6933
2026-10-03T13:37:18Z step 660/938 loss=3.368e-05 grad_norm=0.01528 learning_rate=2.145e-05 epoch=0.704
2026-10-03T13:37:45Z step 670/938 loss=2.238e-05 grad_norm=0.0002033 learning_rate=2.005e-05 epoch=0.7147
2026-10-03T13:38:12Z step 680/938 loss=1.802e-05 grad_norm=0.0001208 learning_rate=1.869e-05 epoch=0.7253
2026-10-03T13:38:38Z step 690/938 loss=3.79e-05 grad_norm=0.02969 learning_rate=1.736e-05 epoch=0.736
2026-10-03T13:39:04Z step 700/938 loss=1.744e-05 grad_norm=0.0002977 learning_rate=1.608e-05 epoch=0.7467
2026-10-03T13:39:30Z step 710/938 loss=9.909e-06 grad_norm=0.0001332 learning_rate=1.483e-05 epoch=0.7573
2026-10-03T13:39:56Z step 720/938 loss=1.547e-05 grad_norm=0.005255 learning_rate=1.362e-05 epoch=0.768
2026-10-03T13:40:23Z step 730/938 loss=1.949e-05 grad_norm=0.001144 learning_rate=1.246e-05 epoch=0.7787
2026-10-03T13:40:48Z step 740/938 loss=1.361e-05 grad_norm=0.0009691 learning_rate=1.134e-05 epoch=0.7893
2026-10-03T13:41:14Z step 750/938 loss=1.129e-05 grad_norm=0.0003186 learning_rate=1.027e-05 epoch=0.8
2026-10-03T13:41:41Z step 760/938 loss=1.346e-05 grad_norm=0.0001863 learning_rate=9.247e-06 epoch=0.8107
2026-10-03T13:42:07Z step 770/938 loss=5.41e-05 grad_norm=0.001689 learning_rate=8.271e-06 epoch=0.8213
2026-10-03T13:42:33Z step 780/938 loss=0.00018 grad_norm=0.0002453 learning_rate=7.345e-06 epoch=0.832
2026-10-03T13:43:00Z step 790/938 loss=0.0006619 grad_norm=0.0007049 learning_rate=6.47e-06 epoch=0.8427
2026-10-03T13:43:26Z step 800/938 loss=8.949e-06 grad_norm=0.0004078 learning_rate=5.647e-06 epoch=0.8533
2026-10-03T13:43:52Z step 810/938 loss=0.0005706 grad_norm=0.01246 learning_rate=4.877e-06 epoch=0.864
2026-10-03T13:44:19Z step 820/938 loss=1.01e-05 grad_norm=0.0001968 learning_rate=4.16e-06 epoch=0.8747
2026-10-03T13:44:45Z step 830/938 loss=3.157e-05 grad_norm=0.0002764 learning_rate=3.498e-06 epoch=0.8853
2026-10-03T13:45:12Z step 840/938 loss=0.001292 grad_norm=0.0001315 learning_rate=2.892e-06 epoch=0.896
2026-10-03T13:45:37Z step 850/938 loss=4.557e-05 grad_norm=0.0001612 learning_rate=2.342e-06 epoch=0.9067
2026-10-03T13:46:03Z step 860/938 loss=2.561e-05 grad_norm=0.0002726 learning_rate=1.848e-06 epoch=0.9173
2026-10-03T13:46:29Z step 870/938 loss=4.389e-05 grad_norm=0.0002173 learning_rate=1.412e-06 epoch=0.928
2026-10-03T13:46:55Z step 880/938 loss=1.445e-05 grad_norm=0.001017 learning_rate=1.034e-06 epoch=0.9387
2026-10-03T13:47:21Z step 890/938 loss=1.15e-05 grad_norm=0.001447 learning_rate=7.137e-07 epoch=0.9493
2026-10-03T13:47:48Z step 900/938 loss=3.76e-05 grad_norm=0.0001678 learning_rate=4.525e-07 epoch=0.96
2026-10-03T13:48:20Z step 910/938 loss=4.92e-05 grad_norm=0.0003438 learning_rate=2.504e-07 epoch=0.9707
2026-10-03T13:48:47Z step 920/938 loss=1.426e-05 grad_norm=0.001751 learning_rate=1.075e-07 epoch=0.9813
2026-10-03T13:49:14Z step 930/938 loss=7.387e-05 grad_norm=0.0004196 learning_rate=2.413e-08 epoch=0.992
2026-10-03T13:49:34Z step 938/938 train_runtime=2481 train_samples_per_second=24.18 train_steps_per_second=0.378 total_flos=1.256e+18 train_loss=0.02276 epoch=1
2026-10-03T13:50:33Z trained 938 steps in 41.4 min, 5254.6 tok/s, peak 34.91 GB
2026-10-03T13:50:34Z u path: fp32-hidden (max |u_fp32 - u_bf16logits| = 0.0114)
2026-10-03T13:50:35Z padding self-check: max |u_batch - u_single| = 0.0552 (tol 0.597) -> left padding
2026-10-03T13:51:34Z B-F-ledger2-blocks-s4 rule_v1/dev: TA 82.0 Rev 99.0 Hold 83.0 n=300 (60.3 s)
2026-10-03T13:52:07Z B-F-ledger2-blocks-s4 rule_v1/dev_missing: TA nan Rev nan Hold nan n=None (33.0 s)
2026-10-03T13:53:48Z B-F-ledger2-blocks-s4 rule_v1/missing: TA nan Rev nan Hold nan n=None (100.5 s)
2026-10-03T13:56:02Z generate: batch 25/28, 215041 tokens, 1606 tok/s
2026-10-03T13:58:14Z B-F-ledger2-blocks-s4 rule_v1/readapply: TA 82.6 Rev 99.6 Hold 82.9 n=1000 (265.5 s)
2026-10-03T14:01:25Z B-F-ledger2-blocks-s4 rule_v1/test_L0: TA 82.4 Rev 99.7 Hold 82.7 n=1000 (191.0 s)
2026-10-03T14:04:31Z B-F-ledger2-blocks-s4 rule_v1/test_L1: TA 82.5 Rev 99.2 Hold 83.2 n=1000 (185.9 s)
2026-10-03T14:06:50Z generate: batch 25/32, 225274 tokens, 1632 tok/s
2026-10-03T14:10:51Z B-F-ledger2-blocks-s4 rule_v1/test_L2: TA 84.5 Rev 99.0 Hold 85.4 n=2000 (379.6 s)
2026-10-03T14:13:35Z B-F-ledger2-blocks-s4 rule_v1/test_L3alt: TA 90.3 Rev 100.0 Hold 90.3 n=1000 (163.4 s)
2026-10-03T14:16:40Z B-F-ledger2-blocks-s4 rule_v1/test_L3inv: TA 77.1 Rev 98.2 Hold 78.9 n=1000 (184.8 s)
2026-10-03T14:20:01Z B-F-ledger2-blocks-s4 rule_v1/test_hard: TA 83.4 Rev 98.9 Hold 84.3 n=1000 (201.2 s)
2026-10-03T14:22:08Z B-F-ledger2-blocks-s4 xr_v1/test: TA nan Rev nan Hold nan n=None (126.5 s)
2026-10-03T14:22:08Z DONE B-F-ledger2-blocks-s4 in 74.4 min, GPU util mean 91.4
