2026-10-02T10:28:13Z step 10/200 loss=0.09575 grad_norm=1.595 learning_rate=9.994e-05 epoch=0.02833
2026-10-02T10:28:44Z step 20/200 loss=0.005319 grad_norm=0.01634 learning_rate=9.89e-05 epoch=0.05666
2026-10-02T10:29:13Z step 30/200 loss=0.0007653 grad_norm=1.248 learning_rate=9.657e-05 epoch=0.08499
2026-10-02T10:29:43Z step 40/200 loss=0.07874 grad_norm=4.71 learning_rate=9.303e-05 epoch=0.1133
2026-10-02T10:30:13Z step 50/200 loss=0.001937 grad_norm=0.01673 learning_rate=8.836e-05 epoch=0.1416
2026-10-02T10:30:42Z step 60/200 loss=0.0001613 grad_norm=0.0008761 learning_rate=8.269e-05 epoch=0.17
2026-10-02T10:31:12Z step 70/200 loss=1.782e-05 grad_norm=0.0002932 learning_rate=7.616e-05 epoch=0.1983
2026-10-02T10:31:42Z step 80/200 loss=7.942e-06 grad_norm=0.0001846 learning_rate=6.895e-05 epoch=0.2266
2026-10-02T10:32:12Z step 90/200 loss=5.01e-06 grad_norm=0.0001308 learning_rate=6.124e-05 epoch=0.255
2026-10-02T10:32:41Z step 100/200 loss=2.023e-05 grad_norm=0.0001292 learning_rate=5.324e-05 epoch=0.2833
2026-10-02T10:33:12Z step 110/200 loss=3.595e-06 grad_norm=0.0001097 learning_rate=4.515e-05 epoch=0.3116
2026-10-02T10:33:41Z step 120/200 loss=3.363e-06 grad_norm=9.959e-05 learning_rate=3.719e-05 epoch=0.3399
2026-10-02T10:34:11Z step 130/200 loss=3.184e-06 grad_norm=9.961e-05 learning_rate=2.956e-05 epoch=0.3683
2026-10-02T10:34:42Z step 140/200 loss=2.98e-06 grad_norm=9.712e-05 learning_rate=2.247e-05 epoch=0.3966
2026-10-02T10:35:12Z step 150/200 loss=3.746e-06 grad_norm=9.237e-05 learning_rate=1.61e-05 epoch=0.4249
2026-10-02T10:35:42Z step 160/200 loss=2.905e-05 grad_norm=8.186e-05 learning_rate=1.062e-05 epoch=0.4533
2026-10-02T10:36:11Z step 170/200 loss=1.542e-05 grad_norm=8.673e-05 learning_rate=6.169e-06 epoch=0.4816
2026-10-02T10:36:42Z step 180/200 loss=2.783e-06 grad_norm=8.254e-05 learning_rate=2.863e-06 epoch=0.5099
2026-10-02T10:37:11Z step 190/200 loss=2.808e-06 grad_norm=8.513e-05 learning_rate=7.912e-07 epoch=0.5382
2026-10-02T10:37:42Z step 200/200 loss=2.741e-06 grad_norm=8.858e-05 learning_rate=6.556e-09 epoch=0.5666
2026-10-02T10:37:42Z step 200/200 train_runtime=725.8 train_samples_per_second=17.64 train_steps_per_second=0.276 total_flos=1.139e+17 train_loss=0.00914 epoch=0.5666
2026-10-02T10:37:46Z trained 200 steps in 12.1 min, 2347.5 tok/s, peak 20.58 GB
2026-10-02T10:37:57Z u path: fp32-hidden (max |u_fp32 - u_bf16logits| = 0.1063)
2026-10-02T10:37:58Z padding self-check: max |u_batch - u_single| = 0.0994 (tol 0.269) -> left padding
2026-10-02T10:39:39Z B-T0-verdict smoke_v2/test_heldout_rules: TA 100.0 Rev 100.0 Hold 100.0 n=600 (111.9 s)
2026-10-02T10:39:40Z DONE B-T0-verdict in 14.4 min, GPU util mean 82.2
