2026-10-03T10:28:26Z step 10/938 loss=1.747 grad_norm=3.578 learning_rate=3.214e-05 epoch=0.01067
2026-10-03T10:29:30Z step 20/938 loss=0.2276 grad_norm=1.265 learning_rate=6.786e-05 epoch=0.02133
2026-10-03T10:30:35Z step 30/938 loss=0.05055 grad_norm=0.1298 learning_rate=0.0001 epoch=0.032
2026-10-03T10:31:39Z step 40/938 loss=0.01499 grad_norm=3.418 learning_rate=9.996e-05 epoch=0.04267
2026-10-03T10:32:42Z step 50/938 loss=0.01157 grad_norm=0.5009 learning_rate=9.987e-05 epoch=0.05333
2026-10-03T10:33:48Z step 60/938 loss=0.01366 grad_norm=0.4986 learning_rate=9.971e-05 epoch=0.064
2026-10-03T10:34:50Z step 70/938 loss=0.01351 grad_norm=0.01768 learning_rate=9.95e-05 epoch=0.07467
2026-10-03T10:35:54Z step 80/938 loss=0.004108 grad_norm=0.01817 learning_rate=9.923e-05 epoch=0.08533
2026-10-03T10:36:57Z step 90/938 loss=0.007985 grad_norm=0.4635 learning_rate=9.89e-05 epoch=0.096
2026-10-03T10:38:04Z step 100/938 loss=0.002317 grad_norm=0.09664 learning_rate=9.851e-05 epoch=0.1067
2026-10-03T10:39:10Z step 110/938 loss=0.002929 grad_norm=0.02338 learning_rate=9.806e-05 epoch=0.1173
2026-10-03T10:40:14Z step 120/938 loss=0.0005709 grad_norm=0.009366 learning_rate=9.755e-05 epoch=0.128
2026-10-03T10:41:17Z step 130/938 loss=0.002037 grad_norm=0.4636 learning_rate=9.699e-05 epoch=0.1387
2026-10-03T10:42:20Z step 140/938 loss=0.008593 grad_norm=0.3008 learning_rate=9.637e-05 epoch=0.1493
2026-10-03T10:43:25Z step 150/938 loss=0.005067 grad_norm=0.009368 learning_rate=9.57e-05 epoch=0.16
2026-10-03T10:44:29Z step 160/938 loss=0.00664 grad_norm=0.03001 learning_rate=9.497e-05 epoch=0.1707
2026-10-03T10:45:33Z step 170/938 loss=0.001906 grad_norm=0.003207 learning_rate=9.419e-05 epoch=0.1813
2026-10-03T10:47:12Z step 180/938 loss=0.0001627 grad_norm=0.002347 learning_rate=9.336e-05 epoch=0.192
2026-10-03T10:48:16Z step 190/938 loss=7.273e-05 grad_norm=0.000589 learning_rate=9.247e-05 epoch=0.2027
2026-10-03T10:49:19Z step 200/938 loss=0.0003505 grad_norm=0.1925 learning_rate=9.154e-05 epoch=0.2133
2026-10-03T10:50:23Z step 210/938 loss=0.0001514 grad_norm=0.001322 learning_rate=9.055e-05 epoch=0.224
2026-10-03T10:51:27Z step 220/938 loss=0.00687 grad_norm=0.007474 learning_rate=8.952e-05 epoch=0.2347
2026-10-03T10:52:32Z step 230/938 loss=0.001128 grad_norm=0.02615 learning_rate=8.844e-05 epoch=0.2453
2026-10-03T10:53:36Z step 240/938 loss=0.007004 grad_norm=0.05255 learning_rate=8.731e-05 epoch=0.256
2026-10-03T10:54:39Z step 250/938 loss=0.0009609 grad_norm=0.003805 learning_rate=8.614e-05 epoch=0.2667
2026-10-03T10:55:45Z step 260/938 loss=0.0004535 grad_norm=0.00414 learning_rate=8.493e-05 epoch=0.2773
2026-10-03T10:56:48Z step 270/938 loss=0.003947 grad_norm=0.2076 learning_rate=8.367e-05 epoch=0.288
2026-10-03T10:57:52Z step 280/938 loss=0.0003805 grad_norm=0.007 learning_rate=8.237e-05 epoch=0.2987
2026-10-03T10:58:57Z step 290/938 loss=0.003318 grad_norm=0.06147 learning_rate=8.104e-05 epoch=0.3093
2026-10-03T11:00:03Z step 300/938 loss=0.001341 grad_norm=0.1097 learning_rate=7.967e-05 epoch=0.32
2026-10-03T11:01:08Z step 310/938 loss=0.002524 grad_norm=0.0007502 learning_rate=7.826e-05 epoch=0.3307
2026-10-03T11:02:10Z step 320/938 loss=0.008742 grad_norm=0.007415 learning_rate=7.682e-05 epoch=0.3413
2026-10-03T11:03:15Z step 330/938 loss=0.002295 grad_norm=0.2004 learning_rate=7.535e-05 epoch=0.352
2026-10-03T11:04:20Z step 340/938 loss=0.001452 grad_norm=0.003151 learning_rate=7.385e-05 epoch=0.3627
2026-10-03T11:05:24Z step 350/938 loss=0.001451 grad_norm=0.002316 learning_rate=7.231e-05 epoch=0.3733
2026-10-03T11:06:27Z step 360/938 loss=0.0003215 grad_norm=0.003537 learning_rate=7.076e-05 epoch=0.384
2026-10-03T11:08:03Z step 370/938 loss=0.0004154 grad_norm=0.03917 learning_rate=6.917e-05 epoch=0.3947
2026-10-03T11:09:08Z step 380/938 loss=0.0001136 grad_norm=0.0008954 learning_rate=6.757e-05 epoch=0.4053
2026-10-03T11:10:13Z step 390/938 loss=4.984e-05 grad_norm=0.0004938 learning_rate=6.594e-05 epoch=0.416
2026-10-03T11:11:17Z step 400/938 loss=9.691e-05 grad_norm=0.0006298 learning_rate=6.43e-05 epoch=0.4267
2026-10-03T11:12:20Z step 410/938 loss=8.423e-05 grad_norm=0.001523 learning_rate=6.264e-05 epoch=0.4373
2026-10-03T11:13:25Z step 420/938 loss=0.008137 grad_norm=0.002703 learning_rate=6.096e-05 epoch=0.448
2026-10-03T11:14:29Z step 430/938 loss=0.004658 grad_norm=0.03155 learning_rate=5.927e-05 epoch=0.4587
2026-10-03T11:15:34Z step 440/938 loss=0.002161 grad_norm=0.007664 learning_rate=5.757e-05 epoch=0.4693
2026-10-03T11:16:36Z step 450/938 loss=0.0006851 grad_norm=0.07546 learning_rate=5.586e-05 epoch=0.48
2026-10-03T11:17:40Z step 460/938 loss=0.0001515 grad_norm=0.0842 learning_rate=5.414e-05 epoch=0.4907
2026-10-03T11:18:44Z step 470/938 loss=6.451e-05 grad_norm=0.001412 learning_rate=5.242e-05 epoch=0.5013
2026-10-03T11:19:46Z step 480/938 loss=0.0003769 grad_norm=0.0005116 learning_rate=5.069e-05 epoch=0.512
2026-10-03T11:20:49Z step 490/938 loss=0.000117 grad_norm=0.0007188 learning_rate=4.896e-05 epoch=0.5227
2026-10-03T11:21:53Z step 500/938 loss=0.0001439 grad_norm=0.001736 learning_rate=4.724e-05 epoch=0.5333
2026-10-03T11:22:55Z step 510/938 loss=0.0001212 grad_norm=0.0002747 learning_rate=4.552e-05 epoch=0.544
2026-10-03T11:24:00Z step 520/938 loss=5.015e-05 grad_norm=0.001004 learning_rate=4.38e-05 epoch=0.5547
2026-10-03T11:25:06Z step 530/938 loss=0.0007708 grad_norm=0.0002496 learning_rate=4.209e-05 epoch=0.5653
2026-10-03T11:26:12Z step 540/938 loss=4.046e-05 grad_norm=0.004957 learning_rate=4.039e-05 epoch=0.576
2026-10-03T11:29:16Z step 550/938 loss=5.154e-05 grad_norm=0.0007085 learning_rate=3.871e-05 epoch=0.5867
2026-10-03T11:30:19Z step 560/938 loss=5.367e-05 grad_norm=0.006539 learning_rate=3.703e-05 epoch=0.5973
2026-10-03T11:31:22Z step 570/938 loss=7.637e-05 grad_norm=0.0008178 learning_rate=3.537e-05 epoch=0.608
2026-10-03T11:32:26Z step 580/938 loss=3.075e-05 grad_norm=0.0002904 learning_rate=3.373e-05 epoch=0.6187
2026-10-03T11:33:30Z step 590/938 loss=2.062e-05 grad_norm=0.0002606 learning_rate=3.211e-05 epoch=0.6293
2026-10-03T11:34:34Z step 600/938 loss=1.976e-05 grad_norm=0.0001957 learning_rate=3.051e-05 epoch=0.64
2026-10-03T11:35:39Z step 610/938 loss=2.863e-05 grad_norm=0.0002598 learning_rate=2.893e-05 epoch=0.6507
2026-10-03T11:36:44Z step 620/938 loss=4.953e-05 grad_norm=0.000261 learning_rate=2.738e-05 epoch=0.6613
2026-10-03T11:37:49Z step 630/938 loss=3.214e-05 grad_norm=0.0001628 learning_rate=2.585e-05 epoch=0.672
2026-10-03T11:38:54Z step 640/938 loss=2.114e-05 grad_norm=0.0006727 learning_rate=2.436e-05 epoch=0.6827
2026-10-03T11:39:58Z step 650/938 loss=1.514e-05 grad_norm=0.0002607 learning_rate=2.289e-05 epoch=0.6933
2026-10-03T11:41:01Z step 660/938 loss=0.0002523 grad_norm=0.0004864 learning_rate=2.145e-05 epoch=0.704
2026-10-03T11:42:04Z step 670/938 loss=2.054e-05 grad_norm=0.0003939 learning_rate=2.005e-05 epoch=0.7147
2026-10-03T11:43:09Z step 680/938 loss=4.445e-05 grad_norm=0.003859 learning_rate=1.869e-05 epoch=0.7253
2026-10-03T11:44:15Z step 690/938 loss=6.603e-05 grad_norm=0.001913 learning_rate=1.736e-05 epoch=0.736
2026-10-03T11:45:19Z step 700/938 loss=2.745e-05 grad_norm=9.547e-05 learning_rate=1.608e-05 epoch=0.7467
2026-10-03T11:46:23Z step 710/938 loss=3.171e-05 grad_norm=0.0006151 learning_rate=1.483e-05 epoch=0.7573
2026-10-03T11:47:26Z step 720/938 loss=1.405e-05 grad_norm=0.0003435 learning_rate=1.362e-05 epoch=0.768
2026-10-03T11:49:03Z step 730/938 loss=1.498e-05 grad_norm=0.0002634 learning_rate=1.246e-05 epoch=0.7787
2026-10-03T11:50:07Z step 740/938 loss=3.042e-05 grad_norm=0.0008537 learning_rate=1.134e-05 epoch=0.7893
2026-10-03T11:51:13Z step 750/938 loss=2.026e-05 grad_norm=0.0002541 learning_rate=1.027e-05 epoch=0.8
2026-10-03T11:52:16Z step 760/938 loss=2.357e-05 grad_norm=0.0006703 learning_rate=9.247e-06 epoch=0.8107
2026-10-03T11:53:19Z step 770/938 loss=1.745e-05 grad_norm=0.0005085 learning_rate=8.271e-06 epoch=0.8213
2026-10-03T11:54:25Z step 780/938 loss=3.412e-05 grad_norm=0.0002411 learning_rate=7.345e-06 epoch=0.832
2026-10-03T11:55:27Z step 790/938 loss=1.485e-05 grad_norm=0.0002681 learning_rate=6.47e-06 epoch=0.8427
2026-10-03T11:56:31Z step 800/938 loss=0.0002372 grad_norm=0.001384 learning_rate=5.647e-06 epoch=0.8533
2026-10-03T11:57:34Z step 810/938 loss=1.607e-05 grad_norm=0.0002647 learning_rate=4.877e-06 epoch=0.864
2026-10-03T11:58:39Z step 820/938 loss=1.415e-05 grad_norm=0.0004424 learning_rate=4.16e-06 epoch=0.8747
2026-10-03T11:59:42Z step 830/938 loss=1.544e-05 grad_norm=0.0001197 learning_rate=3.498e-06 epoch=0.8853
2026-10-03T12:00:46Z step 840/938 loss=8.285e-05 grad_norm=0.0005901 learning_rate=2.892e-06 epoch=0.896
2026-10-03T12:01:49Z step 850/938 loss=0.0008715 grad_norm=0.0005279 learning_rate=2.342e-06 epoch=0.9067
2026-10-03T12:02:53Z step 860/938 loss=1.6e-05 grad_norm=0.0009709 learning_rate=1.848e-06 epoch=0.9173
2026-10-03T12:03:59Z step 870/938 loss=2.659e-05 grad_norm=0.01945 learning_rate=1.412e-06 epoch=0.928
2026-10-03T12:05:01Z step 880/938 loss=1.801e-05 grad_norm=0.0004781 learning_rate=1.034e-06 epoch=0.9387
2026-10-03T12:06:04Z step 890/938 loss=2.095e-05 grad_norm=0.0006833 learning_rate=7.137e-07 epoch=0.9493
2026-10-03T12:07:06Z step 900/938 loss=2.108e-05 grad_norm=0.0002062 learning_rate=4.525e-07 epoch=0.96
2026-10-03T12:08:44Z step 910/938 loss=1.916e-05 grad_norm=0.0002869 learning_rate=2.504e-07 epoch=0.9707
2026-10-03T12:10:20Z step 920/938 loss=1.26e-05 grad_norm=0.0001624 learning_rate=1.075e-07 epoch=0.9813
2026-10-03T12:11:24Z step 930/938 loss=1.708e-05 grad_norm=0.001354 learning_rate=2.413e-08 epoch=0.992
2026-10-03T12:12:10Z step 938/938 train_runtime=6291 train_samples_per_second=9.537 train_steps_per_second=0.149 total_flos=1.266e+18 train_loss=0.02329 epoch=1
2026-10-03T12:12:42Z trained 938 steps in 104.9 min, 2087.8 tok/s, peak 35.22 GB
2026-10-03T12:12:46Z u path: fp32-hidden (max |u_fp32 - u_bf16logits| = 0.0427)
2026-10-03T12:12:47Z padding self-check: max |u_batch - u_single| = 0.0442 (tol 0.624) -> left padding
2026-10-03T12:14:40Z B-LOKO-boundary-ledger2-s0 rule_v1/dev: TA 95.0 Rev 99.3 Hold 95.7 n=300 (116.6 s)
2026-10-03T12:19:24Z generate: batch 25/32, 224779 tokens, 812 tok/s
2026-10-03T12:27:39Z B-LOKO-boundary-ledger2-s0 rule_v1/test_L2: TA 96.5 Rev 99.2 Hold 97.3 n=2000 (778.9 s)
2026-10-03T12:33:45Z B-LOKO-boundary-ledger2-s0 rule_v1/test_L0: TA 95.0 Rev 99.5 Hold 95.5 n=1000 (364.9 s)
2026-10-03T12:37:33Z B-LOKO-boundary-ledger2-s0 xr_v1/test: TA nan Rev nan Hold nan n=None (227.3 s)
2026-10-03T12:37:34Z DONE B-LOKO-boundary-ledger2-s0 in 131.6 min, GPU util mean 94.2
