2026-10-03T16:26:54Z FAILED B-DIS-s2
Traceback (most recent call last):
  File "/work/code/scripts/train_eval_job.py", line 134, in run_one
    model, tok, tinfo = finetune.train(spec, P, log)
                        ^^^^^^^^^^^^^^^^^^^^^^^^^^^^
  File "/work/code/scripts/finetune.py", line 270, in train
    out = trainer.train(resume_from_checkpoint=resume)
          ^^^^^^^^^^^^^^^^^^^^^^^^^^^^^^^^^^^^^^^^^^^^
  File "/opt/selrm-env/venv/lib/python3.12/site-packages/transformers/trainer.py", line 1424, in train
    return inner_training_loop(
           ^^^^^^^^^^^^^^^^^^^^
  File "<string>", line 81, in _fast_inner_training_loop
  File "/opt/selrm-env/venv/lib/python3.12/site-packages/transformers/trainer.py", line 1734, in _run_epoch
    tr_loss_step = self.training_step(model, inputs, num_items_in_batch)
                   ^^^^^^^^^^^^^^^^^^^^^^^^^^^^^^^^^^^^^^^^^^^^^^^^^^^^^
  File "/opt/selrm-env/venv/lib/python3.12/site-packages/unsloth/models/_utils.py", line 4895, in _unsloth_training_step_settling_fallbacks
    return _training_step_before_settle(self, *args, **kwargs)
           ^^^^^^^^^^^^^^^^^^^^^^^^^^^^^^^^^^^^^^^^^^^^^^^^^^^
  File "<string>", line 40, in _unsloth_training_step
  File "/opt/selrm-env/venv/lib/python3.12/site-packages/unsloth/models/_utils.py", line 4613, in _unsloth_pre_compute_loss
    outputs = self._old_compute_loss(model, inputs, *args, **kwargs)
              ^^^^^^^^^^^^^^^^^^^^^^^^^^^^^^^^^^^^^^^^^^^^^^^^^^^^^^
  File "<string>", line 41, in compute_loss
  File "/opt/selrm-env/venv/lib/python3.12/site-packages/torch/nn/modules/module.py", line 1779, in _wrapped_call_impl
    return self._call_impl(*args, **kwargs)
           ^^^^^^^^^^^^^^^^^^^^^^^^^^^^^^^^
  File "/opt/selrm-env/venv/lib/python3.12/site-packages/torch/nn/modules/module.py", line 1885, in _call_impl
    return inner()
           ^^^^^^^
  File "/opt/selrm-env/venv/lib/python3.12/site-packages/torch/nn/modules/module.py", line 1833, in inner
    result = forward_call(*args, **kwargs)
             ^^^^^^^^^^^^^^^^^^^^^^^^^^^^^
  File "/opt/selrm-env/venv/lib/python3.12/site-packages/accelerate/utils/operations.py", line 943, in forward
    return model_forward(*args, **kwargs)
           ^^^^^^^^^^^^^^^^^^^^^^^^^^^^^^
  File "/opt/selrm-env/venv/lib/python3.12/site-packages/accelerate/utils/operations.py", line 931, in __call__
    return convert_to_fp32(self.model_forward(*args, **kwargs))
           ^^^^^^^^^^^^^^^^^^^^^^^^^^^^^^^^^^^^^^^^^^^^^^^^^^^^
  File "/opt/selrm-env/venv/lib/python3.12/site-packages/accelerate/utils/operations.py", line 910, in convert_to_fp32
    return recursively_apply(_convert_to_fp32, tensor, test_type=_is_fp16_bf16_tensor)
           ^^^^^^^^^^^^^^^^^^^^^^^^^^^^^^^^^^^^^^^^^^^^^^^^^^^^^^^^^^^^^^^^^^^^^^^^^^^
  File "/opt/selrm-env/venv/lib/python3.12/site-packages/unsloth/import_fixes.py", line 9658, in _patched_recursively_apply
    return original_recursively_apply(func, data, *args, **kwargs)
           ^^^^^^^^^^^^^^^^^^^^^^^^^^^^^^^^^^^^^^^^^^^^^^^^^^^^^^^
  File "/opt/selrm-env/venv/lib/python3.12/site-packages/accelerate/utils/operations.py", line 120, in recursively_apply
    k: recursively_apply(
       ^^^^^^^^^^^^^^^^^^
  File "/opt/selrm-env/venv/lib/python3.12/site-packages/unsloth/import_fixes.py", line 9658, in _patched_recursively_apply
    return original_recursively_apply(func, data, *args, **kwargs)
           ^^^^^^^^^^^^^^^^^^^^^^^^^^^^^^^^^^^^^^^^^^^^^^^^^^^^^^^
  File "/opt/selrm-env/venv/lib/python3.12/site-packages/accelerate/utils/operations.py", line 127, in recursively_apply
    return func(data, *args, **kwargs)
           ^^^^^^^^^^^^^^^^^^^^^^^^^^^
  File "/opt/selrm-env/venv/lib/python3.12/site-packages/accelerate/utils/operations.py", line 902, in _convert_to_fp32
    return tensor.float()
           ^^^^^^^^^^^^^^
torch.OutOfMemoryError: CUDA out of memory. Tried to allocate 10.49 GiB. GPU 0 has a total capacity of 39.49 GiB of which 10.24 GiB is free. Including non-PyTorch memory, this process has 29.25 GiB memory in use. Of the allocated memory 27.39 GiB is allocated by PyTorch, and 193.95 MiB is reserved by PyTorch but unallocated. If reserved but unallocated memory is large try setting PYTORCH_CUDA_ALLOC_CONF=expandable_segments:True to avoid fragmentation.  See documentation for Memory Management  (https://docs.pytorch.org/docs/stable/notes/cuda.html#optimizing-memory-usage-with-pytorch-cuda-alloc-conf)

2026-10-03T16:26:55Z CUDA error: exiting so the pod restarts with a clean process
2026-10-03T16:37:48Z step 10/931 loss=6.167 grad_norm=9.305 learning_rate=3.214e-05 epoch=0.01075
2026-10-03T16:38:33Z step 20/931 loss=0.8304 grad_norm=4.336 learning_rate=6.786e-05 epoch=0.02149
2026-10-03T16:39:19Z step 30/931 loss=0.328 grad_norm=1.701 learning_rate=0.0001 epoch=0.03224
2026-10-03T16:40:03Z step 40/931 loss=0.2637 grad_norm=1.011 learning_rate=9.996e-05 epoch=0.04299
2026-10-03T16:40:50Z step 50/931 loss=0.2021 grad_norm=0.9226 learning_rate=9.987e-05 epoch=0.05373
2026-10-03T16:41:35Z step 60/931 loss=0.1429 grad_norm=0.8251 learning_rate=9.971e-05 epoch=0.06448
2026-10-03T16:42:22Z step 70/931 loss=0.1662 grad_norm=0.6656 learning_rate=9.949e-05 epoch=0.07523
2026-10-03T16:43:07Z step 80/931 loss=0.1243 grad_norm=0.781 learning_rate=9.922e-05 epoch=0.08598
2026-10-03T16:43:55Z step 90/931 loss=0.1657 grad_norm=0.6043 learning_rate=9.888e-05 epoch=0.09672
2026-10-03T16:44:40Z step 100/931 loss=0.1208 grad_norm=1.14 learning_rate=9.848e-05 epoch=0.1075
2026-10-03T16:45:25Z step 110/931 loss=0.1051 grad_norm=0.3253 learning_rate=9.803e-05 epoch=0.1182
2026-10-03T16:46:12Z step 120/931 loss=0.1323 grad_norm=0.6839 learning_rate=9.752e-05 epoch=0.129
2026-10-03T16:46:56Z step 130/931 loss=0.1018 grad_norm=0.4046 learning_rate=9.694e-05 epoch=0.1397
2026-10-03T16:47:43Z step 140/931 loss=0.1042 grad_norm=0.4281 learning_rate=9.632e-05 epoch=0.1505
2026-10-03T16:48:29Z step 150/931 loss=0.09439 grad_norm=3.445 learning_rate=9.563e-05 epoch=0.1612
2026-10-03T16:49:16Z step 160/931 loss=0.09968 grad_norm=0.4896 learning_rate=9.49e-05 epoch=0.172
2026-10-03T16:50:00Z step 170/931 loss=0.09593 grad_norm=0.5723 learning_rate=9.41e-05 epoch=0.1827
2026-10-03T16:50:46Z step 180/931 loss=0.1207 grad_norm=0.5508 learning_rate=9.326e-05 epoch=0.1934
2026-10-03T16:51:31Z step 190/931 loss=0.09095 grad_norm=0.2491 learning_rate=9.236e-05 epoch=0.2042
2026-10-03T16:52:16Z step 200/931 loss=0.0822 grad_norm=0.4011 learning_rate=9.141e-05 epoch=0.2149
2026-10-03T16:53:02Z step 210/931 loss=0.07109 grad_norm=0.396 learning_rate=9.041e-05 epoch=0.2257
2026-10-03T16:53:46Z step 220/931 loss=0.09796 grad_norm=0.57 learning_rate=8.936e-05 epoch=0.2364
2026-10-03T16:54:32Z step 230/931 loss=0.07567 grad_norm=0.4233 learning_rate=8.826e-05 epoch=0.2472
2026-10-03T16:55:18Z step 240/931 loss=0.09061 grad_norm=1.866 learning_rate=8.712e-05 epoch=0.2579
2026-10-03T16:56:05Z step 250/931 loss=0.08539 grad_norm=0.2913 learning_rate=8.593e-05 epoch=0.2687
2026-10-03T16:56:50Z step 260/931 loss=0.07766 grad_norm=0.3411 learning_rate=8.47e-05 epoch=0.2794
2026-10-03T16:57:39Z step 270/931 loss=0.07198 grad_norm=0.6438 learning_rate=8.343e-05 epoch=0.2902
2026-10-03T16:58:25Z step 280/931 loss=0.0784 grad_norm=1.204 learning_rate=8.212e-05 epoch=0.3009
2026-10-03T16:59:09Z step 290/931 loss=0.0696 grad_norm=0.7053 learning_rate=8.076e-05 epoch=0.3117
2026-10-03T16:59:56Z step 300/931 loss=0.04746 grad_norm=0.6344 learning_rate=7.938e-05 epoch=0.3224
2026-10-03T17:00:39Z step 310/931 loss=0.07504 grad_norm=0.4548 learning_rate=7.795e-05 epoch=0.3332
2026-10-03T17:01:26Z step 320/931 loss=0.08177 grad_norm=0.4853 learning_rate=7.649e-05 epoch=0.3439
2026-10-03T17:02:11Z step 330/931 loss=0.06252 grad_norm=0.3189 learning_rate=7.5e-05 epoch=0.3546
2026-10-03T17:02:57Z step 340/931 loss=0.04956 grad_norm=0.6891 learning_rate=7.348e-05 epoch=0.3654
2026-10-03T17:03:44Z step 350/931 loss=0.07625 grad_norm=0.5947 learning_rate=7.193e-05 epoch=0.3761
2026-10-03T17:04:29Z step 360/931 loss=0.055 grad_norm=0.5255 learning_rate=7.035e-05 epoch=0.3869
2026-10-03T17:05:16Z step 370/931 loss=0.07672 grad_norm=0.2728 learning_rate=6.875e-05 epoch=0.3976
2026-10-03T17:06:00Z step 380/931 loss=0.07046 grad_norm=0.4123 learning_rate=6.713e-05 epoch=0.4084
2026-10-03T17:06:47Z step 390/931 loss=0.06746 grad_norm=0.8237 learning_rate=6.548e-05 epoch=0.4191
2026-10-03T17:07:32Z step 400/931 loss=0.05898 grad_norm=0.3287 learning_rate=6.382e-05 epoch=0.4299
2026-10-03T17:08:17Z step 410/931 loss=0.0586 grad_norm=0.1267 learning_rate=6.214e-05 epoch=0.4406
2026-10-03T17:09:03Z step 420/931 loss=0.06381 grad_norm=0.4302 learning_rate=6.045e-05 epoch=0.4514
2026-10-03T17:09:49Z step 430/931 loss=0.05143 grad_norm=0.7525 learning_rate=5.874e-05 epoch=0.4621
2026-10-03T17:10:36Z step 440/931 loss=0.04723 grad_norm=0.2173 learning_rate=5.702e-05 epoch=0.4729
2026-10-03T17:11:23Z step 450/931 loss=0.06502 grad_norm=0.4646 learning_rate=5.53e-05 epoch=0.4836
2026-10-03T17:12:09Z step 460/931 loss=0.05346 grad_norm=0.3481 learning_rate=5.356e-05 epoch=0.4944
2026-10-03T17:12:55Z step 470/931 loss=0.0585 grad_norm=0.4616 learning_rate=5.183e-05 epoch=0.5051
2026-10-03T17:13:41Z step 480/931 loss=0.04289 grad_norm=0.3164 learning_rate=5.009e-05 epoch=0.5159
2026-10-03T17:14:26Z step 490/931 loss=0.03406 grad_norm=0.3056 learning_rate=4.835e-05 epoch=0.5266
2026-10-03T17:15:10Z step 500/931 loss=0.05646 grad_norm=0.2089 learning_rate=4.661e-05 epoch=0.5373
2026-10-03T17:15:56Z step 510/931 loss=0.03769 grad_norm=0.7832 learning_rate=4.488e-05 epoch=0.5481
2026-10-03T17:16:42Z step 520/931 loss=0.05735 grad_norm=1.595 learning_rate=4.315e-05 epoch=0.5588
2026-10-03T17:17:33Z step 530/931 loss=0.05218 grad_norm=0.2886 learning_rate=4.143e-05 epoch=0.5696
2026-10-03T17:18:20Z step 540/931 loss=0.04771 grad_norm=0.6171 learning_rate=3.972e-05 epoch=0.5803
2026-10-03T17:19:05Z step 550/931 loss=0.03771 grad_norm=0.2406 learning_rate=3.803e-05 epoch=0.5911
2026-10-03T17:19:56Z step 560/931 loss=0.03412 grad_norm=0.2624 learning_rate=3.635e-05 epoch=0.6018
2026-10-03T17:20:51Z step 570/931 loss=0.03995 grad_norm=0.5803 learning_rate=3.468e-05 epoch=0.6126
2026-10-03T17:21:37Z step 580/931 loss=0.04331 grad_norm=0.3 learning_rate=3.304e-05 epoch=0.6233
2026-10-03T17:22:23Z step 590/931 loss=0.02337 grad_norm=0.15 learning_rate=3.141e-05 epoch=0.6341
2026-10-03T17:23:08Z step 600/931 loss=0.03433 grad_norm=0.2772 learning_rate=2.981e-05 epoch=0.6448
2026-10-03T17:23:54Z step 610/931 loss=0.03574 grad_norm=0.1071 learning_rate=2.823e-05 epoch=0.6556
2026-10-03T17:24:40Z step 620/931 loss=0.0263 grad_norm=0.1994 learning_rate=2.668e-05 epoch=0.6663
2026-10-03T17:25:24Z step 630/931 loss=0.03357 grad_norm=0.3152 learning_rate=2.515e-05 epoch=0.6771
2026-10-03T17:26:12Z step 640/931 loss=0.03673 grad_norm=0.1408 learning_rate=2.366e-05 epoch=0.6878
2026-10-03T17:26:57Z step 650/931 loss=0.02776 grad_norm=0.38 learning_rate=2.219e-05 epoch=0.6985
2026-10-03T17:27:44Z step 660/931 loss=0.02793 grad_norm=0.1637 learning_rate=2.077e-05 epoch=0.7093
2026-10-03T17:28:29Z step 670/931 loss=0.01989 grad_norm=0.2202 learning_rate=1.937e-05 epoch=0.72
2026-10-03T17:29:12Z step 680/931 loss=0.03043 grad_norm=0.1593 learning_rate=1.802e-05 epoch=0.7308
2026-10-03T17:29:59Z step 690/931 loss=0.03912 grad_norm=0.2866 learning_rate=1.67e-05 epoch=0.7415
2026-10-03T17:30:44Z step 700/931 loss=0.02621 grad_norm=0.2891 learning_rate=1.542e-05 epoch=0.7523
2026-10-03T17:31:31Z step 710/931 loss=0.02937 grad_norm=0.1034 learning_rate=1.419e-05 epoch=0.763
2026-10-03T17:32:16Z step 720/931 loss=0.02846 grad_norm=0.4669 learning_rate=1.299e-05 epoch=0.7738
2026-10-03T17:33:05Z step 730/931 loss=0.02722 grad_norm=0.3761 learning_rate=1.185e-05 epoch=0.7845
2026-10-03T17:33:51Z step 740/931 loss=0.03407 grad_norm=0.4045 learning_rate=1.075e-05 epoch=0.7953
2026-10-03T17:34:37Z step 750/931 loss=0.02374 grad_norm=0.04646 learning_rate=9.693e-06 epoch=0.806
2026-10-03T17:35:23Z step 760/931 loss=0.03729 grad_norm=0.3131 learning_rate=8.688e-06 epoch=0.8168
2026-10-03T17:36:09Z step 770/931 loss=0.0382 grad_norm=0.346 learning_rate=7.733e-06 epoch=0.8275
2026-10-03T17:36:54Z step 780/931 loss=0.02498 grad_norm=0.1764 learning_rate=6.83e-06 epoch=0.8383
2026-10-03T17:37:45Z step 790/931 loss=0.03098 grad_norm=0.2323 learning_rate=5.978e-06 epoch=0.849
2026-10-03T17:38:30Z step 800/931 loss=0.0363 grad_norm=0.2704 learning_rate=5.18e-06 epoch=0.8598
2026-10-03T17:39:18Z step 810/931 loss=0.02913 grad_norm=0.3268 learning_rate=4.437e-06 epoch=0.8705
2026-10-03T17:40:03Z step 820/931 loss=0.03245 grad_norm=0.05618 learning_rate=3.748e-06 epoch=0.8812
2026-10-03T17:40:48Z step 830/931 loss=0.02292 grad_norm=0.1746 learning_rate=3.115e-06 epoch=0.892
2026-10-03T17:41:34Z step 840/931 loss=0.02432 grad_norm=0.1435 learning_rate=2.539e-06 epoch=0.9027
2026-10-03T17:42:18Z step 850/931 loss=0.02593 grad_norm=0.1824 learning_rate=2.021e-06 epoch=0.9135
2026-10-03T17:43:05Z step 860/931 loss=0.02049 grad_norm=0.07445 learning_rate=1.56e-06 epoch=0.9242
2026-10-03T17:43:50Z step 870/931 loss=0.02882 grad_norm=0.2791 learning_rate=1.159e-06 epoch=0.935
2026-10-03T17:44:35Z step 880/931 loss=0.02476 grad_norm=0.2101 learning_rate=8.16e-07 epoch=0.9457
2026-10-03T17:45:22Z step 890/931 loss=0.02901 grad_norm=0.07366 learning_rate=5.328e-07 epoch=0.9565
2026-10-03T17:46:06Z step 900/931 loss=0.0202 grad_norm=0.2801 learning_rate=3.095e-07 epoch=0.9672
2026-10-03T17:46:55Z step 910/931 loss=0.02486 grad_norm=0.1719 learning_rate=1.464e-07 epoch=0.978
2026-10-03T17:47:42Z step 920/931 loss=0.01968 grad_norm=0.2976 learning_rate=4.357e-08 epoch=0.9887
2026-10-03T17:48:27Z step 930/931 loss=0.03064 grad_norm=0.4135 learning_rate=1.21e-09 epoch=0.9995
2026-10-03T17:48:31Z step 931/931 train_runtime=4290 train_samples_per_second=13.88 train_steps_per_second=0.217 total_flos=1.713e+18 train_loss=0.1382 epoch=1
2026-10-03T17:48:34Z trained 931 steps in 71.6 min, 3749.8 tok/s, peak 33.43 GB
2026-10-03T17:48:35Z u path: fp32-hidden (max |u_fp32 - u_bf16logits| = 0.0535)
2026-10-03T17:48:36Z padding self-check: max |u_batch - u_single| = 0.1796 (tol 0.635) -> left padding
2026-10-03T17:48:51Z B-DIS-s2 clin_v1/medeinst_dis_test: TA nan Rev nan Hold nan n=None (16.7 s)
2026-10-03T17:52:05Z B-DIS-s2 rule_v1/dev: TA 43.7 Rev 59.0 Hold 71.0 n=300 (193.0 s)
2026-10-03T18:02:26Z generate: batch 25/32, 266026 tokens, 428 tok/s
2026-10-03T18:09:10Z B-DIS-s2 rule_v1/test_L2: TA 39.0 Rev 53.9 Hold 70.8 n=2000 (1025.1 s)
2026-10-03T18:13:13Z B-DIS-s2 xr_v1/test: TA nan Rev nan Hold nan n=None (242.5 s)
2026-10-03T18:13:13Z DONE B-DIS-s2 in 96.9 min, GPU util mean 84.2
