2026-10-02T14:58:52Z step 10/938 loss=0.1973 grad_norm=2.903 learning_rate=3.214e-05 epoch=0.01067
2026-10-02T14:59:48Z step 20/938 loss=0.0847 grad_norm=0.5739 learning_rate=6.786e-05 epoch=0.02133
2026-10-02T15:00:44Z step 30/938 loss=0.0751 grad_norm=0.569 learning_rate=0.0001 epoch=0.032
2026-10-02T15:01:41Z step 40/938 loss=0.03797 grad_norm=0.07762 learning_rate=9.996e-05 epoch=0.04267
2026-10-02T15:02:36Z step 50/938 loss=0.02481 grad_norm=0.3055 learning_rate=9.987e-05 epoch=0.05333
2026-10-02T15:03:32Z step 60/938 loss=0.03155 grad_norm=0.6335 learning_rate=9.971e-05 epoch=0.064
2026-10-02T15:04:26Z step 70/938 loss=0.00808 grad_norm=0.1858 learning_rate=9.95e-05 epoch=0.07467
2026-10-02T15:05:22Z step 80/938 loss=0.0187 grad_norm=0.1013 learning_rate=9.923e-05 epoch=0.08533
2026-10-02T15:06:16Z step 90/938 loss=0.01444 grad_norm=0.8752 learning_rate=9.89e-05 epoch=0.096
2026-10-02T15:07:12Z step 100/938 loss=0.01782 grad_norm=0.1162 learning_rate=9.851e-05 epoch=0.1067
2026-10-02T15:08:06Z step 110/938 loss=0.01805 grad_norm=0.3685 learning_rate=9.806e-05 epoch=0.1173
2026-10-02T15:09:01Z step 120/938 loss=0.01173 grad_norm=0.01308 learning_rate=9.755e-05 epoch=0.128
2026-10-02T15:09:57Z step 130/938 loss=0.005364 grad_norm=0.007674 learning_rate=9.699e-05 epoch=0.1387
2026-10-02T15:10:53Z step 140/938 loss=0.02048 grad_norm=0.192 learning_rate=9.637e-05 epoch=0.1493
2026-10-02T15:11:49Z step 150/938 loss=0.02107 grad_norm=0.7419 learning_rate=9.57e-05 epoch=0.16
2026-10-02T15:12:44Z step 160/938 loss=0.01313 grad_norm=0.07056 learning_rate=9.497e-05 epoch=0.1707
2026-10-02T15:13:39Z step 170/938 loss=0.008067 grad_norm=0.7199 learning_rate=9.419e-05 epoch=0.1813
2026-10-02T15:14:34Z step 180/938 loss=0.0112 grad_norm=0.2638 learning_rate=9.336e-05 epoch=0.192
2026-10-02T15:15:29Z step 190/938 loss=0.006159 grad_norm=0.2219 learning_rate=9.247e-05 epoch=0.2027
2026-10-02T15:16:25Z step 200/938 loss=0.01202 grad_norm=1.162 learning_rate=9.154e-05 epoch=0.2133
2026-10-02T15:17:21Z step 210/938 loss=0.007069 grad_norm=0.9739 learning_rate=9.055e-05 epoch=0.224
2026-10-02T15:18:48Z step 220/938 loss=0.01559 grad_norm=0.05441 learning_rate=8.952e-05 epoch=0.2347
2026-10-02T15:19:44Z step 230/938 loss=0.005883 grad_norm=0.2593 learning_rate=8.844e-05 epoch=0.2453
2026-10-02T15:20:39Z step 240/938 loss=0.01481 grad_norm=1.052 learning_rate=8.731e-05 epoch=0.256
2026-10-02T15:21:35Z step 250/938 loss=0.01395 grad_norm=0.03143 learning_rate=8.614e-05 epoch=0.2667
2026-10-02T15:22:32Z step 260/938 loss=0.01319 grad_norm=0.814 learning_rate=8.493e-05 epoch=0.2773
2026-10-02T15:23:26Z step 270/938 loss=0.0312 grad_norm=0.3964 learning_rate=8.367e-05 epoch=0.288
2026-10-02T15:24:24Z step 280/938 loss=0.01179 grad_norm=0.07827 learning_rate=8.237e-05 epoch=0.2987
2026-10-02T15:25:19Z step 290/938 loss=0.006924 grad_norm=0.05631 learning_rate=8.104e-05 epoch=0.3093
2026-10-02T15:26:14Z step 300/938 loss=0.003499 grad_norm=0.006476 learning_rate=7.967e-05 epoch=0.32
2026-10-02T15:27:09Z step 310/938 loss=0.001454 grad_norm=0.004127 learning_rate=7.826e-05 epoch=0.3307
2026-10-02T15:28:06Z step 320/938 loss=0.008845 grad_norm=0.1076 learning_rate=7.682e-05 epoch=0.3413
2026-10-02T15:29:00Z step 330/938 loss=0.01265 grad_norm=0.08953 learning_rate=7.535e-05 epoch=0.352
2026-10-02T15:29:55Z step 340/938 loss=0.006474 grad_norm=0.3409 learning_rate=7.385e-05 epoch=0.3627
2026-10-02T15:30:51Z step 350/938 loss=0.002764 grad_norm=0.03668 learning_rate=7.231e-05 epoch=0.3733
2026-10-02T15:31:47Z step 360/938 loss=0.002589 grad_norm=0.1301 learning_rate=7.076e-05 epoch=0.384
2026-10-02T15:32:42Z step 370/938 loss=0.007187 grad_norm=0.0007825 learning_rate=6.917e-05 epoch=0.3947
2026-10-02T15:33:38Z step 380/938 loss=0.003539 grad_norm=0.4627 learning_rate=6.757e-05 epoch=0.4053
2026-10-02T15:34:34Z step 390/938 loss=0.008934 grad_norm=0.09342 learning_rate=6.594e-05 epoch=0.416
2026-10-02T15:35:29Z step 400/938 loss=0.00347 grad_norm=0.02196 learning_rate=6.43e-05 epoch=0.4267
2026-10-02T15:36:24Z step 410/938 loss=0.01096 grad_norm=0.06578 learning_rate=6.264e-05 epoch=0.4373
2026-10-02T15:37:22Z step 420/938 loss=0.007488 grad_norm=0.0656 learning_rate=6.096e-05 epoch=0.448
2026-10-02T15:38:49Z step 430/938 loss=0.003409 grad_norm=0.2325 learning_rate=5.927e-05 epoch=0.4587
2026-10-02T15:39:44Z step 440/938 loss=0.00261 grad_norm=0.0007075 learning_rate=5.757e-05 epoch=0.4693
2026-10-02T15:40:40Z step 450/938 loss=0.00277 grad_norm=0.06575 learning_rate=5.586e-05 epoch=0.48
2026-10-02T15:41:36Z step 460/938 loss=0.008386 grad_norm=0.03403 learning_rate=5.414e-05 epoch=0.4907
2026-10-02T15:42:32Z step 470/938 loss=0.006202 grad_norm=0.01316 learning_rate=5.242e-05 epoch=0.5013
2026-10-02T15:43:28Z step 480/938 loss=0.002158 grad_norm=0.3083 learning_rate=5.069e-05 epoch=0.512
2026-10-02T15:44:23Z step 490/938 loss=0.001602 grad_norm=0.0007479 learning_rate=4.896e-05 epoch=0.5227
2026-10-02T15:45:20Z step 500/938 loss=0.00246 grad_norm=0.002499 learning_rate=4.724e-05 epoch=0.5333
2026-10-02T15:46:15Z step 510/938 loss=0.008914 grad_norm=0.1508 learning_rate=4.552e-05 epoch=0.544
2026-10-02T15:47:10Z step 520/938 loss=0.003505 grad_norm=0.4411 learning_rate=4.38e-05 epoch=0.5547
2026-10-02T15:48:05Z step 530/938 loss=0.0004259 grad_norm=0.01802 learning_rate=4.209e-05 epoch=0.5653
2026-10-02T15:49:01Z step 540/938 loss=0.003208 grad_norm=0.04407 learning_rate=4.039e-05 epoch=0.576
2026-10-02T15:49:56Z step 550/938 loss=0.001591 grad_norm=0.009595 learning_rate=3.871e-05 epoch=0.5867
2026-10-02T15:50:51Z step 560/938 loss=0.005661 grad_norm=0.09587 learning_rate=3.703e-05 epoch=0.5973
2026-10-02T15:51:46Z step 570/938 loss=0.004085 grad_norm=0.03022 learning_rate=3.537e-05 epoch=0.608
2026-10-02T15:52:42Z step 580/938 loss=0.004424 grad_norm=0.004604 learning_rate=3.373e-05 epoch=0.6187
2026-10-02T15:53:36Z step 590/938 loss=0.004117 grad_norm=0.002164 learning_rate=3.211e-05 epoch=0.6293
2026-10-02T15:54:32Z step 600/938 loss=0.0009956 grad_norm=0.0346 learning_rate=3.051e-05 epoch=0.64
2026-10-02T15:55:28Z step 610/938 loss=0.0007321 grad_norm=0.00189 learning_rate=2.893e-05 epoch=0.6507
2026-10-02T15:56:23Z step 620/938 loss=0.001273 grad_norm=0.009003 learning_rate=2.738e-05 epoch=0.6613
2026-10-02T15:57:19Z step 630/938 loss=0.002261 grad_norm=0.07965 learning_rate=2.585e-05 epoch=0.672
2026-10-02T15:58:44Z step 640/938 loss=0.0008857 grad_norm=0.0001659 learning_rate=2.436e-05 epoch=0.6827
2026-10-02T15:59:41Z step 650/938 loss=4.294e-05 grad_norm=0.0001827 learning_rate=2.289e-05 epoch=0.6933
2026-10-02T16:00:37Z step 660/938 loss=0.003079 grad_norm=0.0001259 learning_rate=2.145e-05 epoch=0.704
2026-10-02T16:01:33Z step 670/938 loss=0.0007997 grad_norm=0.1222 learning_rate=2.005e-05 epoch=0.7147
2026-10-02T16:02:29Z step 680/938 loss=0.00154 grad_norm=0.004713 learning_rate=1.869e-05 epoch=0.7253
2026-10-02T16:03:25Z step 690/938 loss=0.0003124 grad_norm=0.000355 learning_rate=1.736e-05 epoch=0.736
2026-10-02T16:04:21Z step 700/938 loss=0.001793 grad_norm=0.0001242 learning_rate=1.608e-05 epoch=0.7467
2026-10-02T16:05:18Z step 710/938 loss=3.221e-05 grad_norm=0.0002145 learning_rate=1.483e-05 epoch=0.7573
2026-10-02T16:06:12Z step 720/938 loss=3.928e-05 grad_norm=0.004782 learning_rate=1.362e-05 epoch=0.768
2026-10-02T16:07:09Z step 730/938 loss=5.654e-05 grad_norm=0.002141 learning_rate=1.246e-05 epoch=0.7787
2026-10-02T16:08:05Z step 740/938 loss=0.001031 grad_norm=0.001888 learning_rate=1.134e-05 epoch=0.7893
2026-10-02T16:09:01Z step 750/938 loss=5.012e-05 grad_norm=0.007393 learning_rate=1.027e-05 epoch=0.8
2026-10-02T16:09:56Z step 760/938 loss=0.001795 grad_norm=0.007361 learning_rate=9.247e-06 epoch=0.8107
2026-10-02T16:10:52Z step 770/938 loss=0.003059 grad_norm=0.0002774 learning_rate=8.271e-06 epoch=0.8213
2026-10-02T16:11:47Z step 780/938 loss=0.0003005 grad_norm=0.000251 learning_rate=7.345e-06 epoch=0.832
2026-10-02T16:12:43Z step 790/938 loss=0.000638 grad_norm=4.921e-05 learning_rate=6.47e-06 epoch=0.8427
2026-10-02T16:13:39Z step 800/938 loss=0.0005958 grad_norm=0.0005796 learning_rate=5.647e-06 epoch=0.8533
2026-10-02T16:14:34Z step 810/938 loss=0.001547 grad_norm=0.0003602 learning_rate=4.877e-06 epoch=0.864
2026-10-02T16:15:29Z step 820/938 loss=0.0001364 grad_norm=0.000788 learning_rate=4.16e-06 epoch=0.8747
2026-10-02T16:16:25Z step 830/938 loss=0.0004056 grad_norm=3.03e-05 learning_rate=3.498e-06 epoch=0.8853
2026-10-02T16:17:21Z step 840/938 loss=7.197e-05 grad_norm=0.0003488 learning_rate=2.892e-06 epoch=0.896
2026-10-02T16:18:49Z step 850/938 loss=0.0003975 grad_norm=0.0002586 learning_rate=2.342e-06 epoch=0.9067
2026-10-02T16:19:44Z step 860/938 loss=0.0007898 grad_norm=0.000668 learning_rate=1.848e-06 epoch=0.9173
2026-10-02T16:20:40Z step 870/938 loss=0.0001853 grad_norm=8.4e-05 learning_rate=1.412e-06 epoch=0.928
2026-10-02T16:21:35Z step 880/938 loss=0.0002414 grad_norm=0.0002876 learning_rate=1.034e-06 epoch=0.9387
2026-10-02T16:22:30Z step 890/938 loss=0.0006133 grad_norm=0.0009047 learning_rate=7.137e-07 epoch=0.9493
2026-10-02T16:23:25Z step 900/938 loss=0.0003697 grad_norm=0.00032 learning_rate=4.525e-07 epoch=0.96
2026-10-02T16:24:20Z step 910/938 loss=0.001761 grad_norm=0.0007394 learning_rate=2.504e-07 epoch=0.9707
2026-10-02T16:25:13Z step 920/938 loss=3.946e-05 grad_norm=6.35e-05 learning_rate=1.075e-07 epoch=0.9813
2026-10-02T16:26:08Z step 930/938 loss=0.0001622 grad_norm=0.1182 learning_rate=2.413e-08 epoch=0.992
2026-10-02T16:26:49Z step 938/938 train_runtime=5333 train_samples_per_second=11.25 train_steps_per_second=0.176 total_flos=1.085e+18 train_loss=0.00995 epoch=1
2026-10-02T16:27:17Z trained 938 steps in 88.9 min, 2433.3 tok/s, peak 21.62 GB
2026-10-02T16:27:20Z u path: fp32-hidden (max |u_fp32 - u_bf16logits| = 0.1156)
2026-10-02T16:27:21Z padding self-check: max |u_batch - u_single| = 0.1429 (tol 0.948) -> left padding
2026-10-02T16:28:38Z B-F-verdict-balanced-s0 rule_v1/dev: TA 61.7 Rev 99.0 Hold 62.3 n=300 (79.9 s)
2026-10-02T16:29:18Z B-F-verdict-balanced-s0 rule_v1/dev_missing: TA nan Rev nan Hold nan n=None (40.4 s)
2026-10-02T16:31:31Z B-F-verdict-balanced-s0 rule_v1/missing: TA nan Rev nan Hold nan n=None (132.7 s)
2026-10-02T16:36:03Z B-F-verdict-balanced-s0 rule_v1/readapply: TA 66.9 Rev 99.5 Hold 67.1 n=1000 (271.7 s)
2026-10-02T16:40:13Z B-F-verdict-balanced-s0 rule_v1/test_L0: TA 58.6 Rev 99.5 Hold 58.9 n=1000 (249.2 s)
2026-10-02T16:44:18Z B-F-verdict-balanced-s0 rule_v1/test_L1: TA 63.3 Rev 99.0 Hold 63.7 n=1000 (244.4 s)
2026-10-02T16:53:05Z B-F-verdict-balanced-s0 rule_v1/test_L2: TA 49.1 Rev 93.7 Hold 53.1 n=2000 (525.5 s)
2026-10-02T16:55:57Z B-F-verdict-balanced-s0 rule_v1/test_L3alt: TA 86.1 Rev 100.0 Hold 86.1 n=1000 (170.8 s)
2026-10-02T17:00:18Z B-F-verdict-balanced-s0 rule_v1/test_L3inv: TA 50.3 Rev 98.2 Hold 51.0 n=1000 (261.0 s)
2026-10-02T17:06:12Z B-F-verdict-balanced-s0 rule_v1/test_hard: TA 49.9 Rev 93.4 Hold 54.1 n=1000 (353.7 s)
2026-10-02T17:06:14Z DONE B-F-verdict-balanced-s0 in 128.8 min, GPU util mean 95.7
