2026-10-03T23:37:47Z step 10/938 loss=0.2179 grad_norm=4.328 learning_rate=3.214e-05 epoch=0.01067
2026-10-03T23:38:12Z step 20/938 loss=0.1135 grad_norm=0.8821 learning_rate=6.786e-05 epoch=0.02133
2026-10-03T23:38:38Z step 30/938 loss=0.04415 grad_norm=2.479 learning_rate=0.0001 epoch=0.032
2026-10-03T23:39:04Z step 40/938 loss=0.06629 grad_norm=0.7948 learning_rate=9.996e-05 epoch=0.04267
2026-10-03T23:39:30Z step 50/938 loss=0.04527 grad_norm=0.5104 learning_rate=9.987e-05 epoch=0.05333
2026-10-03T23:39:56Z step 60/938 loss=0.02852 grad_norm=0.05784 learning_rate=9.971e-05 epoch=0.064
2026-10-03T23:40:22Z step 70/938 loss=0.04254 grad_norm=0.5809 learning_rate=9.95e-05 epoch=0.07467
2026-10-03T23:40:48Z step 80/938 loss=0.03078 grad_norm=0.4174 learning_rate=9.923e-05 epoch=0.08533
2026-10-03T23:41:14Z step 90/938 loss=0.01289 grad_norm=3.451 learning_rate=9.89e-05 epoch=0.096
2026-10-03T23:41:39Z step 100/938 loss=0.02253 grad_norm=0.3912 learning_rate=9.851e-05 epoch=0.1067
2026-10-03T23:42:06Z step 110/938 loss=0.02486 grad_norm=0.4642 learning_rate=9.806e-05 epoch=0.1173
2026-10-03T23:42:31Z step 120/938 loss=0.03014 grad_norm=0.5531 learning_rate=9.755e-05 epoch=0.128
2026-10-03T23:42:57Z step 130/938 loss=0.01796 grad_norm=0.1861 learning_rate=9.699e-05 epoch=0.1387
2026-10-03T23:43:23Z step 140/938 loss=0.01469 grad_norm=0.08505 learning_rate=9.637e-05 epoch=0.1493
2026-10-03T23:43:49Z step 150/938 loss=0.01184 grad_norm=0.399 learning_rate=9.57e-05 epoch=0.16
2026-10-03T23:44:14Z step 160/938 loss=0.007494 grad_norm=0.1626 learning_rate=9.497e-05 epoch=0.1707
2026-10-03T23:44:41Z step 170/938 loss=0.01098 grad_norm=0.09371 learning_rate=9.419e-05 epoch=0.1813
2026-10-03T23:45:06Z step 180/938 loss=0.006782 grad_norm=0.06532 learning_rate=9.336e-05 epoch=0.192
2026-10-03T23:45:31Z step 190/938 loss=0.01911 grad_norm=0.3536 learning_rate=9.247e-05 epoch=0.2027
2026-10-03T23:45:58Z step 200/938 loss=0.02327 grad_norm=0.0834 learning_rate=9.154e-05 epoch=0.2133
2026-10-03T23:46:23Z step 210/938 loss=0.01691 grad_norm=0.2999 learning_rate=9.055e-05 epoch=0.224
2026-10-03T23:46:50Z step 220/938 loss=0.01617 grad_norm=0.1175 learning_rate=8.952e-05 epoch=0.2347
2026-10-03T23:47:15Z step 230/938 loss=0.007119 grad_norm=0.2644 learning_rate=8.844e-05 epoch=0.2453
2026-10-03T23:47:41Z step 240/938 loss=0.007594 grad_norm=0.1829 learning_rate=8.731e-05 epoch=0.256
2026-10-03T23:48:07Z step 250/938 loss=0.009352 grad_norm=0.133 learning_rate=8.614e-05 epoch=0.2667
2026-10-03T23:48:33Z step 260/938 loss=0.003688 grad_norm=0.02571 learning_rate=8.493e-05 epoch=0.2773
2026-10-03T23:48:58Z step 270/938 loss=0.004576 grad_norm=0.2697 learning_rate=8.367e-05 epoch=0.288
2026-10-03T23:49:24Z step 280/938 loss=0.007361 grad_norm=0.3045 learning_rate=8.237e-05 epoch=0.2987
2026-10-03T23:49:50Z step 290/938 loss=0.006114 grad_norm=0.08246 learning_rate=8.104e-05 epoch=0.3093
2026-10-03T23:50:15Z step 300/938 loss=0.009911 grad_norm=0.1512 learning_rate=7.967e-05 epoch=0.32
2026-10-03T23:50:42Z step 310/938 loss=0.015 grad_norm=0.7254 learning_rate=7.826e-05 epoch=0.3307
2026-10-03T23:51:07Z step 320/938 loss=0.005174 grad_norm=0.0177 learning_rate=7.682e-05 epoch=0.3413
2026-10-03T23:51:33Z step 330/938 loss=0.006072 grad_norm=0.1592 learning_rate=7.535e-05 epoch=0.352
2026-10-03T23:51:58Z step 340/938 loss=0.004 grad_norm=0.006312 learning_rate=7.385e-05 epoch=0.3627
2026-10-03T23:52:25Z step 350/938 loss=0.007329 grad_norm=0.0297 learning_rate=7.231e-05 epoch=0.3733
2026-10-03T23:52:50Z step 360/938 loss=0.004477 grad_norm=0.003479 learning_rate=7.076e-05 epoch=0.384
2026-10-03T23:53:17Z step 370/938 loss=0.003181 grad_norm=0.02862 learning_rate=6.917e-05 epoch=0.3947
2026-10-03T23:53:43Z step 380/938 loss=0.009537 grad_norm=0.06466 learning_rate=6.757e-05 epoch=0.4053
2026-10-03T23:54:09Z step 390/938 loss=0.002371 grad_norm=0.05461 learning_rate=6.594e-05 epoch=0.416
2026-10-03T23:54:35Z step 400/938 loss=0.004975 grad_norm=0.007917 learning_rate=6.43e-05 epoch=0.4267
2026-10-03T23:55:01Z step 410/938 loss=0.01066 grad_norm=0.08566 learning_rate=6.264e-05 epoch=0.4373
2026-10-03T23:55:26Z step 420/938 loss=0.005555 grad_norm=0.08726 learning_rate=6.096e-05 epoch=0.448
2026-10-03T23:55:52Z step 430/938 loss=0.008369 grad_norm=0.02317 learning_rate=5.927e-05 epoch=0.4587
2026-10-03T23:56:18Z step 440/938 loss=0.001515 grad_norm=0.01837 learning_rate=5.757e-05 epoch=0.4693
2026-10-03T23:56:43Z step 450/938 loss=0.002095 grad_norm=0.119 learning_rate=5.586e-05 epoch=0.48
2026-10-03T23:57:10Z step 460/938 loss=0.003908 grad_norm=0.00556 learning_rate=5.414e-05 epoch=0.4907
2026-10-03T23:57:39Z step 470/938 loss=0.0002575 grad_norm=0.001059 learning_rate=5.242e-05 epoch=0.5013
2026-10-03T23:58:05Z step 480/938 loss=0.007787 grad_norm=0.08582 learning_rate=5.069e-05 epoch=0.512
2026-10-03T23:58:30Z step 490/938 loss=0.003687 grad_norm=0.01247 learning_rate=4.896e-05 epoch=0.5227
2026-10-03T23:58:57Z step 500/938 loss=0.003456 grad_norm=0.02497 learning_rate=4.724e-05 epoch=0.5333
2026-10-03T23:59:22Z step 510/938 loss=0.002003 grad_norm=0.1991 learning_rate=4.552e-05 epoch=0.544
2026-10-03T23:59:48Z step 520/938 loss=0.004981 grad_norm=0.4899 learning_rate=4.38e-05 epoch=0.5547
2026-10-04T00:00:14Z step 530/938 loss=0.001564 grad_norm=0.2779 learning_rate=4.209e-05 epoch=0.5653
2026-10-04T00:00:40Z step 540/938 loss=0.00656 grad_norm=0.03504 learning_rate=4.039e-05 epoch=0.576
2026-10-04T00:01:07Z step 550/938 loss=0.001673 grad_norm=0.05772 learning_rate=3.871e-05 epoch=0.5867
2026-10-04T00:01:33Z step 560/938 loss=0.001612 grad_norm=0.3586 learning_rate=3.703e-05 epoch=0.5973
2026-10-04T00:01:59Z step 570/938 loss=0.003967 grad_norm=0.1088 learning_rate=3.537e-05 epoch=0.608
2026-10-04T00:02:24Z step 580/938 loss=0.004664 grad_norm=0.0065 learning_rate=3.373e-05 epoch=0.6187
2026-10-04T00:02:50Z step 590/938 loss=0.001794 grad_norm=0.02214 learning_rate=3.211e-05 epoch=0.6293
2026-10-04T00:03:16Z step 600/938 loss=0.004552 grad_norm=0.008838 learning_rate=3.051e-05 epoch=0.64
2026-10-04T00:03:42Z step 610/938 loss=0.001661 grad_norm=0.00344 learning_rate=2.893e-05 epoch=0.6507
2026-10-04T00:04:08Z step 620/938 loss=0.002631 grad_norm=3.916e-05 learning_rate=2.738e-05 epoch=0.6613
2026-10-04T00:04:34Z step 630/938 loss=0.004194 grad_norm=0.1085 learning_rate=2.585e-05 epoch=0.672
2026-10-04T00:05:00Z step 640/938 loss=0.0008288 grad_norm=0.03208 learning_rate=2.436e-05 epoch=0.6827
2026-10-04T00:05:26Z step 650/938 loss=0.0008283 grad_norm=0.09757 learning_rate=2.289e-05 epoch=0.6933
2026-10-04T00:05:51Z step 660/938 loss=0.001224 grad_norm=0.2776 learning_rate=2.145e-05 epoch=0.704
2026-10-04T00:06:17Z step 670/938 loss=0.002405 grad_norm=0.01062 learning_rate=2.005e-05 epoch=0.7147
2026-10-04T00:06:43Z step 680/938 loss=0.002012 grad_norm=0.5912 learning_rate=1.869e-05 epoch=0.7253
2026-10-04T00:07:09Z step 690/938 loss=0.0008383 grad_norm=0.0004372 learning_rate=1.736e-05 epoch=0.736
2026-10-04T00:07:35Z step 700/938 loss=0.003664 grad_norm=0.01702 learning_rate=1.608e-05 epoch=0.7467
2026-10-04T00:08:02Z step 710/938 loss=0.003366 grad_norm=0.001989 learning_rate=1.483e-05 epoch=0.7573
2026-10-04T00:08:28Z step 720/938 loss=0.0001009 grad_norm=8.593e-05 learning_rate=1.362e-05 epoch=0.768
2026-10-04T00:08:53Z step 730/938 loss=0.0001702 grad_norm=0.002598 learning_rate=1.246e-05 epoch=0.7787
2026-10-04T00:09:19Z step 740/938 loss=0.0005333 grad_norm=0.0004927 learning_rate=1.134e-05 epoch=0.7893
2026-10-04T00:09:45Z step 750/938 loss=0.001249 grad_norm=0.1611 learning_rate=1.027e-05 epoch=0.8
2026-10-04T00:10:11Z step 760/938 loss=0.000908 grad_norm=5.262e-05 learning_rate=9.247e-06 epoch=0.8107
2026-10-04T00:10:36Z step 770/938 loss=0.00125 grad_norm=0.0001794 learning_rate=8.271e-06 epoch=0.8213
2026-10-04T00:11:02Z step 780/938 loss=0.000353 grad_norm=0.002874 learning_rate=7.345e-06 epoch=0.832
2026-10-04T00:11:28Z step 790/938 loss=0.002287 grad_norm=0.09296 learning_rate=6.47e-06 epoch=0.8427
2026-10-04T00:11:54Z step 800/938 loss=0.001302 grad_norm=0.3359 learning_rate=5.647e-06 epoch=0.8533
2026-10-04T00:12:20Z step 810/938 loss=0.0007079 grad_norm=0.0002372 learning_rate=4.877e-06 epoch=0.864
2026-10-04T00:12:45Z step 820/938 loss=0.001487 grad_norm=0.6076 learning_rate=4.16e-06 epoch=0.8747
2026-10-04T00:13:11Z step 830/938 loss=0.0003945 grad_norm=2.824e-05 learning_rate=3.498e-06 epoch=0.8853
2026-10-04T00:13:37Z step 840/938 loss=0.0005407 grad_norm=0.001898 learning_rate=2.892e-06 epoch=0.896
2026-10-04T00:14:02Z step 850/938 loss=3.027e-05 grad_norm=0.0009532 learning_rate=2.342e-06 epoch=0.9067
2026-10-04T00:14:28Z step 860/938 loss=0.0008924 grad_norm=0.0004017 learning_rate=1.848e-06 epoch=0.9173
2026-10-04T00:14:53Z step 870/938 loss=0.0003782 grad_norm=0.008416 learning_rate=1.412e-06 epoch=0.928
2026-10-04T00:15:20Z step 880/938 loss=0.0002252 grad_norm=0.001748 learning_rate=1.034e-06 epoch=0.9387
2026-10-04T00:15:46Z step 890/938 loss=0.0009383 grad_norm=0.2449 learning_rate=7.137e-07 epoch=0.9493
2026-10-04T00:16:11Z step 900/938 loss=0.0001081 grad_norm=4.411e-05 learning_rate=4.525e-07 epoch=0.96
2026-10-04T00:16:37Z step 910/938 loss=0.000297 grad_norm=0.009483 learning_rate=2.504e-07 epoch=0.9707
2026-10-04T00:17:03Z step 920/938 loss=0.0005877 grad_norm=0.005482 learning_rate=1.075e-07 epoch=0.9813
2026-10-04T00:17:34Z step 930/938 loss=0.000374 grad_norm=0.05707 learning_rate=2.413e-08 epoch=0.992
2026-10-04T00:17:53Z step 938/938 train_runtime=2432 train_samples_per_second=24.67 train_steps_per_second=0.386 total_flos=1.098e+18 train_loss=0.01132 epoch=1
2026-10-04T00:17:57Z trained 938 steps in 40.6 min, 5426.7 tok/s, peak 23.87 GB
2026-10-04T00:17:57Z u path: fp32-hidden (max |u_fp32 - u_bf16logits| = 0.0226)
2026-10-04T00:17:58Z padding self-check: max |u_batch - u_single| = 0.1049 (tol 0.925) -> left padding
2026-10-04T00:18:34Z B-LOKO-time-verdict-s2 rule_v1/dev: TA 92.7 Rev 99.7 Hold 93.0 n=300 (37.4 s)
2026-10-04T00:22:41Z B-LOKO-time-verdict-s2 rule_v1/test_L2: TA 84.5 Rev 92.1 Hold 91.3 n=2000 (246.3 s)
2026-10-04T00:23:36Z B-LOKO-time-verdict-s2 xr_v1/test: TA nan Rev nan Hold nan n=None (54.6 s)
2026-10-04T00:23:36Z DONE B-LOKO-time-verdict-s2 in 46.6 min, GPU util mean 93.1
