2026-10-03T20:14:16Z step 10/938 loss=0.2168 grad_norm=1.372 learning_rate=3.214e-05 epoch=0.01067
2026-10-03T20:14:40Z step 20/938 loss=0.1284 grad_norm=0.7755 learning_rate=6.786e-05 epoch=0.02133
2026-10-03T20:15:05Z step 30/938 loss=0.09665 grad_norm=0.7635 learning_rate=0.0001 epoch=0.032
2026-10-03T20:15:29Z step 40/938 loss=0.06282 grad_norm=2.027 learning_rate=9.996e-05 epoch=0.04267
2026-10-03T20:15:52Z step 50/938 loss=0.05821 grad_norm=0.6196 learning_rate=9.987e-05 epoch=0.05333
2026-10-03T20:16:17Z step 60/938 loss=0.0457 grad_norm=0.3577 learning_rate=9.971e-05 epoch=0.064
2026-10-03T20:16:41Z step 70/938 loss=0.02823 grad_norm=0.4867 learning_rate=9.95e-05 epoch=0.07467
2026-10-03T20:17:06Z step 80/938 loss=0.01898 grad_norm=0.6669 learning_rate=9.923e-05 epoch=0.08533
2026-10-03T20:17:30Z step 90/938 loss=0.0307 grad_norm=0.208 learning_rate=9.89e-05 epoch=0.096
2026-10-03T20:17:54Z step 100/938 loss=0.02598 grad_norm=0.5623 learning_rate=9.851e-05 epoch=0.1067
2026-10-03T20:18:18Z step 110/938 loss=0.01383 grad_norm=0.3117 learning_rate=9.806e-05 epoch=0.1173
2026-10-03T20:18:42Z step 120/938 loss=0.01656 grad_norm=2.102 learning_rate=9.755e-05 epoch=0.128
2026-10-03T20:19:07Z step 130/938 loss=0.01781 grad_norm=0.2787 learning_rate=9.699e-05 epoch=0.1387
2026-10-03T20:19:31Z step 140/938 loss=0.01156 grad_norm=0.02642 learning_rate=9.637e-05 epoch=0.1493
2026-10-03T20:19:55Z step 150/938 loss=0.03018 grad_norm=0.8894 learning_rate=9.57e-05 epoch=0.16
2026-10-03T20:20:20Z step 160/938 loss=0.01382 grad_norm=0.2254 learning_rate=9.497e-05 epoch=0.1707
2026-10-03T20:20:44Z step 170/938 loss=0.02328 grad_norm=0.1419 learning_rate=9.419e-05 epoch=0.1813
2026-10-03T20:21:09Z step 180/938 loss=0.01707 grad_norm=0.1484 learning_rate=9.336e-05 epoch=0.192
2026-10-03T20:21:34Z step 190/938 loss=0.02321 grad_norm=0.1106 learning_rate=9.247e-05 epoch=0.2027
2026-10-03T20:21:58Z step 200/938 loss=0.01286 grad_norm=0.004694 learning_rate=9.154e-05 epoch=0.2133
2026-10-03T20:22:23Z step 210/938 loss=0.01423 grad_norm=0.2396 learning_rate=9.055e-05 epoch=0.224
2026-10-03T20:22:47Z step 220/938 loss=0.007793 grad_norm=0.02513 learning_rate=8.952e-05 epoch=0.2347
2026-10-03T20:23:10Z step 230/938 loss=0.01263 grad_norm=0.5773 learning_rate=8.844e-05 epoch=0.2453
2026-10-03T20:23:35Z step 240/938 loss=0.007373 grad_norm=0.3564 learning_rate=8.731e-05 epoch=0.256
2026-10-03T20:23:59Z step 250/938 loss=0.007372 grad_norm=0.003558 learning_rate=8.614e-05 epoch=0.2667
2026-10-03T20:24:24Z step 260/938 loss=0.004888 grad_norm=0.0132 learning_rate=8.493e-05 epoch=0.2773
2026-10-03T20:24:49Z step 270/938 loss=0.01402 grad_norm=0.1746 learning_rate=8.367e-05 epoch=0.288
2026-10-03T20:25:13Z step 280/938 loss=0.006764 grad_norm=0.2415 learning_rate=8.237e-05 epoch=0.2987
2026-10-03T20:25:37Z step 290/938 loss=0.00779 grad_norm=0.9595 learning_rate=8.104e-05 epoch=0.3093
2026-10-03T20:26:01Z step 300/938 loss=0.01327 grad_norm=0.2744 learning_rate=7.967e-05 epoch=0.32
2026-10-03T20:26:26Z step 310/938 loss=0.007981 grad_norm=0.3795 learning_rate=7.826e-05 epoch=0.3307
2026-10-03T20:26:50Z step 320/938 loss=0.005513 grad_norm=0.009358 learning_rate=7.682e-05 epoch=0.3413
2026-10-03T20:27:15Z step 330/938 loss=0.0182 grad_norm=0.05062 learning_rate=7.535e-05 epoch=0.352
2026-10-03T20:27:39Z step 340/938 loss=0.009246 grad_norm=0.02414 learning_rate=7.385e-05 epoch=0.3627
2026-10-03T20:28:04Z step 350/938 loss=0.00602 grad_norm=0.02959 learning_rate=7.231e-05 epoch=0.3733
2026-10-03T20:28:28Z step 360/938 loss=0.008501 grad_norm=0.03772 learning_rate=7.076e-05 epoch=0.384
2026-10-03T20:28:53Z step 370/938 loss=0.00335 grad_norm=0.1144 learning_rate=6.917e-05 epoch=0.3947
2026-10-03T20:29:18Z step 380/938 loss=0.006516 grad_norm=0.001023 learning_rate=6.757e-05 epoch=0.4053
2026-10-03T20:29:42Z step 390/938 loss=0.003364 grad_norm=0.3201 learning_rate=6.594e-05 epoch=0.416
2026-10-03T20:30:06Z step 400/938 loss=0.002391 grad_norm=0.03118 learning_rate=6.43e-05 epoch=0.4267
2026-10-03T20:30:31Z step 410/938 loss=0.007565 grad_norm=0.02826 learning_rate=6.264e-05 epoch=0.4373
2026-10-03T20:30:55Z step 420/938 loss=0.005255 grad_norm=0.132 learning_rate=6.096e-05 epoch=0.448
2026-10-03T20:31:19Z step 430/938 loss=0.007411 grad_norm=0.5426 learning_rate=5.927e-05 epoch=0.4587
2026-10-03T20:31:49Z step 440/938 loss=0.004132 grad_norm=0.0468 learning_rate=5.757e-05 epoch=0.4693
2026-10-03T20:32:13Z step 450/938 loss=0.0006597 grad_norm=0.08252 learning_rate=5.586e-05 epoch=0.48
2026-10-03T20:32:38Z step 460/938 loss=0.004824 grad_norm=1.21 learning_rate=5.414e-05 epoch=0.4907
2026-10-03T20:33:03Z step 470/938 loss=0.004071 grad_norm=0.5636 learning_rate=5.242e-05 epoch=0.5013
2026-10-03T20:33:27Z step 480/938 loss=0.005288 grad_norm=0.002299 learning_rate=5.069e-05 epoch=0.512
2026-10-03T20:33:51Z step 490/938 loss=0.004753 grad_norm=0.1521 learning_rate=4.896e-05 epoch=0.5227
2026-10-03T20:34:15Z step 500/938 loss=0.00615 grad_norm=0.6155 learning_rate=4.724e-05 epoch=0.5333
2026-10-03T20:34:39Z step 510/938 loss=0.0008952 grad_norm=0.003106 learning_rate=4.552e-05 epoch=0.544
2026-10-03T20:35:04Z step 520/938 loss=0.002719 grad_norm=0.0003551 learning_rate=4.38e-05 epoch=0.5547
2026-10-03T20:35:28Z step 530/938 loss=0.003137 grad_norm=0.007974 learning_rate=4.209e-05 epoch=0.5653
2026-10-03T20:35:53Z step 540/938 loss=0.01246 grad_norm=0.0002518 learning_rate=4.039e-05 epoch=0.576
2026-10-03T20:36:17Z step 550/938 loss=0.004134 grad_norm=0.04676 learning_rate=3.871e-05 epoch=0.5867
2026-10-03T20:36:41Z step 560/938 loss=0.002655 grad_norm=0.006375 learning_rate=3.703e-05 epoch=0.5973
2026-10-03T20:37:06Z step 570/938 loss=0.002742 grad_norm=0.001251 learning_rate=3.537e-05 epoch=0.608
2026-10-03T20:37:30Z step 580/938 loss=0.0002218 grad_norm=0.004513 learning_rate=3.373e-05 epoch=0.6187
2026-10-03T20:37:54Z step 590/938 loss=0.01296 grad_norm=0.02721 learning_rate=3.211e-05 epoch=0.6293
2026-10-03T20:38:18Z step 600/938 loss=0.00306 grad_norm=0.04165 learning_rate=3.051e-05 epoch=0.64
2026-10-03T20:38:43Z step 610/938 loss=0.007011 grad_norm=0.07537 learning_rate=2.893e-05 epoch=0.6507
2026-10-03T20:39:08Z step 620/938 loss=0.007174 grad_norm=0.3796 learning_rate=2.738e-05 epoch=0.6613
2026-10-03T20:39:32Z step 630/938 loss=0.003994 grad_norm=0.06034 learning_rate=2.585e-05 epoch=0.672
2026-10-03T20:39:56Z step 640/938 loss=0.003095 grad_norm=0.06515 learning_rate=2.436e-05 epoch=0.6827
2026-10-03T20:40:21Z step 650/938 loss=0.00125 grad_norm=0.135 learning_rate=2.289e-05 epoch=0.6933
2026-10-03T20:40:45Z step 660/938 loss=0.002503 grad_norm=0.05573 learning_rate=2.145e-05 epoch=0.704
2026-10-03T20:41:09Z step 670/938 loss=0.0007542 grad_norm=0.3669 learning_rate=2.005e-05 epoch=0.7147
2026-10-03T20:41:33Z step 680/938 loss=0.0006626 grad_norm=0.000504 learning_rate=1.869e-05 epoch=0.7253
2026-10-03T20:41:57Z step 690/938 loss=0.001557 grad_norm=0.07572 learning_rate=1.736e-05 epoch=0.736
2026-10-03T20:42:22Z step 700/938 loss=0.0008153 grad_norm=0.001632 learning_rate=1.608e-05 epoch=0.7467
2026-10-03T20:42:45Z step 710/938 loss=0.005324 grad_norm=0.02296 learning_rate=1.483e-05 epoch=0.7573
2026-10-03T20:43:09Z step 720/938 loss=0.0006319 grad_norm=0.06085 learning_rate=1.362e-05 epoch=0.768
2026-10-03T20:43:33Z step 730/938 loss=0.0001722 grad_norm=0.0008017 learning_rate=1.246e-05 epoch=0.7787
2026-10-03T20:43:57Z step 740/938 loss=0.0004168 grad_norm=0.01221 learning_rate=1.134e-05 epoch=0.7893
2026-10-03T20:44:22Z step 750/938 loss=0.0002706 grad_norm=0.02462 learning_rate=1.027e-05 epoch=0.8
2026-10-03T20:44:46Z step 760/938 loss=0.0001425 grad_norm=0.0003606 learning_rate=9.247e-06 epoch=0.8107
2026-10-03T20:45:11Z step 770/938 loss=0.004714 grad_norm=0.001475 learning_rate=8.271e-06 epoch=0.8213
2026-10-03T20:45:34Z step 780/938 loss=0.0003849 grad_norm=0.001227 learning_rate=7.345e-06 epoch=0.832
2026-10-03T20:45:59Z step 790/938 loss=0.0004679 grad_norm=0.0005413 learning_rate=6.47e-06 epoch=0.8427
2026-10-03T20:46:23Z step 800/938 loss=0.0008321 grad_norm=0.005157 learning_rate=5.647e-06 epoch=0.8533
2026-10-03T20:46:48Z step 810/938 loss=0.0005955 grad_norm=0.04536 learning_rate=4.877e-06 epoch=0.864
2026-10-03T20:47:13Z step 820/938 loss=0.01063 grad_norm=0.009282 learning_rate=4.16e-06 epoch=0.8747
2026-10-03T20:47:38Z step 830/938 loss=0.005315 grad_norm=0.06271 learning_rate=3.498e-06 epoch=0.8853
2026-10-03T20:48:02Z step 840/938 loss=0.005463 grad_norm=0.1882 learning_rate=2.892e-06 epoch=0.896
2026-10-03T20:48:27Z step 850/938 loss=0.000892 grad_norm=0.002465 learning_rate=2.342e-06 epoch=0.9067
2026-10-03T20:48:51Z step 860/938 loss=0.0003673 grad_norm=0.01303 learning_rate=1.848e-06 epoch=0.9173
2026-10-03T20:49:15Z step 870/938 loss=0.000354 grad_norm=0.01161 learning_rate=1.412e-06 epoch=0.928
2026-10-03T20:49:39Z step 880/938 loss=0.0008477 grad_norm=0.0007042 learning_rate=1.034e-06 epoch=0.9387
2026-10-03T20:50:04Z step 890/938 loss=0.000531 grad_norm=0.004845 learning_rate=7.137e-07 epoch=0.9493
2026-10-03T20:50:28Z step 900/938 loss=0.0008242 grad_norm=0.003515 learning_rate=4.525e-07 epoch=0.96
2026-10-03T20:50:52Z step 910/938 loss=0.000404 grad_norm=0.003252 learning_rate=2.504e-07 epoch=0.9707
2026-10-03T20:51:17Z step 920/938 loss=0.0003343 grad_norm=0.008314 learning_rate=1.075e-07 epoch=0.9813
2026-10-03T20:52:05Z step 930/938 loss=0.001525 grad_norm=0.002856 learning_rate=2.413e-08 epoch=0.992
2026-10-03T20:52:24Z step 938/938 train_runtime=2465 train_samples_per_second=24.34 train_steps_per_second=0.381 total_flos=1.159e+18 train_loss=0.01306 epoch=1
2026-10-03T20:52:27Z trained 938 steps in 41.1 min, 5655.8 tok/s, peak 23.31 GB
2026-10-03T20:52:41Z u path: fp32-hidden (max |u_fp32 - u_bf16logits| = 0.0280)
2026-10-03T20:52:46Z padding self-check: max |u_batch - u_single| = 0.4376 (tol 0.772) -> left padding
2026-10-03T20:53:27Z B-FOLD3-verdict-blocks-s1 rule_v1_fold3/dev: TA 57.0 Rev 100.0 Hold 57.0 n=300 (60.3 s)
2026-10-03T20:56:57Z B-FOLD3-verdict-blocks-s1 rule_v1_fold3/test_L2: TA 61.3 Rev 99.4 Hold 61.4 n=2000 (209.0 s)
2026-10-03T20:56:57Z DONE B-FOLD3-verdict-blocks-s1 in 45.9 min, GPU util mean 88.5
