2026-10-03T07:18:25Z step 10/938 loss=2.272 grad_norm=2.073 learning_rate=3.214e-05 epoch=0.01067
2026-10-03T07:18:52Z step 20/938 loss=0.6621 grad_norm=0.8569 learning_rate=6.786e-05 epoch=0.02133
2026-10-03T07:19:20Z step 30/938 loss=0.04 grad_norm=0.3369 learning_rate=0.0001 epoch=0.032
2026-10-03T07:19:47Z step 40/938 loss=0.01015 grad_norm=0.08941 learning_rate=9.996e-05 epoch=0.04267
2026-10-03T07:20:15Z step 50/938 loss=0.003106 grad_norm=0.08599 learning_rate=9.987e-05 epoch=0.05333
2026-10-03T07:20:42Z step 60/938 loss=0.0009021 grad_norm=0.04098 learning_rate=9.971e-05 epoch=0.064
2026-10-03T07:21:11Z step 70/938 loss=0.002665 grad_norm=0.5862 learning_rate=9.95e-05 epoch=0.07467
2026-10-03T07:21:38Z step 80/938 loss=0.002134 grad_norm=0.02073 learning_rate=9.923e-05 epoch=0.08533
2026-10-03T07:22:05Z step 90/938 loss=0.001871 grad_norm=0.01681 learning_rate=9.89e-05 epoch=0.096
2026-10-03T07:22:32Z step 100/938 loss=0.0006003 grad_norm=0.04192 learning_rate=9.851e-05 epoch=0.1067
2026-10-03T07:23:00Z step 110/938 loss=0.0006593 grad_norm=0.0007932 learning_rate=9.806e-05 epoch=0.1173
2026-10-03T07:23:27Z step 120/938 loss=0.00183 grad_norm=0.007248 learning_rate=9.755e-05 epoch=0.128
2026-10-03T07:23:55Z step 130/938 loss=0.001479 grad_norm=0.005463 learning_rate=9.699e-05 epoch=0.1387
2026-10-03T07:24:23Z step 140/938 loss=0.000939 grad_norm=0.008512 learning_rate=9.637e-05 epoch=0.1493
2026-10-03T07:24:50Z step 150/938 loss=0.0002592 grad_norm=0.04869 learning_rate=9.57e-05 epoch=0.16
2026-10-03T07:25:18Z step 160/938 loss=0.0003166 grad_norm=0.001644 learning_rate=9.497e-05 epoch=0.1707
2026-10-03T07:25:46Z step 170/938 loss=0.0003997 grad_norm=0.0007557 learning_rate=9.419e-05 epoch=0.1813
2026-10-03T07:26:14Z step 180/938 loss=4.777e-05 grad_norm=0.00237 learning_rate=9.336e-05 epoch=0.192
2026-10-03T07:26:42Z step 190/938 loss=8.998e-05 grad_norm=0.000396 learning_rate=9.247e-05 epoch=0.2027
2026-10-03T07:27:09Z step 200/938 loss=0.001447 grad_norm=0.1325 learning_rate=9.154e-05 epoch=0.2133
2026-10-03T07:27:35Z step 210/938 loss=0.0008186 grad_norm=0.01263 learning_rate=9.055e-05 epoch=0.224
2026-10-03T07:28:03Z step 220/938 loss=0.001453 grad_norm=0.0336 learning_rate=8.952e-05 epoch=0.2347
2026-10-03T07:28:31Z step 230/938 loss=0.0006391 grad_norm=0.02106 learning_rate=8.844e-05 epoch=0.2453
2026-10-03T07:28:58Z step 240/938 loss=0.0002707 grad_norm=0.005261 learning_rate=8.731e-05 epoch=0.256
2026-10-03T07:29:26Z step 250/938 loss=0.0005425 grad_norm=0.002336 learning_rate=8.614e-05 epoch=0.2667
2026-10-03T07:29:53Z step 260/938 loss=0.0004862 grad_norm=0.002849 learning_rate=8.493e-05 epoch=0.2773
2026-10-03T07:30:20Z step 270/938 loss=0.0008755 grad_norm=0.1279 learning_rate=8.367e-05 epoch=0.288
2026-10-03T07:30:47Z step 280/938 loss=3.786e-05 grad_norm=0.0008433 learning_rate=8.237e-05 epoch=0.2987
2026-10-03T07:31:14Z step 290/938 loss=0.0001663 grad_norm=0.0008251 learning_rate=8.104e-05 epoch=0.3093
2026-10-03T07:31:42Z step 300/938 loss=4.972e-05 grad_norm=0.0009507 learning_rate=7.967e-05 epoch=0.32
2026-10-03T07:32:10Z step 310/938 loss=0.0001895 grad_norm=0.01417 learning_rate=7.826e-05 epoch=0.3307
2026-10-03T07:32:36Z step 320/938 loss=0.002224 grad_norm=0.03227 learning_rate=7.682e-05 epoch=0.3413
2026-10-03T07:33:03Z step 330/938 loss=0.001361 grad_norm=0.01154 learning_rate=7.535e-05 epoch=0.352
2026-10-03T07:33:31Z step 340/938 loss=0.000305 grad_norm=0.005476 learning_rate=7.385e-05 epoch=0.3627
2026-10-03T07:33:58Z step 350/938 loss=0.0001654 grad_norm=0.001087 learning_rate=7.231e-05 epoch=0.3733
2026-10-03T07:34:26Z step 360/938 loss=3.131e-05 grad_norm=0.0005065 learning_rate=7.076e-05 epoch=0.384
2026-10-03T07:34:53Z step 370/938 loss=4.022e-05 grad_norm=0.0003806 learning_rate=6.917e-05 epoch=0.3947
2026-10-03T07:35:21Z step 380/938 loss=0.0001533 grad_norm=0.0001276 learning_rate=6.757e-05 epoch=0.4053
2026-10-03T07:35:48Z step 390/938 loss=2.766e-05 grad_norm=0.0001699 learning_rate=6.594e-05 epoch=0.416
2026-10-03T07:36:16Z step 400/938 loss=0.0001881 grad_norm=0.0003938 learning_rate=6.43e-05 epoch=0.4267
2026-10-03T07:36:43Z step 410/938 loss=0.0001405 grad_norm=0.001011 learning_rate=6.264e-05 epoch=0.4373
2026-10-03T07:37:11Z step 420/938 loss=0.0008115 grad_norm=0.4454 learning_rate=6.096e-05 epoch=0.448
2026-10-03T07:37:39Z step 430/938 loss=8.282e-05 grad_norm=0.004814 learning_rate=5.927e-05 epoch=0.4587
2026-10-03T07:38:10Z step 440/938 loss=0.0001057 grad_norm=0.001249 learning_rate=5.757e-05 epoch=0.4693
2026-10-03T07:38:38Z step 450/938 loss=0.0002861 grad_norm=0.001084 learning_rate=5.586e-05 epoch=0.48
2026-10-03T07:39:05Z step 460/938 loss=8.421e-05 grad_norm=0.003991 learning_rate=5.414e-05 epoch=0.4907
2026-10-03T07:39:33Z step 470/938 loss=2.788e-05 grad_norm=0.0001716 learning_rate=5.242e-05 epoch=0.5013
2026-10-03T07:40:00Z step 480/938 loss=1.433e-05 grad_norm=0.0001865 learning_rate=5.069e-05 epoch=0.512
2026-10-03T07:40:28Z step 490/938 loss=2.749e-05 grad_norm=7.354e-05 learning_rate=4.896e-05 epoch=0.5227
2026-10-03T07:40:56Z step 500/938 loss=7.141e-06 grad_norm=0.0001157 learning_rate=4.724e-05 epoch=0.5333
2026-10-03T07:41:24Z step 510/938 loss=4.744e-05 grad_norm=0.0001085 learning_rate=4.552e-05 epoch=0.544
2026-10-03T07:41:51Z step 520/938 loss=3.155e-05 grad_norm=0.0008044 learning_rate=4.38e-05 epoch=0.5547
2026-10-03T07:42:19Z step 530/938 loss=4.636e-06 grad_norm=0.0003249 learning_rate=4.209e-05 epoch=0.5653
2026-10-03T07:42:47Z step 540/938 loss=2.654e-05 grad_norm=0.002806 learning_rate=4.039e-05 epoch=0.576
2026-10-03T07:43:14Z step 550/938 loss=9.014e-06 grad_norm=0.009494 learning_rate=3.871e-05 epoch=0.5867
2026-10-03T07:43:42Z step 560/938 loss=7.531e-06 grad_norm=3.733e-05 learning_rate=3.703e-05 epoch=0.5973
2026-10-03T07:44:09Z step 570/938 loss=4.333e-06 grad_norm=0.0001847 learning_rate=3.537e-05 epoch=0.608
2026-10-03T07:44:36Z step 580/938 loss=4.44e-06 grad_norm=3.699e-05 learning_rate=3.373e-05 epoch=0.6187
2026-10-03T07:45:04Z step 590/938 loss=3.24e-06 grad_norm=0.000324 learning_rate=3.211e-05 epoch=0.6293
2026-10-03T07:45:32Z step 600/938 loss=1.345e-05 grad_norm=0.003488 learning_rate=3.051e-05 epoch=0.64
2026-10-03T07:46:00Z step 610/938 loss=4.79e-05 grad_norm=5.274e-05 learning_rate=2.893e-05 epoch=0.6507
2026-10-03T07:46:25Z step 620/938 loss=0.0001391 grad_norm=4.648e-05 learning_rate=2.738e-05 epoch=0.6613
2026-10-03T07:46:53Z step 630/938 loss=1.692e-05 grad_norm=9.202e-05 learning_rate=2.585e-05 epoch=0.672
2026-10-03T07:47:21Z step 640/938 loss=5.087e-06 grad_norm=0.0003858 learning_rate=2.436e-05 epoch=0.6827
2026-10-03T07:47:48Z step 650/938 loss=0.0003792 grad_norm=5.005e-05 learning_rate=2.289e-05 epoch=0.6933
2026-10-03T07:48:16Z step 660/938 loss=4.442e-06 grad_norm=0.0002285 learning_rate=2.145e-05 epoch=0.704
2026-10-03T07:48:43Z step 670/938 loss=0.0006897 grad_norm=0.514 learning_rate=2.005e-05 epoch=0.7147
2026-10-03T07:49:11Z step 680/938 loss=0.0004994 grad_norm=0.2221 learning_rate=1.869e-05 epoch=0.7253
2026-10-03T07:49:38Z step 690/938 loss=0.000103 grad_norm=0.004016 learning_rate=1.736e-05 epoch=0.736
2026-10-03T07:50:05Z step 700/938 loss=0.00153 grad_norm=0.001552 learning_rate=1.608e-05 epoch=0.7467
2026-10-03T07:50:33Z step 710/938 loss=5.529e-05 grad_norm=0.005087 learning_rate=1.483e-05 epoch=0.7573
2026-10-03T07:51:00Z step 720/938 loss=4.799e-05 grad_norm=0.008889 learning_rate=1.362e-05 epoch=0.768
2026-10-03T07:51:28Z step 730/938 loss=2.366e-05 grad_norm=0.0005785 learning_rate=1.246e-05 epoch=0.7787
2026-10-03T07:51:56Z step 740/938 loss=0.0001148 grad_norm=0.0002572 learning_rate=1.134e-05 epoch=0.7893
2026-10-03T07:52:23Z step 750/938 loss=1.972e-05 grad_norm=0.000151 learning_rate=1.027e-05 epoch=0.8
2026-10-03T07:52:51Z step 760/938 loss=2.228e-05 grad_norm=0.0007041 learning_rate=9.247e-06 epoch=0.8107
2026-10-03T07:53:18Z step 770/938 loss=1.1e-05 grad_norm=0.0008311 learning_rate=8.271e-06 epoch=0.8213
2026-10-03T07:53:46Z step 780/938 loss=0.0002524 grad_norm=0.0002572 learning_rate=7.345e-06 epoch=0.832
2026-10-03T07:54:14Z step 790/938 loss=1.49e-05 grad_norm=0.001093 learning_rate=6.47e-06 epoch=0.8427
2026-10-03T07:54:42Z step 800/938 loss=7.817e-06 grad_norm=0.0002915 learning_rate=5.647e-06 epoch=0.8533
2026-10-03T07:55:09Z step 810/938 loss=8.682e-06 grad_norm=0.000115 learning_rate=4.877e-06 epoch=0.864
2026-10-03T07:55:36Z step 820/938 loss=1.703e-05 grad_norm=0.0373 learning_rate=4.16e-06 epoch=0.8747
2026-10-03T07:56:04Z step 830/938 loss=1.364e-05 grad_norm=0.0008482 learning_rate=3.498e-06 epoch=0.8853
2026-10-03T07:56:31Z step 840/938 loss=1.222e-05 grad_norm=0.0003346 learning_rate=2.892e-06 epoch=0.896
2026-10-03T07:56:58Z step 850/938 loss=1.276e-05 grad_norm=0.002059 learning_rate=2.342e-06 epoch=0.9067
2026-10-03T07:57:27Z step 860/938 loss=7.949e-06 grad_norm=0.000214 learning_rate=1.848e-06 epoch=0.9173
2026-10-03T07:57:55Z step 870/938 loss=1.276e-05 grad_norm=0.004857 learning_rate=1.412e-06 epoch=0.928
2026-10-03T07:58:30Z step 880/938 loss=1.053e-05 grad_norm=0.0002191 learning_rate=1.034e-06 epoch=0.9387
2026-10-03T07:58:57Z step 890/938 loss=1.214e-05 grad_norm=0.0003427 learning_rate=7.137e-07 epoch=0.9493
2026-10-03T07:59:25Z step 900/938 loss=9.909e-05 grad_norm=0.001199 learning_rate=4.525e-07 epoch=0.96
2026-10-03T07:59:52Z step 910/938 loss=1.892e-05 grad_norm=0.0004636 learning_rate=2.504e-07 epoch=0.9707
2026-10-03T08:00:18Z step 920/938 loss=1.663e-05 grad_norm=0.0001276 learning_rate=1.075e-07 epoch=0.9813
2026-10-03T08:00:47Z step 930/938 loss=1.681e-05 grad_norm=0.0001589 learning_rate=2.413e-08 epoch=0.992
2026-10-03T08:01:07Z step 938/938 train_runtime=2589 train_samples_per_second=23.17 train_steps_per_second=0.362 total_flos=1.144e+18 train_loss=0.03218 epoch=1
2026-10-03T08:01:11Z trained 938 steps in 43.2 min, 4635.8 tok/s, peak 24.95 GB
2026-10-03T08:01:12Z u path: fp32-hidden (max |u_fp32 - u_bf16logits| = 0.0057)
2026-10-03T08:01:13Z padding self-check: max |u_batch - u_single| = 0.0388 (tol 0.626) -> left padding
2026-10-03T08:02:47Z B-F-summary2-triplets-s2 rule_v1/dev: TA 98.7 Rev 98.7 Hold 100.0 n=300 (95.6 s)
2026-10-03T08:03:29Z B-F-summary2-triplets-s2 rule_v1/dev_missing: TA nan Rev nan Hold nan n=None (41.5 s)
2026-10-03T08:05:36Z B-F-summary2-triplets-s2 rule_v1/missing: TA nan Rev nan Hold nan n=None (126.7 s)
2026-10-03T08:09:14Z generate: batch 25/28, 228189 tokens, 1054 tok/s
2026-10-03T08:11:35Z B-F-summary2-triplets-s2 rule_v1/readapply: TA 98.8 Rev 98.8 Hold 100.0 n=1000 (359.0 s)
2026-10-03T08:15:35Z B-F-summary2-triplets-s2 rule_v1/test_L0: TA 98.9 Rev 99.0 Hold 99.9 n=1000 (240.0 s)
2026-10-03T08:19:26Z B-F-summary2-triplets-s2 rule_v1/test_L1: TA 97.6 Rev 97.6 Hold 100.0 n=1000 (230.1 s)
2026-10-03T08:23:15Z generate: batch 25/32, 231194 tokens, 1014 tok/s
2026-10-03T08:27:47Z B-F-summary2-triplets-s2 rule_v1/test_L2: TA 98.0 Rev 98.0 Hold 100.0 n=2000 (501.5 s)
2026-10-03T08:31:29Z B-F-summary2-triplets-s2 rule_v1/test_L3alt: TA 99.7 Rev 99.7 Hold 100.0 n=1000 (221.2 s)
2026-10-03T08:35:33Z B-F-summary2-triplets-s2 rule_v1/test_L3inv: TA 95.7 Rev 95.8 Hold 99.9 n=1000 (244.4 s)
2026-10-03T08:39:56Z B-F-summary2-triplets-s2 rule_v1/test_hard: TA 98.0 Rev 98.0 Hold 100.0 n=1000 (262.3 s)
2026-10-03T08:42:57Z B-F-summary2-triplets-s2 xr_v1/test: TA nan Rev nan Hold nan n=None (180.4 s)
2026-10-03T08:42:57Z DONE B-F-summary2-triplets-s2 in 85.4 min, GPU util mean 84.0
