2026-10-03T12:57:30Z step 10/938 loss=1.82 grad_norm=3.527 learning_rate=3.214e-05 epoch=0.01067
2026-10-03T12:57:58Z step 20/938 loss=0.2543 grad_norm=1.163 learning_rate=6.786e-05 epoch=0.02133
2026-10-03T12:58:28Z step 30/938 loss=0.04893 grad_norm=1.21 learning_rate=0.0001 epoch=0.032
2026-10-03T12:58:57Z step 40/938 loss=0.02054 grad_norm=0.03723 learning_rate=9.996e-05 epoch=0.04267
2026-10-03T12:59:26Z step 50/938 loss=0.0053 grad_norm=0.1314 learning_rate=9.987e-05 epoch=0.05333
2026-10-03T12:59:55Z step 60/938 loss=0.002111 grad_norm=0.00472 learning_rate=9.971e-05 epoch=0.064
2026-10-03T13:00:24Z step 70/938 loss=0.001782 grad_norm=0.39 learning_rate=9.95e-05 epoch=0.07467
2026-10-03T13:00:52Z step 80/938 loss=0.003777 grad_norm=0.1008 learning_rate=9.923e-05 epoch=0.08533
2026-10-03T13:01:22Z step 90/938 loss=0.002751 grad_norm=0.005758 learning_rate=9.89e-05 epoch=0.096
2026-10-03T13:01:51Z step 100/938 loss=0.006752 grad_norm=0.02615 learning_rate=9.851e-05 epoch=0.1067
2026-10-03T13:02:19Z step 110/938 loss=0.001449 grad_norm=0.003774 learning_rate=9.806e-05 epoch=0.1173
2026-10-03T13:02:49Z step 120/938 loss=0.001767 grad_norm=0.354 learning_rate=9.755e-05 epoch=0.128
2026-10-03T13:03:18Z step 130/938 loss=0.002006 grad_norm=0.06768 learning_rate=9.699e-05 epoch=0.1387
2026-10-03T13:03:47Z step 140/938 loss=0.0004537 grad_norm=0.119 learning_rate=9.637e-05 epoch=0.1493
2026-10-03T13:04:16Z step 150/938 loss=0.005882 grad_norm=0.8833 learning_rate=9.57e-05 epoch=0.16
2026-10-03T13:04:45Z step 160/938 loss=0.004328 grad_norm=0.01676 learning_rate=9.497e-05 epoch=0.1707
2026-10-03T13:05:14Z step 170/938 loss=0.001288 grad_norm=0.005136 learning_rate=9.419e-05 epoch=0.1813
2026-10-03T13:05:43Z step 180/938 loss=0.0002176 grad_norm=0.0007722 learning_rate=9.336e-05 epoch=0.192
2026-10-03T13:06:12Z step 190/938 loss=0.0001055 grad_norm=0.0115 learning_rate=9.247e-05 epoch=0.2027
2026-10-03T13:06:43Z step 200/938 loss=7.801e-05 grad_norm=0.001436 learning_rate=9.154e-05 epoch=0.2133
2026-10-03T13:07:12Z step 210/938 loss=0.007159 grad_norm=0.001347 learning_rate=9.055e-05 epoch=0.224
2026-10-03T13:07:40Z step 220/938 loss=0.004059 grad_norm=0.07492 learning_rate=8.952e-05 epoch=0.2347
2026-10-03T13:08:09Z step 230/938 loss=0.003502 grad_norm=0.04687 learning_rate=8.844e-05 epoch=0.2453
2026-10-03T13:08:38Z step 240/938 loss=0.01022 grad_norm=0.1551 learning_rate=8.731e-05 epoch=0.256
2026-10-03T13:09:06Z step 250/938 loss=0.00274 grad_norm=5.018 learning_rate=8.614e-05 epoch=0.2667
2026-10-03T13:09:36Z step 260/938 loss=0.002067 grad_norm=0.024 learning_rate=8.493e-05 epoch=0.2773
2026-10-03T13:10:05Z step 270/938 loss=0.003977 grad_norm=0.03535 learning_rate=8.367e-05 epoch=0.288
2026-10-03T13:10:34Z step 280/938 loss=0.0003468 grad_norm=0.008012 learning_rate=8.237e-05 epoch=0.2987
2026-10-03T13:11:04Z step 290/938 loss=0.000179 grad_norm=0.00105 learning_rate=8.104e-05 epoch=0.3093
2026-10-03T13:11:33Z step 300/938 loss=0.0008114 grad_norm=0.001758 learning_rate=7.967e-05 epoch=0.32
2026-10-03T13:12:01Z step 310/938 loss=0.002114 grad_norm=0.0007355 learning_rate=7.826e-05 epoch=0.3307
2026-10-03T13:12:31Z step 320/938 loss=0.000127 grad_norm=0.00289 learning_rate=7.682e-05 epoch=0.3413
2026-10-03T13:12:59Z step 330/938 loss=0.005178 grad_norm=0.01175 learning_rate=7.535e-05 epoch=0.352
2026-10-03T13:13:28Z step 340/938 loss=0.0002241 grad_norm=0.008494 learning_rate=7.385e-05 epoch=0.3627
2026-10-03T13:13:58Z step 350/938 loss=0.0002577 grad_norm=0.006398 learning_rate=7.231e-05 epoch=0.3733
2026-10-03T13:14:27Z step 360/938 loss=0.0005213 grad_norm=0.004452 learning_rate=7.076e-05 epoch=0.384
2026-10-03T13:14:56Z step 370/938 loss=0.0001763 grad_norm=0.00373 learning_rate=6.917e-05 epoch=0.3947
2026-10-03T13:15:25Z step 380/938 loss=0.0001979 grad_norm=0.001742 learning_rate=6.757e-05 epoch=0.4053
2026-10-03T13:15:55Z step 390/938 loss=5.244e-05 grad_norm=0.0005737 learning_rate=6.594e-05 epoch=0.416
2026-10-03T13:16:24Z step 400/938 loss=5.815e-05 grad_norm=0.0002339 learning_rate=6.43e-05 epoch=0.4267
2026-10-03T13:16:53Z step 410/938 loss=0.00143 grad_norm=0.001469 learning_rate=6.264e-05 epoch=0.4373
2026-10-03T13:17:27Z step 420/938 loss=0.0001799 grad_norm=0.0005548 learning_rate=6.096e-05 epoch=0.448
2026-10-03T13:17:57Z step 430/938 loss=0.0005404 grad_norm=0.0004267 learning_rate=5.927e-05 epoch=0.4587
2026-10-03T13:18:26Z step 440/938 loss=6.069e-05 grad_norm=0.01218 learning_rate=5.757e-05 epoch=0.4693
2026-10-03T13:18:54Z step 450/938 loss=2.266e-05 grad_norm=8.552e-05 learning_rate=5.586e-05 epoch=0.48
2026-10-03T13:19:24Z step 460/938 loss=1.473e-05 grad_norm=0.0008777 learning_rate=5.414e-05 epoch=0.4907
2026-10-03T13:19:53Z step 470/938 loss=0.00114 grad_norm=0.0002738 learning_rate=5.242e-05 epoch=0.5013
2026-10-03T13:20:21Z step 480/938 loss=1.811e-05 grad_norm=0.0002569 learning_rate=5.069e-05 epoch=0.512
2026-10-03T13:20:51Z step 490/938 loss=2.456e-05 grad_norm=0.000316 learning_rate=4.896e-05 epoch=0.5227
2026-10-03T13:21:20Z step 500/938 loss=1.804e-05 grad_norm=0.0002074 learning_rate=4.724e-05 epoch=0.5333
2026-10-03T13:21:48Z step 510/938 loss=1.293e-05 grad_norm=0.0001591 learning_rate=4.552e-05 epoch=0.544
2026-10-03T13:22:17Z step 520/938 loss=1.338e-05 grad_norm=0.0008545 learning_rate=4.38e-05 epoch=0.5547
2026-10-03T13:22:47Z step 530/938 loss=3.234e-05 grad_norm=0.009701 learning_rate=4.209e-05 epoch=0.5653
2026-10-03T13:23:16Z step 540/938 loss=3.46e-05 grad_norm=8.162e-05 learning_rate=4.039e-05 epoch=0.576
2026-10-03T13:23:45Z step 550/938 loss=2.569e-05 grad_norm=0.001449 learning_rate=3.871e-05 epoch=0.5867
2026-10-03T13:24:14Z step 560/938 loss=0.0003186 grad_norm=0.0001279 learning_rate=3.703e-05 epoch=0.5973
2026-10-03T13:24:42Z step 570/938 loss=0.001518 grad_norm=0.0007195 learning_rate=3.537e-05 epoch=0.608
2026-10-03T13:25:12Z step 580/938 loss=2.785e-05 grad_norm=0.0005774 learning_rate=3.373e-05 epoch=0.6187
2026-10-03T13:25:40Z step 590/938 loss=0.0001005 grad_norm=0.0009867 learning_rate=3.211e-05 epoch=0.6293
2026-10-03T13:26:09Z step 600/938 loss=1.388e-05 grad_norm=0.0001273 learning_rate=3.051e-05 epoch=0.64
2026-10-03T13:26:39Z step 610/938 loss=1.282e-05 grad_norm=0.001154 learning_rate=2.893e-05 epoch=0.6507
2026-10-03T13:27:07Z step 620/938 loss=6.982e-05 grad_norm=0.0004345 learning_rate=2.738e-05 epoch=0.6613
2026-10-03T13:27:36Z step 630/938 loss=0.0004641 grad_norm=0.0001676 learning_rate=2.585e-05 epoch=0.672
2026-10-03T13:28:06Z step 640/938 loss=3.723e-05 grad_norm=0.0001949 learning_rate=2.436e-05 epoch=0.6827
2026-10-03T13:28:34Z step 650/938 loss=0.0004117 grad_norm=0.7649 learning_rate=2.289e-05 epoch=0.6933
2026-10-03T13:29:03Z step 660/938 loss=0.00084 grad_norm=0.0002372 learning_rate=2.145e-05 epoch=0.704
2026-10-03T13:29:33Z step 670/938 loss=3.789e-05 grad_norm=0.03833 learning_rate=2.005e-05 epoch=0.7147
2026-10-03T13:30:02Z step 680/938 loss=1.038e-05 grad_norm=0.0003758 learning_rate=1.869e-05 epoch=0.7253
2026-10-03T13:30:30Z step 690/938 loss=0.000394 grad_norm=0.001163 learning_rate=1.736e-05 epoch=0.736
2026-10-03T13:30:59Z step 700/938 loss=1.481e-05 grad_norm=0.00015 learning_rate=1.608e-05 epoch=0.7467
2026-10-03T13:31:28Z step 710/938 loss=1.373e-05 grad_norm=5.847e-05 learning_rate=1.483e-05 epoch=0.7573
2026-10-03T13:31:56Z step 720/938 loss=2.18e-05 grad_norm=6.602e-05 learning_rate=1.362e-05 epoch=0.768
2026-10-03T13:32:26Z step 730/938 loss=1.347e-05 grad_norm=6.673e-05 learning_rate=1.246e-05 epoch=0.7787
2026-10-03T13:32:55Z step 740/938 loss=1.27e-05 grad_norm=7.816e-05 learning_rate=1.134e-05 epoch=0.7893
2026-10-03T13:33:24Z step 750/938 loss=1.788e-05 grad_norm=0.001105 learning_rate=1.027e-05 epoch=0.8
2026-10-03T13:33:53Z step 760/938 loss=3.011e-05 grad_norm=0.0297 learning_rate=9.247e-06 epoch=0.8107
2026-10-03T13:34:21Z step 770/938 loss=9.024e-06 grad_norm=0.0001135 learning_rate=8.271e-06 epoch=0.8213
2026-10-03T13:34:50Z step 780/938 loss=3.178e-05 grad_norm=0.0001021 learning_rate=7.345e-06 epoch=0.832
2026-10-03T13:35:19Z step 790/938 loss=3.704e-05 grad_norm=5.744e-05 learning_rate=6.47e-06 epoch=0.8427
2026-10-03T13:35:48Z step 800/938 loss=9.529e-06 grad_norm=0.002332 learning_rate=5.647e-06 epoch=0.8533
2026-10-03T13:36:17Z step 810/938 loss=9.914e-06 grad_norm=0.000626 learning_rate=4.877e-06 epoch=0.864
2026-10-03T13:36:47Z step 820/938 loss=7.775e-06 grad_norm=9.563e-05 learning_rate=4.16e-06 epoch=0.8747
2026-10-03T13:38:30Z step 830/938 loss=1.643e-05 grad_norm=0.0001024 learning_rate=3.498e-06 epoch=0.8853
2026-10-03T13:38:59Z step 840/938 loss=2.44e-05 grad_norm=8.728e-05 learning_rate=2.892e-06 epoch=0.896
2026-10-03T13:39:27Z step 850/938 loss=1.349e-05 grad_norm=0.0001969 learning_rate=2.342e-06 epoch=0.9067
2026-10-03T13:39:57Z step 860/938 loss=1.216e-05 grad_norm=0.0001106 learning_rate=1.848e-06 epoch=0.9173
2026-10-03T13:40:26Z step 870/938 loss=1.013e-05 grad_norm=0.0001022 learning_rate=1.412e-06 epoch=0.928
2026-10-03T13:40:54Z step 880/938 loss=1.071e-05 grad_norm=0.0004821 learning_rate=1.034e-06 epoch=0.9387
2026-10-03T13:41:24Z step 890/938 loss=1.314e-05 grad_norm=0.003674 learning_rate=7.137e-07 epoch=0.9493
2026-10-03T13:41:53Z step 900/938 loss=1.263e-05 grad_norm=0.0002074 learning_rate=4.525e-07 epoch=0.96
2026-10-03T13:42:22Z step 910/938 loss=1.596e-05 grad_norm=0.0004375 learning_rate=2.504e-07 epoch=0.9707
2026-10-03T13:42:53Z step 920/938 loss=4.286e-05 grad_norm=0.0005597 learning_rate=1.075e-07 epoch=0.9813
2026-10-03T13:43:22Z step 930/938 loss=1.383e-05 grad_norm=5.797e-05 learning_rate=2.413e-08 epoch=0.992
2026-10-03T13:43:43Z step 938/938 train_runtime=2803 train_samples_per_second=21.41 train_steps_per_second=0.335 total_flos=1.256e+18 train_loss=0.02384 epoch=1
2026-10-03T13:43:48Z trained 938 steps in 46.8 min, 4651.5 tok/s, peak 35.01 GB
2026-10-03T13:43:49Z u path: fp32-hidden (max |u_fp32 - u_bf16logits| = 0.0534)
2026-10-03T13:43:50Z padding self-check: max |u_batch - u_single| = 0.1957 (tol 0.642) -> left padding
2026-10-03T13:45:01Z B-F-ledger2-blocks-s3 rule_v1/dev: TA 60.3 Rev 99.7 Hold 60.3 n=300 (71.7 s)
2026-10-03T13:45:39Z B-F-ledger2-blocks-s3 rule_v1/dev_missing: TA nan Rev nan Hold nan n=None (38.4 s)
2026-10-03T13:47:39Z B-F-ledger2-blocks-s3 rule_v1/missing: TA nan Rev nan Hold nan n=None (119.7 s)
2026-10-03T13:50:46Z generate: batch 25/28, 214676 tokens, 1155 tok/s
2026-10-03T13:53:01Z B-F-ledger2-blocks-s3 rule_v1/readapply: TA 63.8 Rev 99.7 Hold 64.0 n=1000 (321.8 s)
2026-10-03T13:56:46Z B-F-ledger2-blocks-s3 rule_v1/test_L0: TA 61.6 Rev 99.9 Hold 61.6 n=1000 (224.5 s)
2026-10-03T14:00:23Z B-F-ledger2-blocks-s3 rule_v1/test_L1: TA 58.1 Rev 99.3 Hold 58.6 n=1000 (216.7 s)
2026-10-03T14:03:50Z generate: batch 25/32, 224554 tokens, 1092 tok/s
2026-10-03T14:08:43Z B-F-ledger2-blocks-s3 rule_v1/test_L2: TA 60.6 Rev 99.5 Hold 60.9 n=2000 (499.8 s)
2026-10-03T14:12:06Z B-F-ledger2-blocks-s3 rule_v1/test_L3alt: TA 75.8 Rev 100.0 Hold 75.8 n=1000 (202.7 s)
2026-10-03T14:15:53Z B-F-ledger2-blocks-s3 rule_v1/test_L3inv: TA 56.7 Rev 99.2 Hold 57.1 n=1000 (227.7 s)
2026-10-03T14:20:02Z B-F-ledger2-blocks-s3 rule_v1/test_hard: TA 61.6 Rev 99.5 Hold 61.8 n=1000 (248.3 s)
2026-10-03T14:22:48Z B-F-ledger2-blocks-s3 xr_v1/test: TA nan Rev nan Hold nan n=None (165.4 s)
2026-10-03T14:22:48Z DONE B-F-ledger2-blocks-s3 in 86.3 min, GPU util mean 88.6
