2026-10-10T01:45:33Z step 10/938 loss=0.2409 grad_norm=1.74 learning_rate=3.214e-05 epoch=0.01067
2026-10-10T01:45:56Z step 20/938 loss=0.1617 grad_norm=1.16 learning_rate=6.786e-05 epoch=0.02133
2026-10-10T01:46:19Z step 30/938 loss=0.1243 grad_norm=1.148 learning_rate=0.0001 epoch=0.032
2026-10-10T01:46:41Z step 40/938 loss=0.1078 grad_norm=1.287 learning_rate=9.996e-05 epoch=0.04267
2026-10-10T01:47:04Z step 50/938 loss=0.09216 grad_norm=0.5934 learning_rate=9.987e-05 epoch=0.05333
2026-10-10T01:47:26Z step 60/938 loss=0.07819 grad_norm=1.227 learning_rate=9.971e-05 epoch=0.064
2026-10-10T01:47:48Z step 70/938 loss=0.06275 grad_norm=0.6538 learning_rate=9.95e-05 epoch=0.07467
2026-10-10T01:48:11Z step 80/938 loss=0.07341 grad_norm=0.3279 learning_rate=9.923e-05 epoch=0.08533
2026-10-10T01:48:34Z step 90/938 loss=0.05284 grad_norm=0.4287 learning_rate=9.89e-05 epoch=0.096
2026-10-10T01:48:57Z step 100/938 loss=0.07452 grad_norm=0.5146 learning_rate=9.851e-05 epoch=0.1067
2026-10-10T01:49:19Z step 110/938 loss=0.08026 grad_norm=2.392 learning_rate=9.806e-05 epoch=0.1173
2026-10-10T01:49:41Z step 120/938 loss=0.07056 grad_norm=0.475 learning_rate=9.755e-05 epoch=0.128
2026-10-10T01:50:04Z step 130/938 loss=0.07191 grad_norm=0.3404 learning_rate=9.699e-05 epoch=0.1387
2026-10-10T01:50:26Z step 140/938 loss=0.06644 grad_norm=0.375 learning_rate=9.637e-05 epoch=0.1493
2026-10-10T01:50:49Z step 150/938 loss=0.04746 grad_norm=0.1687 learning_rate=9.57e-05 epoch=0.16
2026-10-10T01:51:11Z step 160/938 loss=0.05164 grad_norm=0.3925 learning_rate=9.497e-05 epoch=0.1707
2026-10-10T01:51:34Z step 170/938 loss=0.05711 grad_norm=0.2173 learning_rate=9.419e-05 epoch=0.1813
2026-10-10T01:51:56Z step 180/938 loss=0.05623 grad_norm=0.364 learning_rate=9.336e-05 epoch=0.192
2026-10-10T01:52:19Z step 190/938 loss=0.0625 grad_norm=0.5082 learning_rate=9.247e-05 epoch=0.2027
2026-10-10T01:52:41Z step 200/938 loss=0.03763 grad_norm=0.5362 learning_rate=9.154e-05 epoch=0.2133
2026-10-10T01:53:04Z step 210/938 loss=0.05527 grad_norm=0.2604 learning_rate=9.055e-05 epoch=0.224
2026-10-10T01:53:26Z step 220/938 loss=0.03631 grad_norm=0.3837 learning_rate=8.952e-05 epoch=0.2347
2026-10-10T01:53:48Z step 230/938 loss=0.03786 grad_norm=0.6432 learning_rate=8.844e-05 epoch=0.2453
2026-10-10T01:54:11Z step 240/938 loss=0.0374 grad_norm=0.2273 learning_rate=8.731e-05 epoch=0.256
2026-10-10T01:54:33Z step 250/938 loss=0.03289 grad_norm=0.3247 learning_rate=8.614e-05 epoch=0.2667
2026-10-10T01:54:56Z step 260/938 loss=0.03347 grad_norm=0.6554 learning_rate=8.493e-05 epoch=0.2773
2026-10-10T01:55:18Z step 270/938 loss=0.04518 grad_norm=0.9953 learning_rate=8.367e-05 epoch=0.288
2026-10-10T02:47:28Z step 10/938 loss=0.2418 grad_norm=1.806 learning_rate=3.214e-05 epoch=0.01067
2026-10-10T02:48:27Z step 20/938 loss=0.1613 grad_norm=1.314 learning_rate=6.786e-05 epoch=0.02133
2026-10-10T02:49:23Z step 30/938 loss=0.1304 grad_norm=0.9398 learning_rate=0.0001 epoch=0.032
2026-10-10T02:50:19Z step 40/938 loss=0.1062 grad_norm=1.429 learning_rate=9.996e-05 epoch=0.04267
2026-10-10T02:51:18Z step 50/938 loss=0.09557 grad_norm=0.5099 learning_rate=9.987e-05 epoch=0.05333
2026-10-10T02:52:15Z step 60/938 loss=0.07244 grad_norm=0.533 learning_rate=9.971e-05 epoch=0.064
2026-10-10T02:53:12Z step 70/938 loss=0.05814 grad_norm=0.5195 learning_rate=9.95e-05 epoch=0.07467
2026-10-10T02:54:10Z step 80/938 loss=0.07383 grad_norm=0.3241 learning_rate=9.923e-05 epoch=0.08533
2026-10-10T02:55:08Z step 90/938 loss=0.05461 grad_norm=0.6393 learning_rate=9.89e-05 epoch=0.096
2026-10-10T02:56:05Z step 100/938 loss=0.06221 grad_norm=0.4728 learning_rate=9.851e-05 epoch=0.1067
2026-10-10T02:57:02Z step 110/938 loss=0.07238 grad_norm=0.8245 learning_rate=9.806e-05 epoch=0.1173
2026-10-10T02:57:58Z step 120/938 loss=0.07074 grad_norm=0.5391 learning_rate=9.755e-05 epoch=0.128
2026-10-10T02:58:55Z step 130/938 loss=0.05635 grad_norm=0.2598 learning_rate=9.699e-05 epoch=0.1387
2026-10-10T02:59:51Z step 140/938 loss=0.06532 grad_norm=0.3037 learning_rate=9.637e-05 epoch=0.1493
2026-10-10T03:00:49Z step 150/938 loss=0.0514 grad_norm=0.1609 learning_rate=9.57e-05 epoch=0.16
2026-10-10T03:01:46Z step 160/938 loss=0.04997 grad_norm=0.2426 learning_rate=9.497e-05 epoch=0.1707
2026-10-10T03:02:43Z step 170/938 loss=0.05523 grad_norm=0.217 learning_rate=9.419e-05 epoch=0.1813
2026-10-10T03:03:40Z step 180/938 loss=0.05104 grad_norm=0.6544 learning_rate=9.336e-05 epoch=0.192
2026-10-10T03:06:43Z step 190/938 loss=0.06095 grad_norm=0.2924 learning_rate=9.247e-05 epoch=0.2027
2026-10-10T03:07:39Z step 200/938 loss=0.03715 grad_norm=0.1966 learning_rate=9.154e-05 epoch=0.2133
2026-10-10T03:08:37Z step 210/938 loss=0.0559 grad_norm=0.3919 learning_rate=9.055e-05 epoch=0.224
2026-10-10T03:09:33Z step 220/938 loss=0.03852 grad_norm=0.3426 learning_rate=8.952e-05 epoch=0.2347
2026-10-10T03:10:31Z step 230/938 loss=0.04399 grad_norm=0.5338 learning_rate=8.844e-05 epoch=0.2453
2026-10-10T03:11:28Z step 240/938 loss=0.05118 grad_norm=0.3149 learning_rate=8.731e-05 epoch=0.256
2026-10-10T03:12:26Z step 250/938 loss=0.03855 grad_norm=0.3976 learning_rate=8.614e-05 epoch=0.2667
2026-10-10T03:13:23Z step 260/938 loss=0.04544 grad_norm=1.498 learning_rate=8.493e-05 epoch=0.2773
2026-10-10T03:14:19Z step 270/938 loss=0.04138 grad_norm=0.2634 learning_rate=8.367e-05 epoch=0.288
2026-10-10T03:15:17Z step 280/938 loss=0.04119 grad_norm=0.5207 learning_rate=8.237e-05 epoch=0.2987
2026-10-10T03:16:14Z step 290/938 loss=0.03841 grad_norm=0.2153 learning_rate=8.104e-05 epoch=0.3093
2026-10-10T03:17:13Z step 300/938 loss=0.03766 grad_norm=0.3959 learning_rate=7.967e-05 epoch=0.32
2026-10-10T03:18:10Z step 310/938 loss=0.03202 grad_norm=0.1604 learning_rate=7.826e-05 epoch=0.3307
2026-10-10T03:19:08Z step 320/938 loss=0.04176 grad_norm=0.5467 learning_rate=7.682e-05 epoch=0.3413
2026-10-10T03:20:04Z step 330/938 loss=0.03403 grad_norm=0.2034 learning_rate=7.535e-05 epoch=0.352
2026-10-10T03:21:01Z step 340/938 loss=0.04014 grad_norm=0.1876 learning_rate=7.385e-05 epoch=0.3627
2026-10-10T03:22:00Z step 350/938 loss=0.03046 grad_norm=0.3343 learning_rate=7.231e-05 epoch=0.3733
2026-10-10T03:22:58Z step 360/938 loss=0.02543 grad_norm=0.8502 learning_rate=7.076e-05 epoch=0.384
2026-10-10T03:23:55Z step 370/938 loss=0.0255 grad_norm=0.3272 learning_rate=6.917e-05 epoch=0.3947
2026-10-10T03:27:06Z step 380/938 loss=0.03037 grad_norm=0.2461 learning_rate=6.757e-05 epoch=0.4053
2026-10-10T03:28:03Z step 390/938 loss=0.03489 grad_norm=0.3436 learning_rate=6.594e-05 epoch=0.416
2026-10-10T03:29:00Z step 400/938 loss=0.02636 grad_norm=0.1644 learning_rate=6.43e-05 epoch=0.4267
2026-10-10T03:29:57Z step 410/938 loss=0.02967 grad_norm=0.1603 learning_rate=6.264e-05 epoch=0.4373
2026-10-10T03:30:54Z step 420/938 loss=0.03255 grad_norm=0.257 learning_rate=6.096e-05 epoch=0.448
2026-10-10T03:31:52Z step 430/938 loss=0.03092 grad_norm=0.1665 learning_rate=5.927e-05 epoch=0.4587
2026-10-10T03:32:49Z step 440/938 loss=0.02572 grad_norm=0.1314 learning_rate=5.757e-05 epoch=0.4693
2026-10-10T03:33:46Z step 450/938 loss=0.02451 grad_norm=0.2635 learning_rate=5.586e-05 epoch=0.48
2026-10-10T03:34:42Z step 460/938 loss=0.0224 grad_norm=0.1399 learning_rate=5.414e-05 epoch=0.4907
2026-10-10T03:35:39Z step 470/938 loss=0.02796 grad_norm=0.204 learning_rate=5.242e-05 epoch=0.5013
2026-10-10T03:36:35Z step 480/938 loss=0.02311 grad_norm=0.4451 learning_rate=5.069e-05 epoch=0.512
2026-10-10T03:37:33Z step 490/938 loss=0.02218 grad_norm=0.1302 learning_rate=4.896e-05 epoch=0.5227
2026-10-10T03:38:30Z step 500/938 loss=0.0216 grad_norm=0.1531 learning_rate=4.724e-05 epoch=0.5333
2026-10-10T03:39:28Z step 510/938 loss=0.0125 grad_norm=0.1166 learning_rate=4.552e-05 epoch=0.544
2026-10-10T03:40:26Z step 520/938 loss=0.01874 grad_norm=0.5839 learning_rate=4.38e-05 epoch=0.5547
2026-10-10T03:41:23Z step 530/938 loss=0.02027 grad_norm=0.4328 learning_rate=4.209e-05 epoch=0.5653
2026-10-10T03:42:21Z step 540/938 loss=0.008471 grad_norm=0.3621 learning_rate=4.039e-05 epoch=0.576
2026-10-10T03:43:18Z step 550/938 loss=0.02193 grad_norm=0.05645 learning_rate=3.871e-05 epoch=0.5867
2026-10-10T03:44:15Z step 560/938 loss=0.01753 grad_norm=0.1862 learning_rate=3.703e-05 epoch=0.5973
2026-10-10T03:47:28Z step 570/938 loss=0.01942 grad_norm=0.189 learning_rate=3.537e-05 epoch=0.608
2026-10-10T03:48:26Z step 580/938 loss=0.0242 grad_norm=0.839 learning_rate=3.373e-05 epoch=0.6187
2026-10-10T03:49:22Z step 590/938 loss=0.01134 grad_norm=0.1332 learning_rate=3.211e-05 epoch=0.6293
2026-10-10T03:50:19Z step 600/938 loss=0.01335 grad_norm=0.08724 learning_rate=3.051e-05 epoch=0.64
2026-10-10T03:51:17Z step 610/938 loss=0.00705 grad_norm=0.09341 learning_rate=2.893e-05 epoch=0.6507
2026-10-10T03:52:15Z step 620/938 loss=0.01802 grad_norm=0.3976 learning_rate=2.738e-05 epoch=0.6613
2026-10-10T03:53:12Z step 630/938 loss=0.01335 grad_norm=0.04425 learning_rate=2.585e-05 epoch=0.672
2026-10-10T03:54:08Z step 640/938 loss=0.006619 grad_norm=0.2137 learning_rate=2.436e-05 epoch=0.6827
2026-10-10T03:55:06Z step 650/938 loss=0.01661 grad_norm=0.4844 learning_rate=2.289e-05 epoch=0.6933
2026-10-10T03:56:02Z step 660/938 loss=0.00622 grad_norm=0.1202 learning_rate=2.145e-05 epoch=0.704
2026-10-10T03:56:59Z step 670/938 loss=0.007319 grad_norm=0.2425 learning_rate=2.005e-05 epoch=0.7147
2026-10-10T03:57:56Z step 680/938 loss=0.02067 grad_norm=0.594 learning_rate=1.869e-05 epoch=0.7253
2026-10-10T03:58:53Z step 690/938 loss=0.0197 grad_norm=0.06193 learning_rate=1.736e-05 epoch=0.736
2026-10-10T03:59:50Z step 700/938 loss=0.01379 grad_norm=0.1991 learning_rate=1.608e-05 epoch=0.7467
2026-10-10T04:00:48Z step 710/938 loss=0.01428 grad_norm=0.1569 learning_rate=1.483e-05 epoch=0.7573
2026-10-10T04:01:46Z step 720/938 loss=0.01058 grad_norm=0.1392 learning_rate=1.362e-05 epoch=0.768
2026-10-10T04:02:43Z step 730/938 loss=0.006825 grad_norm=0.2517 learning_rate=1.246e-05 epoch=0.7787
2026-10-10T04:03:41Z step 740/938 loss=0.01476 grad_norm=0.4071 learning_rate=1.134e-05 epoch=0.7893
2026-10-10T04:04:39Z step 750/938 loss=0.01025 grad_norm=0.1291 learning_rate=1.027e-05 epoch=0.8
2026-10-10T04:07:43Z step 760/938 loss=0.01253 grad_norm=0.07195 learning_rate=9.247e-06 epoch=0.8107
2026-10-10T04:08:40Z step 770/938 loss=0.00882 grad_norm=0.3496 learning_rate=8.271e-06 epoch=0.8213
2026-10-10T04:09:38Z step 780/938 loss=0.01495 grad_norm=0.6451 learning_rate=7.345e-06 epoch=0.832
2026-10-10T04:10:36Z step 790/938 loss=0.01264 grad_norm=0.4745 learning_rate=6.47e-06 epoch=0.8427
2026-10-10T04:11:34Z step 800/938 loss=0.01129 grad_norm=0.3825 learning_rate=5.647e-06 epoch=0.8533
2026-10-10T04:12:32Z step 810/938 loss=0.01051 grad_norm=0.3374 learning_rate=4.877e-06 epoch=0.864
2026-10-10T04:13:29Z step 820/938 loss=0.008275 grad_norm=0.2412 learning_rate=4.16e-06 epoch=0.8747
2026-10-10T04:14:27Z step 830/938 loss=0.01352 grad_norm=0.0838 learning_rate=3.498e-06 epoch=0.8853
2026-10-10T04:15:24Z step 840/938 loss=0.006362 grad_norm=0.2047 learning_rate=2.892e-06 epoch=0.896
2026-10-10T04:16:22Z step 850/938 loss=0.01081 grad_norm=0.2052 learning_rate=2.342e-06 epoch=0.9067
2026-10-10T04:17:19Z step 860/938 loss=0.01522 grad_norm=0.2152 learning_rate=1.848e-06 epoch=0.9173
2026-10-10T04:18:14Z step 870/938 loss=0.007662 grad_norm=0.02575 learning_rate=1.412e-06 epoch=0.928
2026-10-10T04:19:10Z step 880/938 loss=0.01174 grad_norm=0.1545 learning_rate=1.034e-06 epoch=0.9387
2026-10-10T04:20:07Z step 890/938 loss=0.008238 grad_norm=0.1255 learning_rate=7.137e-07 epoch=0.9493
2026-10-10T04:21:04Z step 900/938 loss=0.01259 grad_norm=0.3512 learning_rate=4.525e-07 epoch=0.96
2026-10-10T04:22:01Z step 910/938 loss=0.009193 grad_norm=0.2635 learning_rate=2.504e-07 epoch=0.9707
2026-10-10T04:22:57Z step 920/938 loss=0.0105 grad_norm=0.06673 learning_rate=1.075e-07 epoch=0.9813
2026-10-10T04:23:55Z step 930/938 loss=0.004774 grad_norm=0.04166 learning_rate=2.413e-08 epoch=0.992
2026-10-10T04:24:37Z step 938/938 train_runtime=6015 train_samples_per_second=9.976 train_steps_per_second=0.156 total_flos=1.059e+18 train_loss=0.03397 epoch=1
2026-10-10T04:25:48Z trained 938 steps in 100.3 min, 2215.2 tok/s, peak 23.24 GB
2026-10-10T04:25:58Z u path: fp32-hidden (max |u_fp32 - u_bf16logits| = 0.0347)
2026-10-10T04:25:59Z padding self-check: max |u_batch - u_single| = 0.1640 (tol 0.871) -> left padding
2026-10-10T04:27:22Z B-V2-verdict-triplets-s0 rule_v2/dev: TA 93.3 Rev 99.0 Hold 94.0 n=300 (93.1 s)
2026-10-10T04:36:40Z B-V2-verdict-triplets-s0 rule_v2/test_L2: TA 88.5 Rev 95.2 Hold 92.8 n=2000 (557.1 s)
2026-10-10T04:45:56Z B-V2-verdict-triplets-s0 rule_v1/test_L2: TA 93.8 Rev 94.3 Hold 98.7 n=2000 (556.0 s)
2026-10-10T04:48:01Z B-V2-verdict-triplets-s0 xr_v1/test: TA nan Rev nan Hold nan n=None (124.2 s)
2026-10-10T04:49:00Z B-V2-verdict-triplets-s0 cls_v1/dev: TA 73.0 Rev 91.7 Hold 80.0 n=300 (57.7 s)
2026-10-10T04:52:49Z B-V2-verdict-triplets-s0 cls_v1/test: TA 74.1 Rev 93.1 Hold 79.4 n=1200 (227.7 s)
2026-10-10T04:52:50Z DONE B-V2-verdict-triplets-s0 in 128.8 min, GPU util mean 88.4
