2026-10-02T16:12:40Z step 10/938 loss=1.889 grad_norm=2.558 learning_rate=3.214e-05 epoch=0.01067
2026-10-02T16:13:46Z step 20/938 loss=0.3976 grad_norm=0.5007 learning_rate=6.786e-05 epoch=0.02133
2026-10-02T16:14:53Z step 30/938 loss=0.07484 grad_norm=0.2676 learning_rate=0.0001 epoch=0.032
2026-10-02T16:15:58Z step 40/938 loss=0.04553 grad_norm=0.1471 learning_rate=9.996e-05 epoch=0.04267
2026-10-02T16:17:07Z step 50/938 loss=0.0314 grad_norm=0.3156 learning_rate=9.987e-05 epoch=0.05333
2026-10-02T16:18:14Z step 60/938 loss=0.01723 grad_norm=0.1814 learning_rate=9.971e-05 epoch=0.064
2026-10-02T16:19:22Z step 70/938 loss=0.01231 grad_norm=0.1899 learning_rate=9.95e-05 epoch=0.07467
2026-10-02T16:20:28Z step 80/938 loss=0.009383 grad_norm=0.07976 learning_rate=9.923e-05 epoch=0.08533
2026-10-02T16:21:35Z step 90/938 loss=0.008963 grad_norm=0.08492 learning_rate=9.89e-05 epoch=0.096
2026-10-02T16:22:42Z step 100/938 loss=0.007744 grad_norm=0.07185 learning_rate=9.851e-05 epoch=0.1067
2026-10-02T16:23:48Z step 110/938 loss=0.008068 grad_norm=0.08679 learning_rate=9.806e-05 epoch=0.1173
2026-10-02T16:24:54Z step 120/938 loss=0.007865 grad_norm=0.04775 learning_rate=9.755e-05 epoch=0.128
2026-10-02T16:26:01Z step 130/938 loss=0.006304 grad_norm=0.09208 learning_rate=9.699e-05 epoch=0.1387
2026-10-02T16:27:09Z step 140/938 loss=0.006973 grad_norm=0.08195 learning_rate=9.637e-05 epoch=0.1493
2026-10-02T16:28:15Z step 150/938 loss=0.005855 grad_norm=0.04552 learning_rate=9.57e-05 epoch=0.16
2026-10-02T16:29:27Z step 160/938 loss=0.006017 grad_norm=0.05095 learning_rate=9.497e-05 epoch=0.1707
2026-10-02T16:30:34Z step 170/938 loss=0.007049 grad_norm=0.05034 learning_rate=9.419e-05 epoch=0.1813
2026-10-02T16:31:41Z step 180/938 loss=0.005939 grad_norm=0.07058 learning_rate=9.336e-05 epoch=0.192
2026-10-02T16:32:48Z step 190/938 loss=0.005536 grad_norm=0.05983 learning_rate=9.247e-05 epoch=0.2027
2026-10-02T16:33:53Z step 200/938 loss=0.00377 grad_norm=0.05551 learning_rate=9.154e-05 epoch=0.2133
2026-10-02T16:34:58Z step 210/938 loss=0.004201 grad_norm=0.1978 learning_rate=9.055e-05 epoch=0.224
2026-10-02T16:36:04Z step 220/938 loss=0.004767 grad_norm=0.04587 learning_rate=8.952e-05 epoch=0.2347
2026-10-02T16:37:11Z step 230/938 loss=0.00431 grad_norm=0.02786 learning_rate=8.844e-05 epoch=0.2453
2026-10-02T16:38:17Z step 240/938 loss=0.004814 grad_norm=0.04531 learning_rate=8.731e-05 epoch=0.256
2026-10-02T16:39:24Z step 250/938 loss=0.004871 grad_norm=0.078 learning_rate=8.614e-05 epoch=0.2667
2026-10-02T16:40:30Z step 260/938 loss=0.005235 grad_norm=0.03656 learning_rate=8.493e-05 epoch=0.2773
2026-10-02T16:41:36Z step 270/938 loss=0.003874 grad_norm=0.02169 learning_rate=8.367e-05 epoch=0.288
2026-10-02T16:42:43Z step 280/938 loss=0.005145 grad_norm=0.03804 learning_rate=8.237e-05 epoch=0.2987
2026-10-02T16:43:49Z step 290/938 loss=0.003335 grad_norm=0.04492 learning_rate=8.104e-05 epoch=0.3093
2026-10-02T16:44:56Z step 300/938 loss=0.00426 grad_norm=0.04752 learning_rate=7.967e-05 epoch=0.32
2026-10-02T16:46:01Z step 310/938 loss=0.004011 grad_norm=0.04698 learning_rate=7.826e-05 epoch=0.3307
2026-10-02T16:47:07Z step 320/938 loss=0.00403 grad_norm=0.0556 learning_rate=7.682e-05 epoch=0.3413
2026-10-02T16:48:14Z step 330/938 loss=0.003665 grad_norm=0.0414 learning_rate=7.535e-05 epoch=0.352
2026-10-02T16:49:26Z step 340/938 loss=0.003281 grad_norm=0.03187 learning_rate=7.385e-05 epoch=0.3627
2026-10-02T16:50:33Z step 350/938 loss=0.003101 grad_norm=0.02533 learning_rate=7.231e-05 epoch=0.3733
2026-10-02T16:51:40Z step 360/938 loss=0.002559 grad_norm=0.02784 learning_rate=7.076e-05 epoch=0.384
2026-10-02T16:52:47Z step 370/938 loss=0.003523 grad_norm=0.0191 learning_rate=6.917e-05 epoch=0.3947
2026-10-02T16:53:54Z step 380/938 loss=0.003373 grad_norm=0.02535 learning_rate=6.757e-05 epoch=0.4053
2026-10-02T16:54:59Z step 390/938 loss=0.00335 grad_norm=0.04261 learning_rate=6.594e-05 epoch=0.416
2026-10-02T16:56:06Z step 400/938 loss=0.004454 grad_norm=0.02385 learning_rate=6.43e-05 epoch=0.4267
2026-10-02T16:57:11Z step 410/938 loss=0.00368 grad_norm=0.02861 learning_rate=6.264e-05 epoch=0.4373
2026-10-02T16:58:17Z step 420/938 loss=0.003414 grad_norm=0.1058 learning_rate=6.096e-05 epoch=0.448
2026-10-02T16:59:23Z step 430/938 loss=0.00279 grad_norm=0.03964 learning_rate=5.927e-05 epoch=0.4587
2026-10-02T17:00:31Z step 440/938 loss=0.002994 grad_norm=0.0197 learning_rate=5.757e-05 epoch=0.4693
2026-10-02T17:01:38Z step 450/938 loss=0.003213 grad_norm=0.03459 learning_rate=5.586e-05 epoch=0.48
2026-10-02T17:02:45Z step 460/938 loss=0.002985 grad_norm=0.1264 learning_rate=5.414e-05 epoch=0.4907
2026-10-02T17:03:52Z step 470/938 loss=0.003311 grad_norm=0.03866 learning_rate=5.242e-05 epoch=0.5013
2026-10-02T17:04:56Z step 480/938 loss=0.003083 grad_norm=0.04166 learning_rate=5.069e-05 epoch=0.512
2026-10-02T17:06:02Z step 490/938 loss=0.003823 grad_norm=0.03534 learning_rate=4.896e-05 epoch=0.5227
2026-10-02T17:07:08Z step 500/938 loss=0.002881 grad_norm=0.02239 learning_rate=4.724e-05 epoch=0.5333
2026-10-02T17:08:14Z step 510/938 loss=0.002378 grad_norm=0.01736 learning_rate=4.552e-05 epoch=0.544
2026-10-02T17:09:28Z step 520/938 loss=0.003245 grad_norm=0.02665 learning_rate=4.38e-05 epoch=0.5547
2026-10-02T17:10:34Z step 530/938 loss=0.002751 grad_norm=0.02304 learning_rate=4.209e-05 epoch=0.5653
2026-10-02T17:11:40Z step 540/938 loss=0.002335 grad_norm=0.01702 learning_rate=4.039e-05 epoch=0.576
2026-10-02T17:12:48Z step 550/938 loss=0.002343 grad_norm=0.03898 learning_rate=3.871e-05 epoch=0.5867
2026-10-02T17:13:55Z step 560/938 loss=0.002318 grad_norm=0.0246 learning_rate=3.703e-05 epoch=0.5973
2026-10-02T17:15:02Z step 570/938 loss=0.00311 grad_norm=0.05059 learning_rate=3.537e-05 epoch=0.608
2026-10-02T17:16:09Z step 580/938 loss=0.002209 grad_norm=0.02858 learning_rate=3.373e-05 epoch=0.6187
2026-10-02T17:17:16Z step 590/938 loss=0.002864 grad_norm=0.02585 learning_rate=3.211e-05 epoch=0.6293
2026-10-02T17:18:22Z step 600/938 loss=0.003174 grad_norm=0.02305 learning_rate=3.051e-05 epoch=0.64
2026-10-02T17:19:28Z step 610/938 loss=0.002175 grad_norm=0.02304 learning_rate=2.893e-05 epoch=0.6507
2026-10-02T17:20:34Z step 620/938 loss=0.003607 grad_norm=0.02171 learning_rate=2.738e-05 epoch=0.6613
2026-10-02T17:21:40Z step 630/938 loss=0.00321 grad_norm=0.01866 learning_rate=2.585e-05 epoch=0.672
2026-10-02T17:22:47Z step 640/938 loss=0.002932 grad_norm=0.02181 learning_rate=2.436e-05 epoch=0.6827
2026-10-02T17:23:54Z step 650/938 loss=0.00291 grad_norm=0.01666 learning_rate=2.289e-05 epoch=0.6933
2026-10-02T17:24:59Z step 660/938 loss=0.002513 grad_norm=0.01758 learning_rate=2.145e-05 epoch=0.704
2026-10-02T17:26:06Z step 670/938 loss=0.002395 grad_norm=0.01872 learning_rate=2.005e-05 epoch=0.7147
2026-10-02T17:27:12Z step 680/938 loss=0.002428 grad_norm=0.03185 learning_rate=1.869e-05 epoch=0.7253
2026-10-02T17:28:18Z step 690/938 loss=0.002285 grad_norm=0.02325 learning_rate=1.736e-05 epoch=0.736
2026-10-02T17:29:31Z step 700/938 loss=0.00191 grad_norm=0.03838 learning_rate=1.608e-05 epoch=0.7467
2026-10-02T17:30:38Z step 710/938 loss=0.00255 grad_norm=0.05543 learning_rate=1.483e-05 epoch=0.7573
2026-10-02T17:31:45Z step 720/938 loss=0.002638 grad_norm=0.01704 learning_rate=1.362e-05 epoch=0.768
2026-10-02T17:32:52Z step 730/938 loss=0.003018 grad_norm=0.04537 learning_rate=1.246e-05 epoch=0.7787
2026-10-02T17:33:59Z step 740/938 loss=0.002492 grad_norm=0.0189 learning_rate=1.134e-05 epoch=0.7893
2026-10-02T17:35:04Z step 750/938 loss=0.002751 grad_norm=0.01865 learning_rate=1.027e-05 epoch=0.8
2026-10-02T17:36:10Z step 760/938 loss=0.001989 grad_norm=0.025 learning_rate=9.247e-06 epoch=0.8107
2026-10-02T17:37:16Z step 770/938 loss=0.002501 grad_norm=0.02924 learning_rate=8.271e-06 epoch=0.8213
2026-10-02T17:38:22Z step 780/938 loss=0.002656 grad_norm=0.03675 learning_rate=7.345e-06 epoch=0.832
2026-10-02T17:39:29Z step 790/938 loss=0.002383 grad_norm=0.02888 learning_rate=6.47e-06 epoch=0.8427
2026-10-02T17:40:36Z step 800/938 loss=0.002504 grad_norm=0.01981 learning_rate=5.647e-06 epoch=0.8533
2026-10-02T17:41:41Z step 810/938 loss=0.002057 grad_norm=0.02425 learning_rate=4.877e-06 epoch=0.864
2026-10-02T17:42:49Z step 820/938 loss=0.002304 grad_norm=0.02243 learning_rate=4.16e-06 epoch=0.8747
2026-10-02T17:43:55Z step 830/938 loss=0.002353 grad_norm=0.02025 learning_rate=3.498e-06 epoch=0.8853
2026-10-02T17:45:00Z step 840/938 loss=0.00278 grad_norm=0.02574 learning_rate=2.892e-06 epoch=0.896
2026-10-02T17:46:06Z step 850/938 loss=0.002531 grad_norm=0.03228 learning_rate=2.342e-06 epoch=0.9067
2026-10-02T17:47:12Z step 860/938 loss=0.002521 grad_norm=0.02375 learning_rate=1.848e-06 epoch=0.9173
2026-10-02T17:48:19Z step 870/938 loss=0.002343 grad_norm=0.1144 learning_rate=1.412e-06 epoch=0.928
2026-10-02T17:49:31Z step 880/938 loss=0.002794 grad_norm=0.1083 learning_rate=1.034e-06 epoch=0.9387
2026-10-02T17:50:39Z step 890/938 loss=0.002759 grad_norm=0.07902 learning_rate=7.137e-07 epoch=0.9493
2026-10-02T17:51:45Z step 900/938 loss=0.003247 grad_norm=0.007926 learning_rate=4.525e-07 epoch=0.96
2026-10-02T17:52:51Z step 910/938 loss=0.002668 grad_norm=0.02149 learning_rate=2.504e-07 epoch=0.9707
2026-10-02T17:53:56Z step 920/938 loss=0.002633 grad_norm=0.0336 learning_rate=1.075e-07 epoch=0.9813
2026-10-02T17:55:01Z step 930/938 loss=0.002203 grad_norm=0.01612 learning_rate=2.413e-08 epoch=0.992
2026-10-02T17:55:51Z step 938/938 train_runtime=6405 train_samples_per_second=9.368 train_steps_per_second=0.146 total_flos=1.25e+18 train_loss=0.02967 epoch=1
2026-10-02T17:55:56Z trained 938 steps in 106.8 min, 2520.6 tok/s, peak 21.94 GB
2026-10-02T17:56:09Z u path: fp32-hidden (max |u_fp32 - u_bf16logits| = 0.0849)
2026-10-02T17:56:11Z padding self-check: max |u_batch - u_single| = 0.2036 (tol 0.630) -> left padding
2026-10-02T18:01:44Z B-F-rationale-triplets-s0 rule_v1/dev: TA 98.0 Rev 98.0 Hold 100.0 n=300 (346.8 s)
2026-10-02T18:04:23Z B-F-rationale-triplets-s0 rule_v1/dev_missing: TA nan Rev nan Hold nan n=None (158.8 s)
2026-10-02T18:09:08Z generate: batch 25/29, 222155 tokens, 783 tok/s
2026-10-02T18:13:02Z B-F-rationale-triplets-s0 rule_v1/missing: TA nan Rev nan Hold nan n=None (518.5 s)
2026-10-02T18:16:25Z generate: batch 25/73, 208366 tokens, 1039 tok/s
2026-10-02T18:20:39Z generate: batch 50/73, 453417 tokens, 999 tok/s
2026-10-02T18:31:49Z B-F-rationale-triplets-s0 rule_v1/readapply: TA 99.3 Rev 99.3 Hold 100.0 n=1000 (1126.9 s)
2026-10-02T18:35:31Z generate: batch 25/59, 218021 tokens, 989 tok/s
2026-10-02T18:40:21Z generate: batch 50/59, 451031 tokens, 884 tok/s
2026-10-02T18:47:56Z B-F-rationale-triplets-s0 rule_v1/test_L0: TA 98.1 Rev 98.2 Hold 99.9 n=1000 (967.0 s)
2026-10-02T18:51:50Z generate: batch 25/59, 221772 tokens, 966 tok/s
2026-10-02T18:56:39Z generate: batch 50/59, 464759 tokens, 897 tok/s
2026-10-02T19:04:09Z B-F-rationale-triplets-s0 rule_v1/test_L1: TA 97.7 Rev 97.7 Hold 99.7 n=1000 (972.8 s)
2026-10-02T19:08:19Z generate: batch 25/115, 216690 tokens, 884 tok/s
2026-10-02T19:12:54Z generate: batch 50/115, 452893 tokens, 872 tok/s
2026-10-02T19:17:44Z generate: batch 75/115, 717346 tokens, 885 tok/s
2026-10-02T19:23:28Z generate: batch 100/115, 952088 tokens, 825 tok/s
2026-10-02T19:38:46Z B-F-rationale-triplets-s0 rule_v1/test_L2: TA 91.0 Rev 91.3 Hold 99.6 n=2000 (2076.9 s)
2026-10-02T19:42:44Z generate: batch 25/51, 225653 tokens, 956 tok/s
2026-10-02T19:47:24Z generate: batch 50/51, 533555 tokens, 1035 tok/s
2026-10-02T19:51:41Z B-F-rationale-triplets-s0 rule_v1/test_L3alt: TA 100.0 Rev 100.0 Hold 100.0 n=1000 (774.7 s)
2026-10-02T19:55:32Z generate: batch 25/63, 221402 tokens, 971 tok/s
2026-10-02T20:00:23Z generate: batch 50/63, 467828 tokens, 902 tok/s
2026-10-02T20:09:10Z B-F-rationale-triplets-s0 rule_v1/test_L3inv: TA 96.5 Rev 97.2 Hold 99.0 n=1000 (1048.5 s)
2026-10-02T20:14:30Z generate: batch 25/57, 248160 tokens, 782 tok/s
2026-10-02T20:20:31Z generate: batch 50/57, 473800 tokens, 699 tok/s
2026-10-02T20:29:40Z B-F-rationale-triplets-s0 rule_v1/test_hard: TA 90.4 Rev 90.9 Hold 98.9 n=1000 (1230.0 s)
2026-10-02T20:29:41Z DONE B-F-rationale-triplets-s0 in 261.0 min, GPU util mean 95.8
