2026-10-10T09:41:55Z step 10/938 loss=3.625 grad_norm=4.521 learning_rate=3.214e-05 epoch=0.01067
2026-10-10T09:42:22Z step 20/938 loss=0.8392 grad_norm=1.78 learning_rate=6.786e-05 epoch=0.02133
2026-10-10T09:42:51Z step 30/938 loss=0.2513 grad_norm=1.798 learning_rate=0.0001 epoch=0.032
2026-10-10T09:43:19Z step 40/938 loss=0.1497 grad_norm=1.149 learning_rate=9.996e-05 epoch=0.04267
2026-10-10T09:43:46Z step 50/938 loss=0.1154 grad_norm=1.825 learning_rate=9.987e-05 epoch=0.05333
2026-10-10T09:44:14Z step 60/938 loss=0.1286 grad_norm=0.3194 learning_rate=9.971e-05 epoch=0.064
2026-10-10T09:44:42Z step 70/938 loss=0.1077 grad_norm=0.2656 learning_rate=9.95e-05 epoch=0.07467
2026-10-10T09:45:09Z step 80/938 loss=0.1056 grad_norm=0.4519 learning_rate=9.923e-05 epoch=0.08533
2026-10-10T09:45:37Z step 90/938 loss=0.09461 grad_norm=0.2187 learning_rate=9.89e-05 epoch=0.096
2026-10-10T09:46:04Z step 100/938 loss=0.1136 grad_norm=0.4184 learning_rate=9.851e-05 epoch=0.1067
2026-10-10T09:46:31Z step 110/938 loss=0.1162 grad_norm=0.2892 learning_rate=9.806e-05 epoch=0.1173
2026-10-10T09:47:00Z step 120/938 loss=0.08853 grad_norm=0.1212 learning_rate=9.755e-05 epoch=0.128
2026-10-10T09:47:28Z step 130/938 loss=0.1003 grad_norm=0.2194 learning_rate=9.699e-05 epoch=0.1387
2026-10-10T09:47:56Z step 140/938 loss=0.09316 grad_norm=0.04044 learning_rate=9.637e-05 epoch=0.1493
2026-10-10T09:48:23Z step 150/938 loss=0.1006 grad_norm=0.1049 learning_rate=9.57e-05 epoch=0.16
2026-10-10T09:48:51Z step 160/938 loss=0.1245 grad_norm=0.1837 learning_rate=9.497e-05 epoch=0.1707
2026-10-10T09:49:19Z step 170/938 loss=0.09324 grad_norm=0.09707 learning_rate=9.419e-05 epoch=0.1813
2026-10-10T09:49:46Z step 180/938 loss=0.08912 grad_norm=0.2297 learning_rate=9.336e-05 epoch=0.192
2026-10-10T09:50:13Z step 190/938 loss=0.123 grad_norm=0.3335 learning_rate=9.247e-05 epoch=0.2027
2026-10-10T09:50:41Z step 200/938 loss=0.1083 grad_norm=0.142 learning_rate=9.154e-05 epoch=0.2133
2026-10-10T09:51:07Z step 210/938 loss=0.1319 grad_norm=0.176 learning_rate=9.055e-05 epoch=0.224
2026-10-10T09:52:03Z step 220/938 loss=0.08743 grad_norm=0.3256 learning_rate=8.952e-05 epoch=0.2347
2026-10-10T09:52:30Z step 230/938 loss=0.1116 grad_norm=0.5943 learning_rate=8.844e-05 epoch=0.2453
2026-10-10T09:53:05Z step 240/938 loss=0.0929 grad_norm=0.3194 learning_rate=8.731e-05 epoch=0.256
2026-10-10T09:53:32Z step 250/938 loss=0.09053 grad_norm=0.2644 learning_rate=8.614e-05 epoch=0.2667
2026-10-10T09:54:00Z step 260/938 loss=0.09582 grad_norm=0.162 learning_rate=8.493e-05 epoch=0.2773
2026-10-10T09:54:27Z step 270/938 loss=0.1101 grad_norm=0.5688 learning_rate=8.367e-05 epoch=0.288
2026-10-10T09:54:56Z step 280/938 loss=0.08563 grad_norm=0.2179 learning_rate=8.237e-05 epoch=0.2987
2026-10-10T09:55:23Z step 290/938 loss=0.08968 grad_norm=0.1762 learning_rate=8.104e-05 epoch=0.3093
2026-10-10T09:55:50Z step 300/938 loss=0.07716 grad_norm=0.2031 learning_rate=7.967e-05 epoch=0.32
2026-10-10T09:56:17Z step 310/938 loss=0.1046 grad_norm=0.9286 learning_rate=7.826e-05 epoch=0.3307
2026-10-10T09:56:44Z step 320/938 loss=0.1007 grad_norm=0.2923 learning_rate=7.682e-05 epoch=0.3413
2026-10-10T09:57:12Z step 330/938 loss=0.095 grad_norm=1.266 learning_rate=7.535e-05 epoch=0.352
2026-10-10T09:57:39Z step 340/938 loss=0.0806 grad_norm=0.03146 learning_rate=7.385e-05 epoch=0.3627
2026-10-10T09:58:07Z step 350/938 loss=0.09151 grad_norm=0.4803 learning_rate=7.231e-05 epoch=0.3733
2026-10-10T09:58:34Z step 360/938 loss=0.08326 grad_norm=0.2261 learning_rate=7.076e-05 epoch=0.384
2026-10-10T09:59:02Z step 370/938 loss=0.1223 grad_norm=0.2412 learning_rate=6.917e-05 epoch=0.3947
2026-10-10T09:59:29Z step 380/938 loss=0.1045 grad_norm=0.2247 learning_rate=6.757e-05 epoch=0.4053
2026-10-10T09:59:56Z step 390/938 loss=0.08709 grad_norm=0.5043 learning_rate=6.594e-05 epoch=0.416
2026-10-10T10:00:57Z step 400/938 loss=0.07552 grad_norm=0.1417 learning_rate=6.43e-05 epoch=0.4267
2026-10-10T10:08:00Z step 410/938 loss=0.09575 grad_norm=0.2551 learning_rate=6.264e-05 epoch=0.4373
2026-10-10T10:08:27Z step 420/938 loss=0.07871 grad_norm=0.1946 learning_rate=6.096e-05 epoch=0.448
2026-10-10T10:08:55Z step 430/938 loss=0.08943 grad_norm=0.2376 learning_rate=5.927e-05 epoch=0.4587
2026-10-10T10:09:23Z step 440/938 loss=0.09556 grad_norm=0.2436 learning_rate=5.757e-05 epoch=0.4693
2026-10-10T10:09:50Z step 450/938 loss=0.07568 grad_norm=0.1208 learning_rate=5.586e-05 epoch=0.48
2026-10-10T10:10:19Z step 460/938 loss=0.08882 grad_norm=0.4185 learning_rate=5.414e-05 epoch=0.4907
2026-10-10T10:10:45Z step 470/938 loss=0.09566 grad_norm=0.101 learning_rate=5.242e-05 epoch=0.5013
2026-10-10T10:11:14Z step 480/938 loss=0.08317 grad_norm=0.2375 learning_rate=5.069e-05 epoch=0.512
2026-10-10T10:11:41Z step 490/938 loss=0.07138 grad_norm=0.1488 learning_rate=4.896e-05 epoch=0.5227
2026-10-10T10:12:08Z step 500/938 loss=0.07974 grad_norm=0.3486 learning_rate=4.724e-05 epoch=0.5333
2026-10-10T10:12:35Z step 510/938 loss=0.08719 grad_norm=0.2538 learning_rate=4.552e-05 epoch=0.544
2026-10-10T10:13:46Z step 520/938 loss=0.07003 grad_norm=0.4565 learning_rate=4.38e-05 epoch=0.5547
2026-10-10T10:14:13Z step 530/938 loss=0.07786 grad_norm=0.1816 learning_rate=4.209e-05 epoch=0.5653
2026-10-10T10:14:44Z step 540/938 loss=0.09465 grad_norm=0.4728 learning_rate=4.039e-05 epoch=0.576
2026-10-10T10:15:12Z step 550/938 loss=0.07754 grad_norm=0.4097 learning_rate=3.871e-05 epoch=0.5867
2026-10-10T10:15:48Z step 560/938 loss=0.07575 grad_norm=0.3357 learning_rate=3.703e-05 epoch=0.5973
2026-10-10T10:16:14Z step 570/938 loss=0.07812 grad_norm=0.4655 learning_rate=3.537e-05 epoch=0.608
2026-10-10T10:16:44Z step 580/938 loss=0.08662 grad_norm=0.8245 learning_rate=3.373e-05 epoch=0.6187
2026-10-10T10:17:12Z step 590/938 loss=0.06825 grad_norm=0.3518 learning_rate=3.211e-05 epoch=0.6293
2026-10-10T10:17:40Z step 600/938 loss=0.06494 grad_norm=0.4842 learning_rate=3.051e-05 epoch=0.64
2026-10-10T10:18:10Z step 610/938 loss=0.07679 grad_norm=0.1578 learning_rate=2.893e-05 epoch=0.6507
2026-10-10T10:18:38Z step 620/938 loss=0.04898 grad_norm=0.1462 learning_rate=2.738e-05 epoch=0.6613
2026-10-10T10:19:06Z step 630/938 loss=0.07363 grad_norm=0.2098 learning_rate=2.585e-05 epoch=0.672
2026-10-10T10:19:34Z step 640/938 loss=0.06047 grad_norm=0.34 learning_rate=2.436e-05 epoch=0.6827
2026-10-10T10:20:02Z step 650/938 loss=0.06585 grad_norm=0.1946 learning_rate=2.289e-05 epoch=0.6933
2026-10-10T10:20:29Z step 660/938 loss=0.06615 grad_norm=0.6883 learning_rate=2.145e-05 epoch=0.704
2026-10-10T10:20:56Z step 670/938 loss=0.07786 grad_norm=0.1509 learning_rate=2.005e-05 epoch=0.7147
2026-10-10T10:21:23Z step 680/938 loss=0.067 grad_norm=0.4966 learning_rate=1.869e-05 epoch=0.7253
2026-10-10T10:26:41Z step 690/938 loss=0.05194 grad_norm=0.365 learning_rate=1.736e-05 epoch=0.736
2026-10-10T10:27:09Z step 700/938 loss=0.05124 grad_norm=0.6503 learning_rate=1.608e-05 epoch=0.7467
2026-10-10T10:27:37Z step 710/938 loss=0.04122 grad_norm=0.6329 learning_rate=1.483e-05 epoch=0.7573
2026-10-10T10:28:04Z step 720/938 loss=0.03996 grad_norm=0.2579 learning_rate=1.362e-05 epoch=0.768
2026-10-10T10:28:32Z step 730/938 loss=0.03872 grad_norm=0.1042 learning_rate=1.246e-05 epoch=0.7787
2026-10-10T10:28:59Z step 740/938 loss=0.05028 grad_norm=0.2419 learning_rate=1.134e-05 epoch=0.7893
2026-10-10T10:29:26Z step 750/938 loss=0.05727 grad_norm=0.3865 learning_rate=1.027e-05 epoch=0.8
2026-10-10T10:29:55Z step 760/938 loss=0.05679 grad_norm=0.4154 learning_rate=9.247e-06 epoch=0.8107
2026-10-10T10:30:22Z step 770/938 loss=0.06989 grad_norm=0.5468 learning_rate=8.271e-06 epoch=0.8213
2026-10-10T10:30:50Z step 780/938 loss=0.07427 grad_norm=0.2891 learning_rate=7.345e-06 epoch=0.832
2026-10-10T10:31:17Z step 790/938 loss=0.03661 grad_norm=0.2556 learning_rate=6.47e-06 epoch=0.8427
2026-10-10T10:31:45Z step 800/938 loss=0.05266 grad_norm=0.302 learning_rate=5.647e-06 epoch=0.8533
2026-10-10T10:32:12Z step 810/938 loss=0.0568 grad_norm=0.443 learning_rate=4.877e-06 epoch=0.864
2026-10-10T10:32:40Z step 820/938 loss=0.062 grad_norm=0.2635 learning_rate=4.16e-06 epoch=0.8747
2026-10-10T10:33:07Z step 830/938 loss=0.05589 grad_norm=0.6252 learning_rate=3.498e-06 epoch=0.8853
2026-10-10T10:33:34Z step 840/938 loss=0.04848 grad_norm=0.3907 learning_rate=2.892e-06 epoch=0.896
2026-10-10T10:34:01Z step 850/938 loss=0.03203 grad_norm=0.1538 learning_rate=2.342e-06 epoch=0.9067
2026-10-10T10:34:29Z step 860/938 loss=0.07435 grad_norm=0.6634 learning_rate=1.848e-06 epoch=0.9173
2026-10-10T10:34:56Z step 870/938 loss=0.05193 grad_norm=0.3979 learning_rate=1.412e-06 epoch=0.928
2026-10-10T10:35:23Z step 880/938 loss=0.0453 grad_norm=0.1805 learning_rate=1.034e-06 epoch=0.9387
2026-10-10T10:35:50Z step 890/938 loss=0.03885 grad_norm=0.5326 learning_rate=7.137e-07 epoch=0.9493
2026-10-10T10:36:18Z step 900/938 loss=0.04221 grad_norm=0.3202 learning_rate=4.525e-07 epoch=0.96
2026-10-10T10:36:45Z step 910/938 loss=0.0486 grad_norm=0.5833 learning_rate=2.504e-07 epoch=0.9707
2026-10-10T10:37:13Z step 920/938 loss=0.05987 grad_norm=0.7336 learning_rate=1.075e-07 epoch=0.9813
2026-10-10T10:37:40Z step 930/938 loss=0.05257 grad_norm=0.4505 learning_rate=2.413e-08 epoch=0.992
2026-10-10T10:38:12Z step 938/938 train_runtime=3405 train_samples_per_second=17.62 train_steps_per_second=0.275 total_flos=1.286e+18 train_loss=0.1277 epoch=1
2026-10-10T10:38:55Z trained 938 steps in 56.8 min, 4613.2 tok/s, peak 34.15 GB
2026-10-10T10:38:57Z u path: fp32-hidden (max |u_fp32 - u_bf16logits| = 0.0266)
2026-10-10T10:38:58Z padding self-check: max |u_batch - u_single| = 0.0801 (tol 0.632) -> left padding
2026-10-10T10:39:59Z B-V2-reader-lo_class-s0 rule_v2/dev: TA 88.3 Rev 99.7 Hold 88.3 n=300 (63.8 s)
2026-10-10T10:42:45Z generate: batch 25/32, 280393 tokens, 1750 tok/s
2026-10-10T10:47:06Z B-V2-reader-lo_class-s0 rule_v2/test_L2: TA 85.7 Rev 98.9 Hold 86.8 n=2000 (425.8 s)
2026-10-10T10:49:53Z generate: batch 25/32, 261505 tokens, 1586 tok/s
2026-10-10T10:54:09Z B-V2-reader-lo_class-s0 rule_v1/test_L2: TA 99.1 Rev 99.1 Hold 100.0 n=2000 (422.6 s)
2026-10-10T10:56:29Z B-V2-reader-lo_class-s0 xr_v1/test: TA nan Rev nan Hold nan n=None (139.8 s)
2026-10-10T10:57:18Z B-V2-reader-lo_class-s0 cls_v1/dev: TA 36.3 Rev 99.0 Hold 37.0 n=300 (47.7 s)
2026-10-10T11:00:22Z B-V2-reader-lo_class-s0 cls_v1/test: TA 25.8 Rev 99.8 Hold 25.8 n=1200 (184.1 s)
2026-10-10T11:00:23Z DONE B-V2-reader-lo_class-s0 in 79.4 min, GPU util mean 83.1
