2026-10-03T11:55:19Z step 10/938 loss=0.8039 grad_norm=8.271 learning_rate=3.214e-05 epoch=0.01067
2026-10-03T11:55:45Z step 20/938 loss=0.4827 grad_norm=7.029 learning_rate=6.786e-05 epoch=0.02133
2026-10-03T11:56:11Z step 30/938 loss=0.2683 grad_norm=7.657 learning_rate=0.0001 epoch=0.032
2026-10-03T11:56:36Z step 40/938 loss=0.1857 grad_norm=0.6958 learning_rate=9.996e-05 epoch=0.04267
2026-10-03T11:57:03Z step 50/938 loss=0.1265 grad_norm=7.254 learning_rate=9.987e-05 epoch=0.05333
2026-10-03T11:57:28Z step 60/938 loss=0.1331 grad_norm=1.59 learning_rate=9.971e-05 epoch=0.064
2026-10-03T11:57:54Z step 70/938 loss=0.06863 grad_norm=1.667 learning_rate=9.95e-05 epoch=0.07467
2026-10-03T11:58:21Z step 80/938 loss=0.09842 grad_norm=0.09163 learning_rate=9.923e-05 epoch=0.08533
2026-10-03T11:58:46Z step 90/938 loss=0.1538 grad_norm=1.57 learning_rate=9.89e-05 epoch=0.096
2026-10-03T11:59:12Z step 100/938 loss=0.04813 grad_norm=0.4252 learning_rate=9.851e-05 epoch=0.1067
2026-10-03T11:59:37Z step 110/938 loss=0.1056 grad_norm=7.08 learning_rate=9.806e-05 epoch=0.1173
2026-10-03T12:00:03Z step 120/938 loss=0.1325 grad_norm=3.805 learning_rate=9.755e-05 epoch=0.128
2026-10-03T12:00:28Z step 130/938 loss=0.07012 grad_norm=7.495 learning_rate=9.699e-05 epoch=0.1387
2026-10-03T12:00:53Z step 140/938 loss=0.02905 grad_norm=1.324 learning_rate=9.637e-05 epoch=0.1493
2026-10-03T12:01:19Z step 150/938 loss=0.1738 grad_norm=1.26 learning_rate=9.57e-05 epoch=0.16
2026-10-03T12:01:44Z step 160/938 loss=0.03118 grad_norm=1.107 learning_rate=9.497e-05 epoch=0.1707
2026-10-03T12:02:11Z step 170/938 loss=0.03979 grad_norm=4.972 learning_rate=9.419e-05 epoch=0.1813
2026-10-03T12:02:36Z step 180/938 loss=0.03121 grad_norm=0.04972 learning_rate=9.336e-05 epoch=0.192
2026-10-03T12:03:01Z step 190/938 loss=0.06363 grad_norm=0.7995 learning_rate=9.247e-05 epoch=0.2027
2026-10-03T12:03:27Z step 200/938 loss=0.04479 grad_norm=0.1459 learning_rate=9.154e-05 epoch=0.2133
2026-10-03T12:03:52Z step 210/938 loss=0.05995 grad_norm=1.117 learning_rate=9.055e-05 epoch=0.224
2026-10-03T12:04:18Z step 220/938 loss=0.04958 grad_norm=3.712 learning_rate=8.952e-05 epoch=0.2347
2026-10-03T12:04:44Z step 230/938 loss=0.04826 grad_norm=0.003426 learning_rate=8.844e-05 epoch=0.2453
2026-10-03T12:05:10Z step 240/938 loss=0.1108 grad_norm=0.02812 learning_rate=8.731e-05 epoch=0.256
2026-10-03T12:05:36Z step 250/938 loss=0.0425 grad_norm=0.001709 learning_rate=8.614e-05 epoch=0.2667
2026-10-03T12:06:01Z step 260/938 loss=0.05146 grad_norm=0.578 learning_rate=8.493e-05 epoch=0.2773
2026-10-03T12:06:28Z step 270/938 loss=0.01447 grad_norm=0.1847 learning_rate=8.367e-05 epoch=0.288
2026-10-03T12:06:53Z step 280/938 loss=0.05197 grad_norm=0.132 learning_rate=8.237e-05 epoch=0.2987
2026-10-03T12:07:19Z step 290/938 loss=0.04031 grad_norm=0.4123 learning_rate=8.104e-05 epoch=0.3093
2026-10-03T12:07:44Z step 300/938 loss=0.01576 grad_norm=0.01381 learning_rate=7.967e-05 epoch=0.32
2026-10-03T12:08:09Z step 310/938 loss=0.03488 grad_norm=0.02815 learning_rate=7.826e-05 epoch=0.3307
2026-10-03T12:08:36Z step 320/938 loss=0.01858 grad_norm=0.01129 learning_rate=7.682e-05 epoch=0.3413
2026-10-03T12:09:01Z step 330/938 loss=0.0136 grad_norm=0.06909 learning_rate=7.535e-05 epoch=0.352
2026-10-03T12:09:44Z step 340/938 loss=0.1112 grad_norm=0.9712 learning_rate=7.385e-05 epoch=0.3627
2026-10-03T12:10:09Z step 350/938 loss=0.06669 grad_norm=0.8323 learning_rate=7.231e-05 epoch=0.3733
2026-10-03T12:10:34Z step 360/938 loss=0.01901 grad_norm=23.56 learning_rate=7.076e-05 epoch=0.384
2026-10-03T12:11:00Z step 370/938 loss=0.04924 grad_norm=0.2507 learning_rate=6.917e-05 epoch=0.3947
2026-10-03T12:11:26Z step 380/938 loss=0.01483 grad_norm=1.278 learning_rate=6.757e-05 epoch=0.4053
2026-10-03T12:11:51Z step 390/938 loss=0.02047 grad_norm=0.1393 learning_rate=6.594e-05 epoch=0.416
2026-10-03T12:12:17Z step 400/938 loss=0.00445 grad_norm=0.009304 learning_rate=6.43e-05 epoch=0.4267
2026-10-03T12:12:42Z step 410/938 loss=0.03094 grad_norm=1.057 learning_rate=6.264e-05 epoch=0.4373
2026-10-03T12:13:09Z step 420/938 loss=0.04341 grad_norm=0.008847 learning_rate=6.096e-05 epoch=0.448
2026-10-03T12:13:34Z step 430/938 loss=0.0004562 grad_norm=0.002698 learning_rate=5.927e-05 epoch=0.4587
2026-10-03T12:13:59Z step 440/938 loss=0.03114 grad_norm=0.5506 learning_rate=5.757e-05 epoch=0.4693
2026-10-03T12:14:25Z step 450/938 loss=0.01975 grad_norm=0.2322 learning_rate=5.586e-05 epoch=0.48
2026-10-03T12:14:50Z step 460/938 loss=0.02274 grad_norm=0.2156 learning_rate=5.414e-05 epoch=0.4907
2026-10-03T12:15:21Z step 470/938 loss=0.0514 grad_norm=0.7278 learning_rate=5.242e-05 epoch=0.5013
2026-10-03T12:15:47Z step 480/938 loss=0.008204 grad_norm=0.03081 learning_rate=5.069e-05 epoch=0.512
2026-10-03T12:16:12Z step 490/938 loss=0.03689 grad_norm=0.03625 learning_rate=4.896e-05 epoch=0.5227
2026-10-03T12:16:38Z step 500/938 loss=0.002016 grad_norm=0.02115 learning_rate=4.724e-05 epoch=0.5333
2026-10-03T12:17:03Z step 510/938 loss=0.01619 grad_norm=0.4736 learning_rate=4.552e-05 epoch=0.544
2026-10-03T12:17:28Z step 520/938 loss=0.01747 grad_norm=0.01311 learning_rate=4.38e-05 epoch=0.5547
2026-10-03T12:17:54Z step 530/938 loss=0.002731 grad_norm=0.004823 learning_rate=4.209e-05 epoch=0.5653
2026-10-03T12:18:19Z step 540/938 loss=0.02895 grad_norm=2.273 learning_rate=4.039e-05 epoch=0.576
2026-10-03T12:18:45Z step 550/938 loss=0.008634 grad_norm=0.006066 learning_rate=3.871e-05 epoch=0.5867
2026-10-03T12:19:09Z step 560/938 loss=0.003633 grad_norm=0.178 learning_rate=3.703e-05 epoch=0.5973
2026-10-03T12:19:34Z step 570/938 loss=0.01499 grad_norm=0.04935 learning_rate=3.537e-05 epoch=0.608
2026-10-03T12:20:00Z step 580/938 loss=0.0112 grad_norm=0.1351 learning_rate=3.373e-05 epoch=0.6187
2026-10-03T12:20:25Z step 590/938 loss=0.009944 grad_norm=0.002256 learning_rate=3.211e-05 epoch=0.6293
2026-10-03T12:20:51Z step 600/938 loss=0.005634 grad_norm=0.003816 learning_rate=3.051e-05 epoch=0.64
2026-10-03T12:21:16Z step 610/938 loss=0.003433 grad_norm=4.99e-05 learning_rate=2.893e-05 epoch=0.6507
2026-10-03T12:21:41Z step 620/938 loss=0.003231 grad_norm=0.001283 learning_rate=2.738e-05 epoch=0.6613
2026-10-03T12:22:07Z step 630/938 loss=0.001224 grad_norm=0.0008452 learning_rate=2.585e-05 epoch=0.672
2026-10-03T12:22:32Z step 640/938 loss=0.001707 grad_norm=0.8514 learning_rate=2.436e-05 epoch=0.6827
2026-10-03T12:22:57Z step 650/938 loss=0.01027 grad_norm=0.0005231 learning_rate=2.289e-05 epoch=0.6933
2026-10-03T12:23:22Z step 660/938 loss=0.01344 grad_norm=0.0008169 learning_rate=2.145e-05 epoch=0.704
2026-10-03T12:23:47Z step 670/938 loss=0.0004808 grad_norm=0.003692 learning_rate=2.005e-05 epoch=0.7147
2026-10-03T12:24:13Z step 680/938 loss=0.0003028 grad_norm=0.0009729 learning_rate=1.869e-05 epoch=0.7253
2026-10-03T12:24:38Z step 690/938 loss=0.005513 grad_norm=0.0003796 learning_rate=1.736e-05 epoch=0.736
2026-10-03T12:25:03Z step 700/938 loss=0.003993 grad_norm=0.00616 learning_rate=1.608e-05 epoch=0.7467
2026-10-03T12:25:29Z step 710/938 loss=0.009377 grad_norm=3.558e-05 learning_rate=1.483e-05 epoch=0.7573
2026-10-03T12:25:53Z step 720/938 loss=0.00407 grad_norm=0.007734 learning_rate=1.362e-05 epoch=0.768
2026-10-03T12:26:18Z step 730/938 loss=0.0004637 grad_norm=0.002489 learning_rate=1.246e-05 epoch=0.7787
2026-10-03T12:26:44Z step 740/938 loss=0.00482 grad_norm=0.004059 learning_rate=1.134e-05 epoch=0.7893
2026-10-03T12:27:10Z step 750/938 loss=5.523e-05 grad_norm=0.0001546 learning_rate=1.027e-05 epoch=0.8
2026-10-03T12:27:35Z step 760/938 loss=0.0008229 grad_norm=0.004905 learning_rate=9.247e-06 epoch=0.8107
2026-10-03T12:28:00Z step 770/938 loss=0.002826 grad_norm=0.002329 learning_rate=8.271e-06 epoch=0.8213
2026-10-03T12:28:26Z step 780/938 loss=0.0001581 grad_norm=0.0007069 learning_rate=7.345e-06 epoch=0.832
2026-10-03T12:28:52Z step 790/938 loss=0.0003206 grad_norm=0.00307 learning_rate=6.47e-06 epoch=0.8427
2026-10-03T12:29:16Z step 800/938 loss=5.889e-05 grad_norm=0.0006406 learning_rate=5.647e-06 epoch=0.8533
2026-10-03T12:29:41Z step 810/938 loss=0.01163 grad_norm=0.1349 learning_rate=4.877e-06 epoch=0.864
2026-10-03T12:30:07Z step 820/938 loss=0.000178 grad_norm=0.01121 learning_rate=4.16e-06 epoch=0.8747
2026-10-03T12:30:32Z step 830/938 loss=0.000971 grad_norm=0.1893 learning_rate=3.498e-06 epoch=0.8853
2026-10-03T12:30:58Z step 840/938 loss=5.755e-05 grad_norm=0.001436 learning_rate=2.892e-06 epoch=0.896
2026-10-03T12:31:24Z step 850/938 loss=0.002729 grad_norm=0.00272 learning_rate=2.342e-06 epoch=0.9067
2026-10-03T12:31:49Z step 860/938 loss=0.0002737 grad_norm=0.000531 learning_rate=1.848e-06 epoch=0.9173
2026-10-03T12:32:15Z step 870/938 loss=0.0002633 grad_norm=3.847e-05 learning_rate=1.412e-06 epoch=0.928
2026-10-03T12:32:40Z step 880/938 loss=0.004252 grad_norm=0.01125 learning_rate=1.034e-06 epoch=0.9387
2026-10-03T12:33:05Z step 890/938 loss=0.0001506 grad_norm=0.001463 learning_rate=7.137e-07 epoch=0.9493
2026-10-03T12:33:31Z step 900/938 loss=0.0005677 grad_norm=0.000892 learning_rate=4.525e-07 epoch=0.96
2026-10-03T12:33:56Z step 910/938 loss=0.001719 grad_norm=0.002726 learning_rate=2.504e-07 epoch=0.9707
2026-10-03T12:34:22Z step 920/938 loss=7.987e-05 grad_norm=0.000452 learning_rate=1.075e-07 epoch=0.9813
2026-10-03T12:34:48Z step 930/938 loss=0.002944 grad_norm=0.02667 learning_rate=2.413e-08 epoch=0.992
2026-10-03T12:35:12Z step 938/938 train_runtime=2419 train_samples_per_second=24.8 train_steps_per_second=0.388 total_flos=1.078e+18 train_loss=0.04678 epoch=1
2026-10-03T12:35:15Z trained 938 steps in 40.4 min, 5367.2 tok/s, peak 32.02 GB
2026-10-03T12:35:16Z u path: fp32-hidden (max |u_fp32 - u_bf16logits| = 0.0797)
2026-10-03T12:35:17Z padding self-check: max |u_batch - u_single| = 0.0887 (tol 0.932) -> left padding
2026-10-03T12:35:56Z B-F-verdict-blocks-s3 rule_v1/dev: TA 60.7 Rev 100.0 Hold 60.7 n=300 (40.3 s)
2026-10-03T12:36:16Z B-F-verdict-blocks-s3 rule_v1/dev_missing: TA nan Rev nan Hold nan n=None (19.7 s)
2026-10-03T12:37:22Z B-F-verdict-blocks-s3 rule_v1/missing: TA nan Rev nan Hold nan n=None (65.8 s)
2026-10-03T12:39:41Z B-F-verdict-blocks-s3 rule_v1/readapply: TA 66.9 Rev 99.9 Hold 66.9 n=1000 (138.5 s)
2026-10-03T12:41:46Z B-F-verdict-blocks-s3 rule_v1/test_L0: TA 59.8 Rev 99.3 Hold 60.0 n=1000 (124.5 s)
2026-10-03T12:43:57Z B-F-verdict-blocks-s3 rule_v1/test_L1: TA 60.1 Rev 98.8 Hold 60.2 n=1000 (123.2 s)
2026-10-03T12:48:51Z B-F-verdict-blocks-s3 rule_v1/test_L2: TA 47.6 Rev 93.3 Hold 51.3 n=2000 (262.6 s)
2026-10-03T12:50:18Z B-F-verdict-blocks-s3 rule_v1/test_L3alt: TA 88.4 Rev 100.0 Hold 88.4 n=1000 (86.5 s)
2026-10-03T12:52:29Z B-F-verdict-blocks-s3 rule_v1/test_L3inv: TA 52.6 Rev 98.1 Hold 53.1 n=1000 (130.4 s)
2026-10-03T12:55:24Z B-F-verdict-blocks-s3 rule_v1/test_hard: TA 48.0 Rev 94.2 Hold 51.3 n=1000 (175.2 s)
2026-10-03T12:56:25Z B-F-verdict-blocks-s3 xr_v1/test: TA nan Rev nan Hold nan n=None (60.1 s)
2026-10-03T12:56:26Z DONE B-F-verdict-blocks-s3 in 62.0 min, GPU util mean 93.5
