2026-10-03T11:23:13Z step 10/938 loss=0.7057 grad_norm=0.9021 learning_rate=3.214e-05 epoch=0.01067
2026-10-03T11:24:17Z step 20/938 loss=0.04999 grad_norm=0.3303 learning_rate=6.786e-05 epoch=0.02133
2026-10-03T11:25:20Z step 30/938 loss=0.01515 grad_norm=0.5354 learning_rate=0.0001 epoch=0.032
2026-10-03T11:26:22Z step 40/938 loss=0.005584 grad_norm=0.06876 learning_rate=9.996e-05 epoch=0.04267
2026-10-03T11:28:41Z step 50/938 loss=0.004181 grad_norm=0.2589 learning_rate=9.987e-05 epoch=0.05333
2026-10-03T11:29:44Z step 60/938 loss=0.002831 grad_norm=0.05322 learning_rate=9.971e-05 epoch=0.064
2026-10-03T11:30:46Z step 70/938 loss=0.002483 grad_norm=0.06257 learning_rate=9.95e-05 epoch=0.07467
2026-10-03T11:31:48Z step 80/938 loss=0.003612 grad_norm=0.08743 learning_rate=9.923e-05 epoch=0.08533
2026-10-03T11:32:51Z step 90/938 loss=0.001001 grad_norm=0.001381 learning_rate=9.89e-05 epoch=0.096
2026-10-03T11:33:53Z step 100/938 loss=0.000467 grad_norm=0.1114 learning_rate=9.851e-05 epoch=0.1067
2026-10-03T11:34:56Z step 110/938 loss=0.001143 grad_norm=0.1197 learning_rate=9.806e-05 epoch=0.1173
2026-10-03T11:36:00Z step 120/938 loss=0.0003055 grad_norm=0.001018 learning_rate=9.755e-05 epoch=0.128
2026-10-03T11:37:03Z step 130/938 loss=0.0004057 grad_norm=0.0008121 learning_rate=9.699e-05 epoch=0.1387
2026-10-03T11:38:06Z step 140/938 loss=3.904e-05 grad_norm=0.0003247 learning_rate=9.637e-05 epoch=0.1493
2026-10-03T11:39:58Z step 150/938 loss=0.0001552 grad_norm=0.0001296 learning_rate=9.57e-05 epoch=0.16
2026-10-03T11:41:00Z step 160/938 loss=0.0001278 grad_norm=0.02456 learning_rate=9.497e-05 epoch=0.1707
2026-10-03T11:42:04Z step 170/938 loss=0.002396 grad_norm=0.006396 learning_rate=9.419e-05 epoch=0.1813
2026-10-03T11:43:07Z step 180/938 loss=0.000937 grad_norm=0.004114 learning_rate=9.336e-05 epoch=0.192
2026-10-03T11:44:10Z step 190/938 loss=0.0001908 grad_norm=0.00185 learning_rate=9.247e-05 epoch=0.2027
2026-10-03T11:45:14Z step 200/938 loss=0.002106 grad_norm=0.00106 learning_rate=9.154e-05 epoch=0.2133
2026-10-03T11:46:17Z step 210/938 loss=0.0003934 grad_norm=0.1174 learning_rate=9.055e-05 epoch=0.224
2026-10-03T11:47:23Z step 220/938 loss=8.502e-05 grad_norm=0.003315 learning_rate=8.952e-05 epoch=0.2347
2026-10-03T11:48:26Z step 230/938 loss=0.0002347 grad_norm=0.0006754 learning_rate=8.844e-05 epoch=0.2453
2026-10-03T11:49:29Z step 240/938 loss=3.79e-05 grad_norm=0.000705 learning_rate=8.731e-05 epoch=0.256
2026-10-03T11:50:32Z step 250/938 loss=0.0003447 grad_norm=0.0002737 learning_rate=8.614e-05 epoch=0.2667
2026-10-03T11:51:34Z step 260/938 loss=0.0006181 grad_norm=0.2638 learning_rate=8.493e-05 epoch=0.2773
2026-10-03T11:52:37Z step 270/938 loss=0.000147 grad_norm=0.001618 learning_rate=8.367e-05 epoch=0.288
2026-10-03T11:53:39Z step 280/938 loss=2.71e-05 grad_norm=0.0003071 learning_rate=8.237e-05 epoch=0.2987
2026-10-03T11:54:42Z step 290/938 loss=0.0002542 grad_norm=0.00915 learning_rate=8.104e-05 epoch=0.3093
2026-10-03T11:55:45Z step 300/938 loss=0.0001767 grad_norm=0.0008002 learning_rate=7.967e-05 epoch=0.32
2026-10-03T11:56:46Z step 310/938 loss=0.0005284 grad_norm=0.0002015 learning_rate=7.826e-05 epoch=0.3307
2026-10-03T11:57:50Z step 320/938 loss=5.233e-05 grad_norm=0.03328 learning_rate=7.682e-05 epoch=0.3413
2026-10-03T11:58:54Z step 330/938 loss=0.0001613 grad_norm=0.002146 learning_rate=7.535e-05 epoch=0.352
2026-10-03T12:00:33Z step 340/938 loss=6.929e-05 grad_norm=0.001869 learning_rate=7.385e-05 epoch=0.3627
2026-10-03T12:01:35Z step 350/938 loss=8.411e-06 grad_norm=0.000153 learning_rate=7.231e-05 epoch=0.3733
2026-10-03T12:02:38Z step 360/938 loss=9.851e-06 grad_norm=8.456e-05 learning_rate=7.076e-05 epoch=0.384
2026-10-03T12:03:40Z step 370/938 loss=7.674e-06 grad_norm=0.0003233 learning_rate=6.917e-05 epoch=0.3947
2026-10-03T12:04:42Z step 380/938 loss=0.0001822 grad_norm=0.0004004 learning_rate=6.757e-05 epoch=0.4053
2026-10-03T12:05:44Z step 390/938 loss=6.458e-05 grad_norm=0.0002478 learning_rate=6.594e-05 epoch=0.416
2026-10-03T12:06:46Z step 400/938 loss=6.978e-05 grad_norm=0.0001319 learning_rate=6.43e-05 epoch=0.4267
2026-10-03T12:07:49Z step 410/938 loss=1.493e-05 grad_norm=0.0003464 learning_rate=6.264e-05 epoch=0.4373
2026-10-03T12:08:49Z step 420/938 loss=0.001593 grad_norm=0.004549 learning_rate=6.096e-05 epoch=0.448
2026-10-03T12:09:50Z step 430/938 loss=3.109e-05 grad_norm=0.002401 learning_rate=5.927e-05 epoch=0.4587
2026-10-03T12:10:53Z step 440/938 loss=5.078e-05 grad_norm=0.0004666 learning_rate=5.757e-05 epoch=0.4693
2026-10-03T12:11:54Z step 450/938 loss=3.763e-05 grad_norm=0.0007134 learning_rate=5.586e-05 epoch=0.48
2026-10-03T12:12:57Z step 460/938 loss=2.59e-05 grad_norm=0.0002112 learning_rate=5.414e-05 epoch=0.4907
2026-10-03T12:14:00Z step 470/938 loss=1.921e-05 grad_norm=0.0003473 learning_rate=5.242e-05 epoch=0.5013
2026-10-03T12:15:03Z step 480/938 loss=1.557e-05 grad_norm=0.0002586 learning_rate=5.069e-05 epoch=0.512
2026-10-03T12:16:05Z step 490/938 loss=1.62e-05 grad_norm=0.004694 learning_rate=4.896e-05 epoch=0.5227
2026-10-03T12:17:07Z step 500/938 loss=3.415e-05 grad_norm=0.001082 learning_rate=4.724e-05 epoch=0.5333
2026-10-03T12:18:09Z step 510/938 loss=1.284e-05 grad_norm=0.0002536 learning_rate=4.552e-05 epoch=0.544
2026-10-03T12:19:11Z step 520/938 loss=7.73e-06 grad_norm=7.691e-05 learning_rate=4.38e-05 epoch=0.5547
2026-10-03T12:21:05Z step 530/938 loss=7.824e-06 grad_norm=0.0001871 learning_rate=4.209e-05 epoch=0.5653
2026-10-03T12:22:09Z step 540/938 loss=0.001971 grad_norm=6.176e-05 learning_rate=4.039e-05 epoch=0.576
2026-10-03T12:23:13Z step 550/938 loss=0.0001052 grad_norm=0.002461 learning_rate=3.871e-05 epoch=0.5867
2026-10-03T12:24:14Z step 560/938 loss=4.062e-05 grad_norm=0.0009508 learning_rate=3.703e-05 epoch=0.5973
2026-10-03T12:25:17Z step 570/938 loss=0.0001813 grad_norm=0.003339 learning_rate=3.537e-05 epoch=0.608
2026-10-03T12:26:20Z step 580/938 loss=0.000501 grad_norm=0.0004184 learning_rate=3.373e-05 epoch=0.6187
2026-10-03T12:27:23Z step 590/938 loss=0.0001291 grad_norm=0.03161 learning_rate=3.211e-05 epoch=0.6293
2026-10-03T12:28:25Z step 600/938 loss=0.000695 grad_norm=0.0004091 learning_rate=3.051e-05 epoch=0.64
2026-10-03T12:29:26Z step 610/938 loss=5.843e-05 grad_norm=0.000524 learning_rate=2.893e-05 epoch=0.6507
2026-10-03T12:30:29Z step 620/938 loss=6.59e-05 grad_norm=0.0013 learning_rate=2.738e-05 epoch=0.6613
2026-10-03T12:31:32Z step 630/938 loss=2.247e-05 grad_norm=0.002772 learning_rate=2.585e-05 epoch=0.672
2026-10-03T12:32:34Z step 640/938 loss=2.762e-05 grad_norm=0.004295 learning_rate=2.436e-05 epoch=0.6827
2026-10-03T12:33:39Z step 650/938 loss=6.683e-05 grad_norm=0.00135 learning_rate=2.289e-05 epoch=0.6933
2026-10-03T12:34:42Z step 660/938 loss=2.102e-05 grad_norm=0.01567 learning_rate=2.145e-05 epoch=0.704
2026-10-03T12:35:46Z step 670/938 loss=6.521e-05 grad_norm=0.0001656 learning_rate=2.005e-05 epoch=0.7147
2026-10-03T12:36:52Z step 680/938 loss=1.336e-05 grad_norm=0.001587 learning_rate=1.869e-05 epoch=0.7253
2026-10-03T12:37:57Z step 690/938 loss=1.368e-05 grad_norm=0.0008278 learning_rate=1.736e-05 epoch=0.736
2026-10-03T12:39:01Z step 700/938 loss=3.637e-05 grad_norm=0.0005764 learning_rate=1.608e-05 epoch=0.7467
2026-10-03T12:40:39Z step 710/938 loss=1.134e-05 grad_norm=0.00049 learning_rate=1.483e-05 epoch=0.7573
2026-10-03T12:41:41Z step 720/938 loss=1.157e-05 grad_norm=0.0001484 learning_rate=1.362e-05 epoch=0.768
2026-10-03T12:42:46Z step 730/938 loss=1.261e-05 grad_norm=0.007444 learning_rate=1.246e-05 epoch=0.7787
2026-10-03T12:43:51Z step 740/938 loss=1.144e-05 grad_norm=0.000341 learning_rate=1.134e-05 epoch=0.7893
2026-10-03T12:45:31Z step 750/938 loss=8.368e-06 grad_norm=0.001276 learning_rate=1.027e-05 epoch=0.8
2026-10-03T12:46:34Z step 760/938 loss=1.468e-05 grad_norm=0.0002035 learning_rate=9.247e-06 epoch=0.8107
2026-10-03T12:47:37Z step 770/938 loss=1.304e-05 grad_norm=0.0002201 learning_rate=8.271e-06 epoch=0.8213
2026-10-03T12:48:39Z step 780/938 loss=1.799e-05 grad_norm=0.0002329 learning_rate=7.345e-06 epoch=0.832
2026-10-03T12:49:42Z step 790/938 loss=8.089e-06 grad_norm=0.0002342 learning_rate=6.47e-06 epoch=0.8427
2026-10-03T12:50:45Z step 800/938 loss=1.237e-05 grad_norm=7.565e-05 learning_rate=5.647e-06 epoch=0.8533
2026-10-03T12:51:50Z step 810/938 loss=1.161e-05 grad_norm=0.0003057 learning_rate=4.877e-06 epoch=0.864
2026-10-03T12:52:54Z step 820/938 loss=9.936e-06 grad_norm=0.0003051 learning_rate=4.16e-06 epoch=0.8747
2026-10-03T12:53:57Z step 830/938 loss=1.152e-05 grad_norm=0.0001777 learning_rate=3.498e-06 epoch=0.8853
2026-10-03T12:55:01Z step 840/938 loss=1.66e-05 grad_norm=8.91e-05 learning_rate=2.892e-06 epoch=0.896
2026-10-03T12:56:02Z step 850/938 loss=1.518e-05 grad_norm=0.003755 learning_rate=2.342e-06 epoch=0.9067
2026-10-03T12:57:07Z step 860/938 loss=1.224e-05 grad_norm=0.0001149 learning_rate=1.848e-06 epoch=0.9173
2026-10-03T12:58:07Z step 870/938 loss=8.694e-06 grad_norm=0.001406 learning_rate=1.412e-06 epoch=0.928
2026-10-03T12:59:11Z step 880/938 loss=1.787e-05 grad_norm=0.0001043 learning_rate=1.034e-06 epoch=0.9387
2026-10-03T13:00:55Z step 890/938 loss=8.369e-06 grad_norm=0.0001447 learning_rate=7.137e-07 epoch=0.9493
2026-10-03T13:01:59Z step 900/938 loss=2.583e-05 grad_norm=6.86e-05 learning_rate=4.525e-07 epoch=0.96
2026-10-03T13:03:01Z step 910/938 loss=1.165e-05 grad_norm=0.003653 learning_rate=2.504e-07 epoch=0.9707
2026-10-03T13:04:05Z step 920/938 loss=9.446e-06 grad_norm=0.0002702 learning_rate=1.075e-07 epoch=0.9813
2026-10-03T13:05:09Z step 930/938 loss=1.02e-05 grad_norm=0.000523 learning_rate=2.413e-08 epoch=0.992
2026-10-03T13:05:57Z step 938/938 train_runtime=6416 train_samples_per_second=9.351 train_steps_per_second=0.146 total_flos=1.211e+18 train_loss=0.008619 epoch=1
2026-10-03T13:06:27Z trained 938 steps in 107.0 min, 1908.3 tok/s, peak 23.72 GB
2026-10-03T13:06:43Z u path: fp32-hidden (max |u_fp32 - u_bf16logits| = 0.0221)
2026-10-03T13:06:45Z padding self-check: max |u_batch - u_single| = 0.0402 (tol 0.598) -> left padding
2026-10-03T13:08:53Z B-F-value2-blocks-s0 rule_v1/dev: TA 72.7 Rev 98.3 Hold 74.3 n=300 (145.0 s)
2026-10-03T13:13:06Z generate: batch 25/32, 132047 tokens, 540 tok/s
2026-10-03T13:20:42Z B-F-value2-blocks-s0 rule_v1/test_L2: TA 70.7 Rev 98.0 Hold 72.3 n=2000 (708.1 s)
2026-10-03T13:24:35Z B-F-value2-blocks-s0 xr_v1/test: TA nan Rev nan Hold nan n=None (232.5 s)
2026-10-03T13:24:36Z DONE B-F-value2-blocks-s0 in 126.1 min, GPU util mean 88.0
