2026-10-03T14:23:57Z step 10/1094 loss=1.93 grad_norm=3.787 learning_rate=2.727e-05 epoch=0.009143
2026-10-03T14:24:26Z step 20/1094 loss=0.3432 grad_norm=1.271 learning_rate=5.758e-05 epoch=0.01829
2026-10-03T14:24:55Z step 30/1094 loss=0.05628 grad_norm=1.15 learning_rate=8.788e-05 epoch=0.02743
2026-10-03T14:25:24Z step 40/1094 loss=0.00856 grad_norm=0.07772 learning_rate=9.999e-05 epoch=0.03657
2026-10-03T14:25:54Z step 50/1094 loss=0.03313 grad_norm=0.5907 learning_rate=9.994e-05 epoch=0.04571
2026-10-03T14:26:22Z step 60/1094 loss=0.01368 grad_norm=3.224 learning_rate=9.985e-05 epoch=0.05486
2026-10-03T14:26:52Z step 70/1094 loss=0.01062 grad_norm=0.4148 learning_rate=9.972e-05 epoch=0.064
2026-10-03T14:27:22Z step 80/1094 loss=0.01055 grad_norm=0.1648 learning_rate=9.954e-05 epoch=0.07314
2026-10-03T14:27:50Z step 90/1094 loss=0.005647 grad_norm=1.448 learning_rate=9.931e-05 epoch=0.08229
2026-10-03T14:28:24Z step 100/1094 loss=0.002253 grad_norm=0.003846 learning_rate=9.905e-05 epoch=0.09143
2026-10-03T14:28:55Z step 110/1094 loss=0.005071 grad_norm=0.01224 learning_rate=9.874e-05 epoch=0.1006
2026-10-03T14:29:24Z step 120/1094 loss=0.007162 grad_norm=0.03643 learning_rate=9.839e-05 epoch=0.1097
2026-10-03T14:29:53Z step 130/1094 loss=0.00614 grad_norm=1.065 learning_rate=9.799e-05 epoch=0.1189
2026-10-03T14:30:21Z step 140/1094 loss=0.00815 grad_norm=0.1149 learning_rate=9.756e-05 epoch=0.128
2026-10-03T14:30:51Z step 150/1094 loss=0.002411 grad_norm=0.003833 learning_rate=9.708e-05 epoch=0.1371
2026-10-03T14:31:20Z step 160/1094 loss=0.01071 grad_norm=0.1028 learning_rate=9.656e-05 epoch=0.1463
2026-10-03T14:31:49Z step 170/1094 loss=0.008092 grad_norm=0.1865 learning_rate=9.6e-05 epoch=0.1554
2026-10-03T14:32:19Z step 180/1094 loss=0.008302 grad_norm=0.0229 learning_rate=9.54e-05 epoch=0.1646
2026-10-03T14:32:48Z step 190/1094 loss=0.009743 grad_norm=0.06617 learning_rate=9.476e-05 epoch=0.1737
2026-10-03T14:33:16Z step 200/1094 loss=0.01332 grad_norm=0.05767 learning_rate=9.408e-05 epoch=0.1829
2026-10-03T14:33:46Z step 210/1094 loss=0.003794 grad_norm=0.5981 learning_rate=9.336e-05 epoch=0.192
2026-10-03T14:34:15Z step 220/1094 loss=0.002697 grad_norm=0.01669 learning_rate=9.261e-05 epoch=0.2011
2026-10-03T14:34:44Z step 230/1094 loss=0.003997 grad_norm=0.09915 learning_rate=9.181e-05 epoch=0.2103
2026-10-03T14:35:14Z step 240/1094 loss=0.01008 grad_norm=0.2182 learning_rate=9.098e-05 epoch=0.2194
2026-10-03T14:35:43Z step 250/1094 loss=0.002386 grad_norm=0.03022 learning_rate=9.012e-05 epoch=0.2286
2026-10-03T14:36:12Z step 260/1094 loss=0.002472 grad_norm=0.003626 learning_rate=8.922e-05 epoch=0.2377
2026-10-03T14:36:41Z step 270/1094 loss=0.0008814 grad_norm=0.0006767 learning_rate=8.828e-05 epoch=0.2469
2026-10-03T14:37:10Z step 280/1094 loss=0.0004799 grad_norm=0.008607 learning_rate=8.731e-05 epoch=0.256
2026-10-03T14:37:40Z step 290/1094 loss=0.0001694 grad_norm=0.001623 learning_rate=8.631e-05 epoch=0.2651
2026-10-03T14:38:09Z step 300/1094 loss=4.192e-05 grad_norm=0.003766 learning_rate=8.528e-05 epoch=0.2743
2026-10-03T14:38:38Z step 310/1094 loss=0.003705 grad_norm=0.002516 learning_rate=8.421e-05 epoch=0.2834
2026-10-03T14:39:06Z step 320/1094 loss=0.001 grad_norm=0.2472 learning_rate=8.312e-05 epoch=0.2926
2026-10-03T14:39:36Z step 330/1094 loss=0.000225 grad_norm=0.003387 learning_rate=8.199e-05 epoch=0.3017
2026-10-03T14:40:04Z step 340/1094 loss=0.001795 grad_norm=0.009113 learning_rate=8.084e-05 epoch=0.3109
2026-10-03T14:40:33Z step 350/1094 loss=0.001181 grad_norm=0.02483 learning_rate=7.966e-05 epoch=0.32
2026-10-03T14:41:03Z step 360/1094 loss=0.004033 grad_norm=0.6666 learning_rate=7.846e-05 epoch=0.3291
2026-10-03T14:41:31Z step 370/1094 loss=0.001368 grad_norm=0.03278 learning_rate=7.723e-05 epoch=0.3383
2026-10-03T14:41:59Z step 380/1094 loss=0.002433 grad_norm=0.01891 learning_rate=7.598e-05 epoch=0.3474
2026-10-03T14:42:28Z step 390/1094 loss=0.001322 grad_norm=0.2112 learning_rate=7.47e-05 epoch=0.3566
2026-10-03T14:42:58Z step 400/1094 loss=0.005605 grad_norm=0.07303 learning_rate=7.34e-05 epoch=0.3657
2026-10-03T14:43:25Z step 410/1094 loss=0.001213 grad_norm=0.005464 learning_rate=7.208e-05 epoch=0.3749
2026-10-03T14:44:00Z step 420/1094 loss=0.0003501 grad_norm=0.01387 learning_rate=7.075e-05 epoch=0.384
2026-10-03T14:44:29Z step 430/1094 loss=0.0001899 grad_norm=0.003332 learning_rate=6.939e-05 epoch=0.3931
2026-10-03T14:44:59Z step 440/1094 loss=0.0009364 grad_norm=0.0002669 learning_rate=6.802e-05 epoch=0.4023
2026-10-03T14:45:27Z step 450/1094 loss=4.184e-05 grad_norm=0.0009809 learning_rate=6.663e-05 epoch=0.4114
2026-10-03T14:45:55Z step 460/1094 loss=0.001165 grad_norm=0.0009382 learning_rate=6.523e-05 epoch=0.4206
2026-10-03T14:46:25Z step 470/1094 loss=0.001221 grad_norm=0.0005667 learning_rate=6.381e-05 epoch=0.4297
2026-10-03T14:46:54Z step 480/1094 loss=0.001885 grad_norm=0.007192 learning_rate=6.238e-05 epoch=0.4389
2026-10-03T14:47:23Z step 490/1094 loss=0.005493 grad_norm=0.0009192 learning_rate=6.094e-05 epoch=0.448
2026-10-03T14:47:52Z step 500/1094 loss=0.0009111 grad_norm=0.001715 learning_rate=5.949e-05 epoch=0.4571
2026-10-03T14:48:22Z step 510/1094 loss=8.238e-05 grad_norm=0.002356 learning_rate=5.803e-05 epoch=0.4663
2026-10-03T14:48:51Z step 520/1094 loss=0.0001842 grad_norm=0.001225 learning_rate=5.657e-05 epoch=0.4754
2026-10-03T14:49:20Z step 530/1094 loss=9.217e-05 grad_norm=0.00104 learning_rate=5.51e-05 epoch=0.4846
2026-10-03T14:49:50Z step 540/1094 loss=4.663e-05 grad_norm=0.001422 learning_rate=5.362e-05 epoch=0.4937
2026-10-03T14:50:20Z step 550/1094 loss=0.0001495 grad_norm=0.003283 learning_rate=5.215e-05 epoch=0.5029
2026-10-03T14:50:49Z step 560/1094 loss=2.882e-05 grad_norm=0.0005345 learning_rate=5.067e-05 epoch=0.512
2026-10-03T14:51:18Z step 570/1094 loss=0.0002076 grad_norm=0.06706 learning_rate=4.919e-05 epoch=0.5211
2026-10-03T14:51:48Z step 580/1094 loss=2.535e-05 grad_norm=0.0002758 learning_rate=4.771e-05 epoch=0.5303
2026-10-03T14:52:16Z step 590/1094 loss=0.0002119 grad_norm=0.03698 learning_rate=4.623e-05 epoch=0.5394
2026-10-03T14:52:44Z step 600/1094 loss=0.0001861 grad_norm=0.0002881 learning_rate=4.475e-05 epoch=0.5486
2026-10-03T14:53:13Z step 610/1094 loss=2.63e-05 grad_norm=0.0001452 learning_rate=4.328e-05 epoch=0.5577
2026-10-03T14:53:43Z step 620/1094 loss=2.521e-05 grad_norm=0.0007833 learning_rate=4.182e-05 epoch=0.5669
2026-10-03T14:54:12Z step 630/1094 loss=1.633e-05 grad_norm=0.0003888 learning_rate=4.036e-05 epoch=0.576
2026-10-03T14:54:42Z step 640/1094 loss=0.0002571 grad_norm=0.00321 learning_rate=3.892e-05 epoch=0.5851
2026-10-03T14:55:11Z step 650/1094 loss=1.912e-05 grad_norm=0.002412 learning_rate=3.748e-05 epoch=0.5943
2026-10-03T14:55:41Z step 660/1094 loss=2.509e-05 grad_norm=0.0001801 learning_rate=3.605e-05 epoch=0.6034
2026-10-03T14:56:09Z step 670/1094 loss=7.051e-05 grad_norm=9.451e-05 learning_rate=3.463e-05 epoch=0.6126
2026-10-03T14:56:37Z step 680/1094 loss=2.203e-05 grad_norm=0.003608 learning_rate=3.323e-05 epoch=0.6217
2026-10-03T14:57:07Z step 690/1094 loss=4.567e-05 grad_norm=0.001147 learning_rate=3.184e-05 epoch=0.6309
2026-10-03T14:57:35Z step 700/1094 loss=2.086e-05 grad_norm=0.0003923 learning_rate=3.047e-05 epoch=0.64
2026-10-03T14:58:04Z step 710/1094 loss=1.19e-05 grad_norm=0.00177 learning_rate=2.912e-05 epoch=0.6491
2026-10-03T14:58:33Z step 720/1094 loss=0.001781 grad_norm=0.0001663 learning_rate=2.778e-05 epoch=0.6583
2026-10-03T14:59:03Z step 730/1094 loss=5.552e-05 grad_norm=0.001518 learning_rate=2.647e-05 epoch=0.6674
2026-10-03T14:59:31Z step 740/1094 loss=0.001237 grad_norm=0.0004294 learning_rate=2.517e-05 epoch=0.6766
2026-10-03T15:00:00Z step 750/1094 loss=2.431e-05 grad_norm=0.0008203 learning_rate=2.39e-05 epoch=0.6857
2026-10-03T15:00:28Z step 760/1094 loss=1.782e-05 grad_norm=0.0002404 learning_rate=2.265e-05 epoch=0.6949
2026-10-03T15:00:58Z step 770/1094 loss=4.765e-05 grad_norm=0.0005777 learning_rate=2.142e-05 epoch=0.704
2026-10-03T15:01:27Z step 780/1094 loss=0.0003183 grad_norm=0.0001829 learning_rate=2.022e-05 epoch=0.7131
2026-10-03T15:01:55Z step 790/1094 loss=3.729e-05 grad_norm=0.0001439 learning_rate=1.904e-05 epoch=0.7223
2026-10-03T15:02:24Z step 800/1094 loss=0.0004486 grad_norm=0.0002428 learning_rate=1.789e-05 epoch=0.7314
2026-10-03T15:02:53Z step 810/1094 loss=3.899e-05 grad_norm=0.001626 learning_rate=1.677e-05 epoch=0.7406
2026-10-03T15:03:22Z step 820/1094 loss=9.177e-05 grad_norm=0.0004178 learning_rate=1.568e-05 epoch=0.7497
2026-10-03T15:03:55Z step 830/1094 loss=1.786e-05 grad_norm=0.0002806 learning_rate=1.462e-05 epoch=0.7589
2026-10-03T15:04:25Z step 840/1094 loss=1.299e-05 grad_norm=0.0001782 learning_rate=1.359e-05 epoch=0.768
2026-10-03T15:04:54Z step 850/1094 loss=2.606e-05 grad_norm=8.043e-05 learning_rate=1.259e-05 epoch=0.7771
2026-10-03T15:05:23Z step 860/1094 loss=1.031e-05 grad_norm=0.0002172 learning_rate=1.162e-05 epoch=0.7863
2026-10-03T15:05:51Z step 870/1094 loss=0.007527 grad_norm=0.001028 learning_rate=1.069e-05 epoch=0.7954
2026-10-03T15:06:21Z step 880/1094 loss=2.263e-05 grad_norm=0.0004399 learning_rate=9.794e-06 epoch=0.8046
2026-10-03T15:06:51Z step 890/1094 loss=0.004086 grad_norm=0.09078 learning_rate=8.932e-06 epoch=0.8137
2026-10-03T15:07:20Z step 900/1094 loss=9.98e-05 grad_norm=0.0009289 learning_rate=8.105e-06 epoch=0.8229
2026-10-03T15:07:49Z step 910/1094 loss=0.0007118 grad_norm=0.002088 learning_rate=7.316e-06 epoch=0.832
2026-10-03T15:08:18Z step 920/1094 loss=0.003443 grad_norm=0.001049 learning_rate=6.564e-06 epoch=0.8411
2026-10-03T15:08:48Z step 930/1094 loss=0.0005297 grad_norm=0.2351 learning_rate=5.85e-06 epoch=0.8503
2026-10-03T15:09:17Z step 940/1094 loss=0.0001232 grad_norm=0.00217 learning_rate=5.174e-06 epoch=0.8594
2026-10-03T15:09:46Z step 950/1094 loss=0.002079 grad_norm=0.002592 learning_rate=4.538e-06 epoch=0.8686
2026-10-03T15:10:16Z step 960/1094 loss=9.479e-05 grad_norm=0.001152 learning_rate=3.942e-06 epoch=0.8777
2026-10-03T15:10:44Z step 970/1094 loss=0.0001137 grad_norm=0.0009749 learning_rate=3.386e-06 epoch=0.8869
2026-10-03T15:11:12Z step 980/1094 loss=8.612e-05 grad_norm=0.01347 learning_rate=2.871e-06 epoch=0.896
2026-10-03T15:11:41Z step 990/1094 loss=8.633e-05 grad_norm=0.003002 learning_rate=2.397e-06 epoch=0.9051
2026-10-03T15:12:11Z step 1000/1094 loss=0.000426 grad_norm=0.001497 learning_rate=1.965e-06 epoch=0.9143
2026-10-03T15:12:40Z step 1010/1094 loss=0.0001076 grad_norm=0.002579 learning_rate=1.575e-06 epoch=0.9234
2026-10-03T15:13:08Z step 1020/1094 loss=5.331e-05 grad_norm=0.0007605 learning_rate=1.228e-06 epoch=0.9326
2026-10-03T15:13:37Z step 1030/1094 loss=9.589e-05 grad_norm=0.003299 learning_rate=9.232e-07 epoch=0.9417
2026-10-03T15:14:07Z step 1040/1094 loss=0.0002583 grad_norm=0.001222 learning_rate=6.616e-07 epoch=0.9509
2026-10-03T15:14:37Z step 1050/1094 loss=8.841e-05 grad_norm=0.001542 learning_rate=4.432e-07 epoch=0.96
2026-10-03T15:15:05Z step 1060/1094 loss=0.0002164 grad_norm=0.001389 learning_rate=2.683e-07 epoch=0.9691
2026-10-03T15:15:36Z step 1070/1094 loss=7.759e-05 grad_norm=0.006225 learning_rate=1.369e-07 epoch=0.9783
2026-10-03T15:16:06Z step 1080/1094 loss=0.001858 grad_norm=0.0007457 learning_rate=4.931e-08 epoch=0.9874
2026-10-03T15:16:34Z step 1090/1094 loss=8.781e-05 grad_norm=0.001615 learning_rate=5.48e-09 epoch=0.9966
2026-10-03T15:16:45Z step 1094/1094 train_runtime=3197 train_samples_per_second=21.89 train_steps_per_second=0.342 total_flos=1.47e+18 train_loss=0.02362 epoch=1
2026-10-03T15:16:49Z trained 1094 steps in 53.4 min, 4932.4 tok/s, peak 34.97 GB
2026-10-03T15:16:50Z u path: fp32-hidden (max |u_fp32 - u_bf16logits| = 0.0399)
2026-10-03T15:16:51Z padding self-check: max |u_batch - u_single| = 0.1486 (tol 0.661) -> left padding
2026-10-03T15:18:22Z B-AB-verify-s0 rule_v1/dev: TA 99.7 Rev 100.0 Hold 99.7 n=300 (92.3 s)
2026-10-03T15:21:48Z generate: batch 25/32, 224577 tokens, 1094 tok/s
2026-10-03T15:27:56Z B-AB-verify-s0 rule_v1/test_L2: TA 99.8 Rev 99.8 Hold 100.0 n=2000 (573.8 s)
2026-10-03T15:31:08Z B-AB-verify-s0 xr_v1/test: TA nan Rev nan Hold nan n=None (191.5 s)
2026-10-03T15:31:08Z DONE B-AB-verify-s0 in 68.2 min, GPU util mean 91.2
