2026-10-03T14:23:06Z step 10/938 loss=2.593 grad_norm=3.659 learning_rate=3.214e-05 epoch=0.01067
2026-10-03T14:23:33Z step 20/938 loss=0.4931 grad_norm=1.304 learning_rate=6.786e-05 epoch=0.02133
2026-10-03T14:24:19Z step 30/938 loss=0.1295 grad_norm=1.692 learning_rate=0.0001 epoch=0.032
2026-10-03T14:24:47Z step 40/938 loss=0.0756 grad_norm=0.5357 learning_rate=9.996e-05 epoch=0.04267
2026-10-03T14:25:13Z step 50/938 loss=0.06649 grad_norm=0.2057 learning_rate=9.987e-05 epoch=0.05333
2026-10-03T14:25:40Z step 60/938 loss=0.04152 grad_norm=0.6178 learning_rate=9.971e-05 epoch=0.064
2026-10-03T14:26:08Z step 70/938 loss=0.04595 grad_norm=0.5883 learning_rate=9.95e-05 epoch=0.07467
2026-10-03T14:26:35Z step 80/938 loss=0.04682 grad_norm=0.2794 learning_rate=9.923e-05 epoch=0.08533
2026-10-03T14:27:02Z step 90/938 loss=0.04825 grad_norm=0.7364 learning_rate=9.89e-05 epoch=0.096
2026-10-03T14:28:38Z step 100/938 loss=0.03232 grad_norm=0.4538 learning_rate=9.851e-05 epoch=0.1067
2026-10-03T14:29:05Z step 110/938 loss=0.03802 grad_norm=0.8352 learning_rate=9.806e-05 epoch=0.1173
2026-10-03T14:29:31Z step 120/938 loss=0.03973 grad_norm=0.9235 learning_rate=9.755e-05 epoch=0.128
2026-10-03T14:29:58Z step 130/938 loss=0.03735 grad_norm=0.1246 learning_rate=9.699e-05 epoch=0.1387
2026-10-03T14:30:25Z step 140/938 loss=0.03186 grad_norm=0.1684 learning_rate=9.637e-05 epoch=0.1493
2026-10-03T14:30:53Z step 150/938 loss=0.02695 grad_norm=0.09583 learning_rate=9.57e-05 epoch=0.16
2026-10-03T14:31:20Z step 160/938 loss=0.02735 grad_norm=0.2032 learning_rate=9.497e-05 epoch=0.1707
2026-10-03T14:31:47Z step 170/938 loss=0.02708 grad_norm=0.1495 learning_rate=9.419e-05 epoch=0.1813
2026-10-03T14:32:14Z step 180/938 loss=0.01811 grad_norm=0.2207 learning_rate=9.336e-05 epoch=0.192
2026-10-03T14:32:41Z step 190/938 loss=0.03003 grad_norm=0.09715 learning_rate=9.247e-05 epoch=0.2027
2026-10-03T14:33:09Z step 200/938 loss=0.0207 grad_norm=0.1203 learning_rate=9.154e-05 epoch=0.2133
2026-10-03T14:33:35Z step 210/938 loss=0.0193 grad_norm=0.2509 learning_rate=9.055e-05 epoch=0.224
2026-10-03T14:34:02Z step 220/938 loss=0.02625 grad_norm=0.1625 learning_rate=8.952e-05 epoch=0.2347
2026-10-03T14:34:29Z step 230/938 loss=0.02392 grad_norm=0.1502 learning_rate=8.844e-05 epoch=0.2453
2026-10-03T14:34:57Z step 240/938 loss=0.02397 grad_norm=0.1478 learning_rate=8.731e-05 epoch=0.256
2026-10-03T14:35:24Z step 250/938 loss=0.02429 grad_norm=0.1939 learning_rate=8.614e-05 epoch=0.2667
2026-10-03T14:35:52Z step 260/938 loss=0.02154 grad_norm=0.3885 learning_rate=8.493e-05 epoch=0.2773
2026-10-03T14:36:18Z step 270/938 loss=0.01226 grad_norm=0.161 learning_rate=8.367e-05 epoch=0.288
2026-10-03T14:36:46Z step 280/938 loss=0.01792 grad_norm=0.5543 learning_rate=8.237e-05 epoch=0.2987
2026-10-03T14:37:13Z step 290/938 loss=0.01474 grad_norm=0.08692 learning_rate=8.104e-05 epoch=0.3093
2026-10-03T14:37:40Z step 300/938 loss=0.02497 grad_norm=0.1238 learning_rate=7.967e-05 epoch=0.32
2026-10-03T14:38:20Z step 310/938 loss=0.02411 grad_norm=0.1178 learning_rate=7.826e-05 epoch=0.3307
2026-10-03T14:38:47Z step 320/938 loss=0.02714 grad_norm=0.08433 learning_rate=7.682e-05 epoch=0.3413
2026-10-03T14:39:14Z step 330/938 loss=0.0191 grad_norm=0.09225 learning_rate=7.535e-05 epoch=0.352
2026-10-03T14:39:41Z step 340/938 loss=0.01624 grad_norm=0.2293 learning_rate=7.385e-05 epoch=0.3627
2026-10-03T14:40:09Z step 350/938 loss=0.02114 grad_norm=0.2496 learning_rate=7.231e-05 epoch=0.3733
2026-10-03T14:40:35Z step 360/938 loss=0.01371 grad_norm=0.1301 learning_rate=7.076e-05 epoch=0.384
2026-10-03T14:41:03Z step 370/938 loss=0.01577 grad_norm=0.1331 learning_rate=6.917e-05 epoch=0.3947
2026-10-03T14:41:30Z step 380/938 loss=0.02185 grad_norm=0.09837 learning_rate=6.757e-05 epoch=0.4053
2026-10-03T14:41:57Z step 390/938 loss=0.0179 grad_norm=0.1243 learning_rate=6.594e-05 epoch=0.416
2026-10-03T14:42:24Z step 400/938 loss=0.01434 grad_norm=0.09162 learning_rate=6.43e-05 epoch=0.4267
2026-10-03T14:42:56Z step 410/938 loss=0.02062 grad_norm=0.1319 learning_rate=6.264e-05 epoch=0.4373
2026-10-03T14:43:22Z step 420/938 loss=0.02009 grad_norm=0.437 learning_rate=6.096e-05 epoch=0.448
2026-10-03T14:43:49Z step 430/938 loss=0.01381 grad_norm=0.0936 learning_rate=5.927e-05 epoch=0.4587
2026-10-03T14:44:17Z step 440/938 loss=0.017 grad_norm=0.4097 learning_rate=5.757e-05 epoch=0.4693
2026-10-03T14:44:44Z step 450/938 loss=0.01556 grad_norm=0.1257 learning_rate=5.586e-05 epoch=0.48
2026-10-03T14:45:11Z step 460/938 loss=0.01639 grad_norm=0.1179 learning_rate=5.414e-05 epoch=0.4907
2026-10-03T14:45:38Z step 470/938 loss=0.01366 grad_norm=0.03181 learning_rate=5.242e-05 epoch=0.5013
2026-10-03T14:46:25Z step 480/938 loss=0.0187 grad_norm=0.05336 learning_rate=5.069e-05 epoch=0.512
2026-10-03T14:46:52Z step 490/938 loss=0.01529 grad_norm=0.09756 learning_rate=4.896e-05 epoch=0.5227
2026-10-03T14:47:19Z step 500/938 loss=0.01401 grad_norm=0.1617 learning_rate=4.724e-05 epoch=0.5333
2026-10-03T14:47:46Z step 510/938 loss=0.01333 grad_norm=0.07055 learning_rate=4.552e-05 epoch=0.544
2026-10-03T14:48:13Z step 520/938 loss=0.01827 grad_norm=0.2196 learning_rate=4.38e-05 epoch=0.5547
2026-10-03T14:48:42Z step 530/938 loss=0.01664 grad_norm=0.1079 learning_rate=4.209e-05 epoch=0.5653
2026-10-03T14:49:09Z step 540/938 loss=0.0137 grad_norm=0.1133 learning_rate=4.039e-05 epoch=0.576
2026-10-03T14:49:37Z step 550/938 loss=0.01086 grad_norm=0.04958 learning_rate=3.871e-05 epoch=0.5867
2026-10-03T14:50:04Z step 560/938 loss=0.008287 grad_norm=0.07802 learning_rate=3.703e-05 epoch=0.5973
2026-10-03T14:50:31Z step 570/938 loss=0.01165 grad_norm=0.0003753 learning_rate=3.537e-05 epoch=0.608
2026-10-03T14:50:58Z step 580/938 loss=0.01462 grad_norm=0.08311 learning_rate=3.373e-05 epoch=0.6187
2026-10-03T14:51:25Z step 590/938 loss=0.0136 grad_norm=0.09157 learning_rate=3.211e-05 epoch=0.6293
2026-10-03T14:51:53Z step 600/938 loss=0.01375 grad_norm=0.1374 learning_rate=3.051e-05 epoch=0.64
2026-10-03T14:53:28Z step 610/938 loss=0.01639 grad_norm=0.1188 learning_rate=2.893e-05 epoch=0.6507
2026-10-03T14:53:55Z step 620/938 loss=0.0206 grad_norm=0.06756 learning_rate=2.738e-05 epoch=0.6613
2026-10-03T14:54:22Z step 630/938 loss=0.01654 grad_norm=0.2115 learning_rate=2.585e-05 epoch=0.672
2026-10-03T14:55:53Z step 640/938 loss=0.01138 grad_norm=0.06187 learning_rate=2.436e-05 epoch=0.6827
2026-10-03T14:56:20Z step 650/938 loss=0.01131 grad_norm=0.1135 learning_rate=2.289e-05 epoch=0.6933
2026-10-03T14:56:48Z step 660/938 loss=0.009761 grad_norm=0.1109 learning_rate=2.145e-05 epoch=0.704
2026-10-03T14:57:15Z step 670/938 loss=0.01218 grad_norm=0.02401 learning_rate=2.005e-05 epoch=0.7147
2026-10-03T14:57:42Z step 680/938 loss=0.01185 grad_norm=0.07492 learning_rate=1.869e-05 epoch=0.7253
2026-10-03T14:58:10Z step 690/938 loss=0.01258 grad_norm=0.1348 learning_rate=1.736e-05 epoch=0.736
2026-10-03T14:58:37Z step 700/938 loss=0.01106 grad_norm=0.1243 learning_rate=1.608e-05 epoch=0.7467
2026-10-03T14:59:04Z step 710/938 loss=0.01386 grad_norm=0.4642 learning_rate=1.483e-05 epoch=0.7573
2026-10-03T14:59:31Z step 720/938 loss=0.01336 grad_norm=0.000247 learning_rate=1.362e-05 epoch=0.768
2026-10-03T15:01:03Z step 730/938 loss=0.0113 grad_norm=0.06397 learning_rate=1.246e-05 epoch=0.7787
2026-10-03T15:01:31Z step 740/938 loss=0.009502 grad_norm=0.08873 learning_rate=1.134e-05 epoch=0.7893
2026-10-03T15:01:58Z step 750/938 loss=0.01325 grad_norm=0.1226 learning_rate=1.027e-05 epoch=0.8
2026-10-03T15:02:25Z step 760/938 loss=0.01191 grad_norm=0.1949 learning_rate=9.247e-06 epoch=0.8107
2026-10-03T15:02:57Z step 770/938 loss=0.01379 grad_norm=0.1391 learning_rate=8.271e-06 epoch=0.8213
2026-10-03T15:03:24Z step 780/938 loss=0.01308 grad_norm=0.1339 learning_rate=7.345e-06 epoch=0.832
2026-10-03T15:03:52Z step 790/938 loss=0.008977 grad_norm=0.07558 learning_rate=6.47e-06 epoch=0.8427
2026-10-03T15:04:19Z step 800/938 loss=0.01278 grad_norm=0.07142 learning_rate=5.647e-06 epoch=0.8533
2026-10-03T15:04:46Z step 810/938 loss=0.009038 grad_norm=0.1167 learning_rate=4.877e-06 epoch=0.864
2026-10-03T15:05:13Z step 820/938 loss=0.01132 grad_norm=0.0842 learning_rate=4.16e-06 epoch=0.8747
2026-10-03T15:05:41Z step 830/938 loss=0.01129 grad_norm=0.07786 learning_rate=3.498e-06 epoch=0.8853
2026-10-03T15:06:08Z step 840/938 loss=0.01277 grad_norm=0.1112 learning_rate=2.892e-06 epoch=0.896
2026-10-03T15:06:35Z step 850/938 loss=0.01034 grad_norm=0.06512 learning_rate=2.342e-06 epoch=0.9067
2026-10-03T15:07:01Z step 860/938 loss=0.0136 grad_norm=0.04775 learning_rate=1.848e-06 epoch=0.9173
2026-10-03T15:07:29Z step 870/938 loss=0.01097 grad_norm=0.1134 learning_rate=1.412e-06 epoch=0.928
2026-10-03T15:07:56Z step 880/938 loss=0.01492 grad_norm=0.09128 learning_rate=1.034e-06 epoch=0.9387
2026-10-03T15:08:23Z step 890/938 loss=0.009307 grad_norm=0.7904 learning_rate=7.137e-07 epoch=0.9493
2026-10-03T15:08:50Z step 900/938 loss=0.01332 grad_norm=0.02302 learning_rate=4.525e-07 epoch=0.96
2026-10-03T15:09:17Z step 910/938 loss=0.01247 grad_norm=0.1488 learning_rate=2.504e-07 epoch=0.9707
2026-10-03T15:09:44Z step 920/938 loss=0.01267 grad_norm=0.1941 learning_rate=1.075e-07 epoch=0.9813
2026-10-03T15:10:39Z step 930/938 loss=0.01041 grad_norm=0.103 learning_rate=2.413e-08 epoch=0.992
2026-10-03T15:10:59Z step 938/938 train_runtime=2899 train_samples_per_second=20.69 train_steps_per_second=0.324 total_flos=1.303e+18 train_loss=0.05318 epoch=1
2026-10-03T15:11:03Z trained 938 steps in 48.4 min, 4695.0 tok/s, peak 35.34 GB
2026-10-03T15:11:04Z u path: fp32-hidden (max |u_fp32 - u_bf16logits| = 0.0362)
2026-10-03T15:13:29Z padding self-check: max |u_batch - u_single| = 0.1128 (tol 0.642) -> left padding
2026-10-03T15:15:38Z B-AB-conddrv-s0 rule_v1/dev: TA 95.7 Rev 95.7 Hold 100.0 n=300 (274.7 s)
2026-10-03T15:17:47Z generate: batch 25/115, 203250 tokens, 1618 tok/s
2026-10-03T15:20:06Z generate: batch 50/115, 426777 tokens, 1612 tok/s
2026-10-03T15:22:36Z generate: batch 75/115, 678764 tokens, 1633 tok/s
2026-10-03T15:25:18Z generate: batch 100/115, 901228 tokens, 1561 tok/s
2026-10-03T15:30:18Z B-AB-conddrv-s0 rule_v1/test_L2: TA 86.5 Rev 87.0 Hold 98.6 n=2000 (880.0 s)
2026-10-03T15:32:47Z generate: batch 25/38, 225448 tokens, 1530 tok/s
2026-10-03T15:35:19Z B-AB-conddrv-s0 xr_v1/test: TA nan Rev nan Hold nan n=None (300.4 s)
2026-10-03T15:35:20Z DONE B-AB-conddrv-s0 in 73.1 min, GPU util mean 82.5
