2026-10-03T19:44:15Z step 10/938 loss=1.806 grad_norm=3.587 learning_rate=3.214e-05 epoch=0.01067
2026-10-03T19:44:43Z step 20/938 loss=0.171 grad_norm=0.913 learning_rate=6.786e-05 epoch=0.02133
2026-10-03T19:45:10Z step 30/938 loss=0.03738 grad_norm=0.6199 learning_rate=0.0001 epoch=0.032
2026-10-03T19:45:37Z step 40/938 loss=0.0115 grad_norm=0.2371 learning_rate=9.996e-05 epoch=0.04267
2026-10-03T19:46:05Z step 50/938 loss=0.008225 grad_norm=1.783 learning_rate=9.987e-05 epoch=0.05333
2026-10-03T19:46:32Z step 60/938 loss=0.01224 grad_norm=0.08288 learning_rate=9.971e-05 epoch=0.064
2026-10-03T19:47:00Z step 70/938 loss=0.005801 grad_norm=0.02473 learning_rate=9.95e-05 epoch=0.07467
2026-10-03T19:47:27Z step 80/938 loss=0.009304 grad_norm=0.07525 learning_rate=9.923e-05 epoch=0.08533
2026-10-03T19:47:54Z step 90/938 loss=0.002909 grad_norm=0.03584 learning_rate=9.89e-05 epoch=0.096
2026-10-03T19:48:21Z step 100/938 loss=0.003779 grad_norm=0.0539 learning_rate=9.851e-05 epoch=0.1067
2026-10-03T19:48:50Z step 110/938 loss=0.007471 grad_norm=0.1016 learning_rate=9.806e-05 epoch=0.1173
2026-10-03T19:49:18Z step 120/938 loss=0.001881 grad_norm=0.03226 learning_rate=9.755e-05 epoch=0.128
2026-10-03T19:49:45Z step 130/938 loss=0.001736 grad_norm=0.00607 learning_rate=9.699e-05 epoch=0.1387
2026-10-03T19:50:13Z step 140/938 loss=0.01199 grad_norm=0.02707 learning_rate=9.637e-05 epoch=0.1493
2026-10-03T19:50:40Z step 150/938 loss=0.001977 grad_norm=0.006925 learning_rate=9.57e-05 epoch=0.16
2026-10-03T19:51:07Z step 160/938 loss=0.003057 grad_norm=0.1083 learning_rate=9.497e-05 epoch=0.1707
2026-10-03T19:51:34Z step 170/938 loss=0.004757 grad_norm=0.2084 learning_rate=9.419e-05 epoch=0.1813
2026-10-03T19:52:02Z step 180/938 loss=0.004788 grad_norm=0.06058 learning_rate=9.336e-05 epoch=0.192
2026-10-03T19:52:29Z step 190/938 loss=0.000628 grad_norm=0.003896 learning_rate=9.247e-05 epoch=0.2027
2026-10-03T19:52:55Z step 200/938 loss=0.0003787 grad_norm=0.002521 learning_rate=9.154e-05 epoch=0.2133
2026-10-03T19:53:22Z step 210/938 loss=0.004928 grad_norm=0.004505 learning_rate=9.055e-05 epoch=0.224
2026-10-03T19:53:49Z step 220/938 loss=0.000485 grad_norm=0.019 learning_rate=8.952e-05 epoch=0.2347
2026-10-03T19:54:16Z step 230/938 loss=0.0005812 grad_norm=0.1784 learning_rate=8.844e-05 epoch=0.2453
2026-10-03T19:54:44Z step 240/938 loss=0.0004303 grad_norm=0.007762 learning_rate=8.731e-05 epoch=0.256
2026-10-03T19:55:11Z step 250/938 loss=0.0009315 grad_norm=0.000951 learning_rate=8.614e-05 epoch=0.2667
2026-10-03T19:55:39Z step 260/938 loss=5.317e-05 grad_norm=0.0003916 learning_rate=8.493e-05 epoch=0.2773
2026-10-03T19:56:06Z step 270/938 loss=2.734e-05 grad_norm=0.001503 learning_rate=8.367e-05 epoch=0.288
2026-10-03T19:56:33Z step 280/938 loss=0.002 grad_norm=0.001121 learning_rate=8.237e-05 epoch=0.2987
2026-10-03T19:57:00Z step 290/938 loss=0.003697 grad_norm=0.007925 learning_rate=8.104e-05 epoch=0.3093
2026-10-03T19:57:27Z step 300/938 loss=0.00152 grad_norm=0.03907 learning_rate=7.967e-05 epoch=0.32
2026-10-03T19:57:55Z step 310/938 loss=0.001211 grad_norm=0.004826 learning_rate=7.826e-05 epoch=0.3307
2026-10-03T19:58:21Z step 320/938 loss=0.0001232 grad_norm=0.003703 learning_rate=7.682e-05 epoch=0.3413
2026-10-03T19:58:49Z step 330/938 loss=0.000111 grad_norm=0.001545 learning_rate=7.535e-05 epoch=0.352
2026-10-03T19:59:39Z step 340/938 loss=7.811e-05 grad_norm=0.0379 learning_rate=7.385e-05 epoch=0.3627
2026-10-03T20:00:07Z step 350/938 loss=6.8e-05 grad_norm=0.001895 learning_rate=7.231e-05 epoch=0.3733
2026-10-03T20:00:34Z step 360/938 loss=0.0001316 grad_norm=0.0001979 learning_rate=7.076e-05 epoch=0.384
2026-10-03T20:01:01Z step 370/938 loss=5.54e-05 grad_norm=0.0001309 learning_rate=6.917e-05 epoch=0.3947
2026-10-03T20:01:28Z step 380/938 loss=2.177e-05 grad_norm=0.0006996 learning_rate=6.757e-05 epoch=0.4053
2026-10-03T20:01:55Z step 390/938 loss=6.082e-05 grad_norm=0.078 learning_rate=6.594e-05 epoch=0.416
2026-10-03T20:02:23Z step 400/938 loss=1.82e-05 grad_norm=0.0003639 learning_rate=6.43e-05 epoch=0.4267
2026-10-03T20:02:49Z step 410/938 loss=0.0002858 grad_norm=0.002634 learning_rate=6.264e-05 epoch=0.4373
2026-10-03T20:03:18Z step 420/938 loss=1.453e-05 grad_norm=0.0001006 learning_rate=6.096e-05 epoch=0.448
2026-10-03T20:03:45Z step 430/938 loss=1.382e-05 grad_norm=0.0001435 learning_rate=5.927e-05 epoch=0.4587
2026-10-03T20:04:17Z step 440/938 loss=1.556e-05 grad_norm=0.0001599 learning_rate=5.757e-05 epoch=0.4693
2026-10-03T20:04:45Z step 450/938 loss=1.2e-05 grad_norm=0.0004184 learning_rate=5.586e-05 epoch=0.48
2026-10-03T20:05:11Z step 460/938 loss=1.209e-05 grad_norm=7.757e-05 learning_rate=5.414e-05 epoch=0.4907
2026-10-03T20:05:38Z step 470/938 loss=2.573e-05 grad_norm=0.0001504 learning_rate=5.242e-05 epoch=0.5013
2026-10-03T20:06:06Z step 480/938 loss=9.443e-06 grad_norm=0.0004445 learning_rate=5.069e-05 epoch=0.512
2026-10-03T20:06:33Z step 490/938 loss=2.249e-05 grad_norm=0.0002239 learning_rate=4.896e-05 epoch=0.5227
2026-10-03T20:07:00Z step 500/938 loss=9.945e-06 grad_norm=0.0004342 learning_rate=4.724e-05 epoch=0.5333
2026-10-03T20:07:27Z step 510/938 loss=2.613e-05 grad_norm=7.036e-05 learning_rate=4.552e-05 epoch=0.544
2026-10-03T20:07:54Z step 520/938 loss=9.478e-06 grad_norm=0.0001344 learning_rate=4.38e-05 epoch=0.5547
2026-10-03T20:08:21Z step 530/938 loss=1.231e-05 grad_norm=0.0005238 learning_rate=4.209e-05 epoch=0.5653
2026-10-03T20:08:49Z step 540/938 loss=0.0004139 grad_norm=9.028e-05 learning_rate=4.039e-05 epoch=0.576
2026-10-03T20:09:16Z step 550/938 loss=9.058e-06 grad_norm=0.0001782 learning_rate=3.871e-05 epoch=0.5867
2026-10-03T20:09:43Z step 560/938 loss=8.095e-05 grad_norm=9.631e-05 learning_rate=3.703e-05 epoch=0.5973
2026-10-03T20:10:10Z step 570/938 loss=0.001631 grad_norm=0.0004047 learning_rate=3.537e-05 epoch=0.608
2026-10-03T20:10:37Z step 580/938 loss=1.545e-05 grad_norm=0.0005033 learning_rate=3.373e-05 epoch=0.6187
2026-10-03T20:11:04Z step 590/938 loss=1.448e-05 grad_norm=0.0002431 learning_rate=3.211e-05 epoch=0.6293
2026-10-03T20:11:31Z step 600/938 loss=4.012e-05 grad_norm=0.0002167 learning_rate=3.051e-05 epoch=0.64
2026-10-03T20:11:59Z step 610/938 loss=1.89e-05 grad_norm=0.0002214 learning_rate=2.893e-05 epoch=0.6507
2026-10-03T20:12:26Z step 620/938 loss=1.374e-05 grad_norm=0.0001204 learning_rate=2.738e-05 epoch=0.6613
2026-10-03T20:12:54Z step 630/938 loss=1.26e-05 grad_norm=0.002638 learning_rate=2.585e-05 epoch=0.672
2026-10-03T20:13:41Z step 640/938 loss=1.421e-05 grad_norm=0.0003381 learning_rate=2.436e-05 epoch=0.6827
2026-10-03T20:14:16Z step 650/938 loss=0.0001384 grad_norm=0.0001063 learning_rate=2.289e-05 epoch=0.6933
2026-10-03T20:14:44Z step 660/938 loss=7.753e-06 grad_norm=0.0002689 learning_rate=2.145e-05 epoch=0.704
2026-10-03T20:15:11Z step 670/938 loss=0.001942 grad_norm=0.0002196 learning_rate=2.005e-05 epoch=0.7147
2026-10-03T20:15:39Z step 680/938 loss=2.85e-05 grad_norm=0.01419 learning_rate=1.869e-05 epoch=0.7253
2026-10-03T20:16:06Z step 690/938 loss=2.706e-05 grad_norm=0.000591 learning_rate=1.736e-05 epoch=0.736
2026-10-03T20:16:33Z step 700/938 loss=1.493e-05 grad_norm=0.000786 learning_rate=1.608e-05 epoch=0.7467
2026-10-03T20:17:00Z step 710/938 loss=3.392e-05 grad_norm=0.000501 learning_rate=1.483e-05 epoch=0.7573
2026-10-03T20:17:30Z step 720/938 loss=4.818e-05 grad_norm=0.000134 learning_rate=1.362e-05 epoch=0.768
2026-10-03T20:17:58Z step 730/938 loss=1.664e-05 grad_norm=0.0002126 learning_rate=1.246e-05 epoch=0.7787
2026-10-03T20:18:26Z step 740/938 loss=1.427e-05 grad_norm=0.002042 learning_rate=1.134e-05 epoch=0.7893
2026-10-03T20:18:52Z step 750/938 loss=1.655e-05 grad_norm=9.936e-05 learning_rate=1.027e-05 epoch=0.8
2026-10-03T20:19:19Z step 760/938 loss=1.531e-05 grad_norm=0.0004867 learning_rate=9.247e-06 epoch=0.8107
2026-10-03T20:19:47Z step 770/938 loss=0.001806 grad_norm=0.004672 learning_rate=8.271e-06 epoch=0.8213
2026-10-03T20:20:14Z step 780/938 loss=1.556e-05 grad_norm=0.0005694 learning_rate=7.345e-06 epoch=0.832
2026-10-03T20:20:42Z step 790/938 loss=1.502e-05 grad_norm=0.0004025 learning_rate=6.47e-06 epoch=0.8427
2026-10-03T20:21:09Z step 800/938 loss=3.608e-05 grad_norm=0.002338 learning_rate=5.647e-06 epoch=0.8533
2026-10-03T20:21:36Z step 810/938 loss=1.414e-05 grad_norm=0.0003078 learning_rate=4.877e-06 epoch=0.864
2026-10-03T20:22:04Z step 820/938 loss=1.587e-05 grad_norm=0.0003389 learning_rate=4.16e-06 epoch=0.8747
2026-10-03T20:22:30Z step 830/938 loss=3.566e-05 grad_norm=0.0003637 learning_rate=3.498e-06 epoch=0.8853
2026-10-03T20:22:58Z step 840/938 loss=3.573e-05 grad_norm=0.000504 learning_rate=2.892e-06 epoch=0.896
2026-10-03T20:23:25Z step 850/938 loss=1.507e-05 grad_norm=0.0006937 learning_rate=2.342e-06 epoch=0.9067
2026-10-03T20:23:57Z step 860/938 loss=2.867e-05 grad_norm=0.0009266 learning_rate=1.848e-06 epoch=0.9173
2026-10-03T20:24:24Z step 870/938 loss=2.291e-05 grad_norm=0.0002715 learning_rate=1.412e-06 epoch=0.928
2026-10-03T20:24:51Z step 880/938 loss=1.198e-05 grad_norm=8.016e-05 learning_rate=1.034e-06 epoch=0.9387
2026-10-03T20:25:19Z step 890/938 loss=1.88e-05 grad_norm=0.0002037 learning_rate=7.137e-07 epoch=0.9493
2026-10-03T20:25:46Z step 900/938 loss=8.238e-05 grad_norm=0.000326 learning_rate=4.525e-07 epoch=0.96
2026-10-03T20:26:14Z step 910/938 loss=2.293e-05 grad_norm=0.0004988 learning_rate=2.504e-07 epoch=0.9707
2026-10-03T20:26:41Z step 920/938 loss=4.578e-05 grad_norm=0.0001713 learning_rate=1.075e-07 epoch=0.9813
2026-10-03T20:27:08Z step 930/938 loss=6.839e-05 grad_norm=0.003229 learning_rate=2.413e-08 epoch=0.992
2026-10-03T20:27:29Z step 938/938 train_runtime=2621 train_samples_per_second=22.89 train_steps_per_second=0.358 total_flos=1.312e+18 train_loss=0.02271 epoch=1
2026-10-03T20:28:56Z trained 938 steps in 43.7 min, 5289.6 tok/s, peak 35.19 GB
2026-10-03T20:28:57Z u path: fp32-hidden (max |u_fp32 - u_bf16logits| = 0.0332)
2026-10-03T20:28:58Z padding self-check: max |u_batch - u_single| = 0.0692 (tol 0.622) -> left padding
2026-10-03T20:29:53Z B-FOLD2-ledger2-blocks-s2 rule_v1_fold2/dev: TA 73.7 Rev 99.3 Hold 73.7 n=300 (56.2 s)
2026-10-03T20:32:50Z generate: batch 25/32, 225004 tokens, 1698 tok/s
2026-10-03T20:36:30Z B-FOLD2-ledger2-blocks-s2 rule_v1_fold2/test_L2: TA 67.2 Rev 99.5 Hold 67.7 n=2000 (397.6 s)
2026-10-03T20:36:31Z DONE B-FOLD2-ledger2-blocks-s2 in 53.1 min, GPU util mean 89.7
