2026-10-02T15:44:07Z step 10/938 loss=7.925 grad_norm=10.6 learning_rate=3.214e-05 epoch=0.01067
2026-10-02T15:45:14Z step 20/938 loss=1.491 grad_norm=1.872 learning_rate=6.786e-05 epoch=0.02133
2026-10-02T15:46:22Z step 30/938 loss=0.2457 grad_norm=3.302 learning_rate=0.0001 epoch=0.032
2026-10-02T15:47:28Z step 40/938 loss=0.1269 grad_norm=0.4858 learning_rate=9.996e-05 epoch=0.04267
2026-10-02T15:48:34Z step 50/938 loss=0.07019 grad_norm=0.556 learning_rate=9.987e-05 epoch=0.05333
2026-10-02T15:49:40Z step 60/938 loss=0.05661 grad_norm=0.5333 learning_rate=9.971e-05 epoch=0.064
2026-10-02T15:50:45Z step 70/938 loss=0.04978 grad_norm=0.2563 learning_rate=9.95e-05 epoch=0.07467
2026-10-02T15:51:51Z step 80/938 loss=0.0319 grad_norm=0.4326 learning_rate=9.923e-05 epoch=0.08533
2026-10-02T15:52:55Z step 90/938 loss=0.02868 grad_norm=0.2658 learning_rate=9.89e-05 epoch=0.096
2026-10-02T15:54:02Z step 100/938 loss=0.03797 grad_norm=0.197 learning_rate=9.851e-05 epoch=0.1067
2026-10-02T15:55:06Z step 110/938 loss=0.02443 grad_norm=0.166 learning_rate=9.806e-05 epoch=0.1173
2026-10-02T15:56:11Z step 120/938 loss=0.02612 grad_norm=0.2257 learning_rate=9.755e-05 epoch=0.128
2026-10-02T15:57:19Z step 130/938 loss=0.02316 grad_norm=0.08738 learning_rate=9.699e-05 epoch=0.1387
2026-10-02T15:58:25Z step 140/938 loss=0.0296 grad_norm=0.2908 learning_rate=9.637e-05 epoch=0.1493
2026-10-02T15:59:32Z step 150/938 loss=0.0211 grad_norm=0.1897 learning_rate=9.57e-05 epoch=0.16
2026-10-02T16:00:37Z step 160/938 loss=0.01997 grad_norm=0.1693 learning_rate=9.497e-05 epoch=0.1707
2026-10-02T16:01:44Z step 170/938 loss=0.02526 grad_norm=0.2097 learning_rate=9.419e-05 epoch=0.1813
2026-10-02T16:02:50Z step 180/938 loss=0.0236 grad_norm=0.2213 learning_rate=9.336e-05 epoch=0.192
2026-10-02T17:19:43Z step 10/938 loss=1.973 grad_norm=2.656 learning_rate=3.214e-05 epoch=0.01067
2026-10-02T17:20:49Z step 20/938 loss=0.3731 grad_norm=0.4858 learning_rate=6.786e-05 epoch=0.02133
2026-10-02T17:21:54Z step 30/938 loss=0.06924 grad_norm=0.1992 learning_rate=0.0001 epoch=0.032
2026-10-02T17:22:59Z step 40/938 loss=0.04469 grad_norm=0.2229 learning_rate=9.996e-05 epoch=0.04267
2026-10-02T17:24:03Z step 50/938 loss=0.02336 grad_norm=0.08421 learning_rate=9.987e-05 epoch=0.05333
2026-10-02T17:25:07Z step 60/938 loss=0.01483 grad_norm=0.1442 learning_rate=9.971e-05 epoch=0.064
2026-10-02T17:26:10Z step 70/938 loss=0.01317 grad_norm=0.1287 learning_rate=9.95e-05 epoch=0.07467
2026-10-02T17:27:14Z step 80/938 loss=0.009817 grad_norm=0.05208 learning_rate=9.923e-05 epoch=0.08533
2026-10-02T17:28:16Z step 90/938 loss=0.008633 grad_norm=0.1 learning_rate=9.89e-05 epoch=0.096
2026-10-02T17:29:22Z step 100/938 loss=0.0105 grad_norm=0.1108 learning_rate=9.851e-05 epoch=0.1067
2026-10-02T17:30:24Z step 110/938 loss=0.007215 grad_norm=0.08736 learning_rate=9.806e-05 epoch=0.1173
2026-10-02T17:31:27Z step 120/938 loss=0.006967 grad_norm=0.0789 learning_rate=9.755e-05 epoch=0.128
2026-10-02T17:32:32Z step 130/938 loss=0.006745 grad_norm=0.3455 learning_rate=9.699e-05 epoch=0.1387
2026-10-02T17:33:37Z step 140/938 loss=0.008552 grad_norm=0.04504 learning_rate=9.637e-05 epoch=0.1493
2026-10-02T17:34:42Z step 150/938 loss=0.006532 grad_norm=0.06772 learning_rate=9.57e-05 epoch=0.16
2026-10-02T17:36:17Z step 160/938 loss=0.006081 grad_norm=0.06141 learning_rate=9.497e-05 epoch=0.1707
2026-10-02T17:37:21Z step 170/938 loss=0.00649 grad_norm=0.07714 learning_rate=9.419e-05 epoch=0.1813
2026-10-02T17:38:25Z step 180/938 loss=0.006196 grad_norm=0.0444 learning_rate=9.336e-05 epoch=0.192
2026-10-02T17:39:30Z step 190/938 loss=0.005396 grad_norm=0.1053 learning_rate=9.247e-05 epoch=0.2027
2026-10-02T17:40:34Z step 200/938 loss=0.005149 grad_norm=0.04093 learning_rate=9.154e-05 epoch=0.2133
2026-10-02T17:41:40Z step 210/938 loss=0.003961 grad_norm=0.08057 learning_rate=9.055e-05 epoch=0.224
2026-10-02T17:42:44Z step 220/938 loss=0.008097 grad_norm=0.04438 learning_rate=8.952e-05 epoch=0.2347
2026-10-02T17:43:49Z step 230/938 loss=0.006475 grad_norm=0.0733 learning_rate=8.844e-05 epoch=0.2453
2026-10-02T17:44:52Z step 240/938 loss=0.006708 grad_norm=0.03054 learning_rate=8.731e-05 epoch=0.256
2026-10-02T17:45:56Z step 250/938 loss=0.005564 grad_norm=0.0368 learning_rate=8.614e-05 epoch=0.2667
2026-10-02T17:47:01Z step 260/938 loss=0.005585 grad_norm=0.05696 learning_rate=8.493e-05 epoch=0.2773
2026-10-02T17:48:05Z step 270/938 loss=0.005347 grad_norm=0.08057 learning_rate=8.367e-05 epoch=0.288
2026-10-02T17:49:11Z step 280/938 loss=0.005723 grad_norm=0.03972 learning_rate=8.237e-05 epoch=0.2987
2026-10-02T17:50:15Z step 290/938 loss=0.004774 grad_norm=0.0477 learning_rate=8.104e-05 epoch=0.3093
2026-10-02T17:51:20Z step 300/938 loss=0.004468 grad_norm=0.02576 learning_rate=7.967e-05 epoch=0.32
2026-10-02T17:52:24Z step 310/938 loss=0.004379 grad_norm=0.04362 learning_rate=7.826e-05 epoch=0.3307
2026-10-02T17:53:29Z step 320/938 loss=0.005054 grad_norm=0.02474 learning_rate=7.682e-05 epoch=0.3413
2026-10-02T17:54:32Z step 330/938 loss=0.003893 grad_norm=0.05024 learning_rate=7.535e-05 epoch=0.352
2026-10-02T17:55:35Z step 340/938 loss=0.004875 grad_norm=0.06433 learning_rate=7.385e-05 epoch=0.3627
2026-10-02T17:57:13Z step 350/938 loss=0.003829 grad_norm=0.0237 learning_rate=7.231e-05 epoch=0.3733
2026-10-02T17:58:18Z step 360/938 loss=0.003978 grad_norm=0.02369 learning_rate=7.076e-05 epoch=0.384
2026-10-02T17:59:22Z step 370/938 loss=0.00499 grad_norm=0.02934 learning_rate=6.917e-05 epoch=0.3947
2026-10-02T18:00:26Z step 380/938 loss=0.00438 grad_norm=0.08515 learning_rate=6.757e-05 epoch=0.4053
2026-10-02T18:01:30Z step 390/938 loss=0.004033 grad_norm=0.03982 learning_rate=6.594e-05 epoch=0.416
2026-10-02T18:02:35Z step 400/938 loss=0.003891 grad_norm=0.03537 learning_rate=6.43e-05 epoch=0.4267
2026-10-03T05:56:06Z step 350/938 loss=0.003919 grad_norm=0.02342 learning_rate=7.231e-05 epoch=0.3733
2026-10-03T05:56:44Z step 360/938 loss=0.004071 grad_norm=0.02312 learning_rate=7.076e-05 epoch=0.384
2026-10-03T05:57:20Z step 370/938 loss=0.004928 grad_norm=0.02862 learning_rate=6.917e-05 epoch=0.3947
2026-10-03T05:57:56Z step 380/938 loss=0.00434 grad_norm=0.06537 learning_rate=6.757e-05 epoch=0.4053
2026-10-03T05:58:32Z step 390/938 loss=0.003998 grad_norm=0.03603 learning_rate=6.594e-05 epoch=0.416
2026-10-03T05:59:09Z step 400/938 loss=0.003859 grad_norm=0.03472 learning_rate=6.43e-05 epoch=0.4267
2026-10-03T05:59:45Z step 410/938 loss=0.003494 grad_norm=0.04208 learning_rate=6.264e-05 epoch=0.4373
2026-10-03T06:00:22Z step 420/938 loss=0.004084 grad_norm=0.03334 learning_rate=6.096e-05 epoch=0.448
2026-10-03T06:00:58Z step 430/938 loss=0.002853 grad_norm=0.02401 learning_rate=5.927e-05 epoch=0.4587
2026-10-03T06:01:34Z step 440/938 loss=0.005652 grad_norm=0.05442 learning_rate=5.757e-05 epoch=0.4693
2026-10-03T06:02:10Z step 450/938 loss=0.004127 grad_norm=0.02153 learning_rate=5.586e-05 epoch=0.48
2026-10-03T06:02:46Z step 460/938 loss=0.002651 grad_norm=0.02292 learning_rate=5.414e-05 epoch=0.4907
2026-10-03T06:03:23Z step 470/938 loss=0.003862 grad_norm=0.03407 learning_rate=5.242e-05 epoch=0.5013
2026-10-03T06:03:58Z step 480/938 loss=0.003703 grad_norm=0.01912 learning_rate=5.069e-05 epoch=0.512
2026-10-03T06:04:34Z step 490/938 loss=0.003139 grad_norm=0.01157 learning_rate=4.896e-05 epoch=0.5227
2026-10-03T06:05:10Z step 500/938 loss=0.003412 grad_norm=0.02494 learning_rate=4.724e-05 epoch=0.5333
2026-10-03T06:05:46Z step 510/938 loss=0.002971 grad_norm=0.02875 learning_rate=4.552e-05 epoch=0.544
2026-10-03T06:06:22Z step 520/938 loss=0.003782 grad_norm=0.05482 learning_rate=4.38e-05 epoch=0.5547
2026-10-03T06:06:58Z step 530/938 loss=0.002948 grad_norm=0.0444 learning_rate=4.209e-05 epoch=0.5653
2026-10-03T06:07:33Z step 540/938 loss=0.003185 grad_norm=0.0386 learning_rate=4.039e-05 epoch=0.576
2026-10-03T06:08:10Z step 550/938 loss=0.003034 grad_norm=0.02562 learning_rate=3.871e-05 epoch=0.5867
2026-10-03T06:08:45Z step 560/938 loss=0.003678 grad_norm=0.01582 learning_rate=3.703e-05 epoch=0.5973
2026-10-03T06:09:21Z step 570/938 loss=0.00354 grad_norm=0.02086 learning_rate=3.537e-05 epoch=0.608
2026-10-03T06:09:57Z step 580/938 loss=0.003118 grad_norm=0.03059 learning_rate=3.373e-05 epoch=0.6187
2026-10-03T06:10:33Z step 590/938 loss=0.003275 grad_norm=0.01165 learning_rate=3.211e-05 epoch=0.6293
2026-10-03T06:11:09Z step 600/938 loss=0.002718 grad_norm=0.02542 learning_rate=3.051e-05 epoch=0.64
2026-10-03T06:11:45Z step 610/938 loss=0.002726 grad_norm=0.01731 learning_rate=2.893e-05 epoch=0.6507
2026-10-03T06:12:21Z step 620/938 loss=0.003423 grad_norm=0.02856 learning_rate=2.738e-05 epoch=0.6613
2026-10-03T06:12:57Z step 630/938 loss=0.004135 grad_norm=0.06844 learning_rate=2.585e-05 epoch=0.672
2026-10-03T06:13:33Z step 640/938 loss=0.003152 grad_norm=0.01619 learning_rate=2.436e-05 epoch=0.6827
2026-10-03T06:14:15Z step 650/938 loss=0.003469 grad_norm=0.0157 learning_rate=2.289e-05 epoch=0.6933
2026-10-03T06:14:51Z step 660/938 loss=0.003215 grad_norm=0.0197 learning_rate=2.145e-05 epoch=0.704
2026-10-03T06:15:27Z step 670/938 loss=0.003195 grad_norm=0.02571 learning_rate=2.005e-05 epoch=0.7147
2026-10-03T06:16:04Z step 680/938 loss=0.00329 grad_norm=0.01778 learning_rate=1.869e-05 epoch=0.7253
2026-10-03T06:16:40Z step 690/938 loss=0.003109 grad_norm=0.01711 learning_rate=1.736e-05 epoch=0.736
2026-10-03T06:17:16Z step 700/938 loss=0.002898 grad_norm=0.01284 learning_rate=1.608e-05 epoch=0.7467
2026-10-03T06:17:52Z step 710/938 loss=0.002815 grad_norm=0.0273 learning_rate=1.483e-05 epoch=0.7573
2026-10-03T06:18:28Z step 720/938 loss=0.00288 grad_norm=0.0109 learning_rate=1.362e-05 epoch=0.768
2026-10-03T06:19:04Z step 730/938 loss=0.003177 grad_norm=0.03047 learning_rate=1.246e-05 epoch=0.7787
2026-10-03T06:19:40Z step 740/938 loss=0.003428 grad_norm=0.03815 learning_rate=1.134e-05 epoch=0.7893
2026-10-03T06:20:16Z step 750/938 loss=0.002613 grad_norm=0.02273 learning_rate=1.027e-05 epoch=0.8
2026-10-03T06:20:52Z step 760/938 loss=0.003091 grad_norm=0.06687 learning_rate=9.247e-06 epoch=0.8107
2026-10-03T06:21:28Z step 770/938 loss=0.002958 grad_norm=0.01874 learning_rate=8.271e-06 epoch=0.8213
2026-10-03T06:22:04Z step 780/938 loss=0.00321 grad_norm=0.01527 learning_rate=7.345e-06 epoch=0.832
2026-10-03T06:22:40Z step 790/938 loss=0.003201 grad_norm=0.02289 learning_rate=6.47e-06 epoch=0.8427
2026-10-03T06:23:16Z step 800/938 loss=0.002584 grad_norm=0.01494 learning_rate=5.647e-06 epoch=0.8533
2026-10-03T06:23:52Z step 810/938 loss=0.003198 grad_norm=0.04103 learning_rate=4.877e-06 epoch=0.864
2026-10-03T06:24:28Z step 820/938 loss=0.002802 grad_norm=0.03246 learning_rate=4.16e-06 epoch=0.8747
2026-10-03T06:25:04Z step 830/938 loss=0.00384 grad_norm=0.0161 learning_rate=3.498e-06 epoch=0.8853
2026-10-03T06:25:40Z step 840/938 loss=0.00305 grad_norm=0.04583 learning_rate=2.892e-06 epoch=0.896
2026-10-03T06:26:16Z step 850/938 loss=0.003468 grad_norm=0.05829 learning_rate=2.342e-06 epoch=0.9067
2026-10-03T06:26:52Z step 860/938 loss=0.002906 grad_norm=0.03427 learning_rate=1.848e-06 epoch=0.9173
2026-10-03T06:27:28Z step 870/938 loss=0.003193 grad_norm=0.02903 learning_rate=1.412e-06 epoch=0.928
2026-10-03T06:28:03Z step 880/938 loss=0.00336 grad_norm=0.02097 learning_rate=1.034e-06 epoch=0.9387
2026-10-03T06:28:39Z step 890/938 loss=0.003464 grad_norm=0.0381 learning_rate=7.137e-07 epoch=0.9493
2026-10-03T06:29:15Z step 900/938 loss=0.003328 grad_norm=0.02005 learning_rate=4.525e-07 epoch=0.96
2026-10-03T06:29:50Z step 910/938 loss=0.003503 grad_norm=0.0248 learning_rate=2.504e-07 epoch=0.9707
2026-10-03T06:30:25Z step 920/938 loss=0.002332 grad_norm=0.02949 learning_rate=1.075e-07 epoch=0.9813
2026-10-03T06:31:00Z step 930/938 loss=0.003435 grad_norm=0.02237 learning_rate=2.413e-08 epoch=0.992
2026-10-03T06:31:27Z step 938/938 train_runtime=2228 train_samples_per_second=26.93 train_steps_per_second=0.421 total_flos=1.248e+18 train_loss=0.002141 epoch=1
2026-10-03T06:31:32Z trained 938 steps in 37.4 min, 4527.4 tok/s, peak 26.05 GB
2026-10-03T06:31:33Z u path: fp32-hidden (max |u_fp32 - u_bf16logits| = 0.0126)
2026-10-03T06:31:34Z padding self-check: max |u_batch - u_single| = 0.1529 (tol 0.647) -> left padding
2026-10-03T06:34:39Z B-F-rationale-balanced-s0 rule_v1/dev: TA 73.0 Rev 98.7 Hold 74.3 n=300 (187.0 s)
2026-10-03T06:35:57Z B-F-rationale-balanced-s0 rule_v1/dev_missing: TA nan Rev nan Hold nan n=None (77.9 s)
2026-10-03T06:38:15Z generate: batch 25/29, 222303 tokens, 1618 tok/s
2026-10-03T06:40:12Z B-F-rationale-balanced-s0 rule_v1/missing: TA nan Rev nan Hold nan n=None (255.2 s)
2026-10-03T06:42:20Z generate: batch 25/73, 209548 tokens, 1675 tok/s
2026-10-03T06:44:34Z generate: batch 50/73, 455815 tokens, 1761 tok/s
2026-10-03T06:50:10Z B-F-rationale-balanced-s0 rule_v1/readapply: TA 79.6 Rev 99.6 Hold 79.8 n=1000 (597.2 s)
2026-10-03T06:52:15Z generate: batch 25/59, 217563 tokens, 1787 tok/s
2026-10-03T06:54:40Z generate: batch 50/59, 450613 tokens, 1686 tok/s
2026-10-03T06:58:31Z B-F-rationale-balanced-s0 rule_v1/test_L0: TA 76.1 Rev 98.5 Hold 77.3 n=1000 (501.0 s)
2026-10-03T07:00:30Z generate: batch 25/59, 221128 tokens, 1888 tok/s
2026-10-03T07:02:49Z generate: batch 50/59, 463462 tokens, 1810 tok/s
2026-10-03T07:06:36Z B-F-rationale-balanced-s0 rule_v1/test_L1: TA 75.3 Rev 97.2 Hold 76.8 n=1000 (484.5 s)
2026-10-03T07:08:42Z generate: batch 25/115, 216098 tokens, 1757 tok/s
2026-10-03T07:10:59Z generate: batch 50/115, 451508 tokens, 1737 tok/s
2026-10-03T07:13:22Z generate: batch 75/115, 713620 tokens, 1773 tok/s
2026-10-03T07:16:02Z generate: batch 100/115, 948127 tokens, 1685 tok/s
2026-10-03T07:23:44Z B-F-rationale-balanced-s0 rule_v1/test_L2: TA 64.7 Rev 91.4 Hold 70.4 n=2000 (1028.3 s)
2026-10-03T07:25:47Z generate: batch 25/51, 225653 tokens, 1877 tok/s
2026-10-03T07:28:06Z generate: batch 50/51, 533561 tokens, 2059 tok/s
2026-10-03T07:30:18Z B-F-rationale-balanced-s0 rule_v1/test_L3alt: TA 89.1 Rev 99.9 Hold 89.2 n=1000 (393.8 s)
2026-10-03T07:32:18Z generate: batch 25/63, 220886 tokens, 1859 tok/s
2026-10-03T07:34:43Z generate: batch 50/63, 466144 tokens, 1770 tok/s
2026-10-03T07:39:08Z B-F-rationale-balanced-s0 rule_v1/test_L3inv: TA 67.9 Rev 97.4 Hold 68.6 n=1000 (529.8 s)
2026-10-03T07:41:47Z generate: batch 25/57, 248288 tokens, 1579 tok/s
2026-10-03T07:44:38Z generate: batch 50/57, 473103 tokens, 1440 tok/s
2026-10-03T07:49:18Z B-F-rationale-balanced-s0 rule_v1/test_hard: TA 65.6 Rev 91.2 Hold 71.2 n=1000 (609.7 s)
2026-10-03T07:49:19Z DONE B-F-rationale-balanced-s0 in 115.7 min, GPU util mean 89.5
