2026-10-03T12:13:18Z step 10/938 loss=0.2097 grad_norm=3.797 learning_rate=3.214e-05 epoch=0.01067
2026-10-03T12:13:41Z step 20/938 loss=0.09235 grad_norm=1.166 learning_rate=6.786e-05 epoch=0.02133
2026-10-03T12:14:04Z step 30/938 loss=0.06738 grad_norm=1.68 learning_rate=0.0001 epoch=0.032
2026-10-03T12:14:28Z step 40/938 loss=0.05095 grad_norm=0.4316 learning_rate=9.996e-05 epoch=0.04267
2026-10-03T12:14:51Z step 50/938 loss=0.04179 grad_norm=0.431 learning_rate=9.987e-05 epoch=0.05333
2026-10-03T12:15:14Z step 60/938 loss=0.02965 grad_norm=1.502 learning_rate=9.971e-05 epoch=0.064
2026-10-03T12:15:36Z step 70/938 loss=0.02492 grad_norm=0.1133 learning_rate=9.95e-05 epoch=0.07467
2026-10-03T12:15:59Z step 80/938 loss=0.02629 grad_norm=1.599 learning_rate=9.923e-05 epoch=0.08533
2026-10-03T12:16:22Z step 90/938 loss=0.02135 grad_norm=0.4053 learning_rate=9.89e-05 epoch=0.096
2026-10-03T12:16:45Z step 100/938 loss=0.01895 grad_norm=0.8083 learning_rate=9.851e-05 epoch=0.1067
2026-10-03T12:17:07Z step 110/938 loss=0.01568 grad_norm=0.09747 learning_rate=9.806e-05 epoch=0.1173
2026-10-03T12:17:30Z step 120/938 loss=0.02482 grad_norm=0.6081 learning_rate=9.755e-05 epoch=0.128
2026-10-03T12:17:53Z step 130/938 loss=0.0198 grad_norm=0.1834 learning_rate=9.699e-05 epoch=0.1387
2026-10-03T12:18:16Z step 140/938 loss=0.0214 grad_norm=0.7925 learning_rate=9.637e-05 epoch=0.1493
2026-10-03T12:18:39Z step 150/938 loss=0.0118 grad_norm=0.1652 learning_rate=9.57e-05 epoch=0.16
2026-10-03T12:19:02Z step 160/938 loss=0.02029 grad_norm=0.1911 learning_rate=9.497e-05 epoch=0.1707
2026-10-03T12:19:25Z step 170/938 loss=0.01386 grad_norm=0.2345 learning_rate=9.419e-05 epoch=0.1813
2026-10-03T12:19:48Z step 180/938 loss=0.02165 grad_norm=0.2525 learning_rate=9.336e-05 epoch=0.192
2026-10-03T12:20:10Z step 190/938 loss=0.01867 grad_norm=0.941 learning_rate=9.247e-05 epoch=0.2027
2026-10-03T12:20:33Z step 200/938 loss=0.01562 grad_norm=0.2636 learning_rate=9.154e-05 epoch=0.2133
2026-10-03T12:20:56Z step 210/938 loss=0.01155 grad_norm=0.2793 learning_rate=9.055e-05 epoch=0.224
2026-10-03T12:21:19Z step 220/938 loss=0.004924 grad_norm=0.0777 learning_rate=8.952e-05 epoch=0.2347
2026-10-03T12:21:43Z step 230/938 loss=0.009709 grad_norm=4.657 learning_rate=8.844e-05 epoch=0.2453
2026-10-03T12:22:06Z step 240/938 loss=0.0213 grad_norm=0.07185 learning_rate=8.731e-05 epoch=0.256
2026-10-03T12:22:29Z step 250/938 loss=0.008981 grad_norm=0.1219 learning_rate=8.614e-05 epoch=0.2667
2026-10-03T12:22:51Z step 260/938 loss=0.0131 grad_norm=0.1085 learning_rate=8.493e-05 epoch=0.2773
2026-10-03T12:23:14Z step 270/938 loss=0.0123 grad_norm=1.333 learning_rate=8.367e-05 epoch=0.288
2026-10-03T12:23:37Z step 280/938 loss=0.007625 grad_norm=0.08485 learning_rate=8.237e-05 epoch=0.2987
2026-10-03T12:24:00Z step 290/938 loss=0.00693 grad_norm=0.0005657 learning_rate=8.104e-05 epoch=0.3093
2026-10-03T12:24:24Z step 300/938 loss=0.002987 grad_norm=0.1197 learning_rate=7.967e-05 epoch=0.32
2026-10-03T12:24:47Z step 310/938 loss=0.01629 grad_norm=0.2602 learning_rate=7.826e-05 epoch=0.3307
2026-10-03T12:25:10Z step 320/938 loss=0.004133 grad_norm=0.07259 learning_rate=7.682e-05 epoch=0.3413
2026-10-03T12:25:33Z step 330/938 loss=0.005602 grad_norm=0.0005698 learning_rate=7.535e-05 epoch=0.352
2026-10-03T12:25:56Z step 340/938 loss=0.02205 grad_norm=0.3513 learning_rate=7.385e-05 epoch=0.3627
2026-10-03T12:26:18Z step 350/938 loss=0.008317 grad_norm=0.2086 learning_rate=7.231e-05 epoch=0.3733
2026-10-03T12:26:41Z step 360/938 loss=0.003719 grad_norm=0.1575 learning_rate=7.076e-05 epoch=0.384
2026-10-03T12:27:03Z step 370/938 loss=0.008981 grad_norm=1.367 learning_rate=6.917e-05 epoch=0.3947
2026-10-03T12:27:26Z step 380/938 loss=0.008789 grad_norm=0.08764 learning_rate=6.757e-05 epoch=0.4053
2026-10-03T12:27:48Z step 390/938 loss=0.001808 grad_norm=0.178 learning_rate=6.594e-05 epoch=0.416
2026-10-03T12:28:12Z step 400/938 loss=0.01009 grad_norm=0.1987 learning_rate=6.43e-05 epoch=0.4267
2026-10-03T12:28:35Z step 410/938 loss=0.007517 grad_norm=0.04075 learning_rate=6.264e-05 epoch=0.4373
2026-10-03T12:28:57Z step 420/938 loss=0.003157 grad_norm=0.02472 learning_rate=6.096e-05 epoch=0.448
2026-10-03T12:29:20Z step 430/938 loss=0.007278 grad_norm=0.001444 learning_rate=5.927e-05 epoch=0.4587
2026-10-03T12:29:43Z step 440/938 loss=0.0008168 grad_norm=0.01956 learning_rate=5.757e-05 epoch=0.4693
2026-10-03T12:30:06Z step 450/938 loss=0.003018 grad_norm=0.004132 learning_rate=5.586e-05 epoch=0.48
2026-10-03T12:30:34Z step 460/938 loss=0.00652 grad_norm=0.001254 learning_rate=5.414e-05 epoch=0.4907
2026-10-03T12:30:57Z step 470/938 loss=0.002044 grad_norm=0.01447 learning_rate=5.242e-05 epoch=0.5013
2026-10-03T12:31:20Z step 480/938 loss=0.005074 grad_norm=0.3647 learning_rate=5.069e-05 epoch=0.512
2026-10-03T12:31:43Z step 490/938 loss=0.003884 grad_norm=0.3017 learning_rate=4.896e-05 epoch=0.5227
2026-10-03T12:32:06Z step 500/938 loss=0.0004419 grad_norm=0.0007114 learning_rate=4.724e-05 epoch=0.5333
2026-10-03T12:32:29Z step 510/938 loss=0.003149 grad_norm=0.06943 learning_rate=4.552e-05 epoch=0.544
2026-10-03T12:32:52Z step 520/938 loss=0.001649 grad_norm=0.003534 learning_rate=4.38e-05 epoch=0.5547
2026-10-03T12:33:15Z step 530/938 loss=0.0002929 grad_norm=0.06904 learning_rate=4.209e-05 epoch=0.5653
2026-10-03T12:33:38Z step 540/938 loss=0.002972 grad_norm=0.005335 learning_rate=4.039e-05 epoch=0.576
2026-10-03T12:34:00Z step 550/938 loss=0.0005616 grad_norm=0.01269 learning_rate=3.871e-05 epoch=0.5867
2026-10-03T12:34:23Z step 560/938 loss=0.000367 grad_norm=0.008018 learning_rate=3.703e-05 epoch=0.5973
2026-10-03T12:34:46Z step 570/938 loss=0.002528 grad_norm=0.0006487 learning_rate=3.537e-05 epoch=0.608
2026-10-03T12:35:10Z step 580/938 loss=0.007529 grad_norm=0.04142 learning_rate=3.373e-05 epoch=0.6187
2026-10-03T12:35:33Z step 590/938 loss=0.001507 grad_norm=0.0008904 learning_rate=3.211e-05 epoch=0.6293
2026-10-03T12:35:56Z step 600/938 loss=0.004925 grad_norm=0.1184 learning_rate=3.051e-05 epoch=0.64
2026-10-03T12:36:19Z step 610/938 loss=0.0009172 grad_norm=0.1155 learning_rate=2.893e-05 epoch=0.6507
2026-10-03T12:36:42Z step 620/938 loss=0.00168 grad_norm=0.02335 learning_rate=2.738e-05 epoch=0.6613
2026-10-03T12:37:05Z step 630/938 loss=0.0006494 grad_norm=0.00264 learning_rate=2.585e-05 epoch=0.672
2026-10-03T12:37:27Z step 640/938 loss=0.0002867 grad_norm=0.003773 learning_rate=2.436e-05 epoch=0.6827
2026-10-03T12:37:50Z step 650/938 loss=0.0001482 grad_norm=0.03517 learning_rate=2.289e-05 epoch=0.6933
2026-10-03T12:38:13Z step 660/938 loss=0.0006439 grad_norm=0.002252 learning_rate=2.145e-05 epoch=0.704
2026-10-03T12:38:37Z step 670/938 loss=0.0008964 grad_norm=0.0002102 learning_rate=2.005e-05 epoch=0.7147
2026-10-03T12:38:59Z step 680/938 loss=0.000883 grad_norm=0.02773 learning_rate=1.869e-05 epoch=0.7253
2026-10-03T12:39:23Z step 690/938 loss=0.002563 grad_norm=0.4368 learning_rate=1.736e-05 epoch=0.736
2026-10-03T12:39:46Z step 700/938 loss=0.0001783 grad_norm=0.00135 learning_rate=1.608e-05 epoch=0.7467
2026-10-03T12:40:09Z step 710/938 loss=0.00371 grad_norm=0.2339 learning_rate=1.483e-05 epoch=0.7573
2026-10-03T12:40:31Z step 720/938 loss=0.001697 grad_norm=0.000184 learning_rate=1.362e-05 epoch=0.768
2026-10-03T12:40:55Z step 730/938 loss=0.001412 grad_norm=0.002491 learning_rate=1.246e-05 epoch=0.7787
2026-10-03T12:41:17Z step 740/938 loss=0.006205 grad_norm=0.001283 learning_rate=1.134e-05 epoch=0.7893
2026-10-03T12:41:40Z step 750/938 loss=0.0002657 grad_norm=0.003025 learning_rate=1.027e-05 epoch=0.8
2026-10-03T12:42:04Z step 760/938 loss=0.001454 grad_norm=0.03481 learning_rate=9.247e-06 epoch=0.8107
2026-10-03T12:42:27Z step 770/938 loss=0.002142 grad_norm=0.003018 learning_rate=8.271e-06 epoch=0.8213
2026-10-03T12:42:49Z step 780/938 loss=0.0004658 grad_norm=0.00388 learning_rate=7.345e-06 epoch=0.832
2026-10-03T12:43:12Z step 790/938 loss=0.002317 grad_norm=0.08157 learning_rate=6.47e-06 epoch=0.8427
2026-10-03T12:43:35Z step 800/938 loss=0.0006356 grad_norm=0.0512 learning_rate=5.647e-06 epoch=0.8533
2026-10-03T12:44:51Z step 810/938 loss=0.0006923 grad_norm=0.0002177 learning_rate=4.877e-06 epoch=0.864
2026-10-03T12:45:15Z step 820/938 loss=0.003442 grad_norm=0.003994 learning_rate=4.16e-06 epoch=0.8747
2026-10-03T12:45:39Z step 830/938 loss=0.00166 grad_norm=0.0002616 learning_rate=3.498e-06 epoch=0.8853
2026-10-03T12:46:02Z step 840/938 loss=0.0002864 grad_norm=0.002077 learning_rate=2.892e-06 epoch=0.896
2026-10-03T12:46:25Z step 850/938 loss=0.001506 grad_norm=0.02123 learning_rate=2.342e-06 epoch=0.9067
2026-10-03T12:46:48Z step 860/938 loss=0.001226 grad_norm=0.1619 learning_rate=1.848e-06 epoch=0.9173
2026-10-03T12:47:12Z step 870/938 loss=0.001188 grad_norm=0.2428 learning_rate=1.412e-06 epoch=0.928
2026-10-03T12:47:35Z step 880/938 loss=0.003049 grad_norm=0.0621 learning_rate=1.034e-06 epoch=0.9387
2026-10-03T12:47:58Z step 890/938 loss=0.0002794 grad_norm=5.052e-05 learning_rate=7.137e-07 epoch=0.9493
2026-10-03T12:48:22Z step 900/938 loss=0.0001163 grad_norm=0.0002854 learning_rate=4.525e-07 epoch=0.96
2026-10-03T12:48:44Z step 910/938 loss=0.000425 grad_norm=0.004982 learning_rate=2.504e-07 epoch=0.9707
2026-10-03T12:49:08Z step 920/938 loss=7.936e-05 grad_norm=0.003505 learning_rate=1.075e-07 epoch=0.9813
2026-10-03T12:49:30Z step 930/938 loss=0.0001614 grad_norm=0.0007018 learning_rate=2.413e-08 epoch=0.992
2026-10-03T12:49:47Z step 938/938 train_runtime=2364 train_samples_per_second=25.38 train_steps_per_second=0.397 total_flos=1.083e+18 train_loss=0.01137 epoch=1
2026-10-03T12:49:51Z trained 938 steps in 39.4 min, 5538.0 tok/s, peak 23.28 GB
2026-10-03T12:50:05Z u path: fp32-hidden (max |u_fp32 - u_bf16logits| = 0.0846)
2026-10-03T12:50:10Z padding self-check: max |u_batch - u_single| = 0.1491 (tol 0.837) -> left padding
2026-10-03T12:50:51Z B-F-verdict-triplets-s3 rule_v1/dev: TA 99.0 Rev 99.0 Hold 100.0 n=300 (59.0 s)
2026-10-03T12:51:09Z B-F-verdict-triplets-s3 rule_v1/dev_missing: TA nan Rev nan Hold nan n=None (18.3 s)
2026-10-03T12:52:12Z B-F-verdict-triplets-s3 rule_v1/missing: TA nan Rev nan Hold nan n=None (62.5 s)
2026-10-03T12:54:20Z B-F-verdict-triplets-s3 rule_v1/readapply: TA 99.6 Rev 99.6 Hold 99.9 n=1000 (127.4 s)
2026-10-03T12:56:16Z B-F-verdict-triplets-s3 rule_v1/test_L0: TA 99.7 Rev 99.9 Hold 99.7 n=1000 (116.6 s)
2026-10-03T12:58:10Z B-F-verdict-triplets-s3 rule_v1/test_L1: TA 98.2 Rev 98.8 Hold 98.6 n=1000 (113.9 s)
2026-10-03T13:02:18Z B-F-verdict-triplets-s3 rule_v1/test_L2: TA 92.2 Rev 92.9 Hold 97.2 n=2000 (247.0 s)
2026-10-03T13:03:38Z B-F-verdict-triplets-s3 rule_v1/test_L3alt: TA 99.5 Rev 99.9 Hold 99.5 n=1000 (80.1 s)
2026-10-03T13:05:40Z B-F-verdict-triplets-s3 rule_v1/test_L3inv: TA 96.3 Rev 97.4 Hold 97.9 n=1000 (122.2 s)
2026-10-03T13:08:29Z B-F-verdict-triplets-s3 rule_v1/test_hard: TA 92.7 Rev 93.3 Hold 97.7 n=1000 (168.5 s)
2026-10-03T13:09:24Z B-F-verdict-triplets-s3 xr_v1/test: TA nan Rev nan Hold nan n=None (55.3 s)
2026-10-03T13:09:32Z DONE B-F-verdict-triplets-s3 in 59.4 min, GPU util mean 89.8
