2026-10-02T15:55:38Z step 10/938 loss=2.004 grad_norm=2.662 learning_rate=3.214e-05 epoch=0.01067
2026-10-02T15:56:44Z step 20/938 loss=0.3965 grad_norm=0.5741 learning_rate=6.786e-05 epoch=0.02133
2026-10-02T15:57:50Z step 30/938 loss=0.0738 grad_norm=0.358 learning_rate=0.0001 epoch=0.032
2026-10-02T15:58:56Z step 40/938 loss=0.0418 grad_norm=0.2619 learning_rate=9.996e-05 epoch=0.04267
2026-10-02T16:00:04Z step 50/938 loss=0.0216 grad_norm=0.1965 learning_rate=9.987e-05 epoch=0.05333
2026-10-02T16:01:11Z step 60/938 loss=0.01335 grad_norm=0.1257 learning_rate=9.971e-05 epoch=0.064
2026-10-02T16:02:17Z step 70/938 loss=0.0114 grad_norm=0.2032 learning_rate=9.95e-05 epoch=0.07467
2026-10-02T16:03:23Z step 80/938 loss=0.01016 grad_norm=0.09047 learning_rate=9.923e-05 epoch=0.08533
2026-10-02T16:04:29Z step 90/938 loss=0.009367 grad_norm=0.05823 learning_rate=9.89e-05 epoch=0.096
2026-10-02T16:05:35Z step 100/938 loss=0.008484 grad_norm=0.06818 learning_rate=9.851e-05 epoch=0.1067
2026-10-02T16:06:40Z step 110/938 loss=0.008372 grad_norm=0.08744 learning_rate=9.806e-05 epoch=0.1173
2026-10-02T16:07:45Z step 120/938 loss=0.00732 grad_norm=0.04423 learning_rate=9.755e-05 epoch=0.128
2026-10-02T16:08:50Z step 130/938 loss=0.006576 grad_norm=0.08039 learning_rate=9.699e-05 epoch=0.1387
2026-10-02T16:09:58Z step 140/938 loss=0.006674 grad_norm=0.1146 learning_rate=9.637e-05 epoch=0.1493
2026-10-02T16:11:06Z step 150/938 loss=0.006323 grad_norm=0.06771 learning_rate=9.57e-05 epoch=0.16
2026-10-02T16:12:12Z step 160/938 loss=0.006078 grad_norm=0.04604 learning_rate=9.497e-05 epoch=0.1707
2026-10-02T16:13:18Z step 170/938 loss=0.005689 grad_norm=0.04504 learning_rate=9.419e-05 epoch=0.1813
2026-10-02T16:14:25Z step 180/938 loss=0.004613 grad_norm=0.07135 learning_rate=9.336e-05 epoch=0.192
2026-10-02T16:15:38Z step 190/938 loss=0.005448 grad_norm=0.04708 learning_rate=9.247e-05 epoch=0.2027
2026-10-02T16:16:44Z step 200/938 loss=0.007108 grad_norm=0.0742 learning_rate=9.154e-05 epoch=0.2133
2026-10-02T16:17:52Z step 210/938 loss=0.004477 grad_norm=0.1606 learning_rate=9.055e-05 epoch=0.224
2026-10-02T16:18:59Z step 220/938 loss=0.006615 grad_norm=0.05538 learning_rate=8.952e-05 epoch=0.2347
2026-10-02T16:20:06Z step 230/938 loss=0.004983 grad_norm=0.04417 learning_rate=8.844e-05 epoch=0.2453
2026-10-02T16:21:12Z step 240/938 loss=0.005121 grad_norm=0.01855 learning_rate=8.731e-05 epoch=0.256
2026-10-02T16:22:18Z step 250/938 loss=0.004586 grad_norm=0.04747 learning_rate=8.614e-05 epoch=0.2667
2026-10-02T16:23:25Z step 260/938 loss=0.004946 grad_norm=0.03303 learning_rate=8.493e-05 epoch=0.2773
2026-10-02T16:24:28Z step 270/938 loss=0.004977 grad_norm=0.05048 learning_rate=8.367e-05 epoch=0.288
2026-10-02T16:25:35Z step 280/938 loss=0.004049 grad_norm=0.02662 learning_rate=8.237e-05 epoch=0.2987
2026-10-02T16:26:41Z step 290/938 loss=0.003589 grad_norm=0.01813 learning_rate=8.104e-05 epoch=0.3093
2026-10-02T16:27:47Z step 300/938 loss=0.004234 grad_norm=0.09753 learning_rate=7.967e-05 epoch=0.32
2026-10-02T16:28:53Z step 310/938 loss=0.006016 grad_norm=0.04052 learning_rate=7.826e-05 epoch=0.3307
2026-10-02T16:29:59Z step 320/938 loss=0.004337 grad_norm=0.04879 learning_rate=7.682e-05 epoch=0.3413
2026-10-02T16:31:06Z step 330/938 loss=0.004164 grad_norm=0.01895 learning_rate=7.535e-05 epoch=0.352
2026-10-02T16:32:13Z step 340/938 loss=0.003766 grad_norm=0.07617 learning_rate=7.385e-05 epoch=0.3627
2026-10-02T16:33:18Z step 350/938 loss=0.003837 grad_norm=0.02302 learning_rate=7.231e-05 epoch=0.3733
2026-10-02T16:34:26Z step 360/938 loss=0.005313 grad_norm=0.02671 learning_rate=7.076e-05 epoch=0.384
2026-10-02T16:35:42Z step 370/938 loss=0.004719 grad_norm=0.0246 learning_rate=6.917e-05 epoch=0.3947
2026-10-02T16:36:48Z step 380/938 loss=0.003429 grad_norm=0.06296 learning_rate=6.757e-05 epoch=0.4053
2026-10-02T16:37:55Z step 390/938 loss=0.004282 grad_norm=0.0558 learning_rate=6.594e-05 epoch=0.416
2026-10-02T16:39:01Z step 400/938 loss=0.004031 grad_norm=0.02755 learning_rate=6.43e-05 epoch=0.4267
2026-10-02T16:40:06Z step 410/938 loss=0.003759 grad_norm=0.02541 learning_rate=6.264e-05 epoch=0.4373
2026-10-02T16:41:13Z step 420/938 loss=0.004297 grad_norm=0.06305 learning_rate=6.096e-05 epoch=0.448
2026-10-02T16:42:18Z step 430/938 loss=0.003566 grad_norm=0.02924 learning_rate=5.927e-05 epoch=0.4587
2026-10-02T16:43:24Z step 440/938 loss=0.004633 grad_norm=0.04108 learning_rate=5.757e-05 epoch=0.4693
2026-10-02T16:44:29Z step 450/938 loss=0.00334 grad_norm=0.05313 learning_rate=5.586e-05 epoch=0.48
2026-10-02T16:45:35Z step 460/938 loss=0.003868 grad_norm=0.025 learning_rate=5.414e-05 epoch=0.4907
2026-10-02T16:46:40Z step 470/938 loss=0.003437 grad_norm=0.07954 learning_rate=5.242e-05 epoch=0.5013
2026-10-02T16:47:45Z step 480/938 loss=0.003588 grad_norm=0.05685 learning_rate=5.069e-05 epoch=0.512
2026-10-02T16:48:49Z step 490/938 loss=0.003709 grad_norm=0.03923 learning_rate=4.896e-05 epoch=0.5227
2026-10-02T16:49:54Z step 500/938 loss=0.004558 grad_norm=0.1454 learning_rate=4.724e-05 epoch=0.5333
2026-10-02T16:51:02Z step 510/938 loss=0.003068 grad_norm=0.01707 learning_rate=4.552e-05 epoch=0.544
2026-10-02T16:52:09Z step 520/938 loss=0.003074 grad_norm=0.03318 learning_rate=4.38e-05 epoch=0.5547
2026-10-02T16:53:16Z step 530/938 loss=0.002937 grad_norm=0.02734 learning_rate=4.209e-05 epoch=0.5653
2026-10-02T16:54:22Z step 540/938 loss=0.003606 grad_norm=0.02277 learning_rate=4.039e-05 epoch=0.576
2026-10-02T16:55:35Z step 550/938 loss=0.00368 grad_norm=0.02666 learning_rate=3.871e-05 epoch=0.5867
2026-10-02T16:56:41Z step 560/938 loss=0.003057 grad_norm=0.03117 learning_rate=3.703e-05 epoch=0.5973
2026-10-02T16:57:48Z step 570/938 loss=0.004009 grad_norm=0.02413 learning_rate=3.537e-05 epoch=0.608
2026-10-02T16:58:55Z step 580/938 loss=0.002466 grad_norm=0.03324 learning_rate=3.373e-05 epoch=0.6187
2026-10-02T17:00:02Z step 590/938 loss=0.003438 grad_norm=0.02299 learning_rate=3.211e-05 epoch=0.6293
2026-10-02T17:01:10Z step 600/938 loss=0.002968 grad_norm=0.01177 learning_rate=3.051e-05 epoch=0.64
2026-10-02T17:02:14Z step 610/938 loss=0.003472 grad_norm=0.03952 learning_rate=2.893e-05 epoch=0.6507
2026-10-02T17:03:23Z step 620/938 loss=0.004152 grad_norm=0.02682 learning_rate=2.738e-05 epoch=0.6613
2026-10-02T17:04:30Z step 630/938 loss=0.003773 grad_norm=0.01946 learning_rate=2.585e-05 epoch=0.672
2026-10-02T17:05:36Z step 640/938 loss=0.003129 grad_norm=0.02399 learning_rate=2.436e-05 epoch=0.6827
2026-10-02T17:06:42Z step 650/938 loss=0.003418 grad_norm=0.02205 learning_rate=2.289e-05 epoch=0.6933
2026-10-02T17:07:50Z step 660/938 loss=0.003056 grad_norm=0.02661 learning_rate=2.145e-05 epoch=0.704
2026-10-02T17:08:55Z step 670/938 loss=0.00364 grad_norm=0.0269 learning_rate=2.005e-05 epoch=0.7147
2026-10-02T17:10:01Z step 680/938 loss=0.003427 grad_norm=0.01357 learning_rate=1.869e-05 epoch=0.7253
2026-10-02T17:11:08Z step 690/938 loss=0.002792 grad_norm=0.01518 learning_rate=1.736e-05 epoch=0.736
2026-10-02T17:12:15Z step 700/938 loss=0.002761 grad_norm=0.01699 learning_rate=1.608e-05 epoch=0.7467
2026-10-02T17:13:23Z step 710/938 loss=0.003305 grad_norm=0.01943 learning_rate=1.483e-05 epoch=0.7573
2026-10-02T17:14:29Z step 720/938 loss=0.003152 grad_norm=0.02984 learning_rate=1.362e-05 epoch=0.768
2026-10-02T17:15:43Z step 730/938 loss=0.002895 grad_norm=0.03479 learning_rate=1.246e-05 epoch=0.7787
2026-10-02T17:16:49Z step 740/938 loss=0.003156 grad_norm=0.02225 learning_rate=1.134e-05 epoch=0.7893
2026-10-02T17:17:57Z step 750/938 loss=0.003752 grad_norm=0.02852 learning_rate=1.027e-05 epoch=0.8
2026-10-02T17:19:04Z step 760/938 loss=0.00302 grad_norm=0.05939 learning_rate=9.247e-06 epoch=0.8107
2026-10-02T17:20:09Z step 770/938 loss=0.00292 grad_norm=0.0169 learning_rate=8.271e-06 epoch=0.8213
2026-10-02T17:21:14Z step 780/938 loss=0.003134 grad_norm=0.03084 learning_rate=7.345e-06 epoch=0.832
2026-10-02T17:22:21Z step 790/938 loss=0.003579 grad_norm=0.02809 learning_rate=6.47e-06 epoch=0.8427
2026-10-02T17:23:28Z step 800/938 loss=0.003077 grad_norm=0.02799 learning_rate=5.647e-06 epoch=0.8533
2026-10-02T17:24:35Z step 810/938 loss=0.004143 grad_norm=0.02957 learning_rate=4.877e-06 epoch=0.864
2026-10-02T17:25:41Z step 820/938 loss=0.002693 grad_norm=0.02423 learning_rate=4.16e-06 epoch=0.8747
2026-10-02T17:26:49Z step 830/938 loss=0.003149 grad_norm=0.02853 learning_rate=3.498e-06 epoch=0.8853
2026-10-02T17:27:56Z step 840/938 loss=0.00297 grad_norm=0.03593 learning_rate=2.892e-06 epoch=0.896
2026-10-02T17:29:03Z step 850/938 loss=0.002912 grad_norm=0.0163 learning_rate=2.342e-06 epoch=0.9067
2026-10-02T17:30:09Z step 860/938 loss=0.003206 grad_norm=0.02851 learning_rate=1.848e-06 epoch=0.9173
2026-10-02T17:31:16Z step 870/938 loss=0.002566 grad_norm=0.02154 learning_rate=1.412e-06 epoch=0.928
2026-10-02T17:32:22Z step 880/938 loss=0.003055 grad_norm=0.02569 learning_rate=1.034e-06 epoch=0.9387
2026-10-02T17:33:27Z step 890/938 loss=0.003321 grad_norm=0.02977 learning_rate=7.137e-07 epoch=0.9493
2026-10-02T17:34:33Z step 900/938 loss=0.00304 grad_norm=0.0327 learning_rate=4.525e-07 epoch=0.96
2026-10-02T17:35:48Z step 910/938 loss=0.003427 grad_norm=0.07464 learning_rate=2.504e-07 epoch=0.9707
2026-10-02T17:36:53Z step 920/938 loss=0.003062 grad_norm=0.02912 learning_rate=1.075e-07 epoch=0.9813
2026-10-02T17:38:00Z step 930/938 loss=0.0038 grad_norm=0.02616 learning_rate=2.413e-08 epoch=0.992
2026-10-02T17:38:51Z step 938/938 train_runtime=6263 train_samples_per_second=9.579 train_steps_per_second=0.15 total_flos=1.242e+18 train_loss=0.0312 epoch=1
2026-10-02T17:38:56Z trained 938 steps in 104.5 min, 2550.9 tok/s, peak 22.0 GB
2026-10-02T17:38:58Z u path: fp32-hidden (max |u_fp32 - u_bf16logits| = 0.0195)
2026-10-02T17:38:59Z padding self-check: max |u_batch - u_single| = 0.2250 (tol 0.574) -> left padding
2026-10-02T17:44:13Z B-F-rationale-blocks-s0 rule_v1/dev: TA 70.7 Rev 99.0 Hold 71.7 n=300 (316.6 s)
2026-10-02T17:46:47Z B-F-rationale-blocks-s0 rule_v1/dev_missing: TA nan Rev nan Hold nan n=None (153.8 s)
2026-10-02T17:51:23Z generate: batch 25/29, 222436 tokens, 810 tok/s
2026-10-02T17:55:16Z B-F-rationale-blocks-s0 rule_v1/missing: TA nan Rev nan Hold nan n=None (508.2 s)
2026-10-02T17:58:27Z generate: batch 25/73, 208734 tokens, 1113 tok/s
2026-10-02T18:02:23Z generate: batch 50/73, 454330 tokens, 1071 tok/s
2026-10-02T18:13:32Z B-F-rationale-blocks-s0 rule_v1/readapply: TA 74.3 Rev 99.7 Hold 74.4 n=1000 (1095.7 s)
2026-10-02T18:17:17Z generate: batch 25/59, 217639 tokens, 977 tok/s
2026-10-02T18:22:07Z generate: batch 50/59, 451334 tokens, 880 tok/s
2026-10-02T18:29:40Z B-F-rationale-blocks-s0 rule_v1/test_L0: TA 69.6 Rev 98.4 Hold 70.8 n=1000 (967.8 s)
2026-10-02T18:33:20Z generate: batch 25/59, 222108 tokens, 1027 tok/s
2026-10-02T18:38:00Z generate: batch 50/59, 465391 tokens, 938 tok/s
2026-10-02T18:45:28Z B-F-rationale-blocks-s0 rule_v1/test_L1: TA 72.8 Rev 97.3 Hold 73.9 n=1000 (947.7 s)
2026-10-02T18:49:20Z generate: batch 25/115, 216029 tokens, 950 tok/s
2026-10-02T18:53:41Z generate: batch 50/115, 451548 tokens, 924 tok/s
2026-10-02T18:58:22Z generate: batch 75/115, 714538 tokens, 928 tok/s
2026-10-02T19:03:59Z generate: batch 100/115, 949033 tokens, 857 tok/s
2026-10-02T19:19:12Z B-F-rationale-blocks-s0 rule_v1/test_L2: TA 61.5 Rev 91.3 Hold 67.3 n=2000 (2022.8 s)
2026-10-02T19:22:53Z generate: batch 25/51, 225653 tokens, 1036 tok/s
2026-10-02T19:27:17Z generate: batch 50/51, 533567 tokens, 1107 tok/s
2026-10-02T19:31:34Z B-F-rationale-blocks-s0 rule_v1/test_L3alt: TA 79.2 Rev 100.0 Hold 79.2 n=1000 (742.2 s)
2026-10-02T19:35:15Z generate: batch 25/63, 220688 tokens, 1018 tok/s
2026-10-02T19:40:00Z generate: batch 50/63, 467204 tokens, 932 tok/s
2026-10-02T19:48:44Z B-F-rationale-blocks-s0 rule_v1/test_L3inv: TA 65.0 Rev 98.3 Hold 66.1 n=1000 (1028.6 s)
2026-10-02T19:54:04Z generate: batch 25/57, 248405 tokens, 784 tok/s
2026-10-02T20:00:02Z generate: batch 50/57, 473366 tokens, 701 tok/s
2026-10-02T20:09:10Z B-F-rationale-blocks-s0 rule_v1/test_hard: TA 63.9 Rev 92.0 Hold 69.7 n=1000 (1225.9 s)
2026-10-02T20:09:11Z DONE B-F-rationale-blocks-s0 in 255.3 min, GPU util mean 97.8
