2026-10-03T20:57:59Z step 10/938 loss=0.4258 grad_norm=0.8812 learning_rate=3.214e-05 epoch=0.01067
2026-10-03T20:58:29Z step 20/938 loss=0.05947 grad_norm=0.1932 learning_rate=6.786e-05 epoch=0.02133
2026-10-03T20:59:00Z step 30/938 loss=0.01524 grad_norm=0.1877 learning_rate=0.0001 epoch=0.032
2026-10-03T20:59:30Z step 40/938 loss=0.003771 grad_norm=0.121 learning_rate=9.996e-05 epoch=0.04267
2026-10-03T21:00:01Z step 50/938 loss=0.002145 grad_norm=0.3944 learning_rate=9.987e-05 epoch=0.05333
2026-10-03T21:00:32Z step 60/938 loss=0.0004656 grad_norm=0.05568 learning_rate=9.971e-05 epoch=0.064
2026-10-03T21:01:03Z step 70/938 loss=0.0004016 grad_norm=0.06293 learning_rate=9.95e-05 epoch=0.07467
2026-10-03T21:01:33Z step 80/938 loss=5.237e-05 grad_norm=0.04461 learning_rate=9.923e-05 epoch=0.08533
2026-10-03T21:02:04Z step 90/938 loss=0.002119 grad_norm=0.08635 learning_rate=9.89e-05 epoch=0.096
2026-10-03T21:02:35Z step 100/938 loss=0.001595 grad_norm=0.00402 learning_rate=9.851e-05 epoch=0.1067
2026-10-03T21:03:05Z step 110/938 loss=0.001462 grad_norm=0.08027 learning_rate=9.806e-05 epoch=0.1173
2026-10-03T21:03:35Z step 120/938 loss=0.0006197 grad_norm=0.03833 learning_rate=9.755e-05 epoch=0.128
2026-10-03T21:04:05Z step 130/938 loss=0.000817 grad_norm=0.02878 learning_rate=9.699e-05 epoch=0.1387
2026-10-03T21:04:35Z step 140/938 loss=0.0004186 grad_norm=0.00112 learning_rate=9.637e-05 epoch=0.1493
2026-10-03T21:05:06Z step 150/938 loss=0.0001506 grad_norm=0.0005245 learning_rate=9.57e-05 epoch=0.16
2026-10-03T21:05:36Z step 160/938 loss=8.998e-05 grad_norm=0.0006663 learning_rate=9.497e-05 epoch=0.1707
2026-10-03T21:06:06Z step 170/938 loss=3.107e-05 grad_norm=0.0001515 learning_rate=9.419e-05 epoch=0.1813
2026-10-03T21:06:38Z step 180/938 loss=0.0003321 grad_norm=0.1157 learning_rate=9.336e-05 epoch=0.192
2026-10-03T21:07:09Z step 190/938 loss=4.829e-05 grad_norm=0.001572 learning_rate=9.247e-05 epoch=0.2027
2026-10-03T21:07:40Z step 200/938 loss=3.011e-05 grad_norm=0.001046 learning_rate=9.154e-05 epoch=0.2133
2026-10-03T21:08:09Z step 210/938 loss=0.0007217 grad_norm=0.4501 learning_rate=9.055e-05 epoch=0.224
2026-10-03T21:08:41Z step 220/938 loss=0.000435 grad_norm=0.01007 learning_rate=8.952e-05 epoch=0.2347
2026-10-03T21:09:11Z step 230/938 loss=0.0003911 grad_norm=0.000687 learning_rate=8.844e-05 epoch=0.2453
2026-10-03T21:09:41Z step 240/938 loss=6.879e-05 grad_norm=0.02502 learning_rate=8.731e-05 epoch=0.256
2026-10-03T21:10:10Z step 250/938 loss=7.773e-05 grad_norm=0.0008094 learning_rate=8.614e-05 epoch=0.2667
2026-10-03T21:10:41Z step 260/938 loss=1.109e-05 grad_norm=0.0003432 learning_rate=8.493e-05 epoch=0.2773
2026-10-03T21:11:11Z step 270/938 loss=0.000677 grad_norm=0.0918 learning_rate=8.367e-05 epoch=0.288
2026-10-03T21:11:41Z step 280/938 loss=9.844e-05 grad_norm=0.01977 learning_rate=8.237e-05 epoch=0.2987
2026-10-03T21:12:12Z step 290/938 loss=2.705e-05 grad_norm=0.0002254 learning_rate=8.104e-05 epoch=0.3093
2026-10-03T21:12:42Z step 300/938 loss=7.221e-05 grad_norm=0.001402 learning_rate=7.967e-05 epoch=0.32
2026-10-03T21:13:13Z step 310/938 loss=8.843e-06 grad_norm=8.37e-05 learning_rate=7.826e-05 epoch=0.3307
2026-10-03T21:13:43Z step 320/938 loss=3.157e-05 grad_norm=0.0001156 learning_rate=7.682e-05 epoch=0.3413
2026-10-03T21:14:14Z step 330/938 loss=2.353e-05 grad_norm=0.0001801 learning_rate=7.535e-05 epoch=0.352
2026-10-03T21:14:45Z step 340/938 loss=0.0001218 grad_norm=0.0003569 learning_rate=7.385e-05 epoch=0.3627
2026-10-03T21:15:16Z step 350/938 loss=9.178e-06 grad_norm=0.0005386 learning_rate=7.231e-05 epoch=0.3733
2026-10-03T21:15:46Z step 360/938 loss=0.0001676 grad_norm=0.0002899 learning_rate=7.076e-05 epoch=0.384
2026-10-03T21:16:18Z step 370/938 loss=0.001163 grad_norm=0.1625 learning_rate=6.917e-05 epoch=0.3947
2026-10-03T21:16:48Z step 380/938 loss=0.001111 grad_norm=0.005429 learning_rate=6.757e-05 epoch=0.4053
2026-10-03T21:17:19Z step 390/938 loss=0.0002166 grad_norm=0.002259 learning_rate=6.594e-05 epoch=0.416
2026-10-03T21:17:56Z step 400/938 loss=5.965e-05 grad_norm=0.0006223 learning_rate=6.43e-05 epoch=0.4267
2026-10-03T21:18:27Z step 410/938 loss=0.001151 grad_norm=0.0003235 learning_rate=6.264e-05 epoch=0.4373
2026-10-03T21:18:58Z step 420/938 loss=0.0001375 grad_norm=0.01517 learning_rate=6.096e-05 epoch=0.448
2026-10-03T21:19:28Z step 430/938 loss=0.0001244 grad_norm=0.0003466 learning_rate=5.927e-05 epoch=0.4587
2026-10-03T21:19:59Z step 440/938 loss=6.999e-05 grad_norm=0.009647 learning_rate=5.757e-05 epoch=0.4693
2026-10-03T21:20:28Z step 450/938 loss=6.663e-05 grad_norm=0.0009704 learning_rate=5.586e-05 epoch=0.48
2026-10-03T21:20:58Z step 460/938 loss=1.823e-05 grad_norm=0.00131 learning_rate=5.414e-05 epoch=0.4907
2026-10-03T21:21:28Z step 470/938 loss=6.418e-05 grad_norm=0.02754 learning_rate=5.242e-05 epoch=0.5013
2026-10-03T21:21:58Z step 480/938 loss=0.0001605 grad_norm=0.0002408 learning_rate=5.069e-05 epoch=0.512
2026-10-03T21:22:28Z step 490/938 loss=9.962e-06 grad_norm=0.0004199 learning_rate=4.896e-05 epoch=0.5227
2026-10-03T21:22:59Z step 500/938 loss=7.02e-05 grad_norm=0.0003131 learning_rate=4.724e-05 epoch=0.5333
2026-10-03T21:23:29Z step 510/938 loss=1.44e-05 grad_norm=0.0002755 learning_rate=4.552e-05 epoch=0.544
2026-10-03T21:24:00Z step 520/938 loss=0.0001642 grad_norm=8.826e-05 learning_rate=4.38e-05 epoch=0.5547
2026-10-03T21:24:30Z step 530/938 loss=7.306e-06 grad_norm=0.0003295 learning_rate=4.209e-05 epoch=0.5653
2026-10-03T21:25:00Z step 540/938 loss=5.29e-06 grad_norm=0.0007567 learning_rate=4.039e-05 epoch=0.576
2026-10-03T21:25:31Z step 550/938 loss=5.054e-06 grad_norm=0.0002136 learning_rate=3.871e-05 epoch=0.5867
2026-10-03T21:26:00Z step 560/938 loss=1.02e-05 grad_norm=0.000162 learning_rate=3.703e-05 epoch=0.5973
2026-10-03T21:26:31Z step 570/938 loss=0.0001784 grad_norm=0.00143 learning_rate=3.537e-05 epoch=0.608
2026-10-03T21:27:01Z step 580/938 loss=3.482e-05 grad_norm=0.009374 learning_rate=3.373e-05 epoch=0.6187
2026-10-03T21:27:32Z step 590/938 loss=3.764e-05 grad_norm=0.0001391 learning_rate=3.211e-05 epoch=0.6293
2026-10-03T21:28:03Z step 600/938 loss=1.562e-05 grad_norm=6.002e-05 learning_rate=3.051e-05 epoch=0.64
2026-10-03T21:28:33Z step 610/938 loss=6.653e-06 grad_norm=0.0001967 learning_rate=2.893e-05 epoch=0.6507
2026-10-03T21:29:03Z step 620/938 loss=1.433e-05 grad_norm=0.0001948 learning_rate=2.738e-05 epoch=0.6613
2026-10-03T21:29:34Z step 630/938 loss=2.43e-05 grad_norm=9.738e-05 learning_rate=2.585e-05 epoch=0.672
2026-10-03T21:30:06Z step 640/938 loss=8.562e-06 grad_norm=0.008594 learning_rate=2.436e-05 epoch=0.6827
2026-10-03T21:30:36Z step 650/938 loss=3.454e-06 grad_norm=0.0002027 learning_rate=2.289e-05 epoch=0.6933
2026-10-03T21:31:06Z step 660/938 loss=6.66e-06 grad_norm=4.518e-05 learning_rate=2.145e-05 epoch=0.704
2026-10-03T21:31:36Z step 670/938 loss=7.208e-06 grad_norm=3.124e-05 learning_rate=2.005e-05 epoch=0.7147
2026-10-03T21:32:07Z step 680/938 loss=4.016e-06 grad_norm=0.0001184 learning_rate=1.869e-05 epoch=0.7253
2026-10-03T21:32:37Z step 690/938 loss=8.555e-06 grad_norm=0.003575 learning_rate=1.736e-05 epoch=0.736
2026-10-03T21:33:07Z step 700/938 loss=3.284e-06 grad_norm=0.0001279 learning_rate=1.608e-05 epoch=0.7467
2026-10-03T21:33:38Z step 710/938 loss=8.519e-06 grad_norm=0.0003139 learning_rate=1.483e-05 epoch=0.7573
2026-10-03T21:34:08Z step 720/938 loss=5.931e-06 grad_norm=0.0009392 learning_rate=1.362e-05 epoch=0.768
2026-10-03T21:34:39Z step 730/938 loss=3.678e-06 grad_norm=7.827e-05 learning_rate=1.246e-05 epoch=0.7787
2026-10-03T21:35:09Z step 740/938 loss=3.68e-06 grad_norm=0.000122 learning_rate=1.134e-05 epoch=0.7893
2026-10-03T21:35:38Z step 750/938 loss=4.872e-06 grad_norm=3.098e-05 learning_rate=1.027e-05 epoch=0.8
2026-10-03T21:36:09Z step 760/938 loss=3.41e-06 grad_norm=6.167e-05 learning_rate=9.247e-06 epoch=0.8107
2026-10-03T21:36:40Z step 770/938 loss=5.943e-06 grad_norm=0.003115 learning_rate=8.271e-06 epoch=0.8213
2026-10-03T21:37:10Z step 780/938 loss=4.274e-06 grad_norm=5.648e-05 learning_rate=7.345e-06 epoch=0.832
2026-10-03T21:37:46Z step 790/938 loss=1.389e-05 grad_norm=2.065e-05 learning_rate=6.47e-06 epoch=0.8427
2026-10-03T21:38:17Z step 800/938 loss=4.683e-06 grad_norm=0.0004736 learning_rate=5.647e-06 epoch=0.8533
2026-10-03T21:38:49Z step 810/938 loss=5.586e-06 grad_norm=0.0006315 learning_rate=4.877e-06 epoch=0.864
2026-10-03T21:39:18Z step 820/938 loss=3.394e-06 grad_norm=0.0001914 learning_rate=4.16e-06 epoch=0.8747
2026-10-03T21:39:48Z step 830/938 loss=3.734e-06 grad_norm=0.0001155 learning_rate=3.498e-06 epoch=0.8853
2026-10-03T21:40:18Z step 840/938 loss=4.252e-06 grad_norm=4.164e-05 learning_rate=2.892e-06 epoch=0.896
2026-10-03T21:40:48Z step 850/938 loss=3.936e-06 grad_norm=3.706e-05 learning_rate=2.342e-06 epoch=0.9067
2026-10-03T21:41:18Z step 860/938 loss=5.513e-06 grad_norm=4.164e-05 learning_rate=1.848e-06 epoch=0.9173
2026-10-03T21:41:49Z step 870/938 loss=3.953e-06 grad_norm=0.000936 learning_rate=1.412e-06 epoch=0.928
2026-10-03T21:42:20Z step 880/938 loss=3.069e-06 grad_norm=0.0001701 learning_rate=1.034e-06 epoch=0.9387
2026-10-03T21:42:50Z step 890/938 loss=3.416e-06 grad_norm=0.0001631 learning_rate=7.137e-07 epoch=0.9493
2026-10-03T21:43:21Z step 900/938 loss=5.114e-06 grad_norm=5.722e-05 learning_rate=4.525e-07 epoch=0.96
2026-10-03T21:43:50Z step 910/938 loss=2.386e-06 grad_norm=0.0001078 learning_rate=2.504e-07 epoch=0.9707
2026-10-03T21:44:21Z step 920/938 loss=4.23e-06 grad_norm=7.037e-05 learning_rate=1.075e-07 epoch=0.9813
2026-10-03T21:44:52Z step 930/938 loss=4.188e-06 grad_norm=8.482e-05 learning_rate=2.413e-08 epoch=0.992
2026-10-03T21:45:15Z step 938/938 train_runtime=2868 train_samples_per_second=20.92 train_steps_per_second=0.327 total_flos=1.318e+18 train_loss=0.005577 epoch=1
2026-10-03T21:45:19Z trained 938 steps in 47.8 min, 4811.1 tok/s, peak 25.22 GB
2026-10-03T21:45:20Z u path: fp32-hidden (max |u_fp32 - u_bf16logits| = 0.0351)
2026-10-03T21:45:21Z padding self-check: max |u_batch - u_single| = 0.0815 (tol 0.613) -> left padding
2026-10-03T21:46:51Z B-FOLD3-ledger2-blocks-s2 rule_v1_fold3/dev: TA 62.7 Rev 99.0 Hold 63.0 n=300 (92.2 s)
2026-10-03T21:50:09Z generate: batch 25/32, 218778 tokens, 1115 tok/s
2026-10-03T21:54:00Z B-FOLD3-ledger2-blocks-s2 rule_v1_fold3/test_L2: TA 67.8 Rev 98.8 Hold 68.7 n=2000 (428.0 s)
2026-10-03T21:54:00Z DONE B-FOLD3-ledger2-blocks-s2 in 56.9 min, GPU util mean 94.1
