2026-10-10T06:23:20Z step 10/938 loss=3.735 grad_norm=5.147 learning_rate=3.214e-05 epoch=0.01067
2026-10-10T06:23:48Z step 20/938 loss=0.8583 grad_norm=3.838 learning_rate=6.786e-05 epoch=0.02133
2026-10-10T06:24:15Z step 30/938 loss=0.2114 grad_norm=1.834 learning_rate=0.0001 epoch=0.032
2026-10-10T06:24:43Z step 40/938 loss=0.1853 grad_norm=0.7062 learning_rate=9.996e-05 epoch=0.04267
2026-10-10T06:25:11Z step 50/938 loss=0.1073 grad_norm=1.118 learning_rate=9.987e-05 epoch=0.05333
2026-10-10T06:25:39Z step 60/938 loss=0.1142 grad_norm=0.3405 learning_rate=9.971e-05 epoch=0.064
2026-10-10T06:26:06Z step 70/938 loss=0.1369 grad_norm=0.605 learning_rate=9.95e-05 epoch=0.07467
2026-10-10T06:26:33Z step 80/938 loss=0.1036 grad_norm=0.236 learning_rate=9.923e-05 epoch=0.08533
2026-10-10T06:27:00Z step 90/938 loss=0.1296 grad_norm=0.2665 learning_rate=9.89e-05 epoch=0.096
2026-10-10T06:27:28Z step 100/938 loss=0.1274 grad_norm=0.1592 learning_rate=9.851e-05 epoch=0.1067
2026-10-10T06:27:56Z step 110/938 loss=0.09101 grad_norm=0.3979 learning_rate=9.806e-05 epoch=0.1173
2026-10-10T06:28:23Z step 120/938 loss=0.109 grad_norm=0.2773 learning_rate=9.755e-05 epoch=0.128
2026-10-10T06:28:51Z step 130/938 loss=0.1494 grad_norm=0.4062 learning_rate=9.699e-05 epoch=0.1387
2026-10-10T06:29:19Z step 140/938 loss=0.1107 grad_norm=0.1854 learning_rate=9.637e-05 epoch=0.1493
2026-10-10T06:29:47Z step 150/938 loss=0.1037 grad_norm=0.1825 learning_rate=9.57e-05 epoch=0.16
2026-10-10T06:30:14Z step 160/938 loss=0.1105 grad_norm=0.2999 learning_rate=9.497e-05 epoch=0.1707
2026-10-10T06:30:42Z step 170/938 loss=0.1243 grad_norm=0.239 learning_rate=9.419e-05 epoch=0.1813
2026-10-10T06:31:09Z step 180/938 loss=0.1136 grad_norm=0.2452 learning_rate=9.336e-05 epoch=0.192
2026-10-10T06:31:37Z step 190/938 loss=0.1087 grad_norm=0.07397 learning_rate=9.247e-05 epoch=0.2027
2026-10-10T06:32:05Z step 200/938 loss=0.0976 grad_norm=0.1757 learning_rate=9.154e-05 epoch=0.2133
2026-10-10T06:32:32Z step 210/938 loss=0.09212 grad_norm=0.6587 learning_rate=9.055e-05 epoch=0.224
2026-10-10T06:33:00Z step 220/938 loss=0.1222 grad_norm=0.3898 learning_rate=8.952e-05 epoch=0.2347
2026-10-10T06:33:27Z step 230/938 loss=0.1449 grad_norm=0.2446 learning_rate=8.844e-05 epoch=0.2453
2026-10-10T06:33:55Z step 240/938 loss=0.1099 grad_norm=0.4172 learning_rate=8.731e-05 epoch=0.256
2026-10-10T06:34:23Z step 250/938 loss=0.09144 grad_norm=0.1054 learning_rate=8.614e-05 epoch=0.2667
2026-10-10T06:34:50Z step 260/938 loss=0.1027 grad_norm=0.3562 learning_rate=8.493e-05 epoch=0.2773
2026-10-10T06:35:17Z step 270/938 loss=0.09306 grad_norm=0.0724 learning_rate=8.367e-05 epoch=0.288
2026-10-10T06:35:45Z step 280/938 loss=0.09188 grad_norm=0.2226 learning_rate=8.237e-05 epoch=0.2987
2026-10-10T06:36:13Z step 290/938 loss=0.1033 grad_norm=0.2435 learning_rate=8.104e-05 epoch=0.3093
2026-10-10T06:36:40Z step 300/938 loss=0.09239 grad_norm=0.2268 learning_rate=7.967e-05 epoch=0.32
2026-10-10T06:37:07Z step 310/938 loss=0.1143 grad_norm=0.274 learning_rate=7.826e-05 epoch=0.3307
2026-10-10T06:37:34Z step 320/938 loss=0.1133 grad_norm=0.2838 learning_rate=7.682e-05 epoch=0.3413
2026-10-10T06:38:01Z step 330/938 loss=0.08295 grad_norm=0.2459 learning_rate=7.535e-05 epoch=0.352
2026-10-10T06:38:29Z step 340/938 loss=0.06269 grad_norm=0.2046 learning_rate=7.385e-05 epoch=0.3627
2026-10-10T06:38:56Z step 350/938 loss=0.0777 grad_norm=0.4724 learning_rate=7.231e-05 epoch=0.3733
2026-10-10T06:39:24Z step 360/938 loss=0.09909 grad_norm=0.2347 learning_rate=7.076e-05 epoch=0.384
2026-10-10T06:39:51Z step 370/938 loss=0.0888 grad_norm=0.1781 learning_rate=6.917e-05 epoch=0.3947
2026-10-10T06:40:19Z step 380/938 loss=0.08269 grad_norm=0.3597 learning_rate=6.757e-05 epoch=0.4053
2026-10-10T06:40:47Z step 390/938 loss=0.08078 grad_norm=0.1977 learning_rate=6.594e-05 epoch=0.416
2026-10-10T06:41:14Z step 400/938 loss=0.08362 grad_norm=0.5413 learning_rate=6.43e-05 epoch=0.4267
2026-10-10T06:41:42Z step 410/938 loss=0.07726 grad_norm=0.3933 learning_rate=6.264e-05 epoch=0.4373
2026-10-10T06:42:10Z step 420/938 loss=0.1173 grad_norm=0.3125 learning_rate=6.096e-05 epoch=0.448
2026-10-10T06:42:37Z step 430/938 loss=0.06457 grad_norm=0.1523 learning_rate=5.927e-05 epoch=0.4587
2026-10-10T06:45:47Z step 440/938 loss=0.08457 grad_norm=0.4431 learning_rate=5.757e-05 epoch=0.4693
2026-10-10T06:46:16Z step 450/938 loss=0.08356 grad_norm=0.3057 learning_rate=5.586e-05 epoch=0.48
2026-10-10T06:46:43Z step 460/938 loss=0.1053 grad_norm=0.258 learning_rate=5.414e-05 epoch=0.4907
2026-10-10T06:47:11Z step 470/938 loss=0.08785 grad_norm=0.1138 learning_rate=5.242e-05 epoch=0.5013
2026-10-10T06:47:39Z step 480/938 loss=0.06719 grad_norm=0.4266 learning_rate=5.069e-05 epoch=0.512
2026-10-10T06:48:08Z step 490/938 loss=0.08557 grad_norm=0.292 learning_rate=4.896e-05 epoch=0.5227
2026-10-10T06:48:35Z step 500/938 loss=0.05731 grad_norm=0.3811 learning_rate=4.724e-05 epoch=0.5333
2026-10-10T06:49:02Z step 510/938 loss=0.07165 grad_norm=0.2572 learning_rate=4.552e-05 epoch=0.544
2026-10-10T06:49:30Z step 520/938 loss=0.07674 grad_norm=0.2574 learning_rate=4.38e-05 epoch=0.5547
2026-10-10T06:49:57Z step 530/938 loss=0.07881 grad_norm=0.3716 learning_rate=4.209e-05 epoch=0.5653
2026-10-10T06:50:25Z step 540/938 loss=0.06054 grad_norm=0.2138 learning_rate=4.039e-05 epoch=0.576
2026-10-10T06:50:53Z step 550/938 loss=0.08459 grad_norm=0.2696 learning_rate=3.871e-05 epoch=0.5867
2026-10-10T06:51:20Z step 560/938 loss=0.07642 grad_norm=0.2383 learning_rate=3.703e-05 epoch=0.5973
2026-10-10T06:51:48Z step 570/938 loss=0.06008 grad_norm=0.4288 learning_rate=3.537e-05 epoch=0.608
2026-10-10T06:52:17Z step 580/938 loss=0.07405 grad_norm=0.3174 learning_rate=3.373e-05 epoch=0.6187
2026-10-10T06:52:45Z step 590/938 loss=0.09234 grad_norm=0.4885 learning_rate=3.211e-05 epoch=0.6293
2026-10-10T06:53:12Z step 600/938 loss=0.1005 grad_norm=0.3312 learning_rate=3.051e-05 epoch=0.64
2026-10-10T06:53:40Z step 610/938 loss=0.08673 grad_norm=0.4554 learning_rate=2.893e-05 epoch=0.6507
2026-10-10T06:54:07Z step 620/938 loss=0.06272 grad_norm=0.5596 learning_rate=2.738e-05 epoch=0.6613
2026-10-10T06:54:33Z step 630/938 loss=0.09154 grad_norm=0.5117 learning_rate=2.585e-05 epoch=0.672
2026-10-10T06:55:01Z step 640/938 loss=0.0579 grad_norm=0.4145 learning_rate=2.436e-05 epoch=0.6827
2026-10-10T06:55:30Z step 650/938 loss=0.07455 grad_norm=0.724 learning_rate=2.289e-05 epoch=0.6933
2026-10-10T06:55:58Z step 660/938 loss=0.08 grad_norm=0.2858 learning_rate=2.145e-05 epoch=0.704
2026-10-10T06:56:26Z step 670/938 loss=0.06346 grad_norm=0.2906 learning_rate=2.005e-05 epoch=0.7147
2026-10-10T06:56:53Z step 680/938 loss=0.05512 grad_norm=0.6154 learning_rate=1.869e-05 epoch=0.7253
2026-10-10T06:57:21Z step 690/938 loss=0.07084 grad_norm=0.5661 learning_rate=1.736e-05 epoch=0.736
2026-10-10T06:57:48Z step 700/938 loss=0.06192 grad_norm=0.5004 learning_rate=1.608e-05 epoch=0.7467
2026-10-10T06:58:17Z step 710/938 loss=0.04345 grad_norm=0.4689 learning_rate=1.483e-05 epoch=0.7573
2026-10-10T06:58:46Z step 720/938 loss=0.09034 grad_norm=0.3752 learning_rate=1.362e-05 epoch=0.768
2026-10-10T06:59:14Z step 730/938 loss=0.06401 grad_norm=0.2809 learning_rate=1.246e-05 epoch=0.7787
2026-10-10T06:59:41Z step 740/938 loss=0.07538 grad_norm=0.4758 learning_rate=1.134e-05 epoch=0.7893
2026-10-10T07:00:10Z step 750/938 loss=0.05016 grad_norm=0.251 learning_rate=1.027e-05 epoch=0.8
2026-10-10T07:00:38Z step 760/938 loss=0.05765 grad_norm=0.373 learning_rate=9.247e-06 epoch=0.8107
2026-10-10T07:01:06Z step 770/938 loss=0.0574 grad_norm=0.4385 learning_rate=8.271e-06 epoch=0.8213
2026-10-10T07:01:33Z step 780/938 loss=0.06171 grad_norm=0.4241 learning_rate=7.345e-06 epoch=0.832
2026-10-10T07:02:00Z step 790/938 loss=0.06052 grad_norm=0.1641 learning_rate=6.47e-06 epoch=0.8427
2026-10-10T07:02:28Z step 800/938 loss=0.07828 grad_norm=0.5663 learning_rate=5.647e-06 epoch=0.8533
2026-10-10T07:06:00Z step 810/938 loss=0.05004 grad_norm=1.126 learning_rate=4.877e-06 epoch=0.864
2026-10-10T07:06:27Z step 820/938 loss=0.04177 grad_norm=0.3676 learning_rate=4.16e-06 epoch=0.8747
2026-10-10T07:06:54Z step 830/938 loss=0.03829 grad_norm=0.07665 learning_rate=3.498e-06 epoch=0.8853
2026-10-10T07:07:22Z step 840/938 loss=0.06677 grad_norm=0.3497 learning_rate=2.892e-06 epoch=0.896
2026-10-10T07:07:50Z step 850/938 loss=0.05695 grad_norm=0.3653 learning_rate=2.342e-06 epoch=0.9067
2026-10-10T07:08:18Z step 860/938 loss=0.06803 grad_norm=0.5424 learning_rate=1.848e-06 epoch=0.9173
2026-10-10T07:08:45Z step 870/938 loss=0.0636 grad_norm=0.4448 learning_rate=1.412e-06 epoch=0.928
2026-10-10T07:09:13Z step 880/938 loss=0.05496 grad_norm=0.2841 learning_rate=1.034e-06 epoch=0.9387
2026-10-10T07:09:41Z step 890/938 loss=0.06508 grad_norm=0.2651 learning_rate=7.137e-07 epoch=0.9493
2026-10-10T07:10:08Z step 900/938 loss=0.05808 grad_norm=0.4649 learning_rate=4.525e-07 epoch=0.96
2026-10-10T07:10:35Z step 910/938 loss=0.06911 grad_norm=0.4248 learning_rate=2.504e-07 epoch=0.9707
2026-10-10T07:11:05Z step 920/938 loss=0.07483 grad_norm=0.3292 learning_rate=1.075e-07 epoch=0.9813
2026-10-10T07:11:32Z step 930/938 loss=0.07173 grad_norm=0.7169 learning_rate=2.413e-08 epoch=0.992
2026-10-10T07:11:52Z step 938/938 train_runtime=2941 train_samples_per_second=20.4 train_steps_per_second=0.319 total_flos=1.285e+18 train_loss=0.1336 epoch=1
2026-10-10T07:12:52Z trained 938 steps in 49.1 min, 5331.7 tok/s, peak 34.34 GB
2026-10-10T07:12:54Z u path: fp32-hidden (max |u_fp32 - u_bf16logits| = 0.0402)
2026-10-10T07:12:55Z padding self-check: max |u_batch - u_single| = 0.1190 (tol 0.647) -> left padding
2026-10-10T07:13:57Z B-V2-reader-triplets-s1 rule_v2/dev: TA 95.7 Rev 99.0 Hold 96.7 n=300 (63.9 s)
2026-10-10T07:16:44Z generate: batch 25/32, 281344 tokens, 1735 tok/s
2026-10-10T07:21:07Z B-V2-reader-triplets-s1 rule_v2/test_L2: TA 93.8 Rev 97.0 Hold 96.7 n=2000 (429.9 s)
2026-10-10T07:23:55Z generate: batch 25/32, 261546 tokens, 1592 tok/s
2026-10-10T07:28:12Z B-V2-reader-triplets-s1 rule_v1/test_L2: TA 98.6 Rev 98.6 Hold 100.0 n=2000 (423.3 s)
2026-10-10T07:30:39Z B-V2-reader-triplets-s1 xr_v1/test: TA nan Rev nan Hold nan n=None (146.9 s)
2026-10-10T07:31:30Z B-V2-reader-triplets-s1 cls_v1/dev: TA 78.0 Rev 91.7 Hold 85.7 n=300 (50.1 s)
2026-10-10T07:34:36Z B-V2-reader-triplets-s1 cls_v1/test: TA 76.2 Rev 91.9 Hold 82.7 n=1200 (186.0 s)
2026-10-10T07:34:38Z DONE B-V2-reader-triplets-s1 in 72.3 min, GPU util mean 81.9
