2026-10-03T20:48:50Z step 10/938 loss=1.813 grad_norm=3.059 learning_rate=3.214e-05 epoch=0.01067
2026-10-03T20:49:57Z step 20/938 loss=0.2481 grad_norm=1.032 learning_rate=6.786e-05 epoch=0.02133
2026-10-03T20:51:07Z step 30/938 loss=0.0364 grad_norm=1.945 learning_rate=0.0001 epoch=0.032
2026-10-03T20:52:14Z step 40/938 loss=0.01965 grad_norm=0.4656 learning_rate=9.996e-05 epoch=0.04267
2026-10-03T20:53:22Z step 50/938 loss=0.008055 grad_norm=0.04418 learning_rate=9.987e-05 epoch=0.05333
2026-10-03T20:54:29Z step 60/938 loss=0.004912 grad_norm=0.4181 learning_rate=9.971e-05 epoch=0.064
2026-10-03T20:55:37Z step 70/938 loss=0.002333 grad_norm=0.002925 learning_rate=9.95e-05 epoch=0.07467
2026-10-03T20:56:43Z step 80/938 loss=0.0001716 grad_norm=0.002808 learning_rate=9.923e-05 epoch=0.08533
2026-10-03T20:57:53Z step 90/938 loss=0.0003215 grad_norm=0.002422 learning_rate=9.89e-05 epoch=0.096
2026-10-03T20:59:01Z step 100/938 loss=0.00802 grad_norm=0.3499 learning_rate=9.851e-05 epoch=0.1067
2026-10-03T21:00:10Z step 110/938 loss=0.002086 grad_norm=0.04186 learning_rate=9.806e-05 epoch=0.1173
2026-10-03T21:01:19Z step 120/938 loss=0.001195 grad_norm=0.1342 learning_rate=9.755e-05 epoch=0.128
2026-10-03T21:02:29Z step 130/938 loss=0.002844 grad_norm=0.005877 learning_rate=9.699e-05 epoch=0.1387
2026-10-03T21:03:36Z step 140/938 loss=0.004469 grad_norm=1.329 learning_rate=9.637e-05 epoch=0.1493
2026-10-03T21:04:44Z step 150/938 loss=0.004064 grad_norm=0.01414 learning_rate=9.57e-05 epoch=0.16
2026-10-03T21:05:52Z step 160/938 loss=0.002288 grad_norm=0.002702 learning_rate=9.497e-05 epoch=0.1707
2026-10-03T21:07:04Z step 170/938 loss=0.0006986 grad_norm=0.001545 learning_rate=9.419e-05 epoch=0.1813
2026-10-03T21:08:47Z step 180/938 loss=0.002194 grad_norm=0.001024 learning_rate=9.336e-05 epoch=0.192
2026-10-03T21:09:56Z step 190/938 loss=9.097e-05 grad_norm=0.0002944 learning_rate=9.247e-05 epoch=0.2027
2026-10-03T21:11:07Z step 200/938 loss=0.0001699 grad_norm=0.04206 learning_rate=9.154e-05 epoch=0.2133
2026-10-03T21:12:12Z step 210/938 loss=0.0008115 grad_norm=0.0006107 learning_rate=9.055e-05 epoch=0.224
2026-10-03T21:13:28Z step 220/938 loss=0.0001026 grad_norm=0.0005621 learning_rate=8.952e-05 epoch=0.2347
2026-10-03T21:14:36Z step 230/938 loss=0.0005205 grad_norm=0.002755 learning_rate=8.844e-05 epoch=0.2453
2026-10-03T21:15:41Z step 240/938 loss=0.01209 grad_norm=0.04669 learning_rate=8.731e-05 epoch=0.256
2026-10-03T21:16:50Z step 250/938 loss=0.001321 grad_norm=0.01131 learning_rate=8.614e-05 epoch=0.2667
2026-10-03T21:17:58Z step 260/938 loss=0.0001632 grad_norm=0.01287 learning_rate=8.493e-05 epoch=0.2773
2026-10-03T21:19:07Z step 270/938 loss=0.0001314 grad_norm=0.01405 learning_rate=8.367e-05 epoch=0.288
2026-10-03T21:20:15Z step 280/938 loss=7.934e-05 grad_norm=0.002407 learning_rate=8.237e-05 epoch=0.2987
2026-10-03T21:21:24Z step 290/938 loss=6.957e-05 grad_norm=0.0001924 learning_rate=8.104e-05 epoch=0.3093
2026-10-03T21:22:31Z step 300/938 loss=2.374e-05 grad_norm=0.0003497 learning_rate=7.967e-05 epoch=0.32
2026-10-03T21:23:38Z step 310/938 loss=2.906e-05 grad_norm=0.000303 learning_rate=7.826e-05 epoch=0.3307
2026-10-03T21:24:45Z step 320/938 loss=0.0006648 grad_norm=0.0004915 learning_rate=7.682e-05 epoch=0.3413
2026-10-03T21:25:52Z step 330/938 loss=0.0009363 grad_norm=0.3825 learning_rate=7.535e-05 epoch=0.352
2026-10-03T21:27:03Z step 340/938 loss=0.0002566 grad_norm=0.137 learning_rate=7.385e-05 epoch=0.3627
2026-10-03T21:28:47Z step 350/938 loss=0.01183 grad_norm=0.08721 learning_rate=7.231e-05 epoch=0.3733
2026-10-03T21:29:57Z step 360/938 loss=0.002503 grad_norm=0.03185 learning_rate=7.076e-05 epoch=0.384
2026-10-03T21:31:07Z step 370/938 loss=0.0007601 grad_norm=0.00902 learning_rate=6.917e-05 epoch=0.3947
2026-10-03T21:32:14Z step 380/938 loss=0.0001439 grad_norm=0.001169 learning_rate=6.757e-05 epoch=0.4053
2026-10-03T21:33:21Z step 390/938 loss=0.002015 grad_norm=0.007516 learning_rate=6.594e-05 epoch=0.416
2026-10-03T21:34:29Z step 400/938 loss=0.0002717 grad_norm=0.002715 learning_rate=6.43e-05 epoch=0.4267
2026-10-03T21:35:35Z step 410/938 loss=0.0003843 grad_norm=0.5896 learning_rate=6.264e-05 epoch=0.4373
2026-10-03T21:36:44Z step 420/938 loss=0.0009073 grad_norm=0.0002857 learning_rate=6.096e-05 epoch=0.448
2026-10-03T21:37:53Z step 430/938 loss=7.054e-05 grad_norm=0.001256 learning_rate=5.927e-05 epoch=0.4587
2026-10-03T21:39:01Z step 440/938 loss=0.0005027 grad_norm=0.00946 learning_rate=5.757e-05 epoch=0.4693
2026-10-03T21:40:07Z step 450/938 loss=0.003235 grad_norm=0.01452 learning_rate=5.586e-05 epoch=0.48
2026-10-03T21:41:16Z step 460/938 loss=7.224e-05 grad_norm=0.006421 learning_rate=5.414e-05 epoch=0.4907
2026-10-03T21:42:23Z step 470/938 loss=0.001214 grad_norm=0.006074 learning_rate=5.242e-05 epoch=0.5013
2026-10-03T21:43:31Z step 480/938 loss=8.413e-05 grad_norm=0.0003767 learning_rate=5.069e-05 epoch=0.512
2026-10-03T21:44:41Z step 490/938 loss=0.0002556 grad_norm=0.0003128 learning_rate=4.896e-05 epoch=0.5227
2026-10-03T21:45:48Z step 500/938 loss=3.629e-05 grad_norm=0.0004636 learning_rate=4.724e-05 epoch=0.5333
2026-10-03T21:46:54Z step 510/938 loss=0.0001643 grad_norm=0.0002627 learning_rate=4.552e-05 epoch=0.544
2026-10-03T21:48:36Z step 520/938 loss=2.783e-05 grad_norm=0.0004924 learning_rate=4.38e-05 epoch=0.5547
2026-10-03T21:49:46Z step 530/938 loss=0.0002273 grad_norm=0.0002989 learning_rate=4.209e-05 epoch=0.5653
2026-10-03T21:50:51Z step 540/938 loss=1.769e-05 grad_norm=0.0006064 learning_rate=4.039e-05 epoch=0.576
2026-10-03T21:51:58Z step 550/938 loss=1.275e-05 grad_norm=0.0002073 learning_rate=3.871e-05 epoch=0.5867
2026-10-03T21:53:08Z step 560/938 loss=1.599e-05 grad_norm=0.0003902 learning_rate=3.703e-05 epoch=0.5973
2026-10-03T21:54:15Z step 570/938 loss=1.537e-05 grad_norm=0.0007394 learning_rate=3.537e-05 epoch=0.608
2026-10-03T21:55:25Z step 580/938 loss=0.0001004 grad_norm=0.0004192 learning_rate=3.373e-05 epoch=0.6187
2026-10-03T21:56:33Z step 590/938 loss=1.213e-05 grad_norm=0.000105 learning_rate=3.211e-05 epoch=0.6293
2026-10-03T21:57:41Z step 600/938 loss=1.031e-05 grad_norm=0.00012 learning_rate=3.051e-05 epoch=0.64
2026-10-03T21:58:50Z step 610/938 loss=0.0004994 grad_norm=0.000349 learning_rate=2.893e-05 epoch=0.6507
2026-10-03T21:59:57Z step 620/938 loss=1.185e-05 grad_norm=0.0002896 learning_rate=2.738e-05 epoch=0.6613
2026-10-03T22:01:06Z step 630/938 loss=1.491e-05 grad_norm=0.0004899 learning_rate=2.585e-05 epoch=0.672
2026-10-03T22:02:13Z step 640/938 loss=1.292e-05 grad_norm=0.0006327 learning_rate=2.436e-05 epoch=0.6827
2026-10-03T22:03:22Z step 650/938 loss=2.55e-05 grad_norm=0.0001952 learning_rate=2.289e-05 epoch=0.6933
2026-10-03T22:04:30Z step 660/938 loss=1.106e-05 grad_norm=0.0001973 learning_rate=2.145e-05 epoch=0.704
2026-10-03T22:05:37Z step 670/938 loss=1.107e-05 grad_norm=0.00161 learning_rate=2.005e-05 epoch=0.7147
2026-10-03T22:06:43Z step 680/938 loss=1.007e-05 grad_norm=0.0001555 learning_rate=1.869e-05 epoch=0.7253
2026-10-03T22:07:51Z step 690/938 loss=2.061e-05 grad_norm=0.01601 learning_rate=1.736e-05 epoch=0.736
2026-10-03T22:09:29Z step 700/938 loss=1.071e-05 grad_norm=0.000154 learning_rate=1.608e-05 epoch=0.7467
2026-10-03T22:10:37Z step 710/938 loss=1.119e-05 grad_norm=0.00357 learning_rate=1.483e-05 epoch=0.7573
2026-10-03T22:11:43Z step 720/938 loss=1.405e-05 grad_norm=0.0004587 learning_rate=1.362e-05 epoch=0.768
2026-10-03T22:12:50Z step 730/938 loss=1.059e-05 grad_norm=0.0001707 learning_rate=1.246e-05 epoch=0.7787
2026-10-03T22:13:59Z step 740/938 loss=9.156e-06 grad_norm=0.0002725 learning_rate=1.134e-05 epoch=0.7893
2026-10-03T22:15:09Z step 750/938 loss=1.037e-05 grad_norm=0.0002098 learning_rate=1.027e-05 epoch=0.8
2026-10-03T22:16:15Z step 760/938 loss=9.242e-06 grad_norm=0.000246 learning_rate=9.247e-06 epoch=0.8107
2026-10-03T22:17:26Z step 770/938 loss=1.456e-05 grad_norm=0.001681 learning_rate=8.271e-06 epoch=0.8213
2026-10-03T22:18:33Z step 780/938 loss=2.288e-05 grad_norm=0.0001498 learning_rate=7.345e-06 epoch=0.832
2026-10-03T22:19:43Z step 790/938 loss=0.0005539 grad_norm=0.0001123 learning_rate=6.47e-06 epoch=0.8427
2026-10-03T22:20:50Z step 800/938 loss=9.994e-06 grad_norm=0.0001097 learning_rate=5.647e-06 epoch=0.8533
2026-10-03T22:21:59Z step 810/938 loss=1.043e-05 grad_norm=0.0002699 learning_rate=4.877e-06 epoch=0.864
2026-10-03T22:23:07Z step 820/938 loss=8.728e-06 grad_norm=0.0001553 learning_rate=4.16e-06 epoch=0.8747
2026-10-03T22:24:14Z step 830/938 loss=1.222e-05 grad_norm=0.0005987 learning_rate=3.498e-06 epoch=0.8853
2026-10-03T22:25:20Z step 840/938 loss=1.194e-05 grad_norm=0.000191 learning_rate=2.892e-06 epoch=0.896
2026-10-03T22:26:28Z step 850/938 loss=8.162e-06 grad_norm=0.0001263 learning_rate=2.342e-06 epoch=0.9067
2026-10-03T22:27:36Z step 860/938 loss=1.669e-05 grad_norm=0.01243 learning_rate=1.848e-06 epoch=0.9173
2026-10-03T22:29:20Z step 870/938 loss=1.263e-05 grad_norm=0.0007281 learning_rate=1.412e-06 epoch=0.928
2026-10-03T22:30:29Z step 880/938 loss=1.529e-05 grad_norm=0.0004263 learning_rate=1.034e-06 epoch=0.9387
2026-10-03T22:31:37Z step 890/938 loss=8.703e-06 grad_norm=0.000206 learning_rate=7.137e-07 epoch=0.9493
2026-10-03T22:32:44Z step 900/938 loss=8.729e-06 grad_norm=0.0001841 learning_rate=4.525e-07 epoch=0.96
2026-10-03T22:33:50Z step 910/938 loss=0.0001368 grad_norm=0.0008483 learning_rate=2.504e-07 epoch=0.9707
2026-10-03T22:34:58Z step 920/938 loss=1.231e-05 grad_norm=0.0002668 learning_rate=1.075e-07 epoch=0.9813
2026-10-03T22:36:06Z step 930/938 loss=9.689e-06 grad_norm=6.533e-05 learning_rate=2.413e-08 epoch=0.992
2026-10-03T22:36:58Z step 938/938 train_runtime=6557 train_samples_per_second=9.151 train_steps_per_second=0.143 total_flos=1.32e+18 train_loss=0.02351 epoch=1
2026-10-03T22:37:29Z trained 938 steps in 109.4 min, 2104.6 tok/s, peak 34.42 GB
2026-10-03T22:37:34Z u path: fp32-hidden (max |u_fp32 - u_bf16logits| = 0.0043)
2026-10-03T22:37:36Z padding self-check: max |u_batch - u_single| = 0.0709 (tol 0.606) -> left padding
2026-10-03T22:39:47Z B-FOLD3-ledger2-blocks-s1 rule_v1_fold3/dev: TA 73.7 Rev 99.0 Hold 74.3 n=300 (136.5 s)
2026-10-03T22:44:38Z generate: batch 25/32, 218274 tokens, 769 tok/s
2026-10-03T22:52:04Z B-FOLD3-ledger2-blocks-s1 rule_v1_fold3/test_L2: TA 75.8 Rev 99.5 Hold 76.0 n=2000 (737.0 s)
2026-10-03T22:52:07Z DONE B-FOLD3-ledger2-blocks-s1 in 125.2 min, GPU util mean 93.3
