2026-10-03T11:01:54Z step 10/938 loss=2.273 grad_norm=1.995 learning_rate=3.214e-05 epoch=0.01067
2026-10-03T11:02:18Z step 20/938 loss=0.6834 grad_norm=1.065 learning_rate=6.786e-05 epoch=0.02133
2026-10-03T11:02:41Z step 30/938 loss=0.03007 grad_norm=0.7803 learning_rate=0.0001 epoch=0.032
2026-10-03T11:03:06Z step 40/938 loss=0.008773 grad_norm=0.3094 learning_rate=9.996e-05 epoch=0.04267
2026-10-03T11:03:29Z step 50/938 loss=0.003889 grad_norm=0.01023 learning_rate=9.987e-05 epoch=0.05333
2026-10-03T11:03:52Z step 60/938 loss=0.00172 grad_norm=0.04619 learning_rate=9.971e-05 epoch=0.064
2026-10-03T11:04:16Z step 70/938 loss=0.0007814 grad_norm=0.00182 learning_rate=9.95e-05 epoch=0.07467
2026-10-03T11:04:40Z step 80/938 loss=0.002159 grad_norm=0.1502 learning_rate=9.923e-05 epoch=0.08533
2026-10-03T11:05:03Z step 90/938 loss=0.002373 grad_norm=0.03316 learning_rate=9.89e-05 epoch=0.096
2026-10-03T11:05:26Z step 100/938 loss=0.002119 grad_norm=0.001802 learning_rate=9.851e-05 epoch=0.1067
2026-10-03T11:05:50Z step 110/938 loss=0.001084 grad_norm=0.04677 learning_rate=9.806e-05 epoch=0.1173
2026-10-03T11:06:14Z step 120/938 loss=0.001198 grad_norm=0.009584 learning_rate=9.755e-05 epoch=0.128
2026-10-03T11:06:38Z step 130/938 loss=0.001262 grad_norm=0.03315 learning_rate=9.699e-05 epoch=0.1387
2026-10-03T11:07:02Z step 140/938 loss=0.001224 grad_norm=0.01457 learning_rate=9.637e-05 epoch=0.1493
2026-10-03T11:07:25Z step 150/938 loss=0.0008027 grad_norm=0.0246 learning_rate=9.57e-05 epoch=0.16
2026-10-03T11:07:49Z step 160/938 loss=9.044e-05 grad_norm=0.0004097 learning_rate=9.497e-05 epoch=0.1707
2026-10-03T11:08:13Z step 170/938 loss=0.0003091 grad_norm=0.004788 learning_rate=9.419e-05 epoch=0.1813
2026-10-03T11:08:37Z step 180/938 loss=2.066e-05 grad_norm=0.0009899 learning_rate=9.336e-05 epoch=0.192
2026-10-03T11:09:00Z step 190/938 loss=0.000923 grad_norm=0.009358 learning_rate=9.247e-05 epoch=0.2027
2026-10-03T11:09:23Z step 200/938 loss=0.0002893 grad_norm=0.004533 learning_rate=9.154e-05 epoch=0.2133
2026-10-03T11:10:01Z step 210/938 loss=0.001016 grad_norm=0.0009362 learning_rate=9.055e-05 epoch=0.224
2026-10-03T11:10:25Z step 220/938 loss=0.0003801 grad_norm=0.01825 learning_rate=8.952e-05 epoch=0.2347
2026-10-03T11:10:49Z step 230/938 loss=0.000523 grad_norm=0.002359 learning_rate=8.844e-05 epoch=0.2453
2026-10-03T11:11:12Z step 240/938 loss=0.0006555 grad_norm=0.03916 learning_rate=8.731e-05 epoch=0.256
2026-10-03T11:11:35Z step 250/938 loss=0.0008749 grad_norm=0.03788 learning_rate=8.614e-05 epoch=0.2667
2026-10-03T11:11:59Z step 260/938 loss=0.0003719 grad_norm=0.005101 learning_rate=8.493e-05 epoch=0.2773
2026-10-03T11:12:23Z step 270/938 loss=0.0008159 grad_norm=0.0005639 learning_rate=8.367e-05 epoch=0.288
2026-10-03T11:12:46Z step 280/938 loss=4.749e-05 grad_norm=0.0006117 learning_rate=8.237e-05 epoch=0.2987
2026-10-03T11:13:09Z step 290/938 loss=4.707e-05 grad_norm=0.0009251 learning_rate=8.104e-05 epoch=0.3093
2026-10-03T11:13:34Z step 300/938 loss=0.0002643 grad_norm=0.1084 learning_rate=7.967e-05 epoch=0.32
2026-10-03T11:13:57Z step 310/938 loss=0.0001986 grad_norm=0.008798 learning_rate=7.826e-05 epoch=0.3307
2026-10-03T11:14:21Z step 320/938 loss=1.211e-05 grad_norm=0.0004679 learning_rate=7.682e-05 epoch=0.3413
2026-10-03T11:14:44Z step 330/938 loss=0.001214 grad_norm=0.00122 learning_rate=7.535e-05 epoch=0.352
2026-10-03T11:15:08Z step 340/938 loss=0.0001357 grad_norm=0.007326 learning_rate=7.385e-05 epoch=0.3627
2026-10-03T11:15:31Z step 350/938 loss=9.381e-05 grad_norm=0.003852 learning_rate=7.231e-05 epoch=0.3733
2026-10-03T11:15:54Z step 360/938 loss=0.0004639 grad_norm=0.002517 learning_rate=7.076e-05 epoch=0.384
2026-10-03T11:16:19Z step 370/938 loss=0.0002702 grad_norm=0.0006663 learning_rate=6.917e-05 epoch=0.3947
2026-10-03T11:16:42Z step 380/938 loss=0.0008295 grad_norm=0.0008547 learning_rate=6.757e-05 epoch=0.4053
2026-10-03T11:17:06Z step 390/938 loss=6.888e-05 grad_norm=0.0009265 learning_rate=6.594e-05 epoch=0.416
2026-10-03T11:17:29Z step 400/938 loss=3.431e-05 grad_norm=0.001615 learning_rate=6.43e-05 epoch=0.4267
2026-10-03T11:17:53Z step 410/938 loss=2.526e-05 grad_norm=0.0008047 learning_rate=6.264e-05 epoch=0.4373
2026-10-03T11:18:17Z step 420/938 loss=1.638e-05 grad_norm=0.0002991 learning_rate=6.096e-05 epoch=0.448
2026-10-03T11:18:40Z step 430/938 loss=2.172e-05 grad_norm=0.0007084 learning_rate=5.927e-05 epoch=0.4587
2026-10-03T11:19:09Z step 440/938 loss=0.0002063 grad_norm=0.001767 learning_rate=5.757e-05 epoch=0.4693
2026-10-03T11:19:33Z step 450/938 loss=8.197e-05 grad_norm=0.0005248 learning_rate=5.586e-05 epoch=0.48
2026-10-03T11:19:55Z step 460/938 loss=1.166e-05 grad_norm=0.0002567 learning_rate=5.414e-05 epoch=0.4907
2026-10-03T11:20:19Z step 470/938 loss=9.206e-06 grad_norm=0.0001585 learning_rate=5.242e-05 epoch=0.5013
2026-10-03T11:20:42Z step 480/938 loss=6.912e-05 grad_norm=0.0003691 learning_rate=5.069e-05 epoch=0.512
2026-10-03T11:21:05Z step 490/938 loss=6.923e-06 grad_norm=0.0001674 learning_rate=4.896e-05 epoch=0.5227
2026-10-03T11:21:29Z step 500/938 loss=0.0004799 grad_norm=0.0001559 learning_rate=4.724e-05 epoch=0.5333
2026-10-03T11:21:52Z step 510/938 loss=1.193e-05 grad_norm=0.000963 learning_rate=4.552e-05 epoch=0.544
2026-10-03T11:22:16Z step 520/938 loss=0.0001555 grad_norm=0.000368 learning_rate=4.38e-05 epoch=0.5547
2026-10-03T11:22:40Z step 530/938 loss=0.0001806 grad_norm=0.1507 learning_rate=4.209e-05 epoch=0.5653
2026-10-03T11:23:04Z step 540/938 loss=1.948e-05 grad_norm=0.003028 learning_rate=4.039e-05 epoch=0.576
2026-10-03T11:23:28Z step 550/938 loss=1.898e-05 grad_norm=0.0005559 learning_rate=3.871e-05 epoch=0.5867
2026-10-03T11:23:51Z step 560/938 loss=1.272e-05 grad_norm=0.0001385 learning_rate=3.703e-05 epoch=0.5973
2026-10-03T11:24:15Z step 570/938 loss=0.0002121 grad_norm=0.0002905 learning_rate=3.537e-05 epoch=0.608
2026-10-03T11:24:38Z step 580/938 loss=1.385e-05 grad_norm=0.0006235 learning_rate=3.373e-05 epoch=0.6187
2026-10-03T11:25:01Z step 590/938 loss=8.256e-06 grad_norm=0.0005212 learning_rate=3.211e-05 epoch=0.6293
2026-10-03T11:25:25Z step 600/938 loss=1.039e-05 grad_norm=0.0001975 learning_rate=3.051e-05 epoch=0.64
2026-10-03T11:25:48Z step 610/938 loss=9.012e-06 grad_norm=0.0001173 learning_rate=2.893e-05 epoch=0.6507
2026-10-03T11:28:01Z step 620/938 loss=9.979e-06 grad_norm=0.002902 learning_rate=2.738e-05 epoch=0.6613
2026-10-03T11:28:25Z step 630/938 loss=1.016e-05 grad_norm=0.0001361 learning_rate=2.585e-05 epoch=0.672
2026-10-03T11:28:48Z step 640/938 loss=8.2e-06 grad_norm=0.0004129 learning_rate=2.436e-05 epoch=0.6827
2026-10-03T11:29:11Z step 650/938 loss=1.279e-05 grad_norm=0.000274 learning_rate=2.289e-05 epoch=0.6933
2026-10-03T11:29:35Z step 660/938 loss=1.926e-05 grad_norm=0.0002838 learning_rate=2.145e-05 epoch=0.704
2026-10-03T11:29:59Z step 670/938 loss=5.829e-06 grad_norm=0.0001003 learning_rate=2.005e-05 epoch=0.7147
2026-10-03T11:30:23Z step 680/938 loss=6.404e-06 grad_norm=0.0007905 learning_rate=1.869e-05 epoch=0.7253
2026-10-03T11:30:47Z step 690/938 loss=7.337e-06 grad_norm=0.0007346 learning_rate=1.736e-05 epoch=0.736
2026-10-03T11:31:11Z step 700/938 loss=7.523e-06 grad_norm=0.0002111 learning_rate=1.608e-05 epoch=0.7467
2026-10-03T11:31:34Z step 710/938 loss=9.656e-06 grad_norm=7.223e-05 learning_rate=1.483e-05 epoch=0.7573
2026-10-03T11:31:58Z step 720/938 loss=7.584e-06 grad_norm=0.0002159 learning_rate=1.362e-05 epoch=0.768
2026-10-03T11:32:21Z step 730/938 loss=4.37e-06 grad_norm=0.0001302 learning_rate=1.246e-05 epoch=0.7787
2026-10-03T11:32:45Z step 740/938 loss=2.834e-05 grad_norm=0.0001231 learning_rate=1.134e-05 epoch=0.7893
2026-10-03T11:33:09Z step 750/938 loss=9.618e-06 grad_norm=0.0001181 learning_rate=1.027e-05 epoch=0.8
2026-10-03T11:33:33Z step 760/938 loss=6.404e-06 grad_norm=0.0001193 learning_rate=9.247e-06 epoch=0.8107
2026-10-03T11:33:58Z step 770/938 loss=8.507e-06 grad_norm=0.0001147 learning_rate=8.271e-06 epoch=0.8213
2026-10-03T11:34:21Z step 780/938 loss=1.042e-05 grad_norm=0.00105 learning_rate=7.345e-06 epoch=0.832
2026-10-03T11:34:46Z step 790/938 loss=7.378e-06 grad_norm=0.0002223 learning_rate=6.47e-06 epoch=0.8427
2026-10-03T11:35:10Z step 800/938 loss=4.947e-06 grad_norm=0.0003925 learning_rate=5.647e-06 epoch=0.8533
2026-10-03T11:35:34Z step 810/938 loss=2.142e-05 grad_norm=6.26e-05 learning_rate=4.877e-06 epoch=0.864
2026-10-03T11:35:58Z step 820/938 loss=7.99e-06 grad_norm=0.0002221 learning_rate=4.16e-06 epoch=0.8747
2026-10-03T11:36:21Z step 830/938 loss=7.695e-06 grad_norm=0.001511 learning_rate=3.498e-06 epoch=0.8853
2026-10-03T11:36:44Z step 840/938 loss=4.32e-06 grad_norm=7.979e-05 learning_rate=2.892e-06 epoch=0.896
2026-10-03T11:37:08Z step 850/938 loss=6.039e-06 grad_norm=0.0001149 learning_rate=2.342e-06 epoch=0.9067
2026-10-03T11:37:31Z step 860/938 loss=5.999e-06 grad_norm=7.818e-05 learning_rate=1.848e-06 epoch=0.9173
2026-10-03T11:38:01Z step 870/938 loss=6.674e-06 grad_norm=6.625e-05 learning_rate=1.412e-06 epoch=0.928
2026-10-03T11:38:25Z step 880/938 loss=5.982e-06 grad_norm=0.0001482 learning_rate=1.034e-06 epoch=0.9387
2026-10-03T11:38:49Z step 890/938 loss=4.535e-06 grad_norm=0.0001229 learning_rate=7.137e-07 epoch=0.9493
2026-10-03T11:39:16Z step 900/938 loss=4.44e-06 grad_norm=0.0001077 learning_rate=4.525e-07 epoch=0.96
2026-10-03T11:39:40Z step 910/938 loss=4.985e-06 grad_norm=0.001972 learning_rate=2.504e-07 epoch=0.9707
2026-10-03T11:40:04Z step 920/938 loss=5.106e-06 grad_norm=5.127e-05 learning_rate=1.075e-07 epoch=0.9813
2026-10-03T11:40:27Z step 930/938 loss=8.624e-06 grad_norm=0.0001332 learning_rate=2.413e-08 epoch=0.992
2026-10-03T11:40:46Z step 938/938 train_runtime=2517 train_samples_per_second=23.84 train_steps_per_second=0.373 total_flos=1.143e+18 train_loss=0.03225 epoch=1
2026-10-03T11:40:52Z trained 938 steps in 42.0 min, 4715.5 tok/s, peak 23.7 GB
2026-10-03T11:41:06Z u path: fp32-hidden (max |u_fp32 - u_bf16logits| = 0.0093)
2026-10-03T11:41:12Z padding self-check: max |u_batch - u_single| = 0.0518 (tol 0.625) -> left padding
2026-10-03T11:42:47Z B-F-summary2-balanced-s0 rule_v1/dev: TA 78.7 Rev 99.7 Hold 79.0 n=300 (115.3 s)
2026-10-03T11:46:36Z generate: batch 25/32, 230743 tokens, 1019 tok/s
2026-10-03T11:51:07Z B-F-summary2-balanced-s0 rule_v1/test_L2: TA 72.5 Rev 99.6 Hold 72.8 n=2000 (499.0 s)
2026-10-03T11:54:01Z B-F-summary2-balanced-s0 xr_v1/test: TA nan Rev nan Hold nan n=None (173.6 s)
2026-10-03T11:54:20Z DONE B-F-summary2-balanced-s0 in 55.5 min, GPU util mean 81.6
