2026-10-03T07:17:03Z step 10/938 loss=2.312 grad_norm=2.037 learning_rate=3.214e-05 epoch=0.01067
2026-10-03T07:17:28Z step 20/938 loss=0.6745 grad_norm=0.992 learning_rate=6.786e-05 epoch=0.02133
2026-10-03T07:17:53Z step 30/938 loss=0.04203 grad_norm=0.3574 learning_rate=0.0001 epoch=0.032
2026-10-03T07:18:16Z step 40/938 loss=0.009999 grad_norm=0.3082 learning_rate=9.996e-05 epoch=0.04267
2026-10-03T07:18:40Z step 50/938 loss=0.003533 grad_norm=0.3984 learning_rate=9.987e-05 epoch=0.05333
2026-10-03T07:19:04Z step 60/938 loss=0.002235 grad_norm=0.03875 learning_rate=9.971e-05 epoch=0.064
2026-10-03T07:19:28Z step 70/938 loss=0.002001 grad_norm=0.2338 learning_rate=9.95e-05 epoch=0.07467
2026-10-03T07:19:52Z step 80/938 loss=0.001967 grad_norm=0.0212 learning_rate=9.923e-05 epoch=0.08533
2026-10-03T07:20:15Z step 90/938 loss=0.0003767 grad_norm=0.007122 learning_rate=9.89e-05 epoch=0.096
2026-10-03T07:20:40Z step 100/938 loss=0.002255 grad_norm=0.1357 learning_rate=9.851e-05 epoch=0.1067
2026-10-03T07:21:03Z step 110/938 loss=0.002173 grad_norm=0.3678 learning_rate=9.806e-05 epoch=0.1173
2026-10-03T07:21:27Z step 120/938 loss=0.001512 grad_norm=0.03382 learning_rate=9.755e-05 epoch=0.128
2026-10-03T07:21:51Z step 130/938 loss=0.001016 grad_norm=0.04214 learning_rate=9.699e-05 epoch=0.1387
2026-10-03T07:22:15Z step 140/938 loss=0.001457 grad_norm=0.1104 learning_rate=9.637e-05 epoch=0.1493
2026-10-03T07:22:39Z step 150/938 loss=0.0006483 grad_norm=0.02132 learning_rate=9.57e-05 epoch=0.16
2026-10-03T07:23:02Z step 160/938 loss=0.0001265 grad_norm=0.002649 learning_rate=9.497e-05 epoch=0.1707
2026-10-03T07:23:26Z step 170/938 loss=0.0009588 grad_norm=0.002847 learning_rate=9.419e-05 epoch=0.1813
2026-10-03T07:23:50Z step 180/938 loss=0.0002928 grad_norm=0.001875 learning_rate=9.336e-05 epoch=0.192
2026-10-03T07:24:13Z step 190/938 loss=4.886e-05 grad_norm=0.0009884 learning_rate=9.247e-05 epoch=0.2027
2026-10-03T07:24:37Z step 200/938 loss=0.0001668 grad_norm=0.0006678 learning_rate=9.154e-05 epoch=0.2133
2026-10-03T07:25:01Z step 210/938 loss=0.0005684 grad_norm=0.1292 learning_rate=9.055e-05 epoch=0.224
2026-10-03T07:25:25Z step 220/938 loss=0.0003563 grad_norm=0.00151 learning_rate=8.952e-05 epoch=0.2347
2026-10-03T07:25:49Z step 230/938 loss=0.002136 grad_norm=0.002363 learning_rate=8.844e-05 epoch=0.2453
2026-10-03T07:26:12Z step 240/938 loss=0.0002842 grad_norm=0.02081 learning_rate=8.731e-05 epoch=0.256
2026-10-03T07:26:36Z step 250/938 loss=0.0001994 grad_norm=0.001206 learning_rate=8.614e-05 epoch=0.2667
2026-10-03T07:27:00Z step 260/938 loss=0.0007661 grad_norm=0.001819 learning_rate=8.493e-05 epoch=0.2773
2026-10-03T07:27:25Z step 270/938 loss=0.0006906 grad_norm=0.002508 learning_rate=8.367e-05 epoch=0.288
2026-10-03T07:27:48Z step 280/938 loss=0.0003188 grad_norm=0.009653 learning_rate=8.237e-05 epoch=0.2987
2026-10-03T07:28:12Z step 290/938 loss=0.0004336 grad_norm=0.004657 learning_rate=8.104e-05 epoch=0.3093
2026-10-03T07:28:36Z step 300/938 loss=0.000562 grad_norm=0.02772 learning_rate=7.967e-05 epoch=0.32
2026-10-03T07:28:59Z step 310/938 loss=0.0004559 grad_norm=0.01216 learning_rate=7.826e-05 epoch=0.3307
2026-10-03T07:29:23Z step 320/938 loss=0.000164 grad_norm=0.0006757 learning_rate=7.682e-05 epoch=0.3413
2026-10-03T07:29:47Z step 330/938 loss=1.473e-05 grad_norm=0.0003285 learning_rate=7.535e-05 epoch=0.352
2026-10-03T07:30:11Z step 340/938 loss=0.0007839 grad_norm=0.07266 learning_rate=7.385e-05 epoch=0.3627
2026-10-03T07:30:36Z step 350/938 loss=7.943e-05 grad_norm=0.007544 learning_rate=7.231e-05 epoch=0.3733
2026-10-03T07:31:00Z step 360/938 loss=0.0003272 grad_norm=0.0005267 learning_rate=7.076e-05 epoch=0.384
2026-10-03T07:31:24Z step 370/938 loss=0.0007048 grad_norm=0.000878 learning_rate=6.917e-05 epoch=0.3947
2026-10-03T07:31:47Z step 380/938 loss=0.000222 grad_norm=0.001199 learning_rate=6.757e-05 epoch=0.4053
2026-10-03T07:32:11Z step 390/938 loss=0.0001822 grad_norm=0.002751 learning_rate=6.594e-05 epoch=0.416
2026-10-03T07:32:35Z step 400/938 loss=0.0001022 grad_norm=0.02418 learning_rate=6.43e-05 epoch=0.4267
2026-10-03T07:32:59Z step 410/938 loss=6.824e-05 grad_norm=0.00217 learning_rate=6.264e-05 epoch=0.4373
2026-10-03T07:33:22Z step 420/938 loss=0.0001878 grad_norm=0.0005496 learning_rate=6.096e-05 epoch=0.448
2026-10-03T07:33:46Z step 430/938 loss=0.0002385 grad_norm=0.007284 learning_rate=5.927e-05 epoch=0.4587
2026-10-03T07:34:15Z step 440/938 loss=4.088e-05 grad_norm=0.0009268 learning_rate=5.757e-05 epoch=0.4693
2026-10-03T07:34:39Z step 450/938 loss=0.0001241 grad_norm=0.0002163 learning_rate=5.586e-05 epoch=0.48
2026-10-03T07:35:02Z step 460/938 loss=1.77e-05 grad_norm=6.683e-05 learning_rate=5.414e-05 epoch=0.4907
2026-10-03T07:35:26Z step 470/938 loss=1.152e-05 grad_norm=7.719e-05 learning_rate=5.242e-05 epoch=0.5013
2026-10-03T07:35:50Z step 480/938 loss=0.0006057 grad_norm=0.0001183 learning_rate=5.069e-05 epoch=0.512
2026-10-03T07:36:13Z step 490/938 loss=0.0001507 grad_norm=0.002649 learning_rate=4.896e-05 epoch=0.5227
2026-10-03T07:36:41Z step 500/938 loss=5.899e-05 grad_norm=0.0004452 learning_rate=4.724e-05 epoch=0.5333
2026-10-03T07:37:04Z step 510/938 loss=1.254e-05 grad_norm=0.0001392 learning_rate=4.552e-05 epoch=0.544
2026-10-03T07:37:27Z step 520/938 loss=2.946e-05 grad_norm=0.0006312 learning_rate=4.38e-05 epoch=0.5547
2026-10-03T07:37:52Z step 530/938 loss=0.0003201 grad_norm=0.0002892 learning_rate=4.209e-05 epoch=0.5653
2026-10-03T07:38:15Z step 540/938 loss=0.0002024 grad_norm=0.0001441 learning_rate=4.039e-05 epoch=0.576
2026-10-03T07:38:39Z step 550/938 loss=2.454e-05 grad_norm=0.0005018 learning_rate=3.871e-05 epoch=0.5867
2026-10-03T07:39:02Z step 560/938 loss=1.468e-05 grad_norm=0.0009683 learning_rate=3.703e-05 epoch=0.5973
2026-10-03T07:39:26Z step 570/938 loss=1.144e-05 grad_norm=0.0004794 learning_rate=3.537e-05 epoch=0.608
2026-10-03T07:39:49Z step 580/938 loss=1.081e-05 grad_norm=0.0003117 learning_rate=3.373e-05 epoch=0.6187
2026-10-03T07:40:13Z step 590/938 loss=8.188e-06 grad_norm=0.0003277 learning_rate=3.211e-05 epoch=0.6293
2026-10-03T07:40:37Z step 600/938 loss=1.29e-05 grad_norm=0.000223 learning_rate=3.051e-05 epoch=0.64
2026-10-03T07:41:07Z step 610/938 loss=3.603e-05 grad_norm=0.0002951 learning_rate=2.893e-05 epoch=0.6507
2026-10-03T07:41:31Z step 620/938 loss=5.43e-06 grad_norm=5.522e-05 learning_rate=2.738e-05 epoch=0.6613
2026-10-03T07:41:55Z step 630/938 loss=0.000464 grad_norm=0.0001725 learning_rate=2.585e-05 epoch=0.672
2026-10-03T07:42:19Z step 640/938 loss=1.036e-05 grad_norm=0.0001413 learning_rate=2.436e-05 epoch=0.6827
2026-10-03T07:42:42Z step 650/938 loss=1.412e-05 grad_norm=0.00034 learning_rate=2.289e-05 epoch=0.6933
2026-10-03T07:43:07Z step 660/938 loss=1.169e-05 grad_norm=0.0002742 learning_rate=2.145e-05 epoch=0.704
2026-10-03T07:43:30Z step 670/938 loss=9.346e-06 grad_norm=0.0001539 learning_rate=2.005e-05 epoch=0.7147
2026-10-03T07:43:53Z step 680/938 loss=3.581e-05 grad_norm=0.01719 learning_rate=1.869e-05 epoch=0.7253
2026-10-03T07:44:17Z step 690/938 loss=1.578e-05 grad_norm=0.001392 learning_rate=1.736e-05 epoch=0.736
2026-10-03T07:44:40Z step 700/938 loss=1.644e-05 grad_norm=8.434e-05 learning_rate=1.608e-05 epoch=0.7467
2026-10-03T07:45:04Z step 710/938 loss=7.81e-06 grad_norm=0.0003459 learning_rate=1.483e-05 epoch=0.7573
2026-10-03T07:45:28Z step 720/938 loss=6.864e-06 grad_norm=0.0001992 learning_rate=1.362e-05 epoch=0.768
2026-10-03T07:45:51Z step 730/938 loss=6.983e-06 grad_norm=0.0001094 learning_rate=1.246e-05 epoch=0.7787
2026-10-03T07:46:16Z step 740/938 loss=5.463e-06 grad_norm=0.0001505 learning_rate=1.134e-05 epoch=0.7893
2026-10-03T07:46:40Z step 750/938 loss=1.668e-05 grad_norm=0.0001768 learning_rate=1.027e-05 epoch=0.8
2026-10-03T07:47:03Z step 760/938 loss=4.892e-06 grad_norm=6.533e-05 learning_rate=9.247e-06 epoch=0.8107
2026-10-03T07:47:28Z step 770/938 loss=0.0001582 grad_norm=9.492e-05 learning_rate=8.271e-06 epoch=0.8213
2026-10-03T07:47:51Z step 780/938 loss=6.022e-06 grad_norm=0.0002886 learning_rate=7.345e-06 epoch=0.832
2026-10-03T07:48:15Z step 790/938 loss=0.0006383 grad_norm=0.002993 learning_rate=6.47e-06 epoch=0.8427
2026-10-03T07:48:38Z step 800/938 loss=5.956e-06 grad_norm=6.896e-05 learning_rate=5.647e-06 epoch=0.8533
2026-10-03T07:49:02Z step 810/938 loss=7.394e-06 grad_norm=0.0001411 learning_rate=4.877e-06 epoch=0.864
2026-10-03T07:49:25Z step 820/938 loss=0.0001537 grad_norm=0.0005902 learning_rate=4.16e-06 epoch=0.8747
2026-10-03T07:49:48Z step 830/938 loss=1.182e-05 grad_norm=0.0002786 learning_rate=3.498e-06 epoch=0.8853
2026-10-03T07:50:12Z step 840/938 loss=7.513e-06 grad_norm=0.0002793 learning_rate=2.892e-06 epoch=0.896
2026-10-03T07:50:36Z step 850/938 loss=7.644e-06 grad_norm=0.0003365 learning_rate=2.342e-06 epoch=0.9067
2026-10-03T07:51:00Z step 860/938 loss=9.399e-05 grad_norm=0.000113 learning_rate=1.848e-06 epoch=0.9173
2026-10-03T07:51:23Z step 870/938 loss=0.0002181 grad_norm=0.0003535 learning_rate=1.412e-06 epoch=0.928
2026-10-03T07:51:47Z step 880/938 loss=8.85e-06 grad_norm=0.001512 learning_rate=1.034e-06 epoch=0.9387
2026-10-03T07:52:10Z step 890/938 loss=7.666e-05 grad_norm=0.07777 learning_rate=7.137e-07 epoch=0.9493
2026-10-03T07:52:35Z step 900/938 loss=9.818e-06 grad_norm=0.0003872 learning_rate=4.525e-07 epoch=0.96
2026-10-03T07:52:58Z step 910/938 loss=7.344e-06 grad_norm=0.0001266 learning_rate=2.504e-07 epoch=0.9707
2026-10-03T07:53:22Z step 920/938 loss=9.76e-06 grad_norm=0.0001468 learning_rate=1.075e-07 epoch=0.9813
2026-10-03T07:53:45Z step 930/938 loss=6.898e-06 grad_norm=0.0002747 learning_rate=2.413e-08 epoch=0.992
2026-10-03T07:54:03Z step 938/938 train_runtime=2399 train_samples_per_second=25.02 train_steps_per_second=0.391 total_flos=1.145e+18 train_loss=0.03276 epoch=1
2026-10-03T07:54:07Z trained 938 steps in 40.0 min, 5006.2 tok/s, peak 23.71 GB
2026-10-03T07:54:21Z u path: fp32-hidden (max |u_fp32 - u_bf16logits| = 0.0140)
2026-10-03T07:54:27Z padding self-check: max |u_batch - u_single| = 0.1053 (tol 0.639) -> left padding
2026-10-03T07:55:58Z B-F-summary2-triplets-s1 rule_v1/dev: TA 98.7 Rev 98.7 Hold 100.0 n=300 (109.9 s)
2026-10-03T07:56:37Z B-F-summary2-triplets-s1 rule_v1/dev_missing: TA nan Rev nan Hold nan n=None (39.5 s)
2026-10-03T07:58:36Z B-F-summary2-triplets-s1 rule_v1/missing: TA nan Rev nan Hold nan n=None (118.8 s)
2026-10-03T08:01:49Z generate: batch 25/28, 228185 tokens, 1192 tok/s
2026-10-03T08:04:05Z B-F-summary2-triplets-s1 rule_v1/readapply: TA 98.8 Rev 98.8 Hold 100.0 n=1000 (328.7 s)
2026-10-03T08:07:48Z B-F-summary2-triplets-s1 rule_v1/test_L0: TA 98.4 Rev 98.4 Hold 100.0 n=1000 (222.7 s)
2026-10-03T08:11:24Z B-F-summary2-triplets-s1 rule_v1/test_L1: TA 97.4 Rev 97.4 Hold 100.0 n=1000 (215.9 s)
2026-10-03T08:14:49Z generate: batch 25/32, 230510 tokens, 1139 tok/s
2026-10-03T08:19:11Z B-F-summary2-triplets-s1 rule_v1/test_L2: TA 98.1 Rev 98.1 Hold 100.0 n=2000 (466.9 s)
2026-10-03T08:22:36Z B-F-summary2-triplets-s1 rule_v1/test_L3alt: TA 100.0 Rev 100.0 Hold 100.0 n=1000 (204.5 s)
2026-10-03T08:26:23Z B-F-summary2-triplets-s1 rule_v1/test_L3inv: TA 97.6 Rev 97.6 Hold 100.0 n=1000 (227.1 s)
2026-10-03T08:30:32Z B-F-summary2-triplets-s1 rule_v1/test_hard: TA 98.1 Rev 98.1 Hold 100.0 n=1000 (248.3 s)
2026-10-03T08:33:19Z B-F-summary2-triplets-s1 xr_v1/test: TA nan Rev nan Hold nan n=None (166.7 s)
2026-10-03T08:33:20Z DONE B-F-summary2-triplets-s1 in 79.6 min, GPU util mean 87.8
