2026-10-03T17:16:50Z step 10/938 loss=1.772 grad_norm=3.362 learning_rate=3.214e-05 epoch=0.01067
2026-10-03T17:17:21Z step 20/938 loss=0.2149 grad_norm=0.9453 learning_rate=6.786e-05 epoch=0.02133
2026-10-03T17:17:51Z step 30/938 loss=0.04126 grad_norm=0.9938 learning_rate=0.0001 epoch=0.032
2026-10-03T17:18:22Z step 40/938 loss=0.01238 grad_norm=0.5467 learning_rate=9.996e-05 epoch=0.04267
2026-10-03T17:18:53Z step 50/938 loss=0.01151 grad_norm=0.03288 learning_rate=9.987e-05 epoch=0.05333
2026-10-03T17:19:23Z step 60/938 loss=0.006042 grad_norm=0.2813 learning_rate=9.971e-05 epoch=0.064
2026-10-03T17:19:53Z step 70/938 loss=0.006826 grad_norm=0.02434 learning_rate=9.95e-05 epoch=0.07467
2026-10-03T17:20:23Z step 80/938 loss=0.005965 grad_norm=0.03592 learning_rate=9.923e-05 epoch=0.08533
2026-10-03T17:20:56Z step 90/938 loss=0.002579 grad_norm=0.08023 learning_rate=9.89e-05 epoch=0.096
2026-10-03T17:21:26Z step 100/938 loss=0.002195 grad_norm=0.3648 learning_rate=9.851e-05 epoch=0.1067
2026-10-03T17:21:55Z step 110/938 loss=0.0001149 grad_norm=0.004215 learning_rate=9.806e-05 epoch=0.1173
2026-10-03T17:22:25Z step 120/938 loss=0.008931 grad_norm=0.004687 learning_rate=9.755e-05 epoch=0.128
2026-10-03T17:22:57Z step 130/938 loss=0.002511 grad_norm=0.01101 learning_rate=9.699e-05 epoch=0.1387
2026-10-03T17:23:27Z step 140/938 loss=0.0005139 grad_norm=0.05587 learning_rate=9.637e-05 epoch=0.1493
2026-10-03T17:23:56Z step 150/938 loss=0.003397 grad_norm=0.1551 learning_rate=9.57e-05 epoch=0.16
2026-10-03T17:24:27Z step 160/938 loss=0.0006907 grad_norm=0.006575 learning_rate=9.497e-05 epoch=0.1707
2026-10-03T17:24:58Z step 170/938 loss=0.0005543 grad_norm=0.0005098 learning_rate=9.419e-05 epoch=0.1813
2026-10-03T17:25:28Z step 180/938 loss=7.63e-05 grad_norm=0.001188 learning_rate=9.336e-05 epoch=0.192
2026-10-03T17:25:59Z step 190/938 loss=0.002509 grad_norm=0.0009402 learning_rate=9.247e-05 epoch=0.2027
2026-10-03T17:26:28Z step 200/938 loss=0.001381 grad_norm=0.002201 learning_rate=9.154e-05 epoch=0.2133
2026-10-03T17:26:59Z step 210/938 loss=0.0003036 grad_norm=0.000643 learning_rate=9.055e-05 epoch=0.224
2026-10-03T17:27:30Z step 220/938 loss=0.0008092 grad_norm=0.204 learning_rate=8.952e-05 epoch=0.2347
2026-10-03T17:28:00Z step 230/938 loss=4.389e-05 grad_norm=0.01412 learning_rate=8.844e-05 epoch=0.2453
2026-10-03T17:28:30Z step 240/938 loss=0.000213 grad_norm=0.0002538 learning_rate=8.731e-05 epoch=0.256
2026-10-03T17:29:01Z step 250/938 loss=8.381e-05 grad_norm=0.0002232 learning_rate=8.614e-05 epoch=0.2667
2026-10-03T17:29:32Z step 260/938 loss=0.0001377 grad_norm=0.0004518 learning_rate=8.493e-05 epoch=0.2773
2026-10-03T17:30:03Z step 270/938 loss=0.0007214 grad_norm=0.2702 learning_rate=8.367e-05 epoch=0.288
2026-10-03T17:30:34Z step 280/938 loss=0.0005694 grad_norm=0.000516 learning_rate=8.237e-05 epoch=0.2987
2026-10-03T17:31:05Z step 290/938 loss=0.004405 grad_norm=0.07133 learning_rate=8.104e-05 epoch=0.3093
2026-10-03T17:31:36Z step 300/938 loss=0.002111 grad_norm=0.01028 learning_rate=7.967e-05 epoch=0.32
2026-10-03T17:32:06Z step 310/938 loss=0.002649 grad_norm=0.1572 learning_rate=7.826e-05 epoch=0.3307
2026-10-03T17:32:37Z step 320/938 loss=0.002747 grad_norm=0.3463 learning_rate=7.682e-05 epoch=0.3413
2026-10-03T17:33:09Z step 330/938 loss=0.0003429 grad_norm=0.08772 learning_rate=7.535e-05 epoch=0.352
2026-10-03T17:33:39Z step 340/938 loss=0.001917 grad_norm=0.002536 learning_rate=7.385e-05 epoch=0.3627
2026-10-03T17:34:09Z step 350/938 loss=0.0001535 grad_norm=0.0119 learning_rate=7.231e-05 epoch=0.3733
2026-10-03T17:34:40Z step 360/938 loss=0.0003162 grad_norm=0.002296 learning_rate=7.076e-05 epoch=0.384
2026-10-03T17:35:20Z step 370/938 loss=3.396e-05 grad_norm=0.0008365 learning_rate=6.917e-05 epoch=0.3947
2026-10-03T17:35:51Z step 380/938 loss=7.002e-05 grad_norm=0.01072 learning_rate=6.757e-05 epoch=0.4053
2026-10-03T17:36:26Z step 390/938 loss=1.887e-05 grad_norm=0.002966 learning_rate=6.594e-05 epoch=0.416
2026-10-03T17:36:56Z step 400/938 loss=5.073e-05 grad_norm=0.0002612 learning_rate=6.43e-05 epoch=0.4267
2026-10-03T17:37:29Z step 410/938 loss=1.281e-05 grad_norm=0.0001698 learning_rate=6.264e-05 epoch=0.4373
2026-10-03T17:37:59Z step 420/938 loss=0.0004858 grad_norm=0.0001851 learning_rate=6.096e-05 epoch=0.448
2026-10-03T17:38:30Z step 430/938 loss=1.703e-05 grad_norm=0.01418 learning_rate=5.927e-05 epoch=0.4587
2026-10-03T17:39:00Z step 440/938 loss=1.29e-05 grad_norm=0.001095 learning_rate=5.757e-05 epoch=0.4693
2026-10-03T17:39:31Z step 450/938 loss=3.984e-05 grad_norm=0.0001884 learning_rate=5.586e-05 epoch=0.48
2026-10-03T17:40:03Z step 460/938 loss=5.363e-05 grad_norm=0.001473 learning_rate=5.414e-05 epoch=0.4907
2026-10-03T17:40:33Z step 470/938 loss=1.429e-05 grad_norm=0.001487 learning_rate=5.242e-05 epoch=0.5013
2026-10-03T17:41:03Z step 480/938 loss=1.833e-05 grad_norm=0.0001653 learning_rate=5.069e-05 epoch=0.512
2026-10-03T17:41:34Z step 490/938 loss=8.682e-06 grad_norm=0.0001394 learning_rate=4.896e-05 epoch=0.5227
2026-10-03T17:42:05Z step 500/938 loss=1.743e-05 grad_norm=0.0002986 learning_rate=4.724e-05 epoch=0.5333
2026-10-03T17:42:35Z step 510/938 loss=2.514e-05 grad_norm=0.0002247 learning_rate=4.552e-05 epoch=0.544
2026-10-03T17:43:06Z step 520/938 loss=1.122e-05 grad_norm=0.005612 learning_rate=4.38e-05 epoch=0.5547
2026-10-03T17:43:37Z step 530/938 loss=0.0002227 grad_norm=0.1592 learning_rate=4.209e-05 epoch=0.5653
2026-10-03T17:44:09Z step 540/938 loss=1.946e-05 grad_norm=0.003573 learning_rate=4.039e-05 epoch=0.576
2026-10-03T17:44:39Z step 550/938 loss=0.0007578 grad_norm=0.0004474 learning_rate=3.871e-05 epoch=0.5867
2026-10-03T17:45:09Z step 560/938 loss=0.0001555 grad_norm=0.02979 learning_rate=3.703e-05 epoch=0.5973
2026-10-03T17:45:40Z step 570/938 loss=1.119e-05 grad_norm=0.0001172 learning_rate=3.537e-05 epoch=0.608
2026-10-03T17:46:09Z step 580/938 loss=5.898e-05 grad_norm=0.02776 learning_rate=3.373e-05 epoch=0.6187
2026-10-03T17:46:41Z step 590/938 loss=1.106e-05 grad_norm=0.0001241 learning_rate=3.211e-05 epoch=0.6293
2026-10-03T17:47:11Z step 600/938 loss=1.125e-05 grad_norm=0.000349 learning_rate=3.051e-05 epoch=0.64
2026-10-03T17:47:42Z step 610/938 loss=2.408e-05 grad_norm=9.154e-05 learning_rate=2.893e-05 epoch=0.6507
2026-10-03T17:48:13Z step 620/938 loss=9.836e-06 grad_norm=0.0001501 learning_rate=2.738e-05 epoch=0.6613
2026-10-03T17:48:45Z step 630/938 loss=1.287e-05 grad_norm=0.0008517 learning_rate=2.585e-05 epoch=0.672
2026-10-03T17:49:15Z step 640/938 loss=0.0002072 grad_norm=0.005537 learning_rate=2.436e-05 epoch=0.6827
2026-10-03T17:49:45Z step 650/938 loss=5.576e-06 grad_norm=6.932e-05 learning_rate=2.289e-05 epoch=0.6933
2026-10-03T17:50:16Z step 660/938 loss=0.0008191 grad_norm=0.03569 learning_rate=2.145e-05 epoch=0.704
2026-10-03T17:50:47Z step 670/938 loss=1.13e-05 grad_norm=0.0002114 learning_rate=2.005e-05 epoch=0.7147
2026-10-03T17:51:18Z step 680/938 loss=8.536e-06 grad_norm=0.0001032 learning_rate=1.869e-05 epoch=0.7253
2026-10-03T17:51:49Z step 690/938 loss=2.801e-05 grad_norm=0.000104 learning_rate=1.736e-05 epoch=0.736
2026-10-03T17:52:19Z step 700/938 loss=1.004e-05 grad_norm=0.002828 learning_rate=1.608e-05 epoch=0.7467
2026-10-03T17:52:51Z step 710/938 loss=7.35e-06 grad_norm=9.97e-05 learning_rate=1.483e-05 epoch=0.7573
2026-10-03T17:53:21Z step 720/938 loss=0.0002184 grad_norm=0.0001203 learning_rate=1.362e-05 epoch=0.768
2026-10-03T17:53:51Z step 730/938 loss=6.972e-06 grad_norm=0.000111 learning_rate=1.246e-05 epoch=0.7787
2026-10-03T17:54:22Z step 740/938 loss=9.189e-06 grad_norm=0.00252 learning_rate=1.134e-05 epoch=0.7893
2026-10-03T17:54:54Z step 750/938 loss=9.018e-06 grad_norm=0.009101 learning_rate=1.027e-05 epoch=0.8
2026-10-03T17:55:24Z step 760/938 loss=9.494e-06 grad_norm=0.001099 learning_rate=9.247e-06 epoch=0.8107
2026-10-03T17:55:55Z step 770/938 loss=0.001814 grad_norm=0.2621 learning_rate=8.271e-06 epoch=0.8213
2026-10-03T17:56:30Z step 780/938 loss=1.294e-05 grad_norm=0.001012 learning_rate=7.345e-06 epoch=0.832
2026-10-03T17:57:01Z step 790/938 loss=7.739e-06 grad_norm=0.0003133 learning_rate=6.47e-06 epoch=0.8427
2026-10-03T17:57:33Z step 800/938 loss=7.044e-06 grad_norm=7.544e-05 learning_rate=5.647e-06 epoch=0.8533
2026-10-03T17:58:04Z step 810/938 loss=4.823e-05 grad_norm=6.524e-05 learning_rate=4.877e-06 epoch=0.864
2026-10-03T17:58:35Z step 820/938 loss=9.163e-06 grad_norm=6.181e-05 learning_rate=4.16e-06 epoch=0.8747
2026-10-03T17:59:05Z step 830/938 loss=1.182e-05 grad_norm=0.0003382 learning_rate=3.498e-06 epoch=0.8853
2026-10-03T17:59:36Z step 840/938 loss=9.192e-06 grad_norm=0.0001102 learning_rate=2.892e-06 epoch=0.896
2026-10-03T18:00:07Z step 850/938 loss=9.007e-06 grad_norm=0.0001118 learning_rate=2.342e-06 epoch=0.9067
2026-10-03T18:00:37Z step 860/938 loss=0.0001191 grad_norm=0.0001145 learning_rate=1.848e-06 epoch=0.9173
2026-10-03T18:01:07Z step 870/938 loss=7.747e-06 grad_norm=0.000159 learning_rate=1.412e-06 epoch=0.928
2026-10-03T18:01:39Z step 880/938 loss=7.18e-06 grad_norm=0.0001398 learning_rate=1.034e-06 epoch=0.9387
2026-10-03T18:02:09Z step 890/938 loss=1.38e-05 grad_norm=4.847e-05 learning_rate=7.137e-07 epoch=0.9493
2026-10-03T18:02:40Z step 900/938 loss=1.104e-05 grad_norm=5.661e-05 learning_rate=4.525e-07 epoch=0.96
2026-10-03T18:03:11Z step 910/938 loss=8.33e-06 grad_norm=0.0001041 learning_rate=2.504e-07 epoch=0.9707
2026-10-03T18:03:41Z step 920/938 loss=8.42e-05 grad_norm=0.0001704 learning_rate=1.075e-07 epoch=0.9813
2026-10-03T18:04:13Z step 930/938 loss=1.074e-05 grad_norm=0.0001645 learning_rate=2.413e-08 epoch=0.992
2026-10-03T18:04:36Z step 938/938 train_runtime=2896 train_samples_per_second=20.72 train_steps_per_second=0.324 total_flos=1.315e+18 train_loss=0.02259 epoch=1
2026-10-03T18:06:01Z trained 938 steps in 48.3 min, 4784.0 tok/s, peak 35.19 GB
2026-10-03T18:06:02Z u path: fp32-hidden (max |u_fp32 - u_bf16logits| = 0.0300)
2026-10-03T18:06:03Z padding self-check: max |u_batch - u_single| = 0.1028 (tol 0.613) -> left padding
2026-10-03T18:07:12Z B-FOLD2-ledger2-blocks-s0 rule_v1_fold2/dev: TA 77.7 Rev 99.0 Hold 78.7 n=300 (70.0 s)
2026-10-03T18:10:31Z generate: batch 25/32, 225395 tokens, 1152 tok/s
2026-10-03T18:14:38Z B-FOLD2-ledger2-blocks-s0 rule_v1_fold2/test_L2: TA 73.5 Rev 98.8 Hold 74.5 n=2000 (446.0 s)
2026-10-03T18:14:39Z DONE B-FOLD2-ledger2-blocks-s0 in 59.3 min, GPU util mean 90.1
