2026-10-03T19:00:13Z step 10/938 loss=1.043 grad_norm=11.31 learning_rate=3.214e-05 epoch=0.01067
2026-10-03T19:00:38Z step 20/938 loss=0.5157 grad_norm=6.624 learning_rate=6.786e-05 epoch=0.02133
2026-10-03T19:01:03Z step 30/938 loss=0.3842 grad_norm=1.962 learning_rate=0.0001 epoch=0.032
2026-10-03T19:01:27Z step 40/938 loss=0.2729 grad_norm=5.502 learning_rate=9.996e-05 epoch=0.04267
2026-10-03T19:01:51Z step 50/938 loss=0.1735 grad_norm=0.2904 learning_rate=9.987e-05 epoch=0.05333
2026-10-03T19:02:16Z step 60/938 loss=0.141 grad_norm=3.232 learning_rate=9.971e-05 epoch=0.064
2026-10-03T19:02:40Z step 70/938 loss=0.2982 grad_norm=3.206 learning_rate=9.95e-05 epoch=0.07467
2026-10-03T19:03:04Z step 80/938 loss=0.1449 grad_norm=5.437 learning_rate=9.923e-05 epoch=0.08533
2026-10-03T19:03:29Z step 90/938 loss=0.1713 grad_norm=0.895 learning_rate=9.89e-05 epoch=0.096
2026-10-03T19:03:53Z step 100/938 loss=0.1955 grad_norm=2.244 learning_rate=9.851e-05 epoch=0.1067
2026-10-03T19:04:17Z step 110/938 loss=0.1716 grad_norm=5.788 learning_rate=9.806e-05 epoch=0.1173
2026-10-03T19:04:42Z step 120/938 loss=0.1062 grad_norm=2.501 learning_rate=9.755e-05 epoch=0.128
2026-10-03T19:05:06Z step 130/938 loss=0.183 grad_norm=1.732 learning_rate=9.699e-05 epoch=0.1387
2026-10-03T19:05:31Z step 140/938 loss=0.05713 grad_norm=3.313 learning_rate=9.637e-05 epoch=0.1493
2026-10-03T19:05:55Z step 150/938 loss=0.1599 grad_norm=1.264 learning_rate=9.57e-05 epoch=0.16
2026-10-03T19:06:20Z step 160/938 loss=0.1763 grad_norm=4.079 learning_rate=9.497e-05 epoch=0.1707
2026-10-03T19:06:44Z step 170/938 loss=0.06679 grad_norm=4.604 learning_rate=9.419e-05 epoch=0.1813
2026-10-03T19:07:09Z step 180/938 loss=0.07715 grad_norm=0.09007 learning_rate=9.336e-05 epoch=0.192
2026-10-03T19:07:33Z step 190/938 loss=0.1092 grad_norm=1.292 learning_rate=9.247e-05 epoch=0.2027
2026-10-03T19:07:58Z step 200/938 loss=0.08269 grad_norm=1.995 learning_rate=9.154e-05 epoch=0.2133
2026-10-03T19:08:22Z step 210/938 loss=0.04828 grad_norm=0.8261 learning_rate=9.055e-05 epoch=0.224
2026-10-03T19:08:46Z step 220/938 loss=0.02625 grad_norm=0.06207 learning_rate=8.952e-05 epoch=0.2347
2026-10-03T19:09:11Z step 230/938 loss=0.1053 grad_norm=0.01621 learning_rate=8.844e-05 epoch=0.2453
2026-10-03T19:09:36Z step 240/938 loss=0.1166 grad_norm=1.136 learning_rate=8.731e-05 epoch=0.256
2026-10-03T19:10:00Z step 250/938 loss=0.1237 grad_norm=1.494 learning_rate=8.614e-05 epoch=0.2667
2026-10-03T19:10:25Z step 260/938 loss=0.05088 grad_norm=1.961 learning_rate=8.493e-05 epoch=0.2773
2026-10-03T19:10:49Z step 270/938 loss=0.05346 grad_norm=5.542 learning_rate=8.367e-05 epoch=0.288
2026-10-03T19:11:14Z step 280/938 loss=0.05856 grad_norm=2.118 learning_rate=8.237e-05 epoch=0.2987
2026-10-03T19:11:38Z step 290/938 loss=0.07412 grad_norm=8.565 learning_rate=8.104e-05 epoch=0.3093
2026-10-03T19:12:02Z step 300/938 loss=0.07237 grad_norm=1.811 learning_rate=7.967e-05 epoch=0.32
2026-10-03T19:12:26Z step 310/938 loss=0.05106 grad_norm=0.05959 learning_rate=7.826e-05 epoch=0.3307
2026-10-03T19:12:50Z step 320/938 loss=0.05472 grad_norm=0.1566 learning_rate=7.682e-05 epoch=0.3413
2026-10-03T19:13:14Z step 330/938 loss=0.07171 grad_norm=0.9512 learning_rate=7.535e-05 epoch=0.352
2026-10-03T19:13:39Z step 340/938 loss=0.03246 grad_norm=0.01482 learning_rate=7.385e-05 epoch=0.3627
2026-10-03T19:14:03Z step 350/938 loss=0.005476 grad_norm=0.007893 learning_rate=7.231e-05 epoch=0.3733
2026-10-03T19:14:28Z step 360/938 loss=0.06627 grad_norm=0.03221 learning_rate=7.076e-05 epoch=0.384
2026-10-03T19:14:52Z step 370/938 loss=0.03107 grad_norm=1.236 learning_rate=6.917e-05 epoch=0.3947
2026-10-03T19:15:16Z step 380/938 loss=0.07833 grad_norm=0.1716 learning_rate=6.757e-05 epoch=0.4053
2026-10-03T19:15:40Z step 390/938 loss=0.03158 grad_norm=0.3019 learning_rate=6.594e-05 epoch=0.416
2026-10-03T19:16:08Z step 400/938 loss=0.02553 grad_norm=0.005859 learning_rate=6.43e-05 epoch=0.4267
2026-10-03T19:16:33Z step 410/938 loss=0.0452 grad_norm=4.341 learning_rate=6.264e-05 epoch=0.4373
2026-10-03T19:16:57Z step 420/938 loss=0.02287 grad_norm=0.2166 learning_rate=6.096e-05 epoch=0.448
2026-10-03T19:17:21Z step 430/938 loss=0.0487 grad_norm=1.175 learning_rate=5.927e-05 epoch=0.4587
2026-10-03T19:17:46Z step 440/938 loss=0.01321 grad_norm=1.644 learning_rate=5.757e-05 epoch=0.4693
2026-10-03T19:18:10Z step 450/938 loss=0.02471 grad_norm=0.5739 learning_rate=5.586e-05 epoch=0.48
2026-10-03T19:18:34Z step 460/938 loss=0.00713 grad_norm=0.3994 learning_rate=5.414e-05 epoch=0.4907
2026-10-03T19:18:59Z step 470/938 loss=0.06565 grad_norm=0.02313 learning_rate=5.242e-05 epoch=0.5013
2026-10-03T19:19:23Z step 480/938 loss=0.04362 grad_norm=0.3711 learning_rate=5.069e-05 epoch=0.512
2026-10-03T19:19:48Z step 490/938 loss=0.02608 grad_norm=0.6112 learning_rate=4.896e-05 epoch=0.5227
2026-10-03T19:20:17Z step 500/938 loss=0.02016 grad_norm=0.1877 learning_rate=4.724e-05 epoch=0.5333
2026-10-03T19:20:42Z step 510/938 loss=0.03051 grad_norm=1.095 learning_rate=4.552e-05 epoch=0.544
2026-10-03T19:21:06Z step 520/938 loss=0.02474 grad_norm=1.905 learning_rate=4.38e-05 epoch=0.5547
2026-10-03T19:21:31Z step 530/938 loss=0.02891 grad_norm=0.0994 learning_rate=4.209e-05 epoch=0.5653
2026-10-03T19:21:56Z step 540/938 loss=0.01635 grad_norm=0.095 learning_rate=4.039e-05 epoch=0.576
2026-10-03T19:22:20Z step 550/938 loss=0.01538 grad_norm=0.396 learning_rate=3.871e-05 epoch=0.5867
2026-10-03T19:22:45Z step 560/938 loss=0.005738 grad_norm=0.04308 learning_rate=3.703e-05 epoch=0.5973
2026-10-03T19:23:09Z step 570/938 loss=0.0338 grad_norm=1.514 learning_rate=3.537e-05 epoch=0.608
2026-10-03T19:23:33Z step 580/938 loss=0.01664 grad_norm=0.01833 learning_rate=3.373e-05 epoch=0.6187
2026-10-03T19:23:57Z step 590/938 loss=0.02248 grad_norm=0.1637 learning_rate=3.211e-05 epoch=0.6293
2026-10-03T19:24:22Z step 600/938 loss=0.01779 grad_norm=0.06025 learning_rate=3.051e-05 epoch=0.64
2026-10-03T19:24:46Z step 610/938 loss=0.02404 grad_norm=1.22 learning_rate=2.893e-05 epoch=0.6507
2026-10-03T19:25:10Z step 620/938 loss=0.0339 grad_norm=0.976 learning_rate=2.738e-05 epoch=0.6613
2026-10-03T19:25:35Z step 630/938 loss=0.01312 grad_norm=0.06513 learning_rate=2.585e-05 epoch=0.672
2026-10-03T19:25:59Z step 640/938 loss=0.00442 grad_norm=0.08371 learning_rate=2.436e-05 epoch=0.6827
2026-10-03T19:26:23Z step 650/938 loss=0.007623 grad_norm=0.05426 learning_rate=2.289e-05 epoch=0.6933
2026-10-03T19:26:48Z step 660/938 loss=0.0002223 grad_norm=0.03179 learning_rate=2.145e-05 epoch=0.704
2026-10-03T19:27:12Z step 670/938 loss=0.03093 grad_norm=0.03518 learning_rate=2.005e-05 epoch=0.7147
2026-10-03T19:27:37Z step 680/938 loss=0.01231 grad_norm=0.006956 learning_rate=1.869e-05 epoch=0.7253
2026-10-03T19:28:01Z step 690/938 loss=0.003755 grad_norm=0.007562 learning_rate=1.736e-05 epoch=0.736
2026-10-03T19:28:25Z step 700/938 loss=0.01139 grad_norm=0.06251 learning_rate=1.608e-05 epoch=0.7467
2026-10-03T19:28:50Z step 710/938 loss=0.009222 grad_norm=0.4446 learning_rate=1.483e-05 epoch=0.7573
2026-10-03T19:29:14Z step 720/938 loss=0.0004083 grad_norm=0.00485 learning_rate=1.362e-05 epoch=0.768
2026-10-03T19:29:38Z step 730/938 loss=0.0007259 grad_norm=0.001434 learning_rate=1.246e-05 epoch=0.7787
2026-10-03T19:30:03Z step 740/938 loss=0.006493 grad_norm=0.0361 learning_rate=1.134e-05 epoch=0.7893
2026-10-03T19:30:27Z step 750/938 loss=0.01277 grad_norm=0.006777 learning_rate=1.027e-05 epoch=0.8
2026-10-03T19:30:51Z step 760/938 loss=0.0005708 grad_norm=0.2289 learning_rate=9.247e-06 epoch=0.8107
2026-10-03T19:31:15Z step 770/938 loss=0.004681 grad_norm=0.1107 learning_rate=8.271e-06 epoch=0.8213
2026-10-03T19:31:39Z step 780/938 loss=0.007448 grad_norm=0.002464 learning_rate=7.345e-06 epoch=0.832
2026-10-03T19:32:04Z step 790/938 loss=0.0008551 grad_norm=0.231 learning_rate=6.47e-06 epoch=0.8427
2026-10-03T19:32:28Z step 800/938 loss=0.007935 grad_norm=0.001334 learning_rate=5.647e-06 epoch=0.8533
2026-10-03T19:32:53Z step 810/938 loss=0.0003693 grad_norm=0.004982 learning_rate=4.877e-06 epoch=0.864
2026-10-03T19:33:16Z step 820/938 loss=0.005914 grad_norm=0.07838 learning_rate=4.16e-06 epoch=0.8747
2026-10-03T19:33:40Z step 830/938 loss=0.0003035 grad_norm=0.00145 learning_rate=3.498e-06 epoch=0.8853
2026-10-03T19:34:05Z step 840/938 loss=0.002921 grad_norm=0.004457 learning_rate=2.892e-06 epoch=0.896
2026-10-03T19:34:29Z step 850/938 loss=0.002874 grad_norm=0.2349 learning_rate=2.342e-06 epoch=0.9067
2026-10-03T19:34:53Z step 860/938 loss=0.004032 grad_norm=5.71 learning_rate=1.848e-06 epoch=0.9173
2026-10-03T19:35:17Z step 870/938 loss=0.00615 grad_norm=0.06193 learning_rate=1.412e-06 epoch=0.928
2026-10-03T19:35:42Z step 880/938 loss=0.007888 grad_norm=0.02625 learning_rate=1.034e-06 epoch=0.9387
2026-10-03T19:36:07Z step 890/938 loss=0.0009718 grad_norm=0.0009437 learning_rate=7.137e-07 epoch=0.9493
2026-10-03T19:36:31Z step 900/938 loss=0.0007817 grad_norm=0.00129 learning_rate=4.525e-07 epoch=0.96
2026-10-03T19:36:56Z step 910/938 loss=0.003908 grad_norm=0.04835 learning_rate=2.504e-07 epoch=0.9707
2026-10-03T19:37:21Z step 920/938 loss=0.003469 grad_norm=0.167 learning_rate=1.075e-07 epoch=0.9813
2026-10-03T19:37:45Z step 930/938 loss=0.0006114 grad_norm=0.0252 learning_rate=2.413e-08 epoch=0.992
2026-10-03T19:38:03Z step 938/938 train_runtime=2294 train_samples_per_second=26.15 train_steps_per_second=0.409 total_flos=1.154e+18 train_loss=0.06899 epoch=1
2026-10-03T19:38:08Z trained 938 steps in 38.3 min, 6127.8 tok/s, peak 32.52 GB
2026-10-03T19:38:09Z u path: fp32-hidden (max |u_fp32 - u_bf16logits| = 0.0229)
2026-10-03T19:38:10Z padding self-check: max |u_batch - u_single| = 0.0530 (tol 0.833) -> left padding
2026-10-03T19:38:47Z B-FOLD2-verdict-triplets-s1 rule_v1_fold2/dev: TA 99.0 Rev 99.0 Hold 99.7 n=300 (38.8 s)
2026-10-03T19:42:44Z B-FOLD2-verdict-triplets-s1 rule_v1_fold2/test_L2: TA 99.7 Rev 99.8 Hold 99.9 n=2000 (236.4 s)
2026-10-03T19:42:45Z DONE B-FOLD2-verdict-triplets-s1 in 43.3 min, GPU util mean 96.5
