2026-10-03T23:01:32Z step 10/938 loss=0.4365 grad_norm=0.7839 learning_rate=3.214e-05 epoch=0.01067
2026-10-03T23:01:59Z step 20/938 loss=0.06781 grad_norm=0.1952 learning_rate=6.786e-05 epoch=0.02133
2026-10-03T23:02:26Z step 30/938 loss=0.01455 grad_norm=0.1053 learning_rate=0.0001 epoch=0.032
2026-10-03T23:02:52Z step 40/938 loss=0.004619 grad_norm=0.2447 learning_rate=9.996e-05 epoch=0.04267
2026-10-03T23:03:19Z step 50/938 loss=0.003654 grad_norm=0.08161 learning_rate=9.987e-05 epoch=0.05333
2026-10-03T23:03:46Z step 60/938 loss=0.00114 grad_norm=0.05577 learning_rate=9.971e-05 epoch=0.064
2026-10-03T23:04:13Z step 70/938 loss=0.002026 grad_norm=0.007325 learning_rate=9.95e-05 epoch=0.07467
2026-10-03T23:04:39Z step 80/938 loss=0.005282 grad_norm=0.02108 learning_rate=9.923e-05 epoch=0.08533
2026-10-03T23:05:06Z step 90/938 loss=0.001279 grad_norm=0.009641 learning_rate=9.89e-05 epoch=0.096
2026-10-03T23:05:32Z step 100/938 loss=0.001356 grad_norm=0.007355 learning_rate=9.851e-05 epoch=0.1067
2026-10-03T23:05:59Z step 110/938 loss=0.003009 grad_norm=0.007457 learning_rate=9.806e-05 epoch=0.1173
2026-10-03T23:06:25Z step 120/938 loss=0.0007315 grad_norm=0.09466 learning_rate=9.755e-05 epoch=0.128
2026-10-03T23:06:51Z step 130/938 loss=0.0003604 grad_norm=0.002186 learning_rate=9.699e-05 epoch=0.1387
2026-10-03T23:07:19Z step 140/938 loss=0.0004564 grad_norm=0.007435 learning_rate=9.637e-05 epoch=0.1493
2026-10-03T23:07:45Z step 150/938 loss=0.0006046 grad_norm=0.0006173 learning_rate=9.57e-05 epoch=0.16
2026-10-03T23:08:12Z step 160/938 loss=0.0005421 grad_norm=0.2363 learning_rate=9.497e-05 epoch=0.1707
2026-10-03T23:08:39Z step 170/938 loss=0.0004248 grad_norm=0.0358 learning_rate=9.419e-05 epoch=0.1813
2026-10-03T23:09:06Z step 180/938 loss=0.004395 grad_norm=0.02302 learning_rate=9.336e-05 epoch=0.192
2026-10-03T23:09:32Z step 190/938 loss=0.003252 grad_norm=0.08229 learning_rate=9.247e-05 epoch=0.2027
2026-10-03T23:10:00Z step 200/938 loss=0.0004344 grad_norm=0.01765 learning_rate=9.154e-05 epoch=0.2133
2026-10-03T23:10:26Z step 210/938 loss=0.0008833 grad_norm=0.2309 learning_rate=9.055e-05 epoch=0.224
2026-10-03T23:10:53Z step 220/938 loss=0.001335 grad_norm=0.02098 learning_rate=8.952e-05 epoch=0.2347
2026-10-03T23:11:21Z step 230/938 loss=0.0004599 grad_norm=0.02055 learning_rate=8.844e-05 epoch=0.2453
2026-10-03T23:11:48Z step 240/938 loss=0.0002418 grad_norm=0.0007707 learning_rate=8.731e-05 epoch=0.256
2026-10-03T23:47:43Z step 10/938 loss=0.4365 grad_norm=0.7839 learning_rate=3.214e-05 epoch=0.01067
2026-10-03T23:48:10Z step 20/938 loss=0.06781 grad_norm=0.1952 learning_rate=6.786e-05 epoch=0.02133
2026-10-03T23:48:38Z step 30/938 loss=0.01455 grad_norm=0.1053 learning_rate=0.0001 epoch=0.032
2026-10-03T23:49:04Z step 40/938 loss=0.004619 grad_norm=0.2447 learning_rate=9.996e-05 epoch=0.04267
2026-10-03T23:49:32Z step 50/938 loss=0.003654 grad_norm=0.08161 learning_rate=9.987e-05 epoch=0.05333
2026-10-03T23:49:59Z step 60/938 loss=0.00114 grad_norm=0.05577 learning_rate=9.971e-05 epoch=0.064
2026-10-03T23:50:26Z step 70/938 loss=0.002026 grad_norm=0.007325 learning_rate=9.95e-05 epoch=0.07467
2026-10-03T23:50:53Z step 80/938 loss=0.005282 grad_norm=0.02108 learning_rate=9.923e-05 epoch=0.08533
2026-10-03T23:51:19Z step 90/938 loss=0.001279 grad_norm=0.009641 learning_rate=9.89e-05 epoch=0.096
2026-10-03T23:51:46Z step 100/938 loss=0.001356 grad_norm=0.007355 learning_rate=9.851e-05 epoch=0.1067
2026-10-03T23:52:13Z step 110/938 loss=0.003009 grad_norm=0.007457 learning_rate=9.806e-05 epoch=0.1173
2026-10-03T23:52:40Z step 120/938 loss=0.0007315 grad_norm=0.09466 learning_rate=9.755e-05 epoch=0.128
2026-10-03T23:53:06Z step 130/938 loss=0.0003604 grad_norm=0.002186 learning_rate=9.699e-05 epoch=0.1387
2026-10-03T23:53:34Z step 140/938 loss=0.0004564 grad_norm=0.007435 learning_rate=9.637e-05 epoch=0.1493
2026-10-03T23:54:01Z step 150/938 loss=0.0006046 grad_norm=0.0006173 learning_rate=9.57e-05 epoch=0.16
2026-10-03T23:54:28Z step 160/938 loss=0.0005421 grad_norm=0.2363 learning_rate=9.497e-05 epoch=0.1707
2026-10-03T23:54:55Z step 170/938 loss=0.0004248 grad_norm=0.0358 learning_rate=9.419e-05 epoch=0.1813
2026-10-03T23:55:23Z step 180/938 loss=0.004395 grad_norm=0.02302 learning_rate=9.336e-05 epoch=0.192
2026-10-03T23:55:49Z step 190/938 loss=0.003252 grad_norm=0.08229 learning_rate=9.247e-05 epoch=0.2027
2026-10-03T23:56:17Z step 200/938 loss=0.0004344 grad_norm=0.01765 learning_rate=9.154e-05 epoch=0.2133
2026-10-03T23:56:44Z step 210/938 loss=0.0008833 grad_norm=0.2309 learning_rate=9.055e-05 epoch=0.224
2026-10-03T23:57:12Z step 220/938 loss=0.001335 grad_norm=0.02098 learning_rate=8.952e-05 epoch=0.2347
2026-10-03T23:57:39Z step 230/938 loss=0.0004599 grad_norm=0.02055 learning_rate=8.844e-05 epoch=0.2453
2026-10-03T23:58:07Z step 240/938 loss=0.0002418 grad_norm=0.0007707 learning_rate=8.731e-05 epoch=0.256
2026-10-03T23:58:34Z step 250/938 loss=0.0002907 grad_norm=0.001557 learning_rate=8.614e-05 epoch=0.2667
2026-10-03T23:59:01Z step 260/938 loss=0.0009811 grad_norm=0.08813 learning_rate=8.493e-05 epoch=0.2773
2026-10-03T23:59:30Z step 270/938 loss=0.00037 grad_norm=0.002561 learning_rate=8.367e-05 epoch=0.288
2026-10-03T23:59:56Z step 280/938 loss=0.001035 grad_norm=0.003458 learning_rate=8.237e-05 epoch=0.2987
2026-10-04T00:00:23Z step 290/938 loss=0.0004124 grad_norm=0.003421 learning_rate=8.104e-05 epoch=0.3093
2026-10-04T00:00:51Z step 300/938 loss=0.001297 grad_norm=0.01633 learning_rate=7.967e-05 epoch=0.32
2026-10-04T00:01:17Z step 310/938 loss=0.0004892 grad_norm=0.02296 learning_rate=7.826e-05 epoch=0.3307
2026-10-04T00:01:44Z step 320/938 loss=0.0001444 grad_norm=0.001985 learning_rate=7.682e-05 epoch=0.3413
2026-10-04T00:02:11Z step 330/938 loss=4.305e-05 grad_norm=0.0001118 learning_rate=7.535e-05 epoch=0.352
2026-10-04T00:02:39Z step 340/938 loss=2.36e-05 grad_norm=0.0001474 learning_rate=7.385e-05 epoch=0.3627
2026-10-04T00:03:07Z step 350/938 loss=7.105e-05 grad_norm=0.0001205 learning_rate=7.231e-05 epoch=0.3733
2026-10-04T00:03:34Z step 360/938 loss=0.0002413 grad_norm=0.08667 learning_rate=7.076e-05 epoch=0.384
2026-10-04T00:04:01Z step 370/938 loss=6.746e-05 grad_norm=0.0005283 learning_rate=6.917e-05 epoch=0.3947
2026-10-04T00:04:29Z step 380/938 loss=0.000125 grad_norm=8.886e-05 learning_rate=6.757e-05 epoch=0.4053
2026-10-04T00:05:02Z step 390/938 loss=0.000298 grad_norm=0.0003567 learning_rate=6.594e-05 epoch=0.416
2026-10-04T00:05:29Z step 400/938 loss=4.345e-05 grad_norm=0.001354 learning_rate=6.43e-05 epoch=0.4267
2026-10-04T00:05:56Z step 410/938 loss=6.721e-06 grad_norm=0.0002877 learning_rate=6.264e-05 epoch=0.4373
2026-10-04T00:06:24Z step 420/938 loss=1.411e-05 grad_norm=0.0001098 learning_rate=6.096e-05 epoch=0.448
2026-10-04T00:06:51Z step 430/938 loss=2.038e-05 grad_norm=0.001789 learning_rate=5.927e-05 epoch=0.4587
2026-10-04T00:07:18Z step 440/938 loss=3.86e-06 grad_norm=0.0001227 learning_rate=5.757e-05 epoch=0.4693
2026-10-04T00:07:45Z step 450/938 loss=0.0002614 grad_norm=0.0003086 learning_rate=5.586e-05 epoch=0.48
2026-10-04T00:08:12Z step 460/938 loss=4.819e-05 grad_norm=0.0002032 learning_rate=5.414e-05 epoch=0.4907
2026-10-04T00:08:39Z step 470/938 loss=3.251e-05 grad_norm=0.0006149 learning_rate=5.242e-05 epoch=0.5013
2026-10-04T00:09:07Z step 480/938 loss=1.561e-05 grad_norm=0.0003832 learning_rate=5.069e-05 epoch=0.512
2026-10-04T00:09:34Z step 490/938 loss=6.948e-05 grad_norm=0.05137 learning_rate=4.896e-05 epoch=0.5227
2026-10-04T00:10:01Z step 500/938 loss=2.353e-05 grad_norm=9.583e-05 learning_rate=4.724e-05 epoch=0.5333
2026-10-04T00:10:29Z step 510/938 loss=3.565e-05 grad_norm=0.01932 learning_rate=4.552e-05 epoch=0.544
2026-10-04T00:10:56Z step 520/938 loss=2.798e-05 grad_norm=0.007989 learning_rate=4.38e-05 epoch=0.5547
2026-10-04T00:11:23Z step 530/938 loss=6.602e-06 grad_norm=0.0003706 learning_rate=4.209e-05 epoch=0.5653
2026-10-04T00:11:50Z step 540/938 loss=4.267e-06 grad_norm=0.0002812 learning_rate=4.039e-05 epoch=0.576
2026-10-04T00:12:17Z step 550/938 loss=0.0001362 grad_norm=2.528e-05 learning_rate=3.871e-05 epoch=0.5867
2026-10-04T00:12:45Z step 560/938 loss=6.073e-06 grad_norm=4.857e-05 learning_rate=3.703e-05 epoch=0.5973
2026-10-04T00:13:12Z step 570/938 loss=1.275e-05 grad_norm=0.0001541 learning_rate=3.537e-05 epoch=0.608
2026-10-04T00:13:39Z step 580/938 loss=4.833e-05 grad_norm=6.903e-05 learning_rate=3.373e-05 epoch=0.6187
2026-10-04T00:14:06Z step 590/938 loss=3.633e-06 grad_norm=0.0006746 learning_rate=3.211e-05 epoch=0.6293
2026-10-04T00:14:32Z step 600/938 loss=2.946e-06 grad_norm=0.0001002 learning_rate=3.051e-05 epoch=0.64
2026-10-04T00:14:59Z step 610/938 loss=3.534e-06 grad_norm=5.334e-05 learning_rate=2.893e-05 epoch=0.6507
2026-10-04T00:15:27Z step 620/938 loss=3.501e-06 grad_norm=6.897e-05 learning_rate=2.738e-05 epoch=0.6613
2026-10-04T00:15:54Z step 630/938 loss=0.0001914 grad_norm=3.05e-05 learning_rate=2.585e-05 epoch=0.672
2026-10-04T00:16:22Z step 640/938 loss=2.85e-06 grad_norm=3.205e-05 learning_rate=2.436e-05 epoch=0.6827
2026-10-04T00:16:49Z step 650/938 loss=1.347e-05 grad_norm=8.483e-05 learning_rate=2.289e-05 epoch=0.6933
2026-10-04T00:17:16Z step 660/938 loss=2.905e-06 grad_norm=3.839e-05 learning_rate=2.145e-05 epoch=0.704
2026-10-04T00:17:42Z step 670/938 loss=3.72e-06 grad_norm=0.0002791 learning_rate=2.005e-05 epoch=0.7147
2026-10-04T00:18:10Z step 680/938 loss=1.288e-05 grad_norm=5.544e-05 learning_rate=1.869e-05 epoch=0.7253
2026-10-04T00:18:37Z step 690/938 loss=8.374e-05 grad_norm=9.084e-05 learning_rate=1.736e-05 epoch=0.736
2026-10-04T00:19:04Z step 700/938 loss=3.332e-05 grad_norm=3.176e-05 learning_rate=1.608e-05 epoch=0.7467
2026-10-04T00:19:31Z step 710/938 loss=2.27e-05 grad_norm=2.844e-05 learning_rate=1.483e-05 epoch=0.7573
2026-10-04T00:19:58Z step 720/938 loss=6.119e-05 grad_norm=6.188e-05 learning_rate=1.362e-05 epoch=0.768
2026-10-04T00:20:25Z step 730/938 loss=6.85e-06 grad_norm=0.002016 learning_rate=1.246e-05 epoch=0.7787
2026-10-04T00:20:52Z step 740/938 loss=4.871e-06 grad_norm=0.0002064 learning_rate=1.134e-05 epoch=0.7893
2026-10-04T00:21:19Z step 750/938 loss=1.52e-05 grad_norm=0.01672 learning_rate=1.027e-05 epoch=0.8
2026-10-04T00:21:47Z step 760/938 loss=5.452e-06 grad_norm=0.001346 learning_rate=9.247e-06 epoch=0.8107
2026-10-04T00:22:14Z step 770/938 loss=3.399e-06 grad_norm=0.0002632 learning_rate=8.271e-06 epoch=0.8213
2026-10-04T00:22:41Z step 780/938 loss=3.731e-06 grad_norm=4.404e-05 learning_rate=7.345e-06 epoch=0.832
2026-10-04T00:23:09Z step 790/938 loss=0.000267 grad_norm=0.0001096 learning_rate=6.47e-06 epoch=0.8427
2026-10-04T00:23:35Z step 800/938 loss=3.344e-06 grad_norm=0.0001865 learning_rate=5.647e-06 epoch=0.8533
2026-10-04T00:24:03Z step 810/938 loss=2.648e-06 grad_norm=0.0001048 learning_rate=4.877e-06 epoch=0.864
2026-10-04T00:24:29Z step 820/938 loss=3.351e-06 grad_norm=7.044e-05 learning_rate=4.16e-06 epoch=0.8747
2026-10-04T00:25:02Z step 830/938 loss=8.841e-06 grad_norm=0.0056 learning_rate=3.498e-06 epoch=0.8853
2026-10-04T00:25:29Z step 840/938 loss=3.067e-06 grad_norm=3.024e-05 learning_rate=2.892e-06 epoch=0.896
2026-10-04T00:25:56Z step 850/938 loss=2.882e-06 grad_norm=0.0003224 learning_rate=2.342e-06 epoch=0.9067
2026-10-04T00:26:23Z step 860/938 loss=3.808e-06 grad_norm=3.453e-05 learning_rate=1.848e-06 epoch=0.9173
2026-10-04T00:26:50Z step 870/938 loss=7.795e-06 grad_norm=3.367e-05 learning_rate=1.412e-06 epoch=0.928
2026-10-04T00:27:18Z step 880/938 loss=2.65e-06 grad_norm=5.014e-05 learning_rate=1.034e-06 epoch=0.9387
2026-10-04T00:27:45Z step 890/938 loss=3.702e-06 grad_norm=0.0001034 learning_rate=7.137e-07 epoch=0.9493
2026-10-04T00:28:12Z step 900/938 loss=5.988e-06 grad_norm=0.004152 learning_rate=4.525e-07 epoch=0.96
2026-10-04T00:28:39Z step 910/938 loss=2.492e-06 grad_norm=2.86e-05 learning_rate=2.504e-07 epoch=0.9707
2026-10-04T00:29:06Z step 920/938 loss=0.0001658 grad_norm=2.215e-05 learning_rate=1.075e-07 epoch=0.9813
2026-10-04T00:29:33Z step 930/938 loss=8.22e-06 grad_norm=5.031e-05 learning_rate=2.413e-08 epoch=0.992
2026-10-04T00:29:53Z step 938/938 train_runtime=2709 train_samples_per_second=22.15 train_steps_per_second=0.346 total_flos=1.296e+18 train_loss=0.006002 epoch=1
2026-10-04T00:29:58Z trained 938 steps in 45.2 min, 6127.2 tok/s, peak 24.03 GB
2026-10-04T00:30:13Z u path: fp32-hidden (max |u_fp32 - u_bf16logits| = 0.0470)
2026-10-04T00:30:14Z padding self-check: max |u_batch - u_single| = 0.1377 (tol 0.614) -> left padding
2026-10-04T00:31:55Z B-LC-ledger2-triplets-s0 rule_v1/dev: TA 99.7 Rev 99.7 Hold 100.0 n=300 (116.5 s)
2026-10-04T00:34:17Z generate: batch 25/32, 224619 tokens, 1613 tok/s
2026-10-04T00:40:18Z B-LC-ledger2-triplets-s0 rule_v1/test_L2: TA 99.3 Rev 99.3 Hold 100.0 n=2000 (503.0 s)
2026-10-04T00:42:48Z B-LC-ledger2-triplets-s0 xr_v1/test: TA nan Rev nan Hold nan n=None (149.8 s)
2026-10-04T00:42:49Z DONE B-LC-ledger2-triplets-s0 in 58.4 min, GPU util mean 92.9
