2026-10-03T21:57:10Z step 10/938 loss=13.02 grad_norm=39.7 learning_rate=3.214e-05 epoch=0.01067
2026-10-03T21:57:35Z step 20/938 loss=0.5951 grad_norm=7.025 learning_rate=6.786e-05 epoch=0.02133
2026-10-03T21:58:00Z step 30/938 loss=0.02857 grad_norm=0.04927 learning_rate=0.0001 epoch=0.032
2026-10-03T21:58:25Z step 40/938 loss=0.05662 grad_norm=0.02169 learning_rate=9.996e-05 epoch=0.04267
2026-10-03T21:58:50Z step 50/938 loss=0.003107 grad_norm=0.006303 learning_rate=9.987e-05 epoch=0.05333
2026-10-03T21:59:14Z step 60/938 loss=0.004899 grad_norm=0.3002 learning_rate=9.971e-05 epoch=0.064
2026-10-03T21:59:38Z step 70/938 loss=0.009173 grad_norm=0.01118 learning_rate=9.95e-05 epoch=0.07467
2026-10-03T22:00:03Z step 80/938 loss=0.006119 grad_norm=0.6109 learning_rate=9.923e-05 epoch=0.08533
2026-10-03T22:00:28Z step 90/938 loss=0.03786 grad_norm=6.574 learning_rate=9.89e-05 epoch=0.096
2026-10-03T22:00:52Z step 100/938 loss=0.01523 grad_norm=1.567 learning_rate=9.851e-05 epoch=0.1067
2026-10-03T22:01:18Z step 110/938 loss=0.002715 grad_norm=0.03455 learning_rate=9.806e-05 epoch=0.1173
2026-10-03T22:01:42Z step 120/938 loss=0.0002508 grad_norm=0.002492 learning_rate=9.755e-05 epoch=0.128
2026-10-03T22:02:06Z step 130/938 loss=4.503e-05 grad_norm=0.0005195 learning_rate=9.699e-05 epoch=0.1387
2026-10-03T22:02:31Z step 140/938 loss=8.597e-06 grad_norm=0.0005015 learning_rate=9.637e-05 epoch=0.1493
2026-10-03T22:02:56Z step 150/938 loss=0.01804 grad_norm=0.1205 learning_rate=9.57e-05 epoch=0.16
2026-10-03T22:03:20Z step 160/938 loss=0.002588 grad_norm=0.00704 learning_rate=9.497e-05 epoch=0.1707
2026-10-03T22:03:44Z step 170/938 loss=0.03515 grad_norm=11.74 learning_rate=9.419e-05 epoch=0.1813
2026-10-03T22:04:09Z step 180/938 loss=0.008492 grad_norm=0.009316 learning_rate=9.336e-05 epoch=0.192
2026-10-03T22:04:34Z step 190/938 loss=0.01984 grad_norm=0.002329 learning_rate=9.247e-05 epoch=0.2027
2026-10-03T22:04:58Z step 200/938 loss=0.005908 grad_norm=0.04786 learning_rate=9.154e-05 epoch=0.2133
2026-10-03T22:05:23Z step 210/938 loss=0.0002639 grad_norm=0.006273 learning_rate=9.055e-05 epoch=0.224
2026-10-03T22:05:47Z step 220/938 loss=0.000119 grad_norm=0.001957 learning_rate=8.952e-05 epoch=0.2347
2026-10-03T22:06:11Z step 230/938 loss=1.217e-05 grad_norm=0.0002281 learning_rate=8.844e-05 epoch=0.2453
2026-10-03T22:06:35Z step 240/938 loss=6.472e-06 grad_norm=0.000111 learning_rate=8.731e-05 epoch=0.256
2026-10-03T22:07:00Z step 250/938 loss=1.692e-05 grad_norm=0.0001228 learning_rate=8.614e-05 epoch=0.2667
2026-10-03T22:07:25Z step 260/938 loss=0.0109 grad_norm=0.0009638 learning_rate=8.493e-05 epoch=0.2773
2026-10-03T22:07:50Z step 270/938 loss=0.0003285 grad_norm=0.01741 learning_rate=8.367e-05 epoch=0.288
2026-10-03T22:08:14Z step 280/938 loss=0.01721 grad_norm=0.03712 learning_rate=8.237e-05 epoch=0.2987
2026-10-03T22:08:39Z step 290/938 loss=0.001754 grad_norm=0.003816 learning_rate=8.104e-05 epoch=0.3093
2026-10-03T22:09:03Z step 300/938 loss=0.0002822 grad_norm=0.0002849 learning_rate=7.967e-05 epoch=0.32
2026-10-03T22:09:28Z step 310/938 loss=2.962e-05 grad_norm=0.000106 learning_rate=7.826e-05 epoch=0.3307
2026-10-03T22:09:53Z step 320/938 loss=0.0001656 grad_norm=7.292e-05 learning_rate=7.682e-05 epoch=0.3413
2026-10-03T22:10:18Z step 330/938 loss=6.487e-06 grad_norm=0.002676 learning_rate=7.535e-05 epoch=0.352
2026-10-03T22:10:43Z step 340/938 loss=2.931e-06 grad_norm=0.0002347 learning_rate=7.385e-05 epoch=0.3627
2026-10-03T22:11:07Z step 350/938 loss=2.947e-06 grad_norm=0.0001987 learning_rate=7.231e-05 epoch=0.3733
2026-10-03T22:11:31Z step 360/938 loss=2.905e-06 grad_norm=4.256e-05 learning_rate=7.076e-05 epoch=0.384
2026-10-03T22:11:56Z step 370/938 loss=8.64e-06 grad_norm=6.939e-05 learning_rate=6.917e-05 epoch=0.3947
2026-10-03T22:12:21Z step 380/938 loss=5.742e-06 grad_norm=4.996e-05 learning_rate=6.757e-05 epoch=0.4053
2026-10-03T22:12:45Z step 390/938 loss=3.249e-06 grad_norm=8.002e-05 learning_rate=6.594e-05 epoch=0.416
2026-10-03T22:13:09Z step 400/938 loss=2.04e-06 grad_norm=4.31e-05 learning_rate=6.43e-05 epoch=0.4267
2026-10-03T22:13:34Z step 410/938 loss=6.638e-06 grad_norm=5.05e-05 learning_rate=6.264e-05 epoch=0.4373
2026-10-03T22:13:58Z step 420/938 loss=2.615e-06 grad_norm=6.026e-05 learning_rate=6.096e-05 epoch=0.448
2026-10-03T22:14:23Z step 430/938 loss=2.113e-06 grad_norm=4.663e-05 learning_rate=5.927e-05 epoch=0.4587
2026-10-03T22:14:48Z step 440/938 loss=5.44e-06 grad_norm=7.316e-05 learning_rate=5.757e-05 epoch=0.4693
2026-10-03T22:15:12Z step 450/938 loss=1.944e-06 grad_norm=4.485e-05 learning_rate=5.586e-05 epoch=0.48
2026-10-03T22:15:36Z step 460/938 loss=1.942e-06 grad_norm=0.0001218 learning_rate=5.414e-05 epoch=0.4907
2026-10-03T22:16:01Z step 470/938 loss=3.103e-06 grad_norm=0.0005956 learning_rate=5.242e-05 epoch=0.5013
2026-10-03T22:16:25Z step 480/938 loss=2.153e-06 grad_norm=7.763e-05 learning_rate=5.069e-05 epoch=0.512
2026-10-03T22:16:56Z step 490/938 loss=1.51e-05 grad_norm=6.381e-05 learning_rate=4.896e-05 epoch=0.5227
2026-10-03T22:17:20Z step 500/938 loss=2.178e-06 grad_norm=5.04e-05 learning_rate=4.724e-05 epoch=0.5333
2026-10-03T22:17:45Z step 510/938 loss=2.247e-06 grad_norm=5.455e-05 learning_rate=4.552e-05 epoch=0.544
2026-10-03T22:18:10Z step 520/938 loss=1.564e-06 grad_norm=4.301e-05 learning_rate=4.38e-05 epoch=0.5547
2026-10-03T22:18:35Z step 530/938 loss=1.742e-06 grad_norm=6.3e-05 learning_rate=4.209e-05 epoch=0.5653
2026-10-03T22:18:59Z step 540/938 loss=1.607e-06 grad_norm=3.678e-05 learning_rate=4.039e-05 epoch=0.576
2026-10-03T22:19:23Z step 550/938 loss=1.028e-05 grad_norm=3.596e-05 learning_rate=3.871e-05 epoch=0.5867
2026-10-03T22:19:48Z step 560/938 loss=1.493e-06 grad_norm=6.273e-05 learning_rate=3.703e-05 epoch=0.5973
2026-10-03T22:20:13Z step 570/938 loss=1.618e-06 grad_norm=3.586e-05 learning_rate=3.537e-05 epoch=0.608
2026-10-03T22:20:38Z step 580/938 loss=1.337e-06 grad_norm=3.506e-05 learning_rate=3.373e-05 epoch=0.6187
2026-10-03T22:21:02Z step 590/938 loss=1.596e-06 grad_norm=4.459e-05 learning_rate=3.211e-05 epoch=0.6293
2026-10-03T22:21:26Z step 600/938 loss=1.539e-06 grad_norm=3.31e-05 learning_rate=3.051e-05 epoch=0.64
2026-10-03T22:21:51Z step 610/938 loss=2.175e-06 grad_norm=3.276e-05 learning_rate=2.893e-05 epoch=0.6507
2026-10-03T22:22:16Z step 620/938 loss=1.224e-06 grad_norm=3.573e-05 learning_rate=2.738e-05 epoch=0.6613
2026-10-03T22:22:41Z step 630/938 loss=0.000239 grad_norm=0.1717 learning_rate=2.585e-05 epoch=0.672
2026-10-03T22:23:05Z step 640/938 loss=1.376e-06 grad_norm=3.324e-05 learning_rate=2.436e-05 epoch=0.6827
2026-10-03T22:23:29Z step 650/938 loss=1.654e-06 grad_norm=5.556e-05 learning_rate=2.289e-05 epoch=0.6933
2026-10-03T22:23:54Z step 660/938 loss=1.377e-06 grad_norm=3.248e-05 learning_rate=2.145e-05 epoch=0.704
2026-10-03T22:24:18Z step 670/938 loss=1.385e-06 grad_norm=3.66e-05 learning_rate=2.005e-05 epoch=0.7147
2026-10-03T22:24:43Z step 680/938 loss=1.355e-06 grad_norm=3.298e-05 learning_rate=1.869e-05 epoch=0.7253
2026-10-03T22:25:07Z step 690/938 loss=9.307e-06 grad_norm=5.189e-05 learning_rate=1.736e-05 epoch=0.736
2026-10-03T22:25:33Z step 700/938 loss=1.485e-06 grad_norm=5.839e-05 learning_rate=1.608e-05 epoch=0.7467
2026-10-03T22:25:57Z step 710/938 loss=1.585e-06 grad_norm=4.46e-05 learning_rate=1.483e-05 epoch=0.7573
2026-10-03T22:26:21Z step 720/938 loss=9.291e-06 grad_norm=0.00518 learning_rate=1.362e-05 epoch=0.768
2026-10-03T22:26:46Z step 730/938 loss=1.839e-06 grad_norm=3.507e-05 learning_rate=1.246e-05 epoch=0.7787
2026-10-03T22:27:10Z step 740/938 loss=1.822e-06 grad_norm=8.637e-05 learning_rate=1.134e-05 epoch=0.7893
2026-10-03T22:27:35Z step 750/938 loss=1.526e-06 grad_norm=2.867e-05 learning_rate=1.027e-05 epoch=0.8
2026-10-03T22:28:00Z step 760/938 loss=1.503e-06 grad_norm=8.588e-05 learning_rate=9.247e-06 epoch=0.8107
2026-10-03T22:28:24Z step 770/938 loss=1.412e-06 grad_norm=4.258e-05 learning_rate=8.271e-06 epoch=0.8213
2026-10-03T22:28:50Z step 780/938 loss=1.346e-06 grad_norm=3.329e-05 learning_rate=7.345e-06 epoch=0.832
2026-10-03T22:29:15Z step 790/938 loss=1.157e-06 grad_norm=3.476e-05 learning_rate=6.47e-06 epoch=0.8427
2026-10-03T22:29:39Z step 800/938 loss=1.34e-06 grad_norm=3.108e-05 learning_rate=5.647e-06 epoch=0.8533
2026-10-03T22:30:03Z step 810/938 loss=1.479e-06 grad_norm=3.277e-05 learning_rate=4.877e-06 epoch=0.864
2026-10-03T22:30:28Z step 820/938 loss=1.576e-06 grad_norm=0.0002523 learning_rate=4.16e-06 epoch=0.8747
2026-10-03T22:30:52Z step 830/938 loss=1.429e-06 grad_norm=3.411e-05 learning_rate=3.498e-06 epoch=0.8853
2026-10-03T22:31:16Z step 840/938 loss=1.321e-06 grad_norm=3.475e-05 learning_rate=2.892e-06 epoch=0.896
2026-10-03T22:31:41Z step 850/938 loss=1.316e-06 grad_norm=4.487e-05 learning_rate=2.342e-06 epoch=0.9067
2026-10-03T22:32:05Z step 860/938 loss=1.263e-06 grad_norm=2.97e-05 learning_rate=1.848e-06 epoch=0.9173
2026-10-03T22:32:30Z step 870/938 loss=1.029e-06 grad_norm=2.841e-05 learning_rate=1.412e-06 epoch=0.928
2026-10-03T22:32:54Z step 880/938 loss=1.879e-06 grad_norm=4.102e-05 learning_rate=1.034e-06 epoch=0.9387
2026-10-03T22:33:19Z step 890/938 loss=1.334e-06 grad_norm=3.806e-05 learning_rate=7.137e-07 epoch=0.9493
2026-10-03T22:33:43Z step 900/938 loss=1.327e-06 grad_norm=3.55e-05 learning_rate=4.525e-07 epoch=0.96
2026-10-03T22:34:07Z step 910/938 loss=1.206e-06 grad_norm=3.502e-05 learning_rate=2.504e-07 epoch=0.9707
2026-10-03T22:34:32Z step 920/938 loss=1.448e-06 grad_norm=4.303e-05 learning_rate=1.075e-07 epoch=0.9813
2026-10-03T22:34:57Z step 930/938 loss=1.088e-06 grad_norm=3.727e-05 learning_rate=2.413e-08 epoch=0.992
2026-10-03T22:35:14Z step 938/938 train_runtime=2310 train_samples_per_second=25.98 train_steps_per_second=0.406 total_flos=1.184e+18 train_loss=0.1482 epoch=1
2026-10-03T22:35:19Z trained 938 steps in 38.5 min, 4983.5 tok/s, peak 33.23 GB
2026-10-03T22:35:20Z u path: fp32-hidden (max |u_fp32 - u_bf16logits| = 0.0161)
2026-10-03T22:35:21Z padding self-check: max |u_batch - u_single| = 0.0933 (tol 0.612) -> left padding
2026-10-03T22:35:58Z B-LOKO-time-bit_reader-s0 rule_v1/dev: TA 91.3 Rev 100.0 Hold 91.3 n=300 (38.7 s)
2026-10-03T22:37:04Z generate: batch 25/32, 32000 tokens, 503 tok/s
2026-10-03T22:40:14Z B-LOKO-time-bit_reader-s0 rule_v1/test_L2: TA 94.1 Rev 100.0 Hold 94.2 n=2000 (255.7 s)
2026-10-03T22:42:14Z B-LOKO-time-bit_reader-s0 rule_v1/test_L0: TA 93.1 Rev 99.8 Hold 93.3 n=1000 (119.3 s)
2026-10-03T22:43:21Z B-LOKO-time-bit_reader-s0 xr_v1/test: TA nan Rev nan Hold nan n=None (67.6 s)
2026-10-03T22:43:22Z DONE B-LOKO-time-bit_reader-s0 in 47.0 min, GPU util mean 95.2
