2026-10-10T10:03:10Z step 10/938 loss=0.9361 grad_norm=7.659 learning_rate=3.214e-05 epoch=0.01067
2026-10-10T10:03:35Z step 20/938 loss=0.5002 grad_norm=4.251 learning_rate=6.786e-05 epoch=0.02133
2026-10-10T10:04:00Z step 30/938 loss=0.3434 grad_norm=10.2 learning_rate=0.0001 epoch=0.032
2026-10-10T10:04:25Z step 40/938 loss=0.1851 grad_norm=5.933 learning_rate=9.996e-05 epoch=0.04267
2026-10-10T10:04:50Z step 50/938 loss=0.1457 grad_norm=4.472 learning_rate=9.987e-05 epoch=0.05333
2026-10-10T10:05:15Z step 60/938 loss=0.06349 grad_norm=2.113 learning_rate=9.971e-05 epoch=0.064
2026-10-10T10:05:41Z step 70/938 loss=0.07324 grad_norm=0.09738 learning_rate=9.95e-05 epoch=0.07467
2026-10-10T10:06:07Z step 80/938 loss=0.1169 grad_norm=4.224 learning_rate=9.923e-05 epoch=0.08533
2026-10-10T10:06:32Z step 90/938 loss=0.05208 grad_norm=0.2026 learning_rate=9.89e-05 epoch=0.096
2026-10-10T10:06:59Z step 100/938 loss=0.0516 grad_norm=3.204 learning_rate=9.851e-05 epoch=0.1067
2026-10-10T10:07:24Z step 110/938 loss=0.04781 grad_norm=4.141 learning_rate=9.806e-05 epoch=0.1173
2026-10-10T10:07:51Z step 120/938 loss=0.07932 grad_norm=5.234 learning_rate=9.755e-05 epoch=0.128
2026-10-10T10:08:16Z step 130/938 loss=0.1597 grad_norm=1.737 learning_rate=9.699e-05 epoch=0.1387
2026-10-10T10:08:43Z step 140/938 loss=0.04818 grad_norm=0.3546 learning_rate=9.637e-05 epoch=0.1493
2026-10-10T10:09:07Z step 150/938 loss=0.109 grad_norm=2.174 learning_rate=9.57e-05 epoch=0.16
2026-10-10T10:09:31Z step 160/938 loss=0.05848 grad_norm=4.469 learning_rate=9.497e-05 epoch=0.1707
2026-10-10T10:09:57Z step 170/938 loss=0.1752 grad_norm=5.74 learning_rate=9.419e-05 epoch=0.1813
2026-10-10T10:10:22Z step 180/938 loss=0.05404 grad_norm=0.4863 learning_rate=9.336e-05 epoch=0.192
2026-10-10T10:10:47Z step 190/938 loss=0.01705 grad_norm=0.01322 learning_rate=9.247e-05 epoch=0.2027
2026-10-10T10:11:14Z step 200/938 loss=0.08122 grad_norm=0.0008711 learning_rate=9.154e-05 epoch=0.2133
2026-10-10T10:11:38Z step 210/938 loss=0.06599 grad_norm=0.02436 learning_rate=9.055e-05 epoch=0.224
2026-10-10T10:12:03Z step 220/938 loss=0.04757 grad_norm=0.2542 learning_rate=8.952e-05 epoch=0.2347
2026-10-10T10:12:28Z step 230/938 loss=0.03689 grad_norm=0.2265 learning_rate=8.844e-05 epoch=0.2453
2026-10-10T10:12:52Z step 240/938 loss=0.006097 grad_norm=0.01248 learning_rate=8.731e-05 epoch=0.256
2026-10-10T10:13:17Z step 250/938 loss=0.08241 grad_norm=0.2044 learning_rate=8.614e-05 epoch=0.2667
2026-10-10T10:13:43Z step 260/938 loss=0.06298 grad_norm=0.6604 learning_rate=8.493e-05 epoch=0.2773
2026-10-10T10:14:09Z step 270/938 loss=0.02329 grad_norm=0.01629 learning_rate=8.367e-05 epoch=0.288
2026-10-10T10:14:36Z step 280/938 loss=0.02262 grad_norm=3.746 learning_rate=8.237e-05 epoch=0.2987
2026-10-10T10:15:01Z step 290/938 loss=0.03296 grad_norm=0.0007395 learning_rate=8.104e-05 epoch=0.3093
2026-10-10T10:15:29Z step 300/938 loss=0.01924 grad_norm=0.2423 learning_rate=7.967e-05 epoch=0.32
2026-10-10T10:15:55Z step 310/938 loss=0.02073 grad_norm=1.262 learning_rate=7.826e-05 epoch=0.3307
2026-10-10T10:16:20Z step 320/938 loss=0.007694 grad_norm=0.0005448 learning_rate=7.682e-05 epoch=0.3413
2026-10-10T10:16:44Z step 330/938 loss=0.007404 grad_norm=0.0002866 learning_rate=7.535e-05 epoch=0.352
2026-10-10T10:17:12Z step 340/938 loss=0.05113 grad_norm=0.06994 learning_rate=7.385e-05 epoch=0.3627
2026-10-10T10:17:36Z step 350/938 loss=0.04658 grad_norm=0.02012 learning_rate=7.231e-05 epoch=0.3733
2026-10-10T10:18:01Z step 360/938 loss=0.02542 grad_norm=1.605 learning_rate=7.076e-05 epoch=0.384
2026-10-10T10:18:27Z step 370/938 loss=0.004149 grad_norm=0.1467 learning_rate=6.917e-05 epoch=0.3947
2026-10-10T10:18:51Z step 380/938 loss=0.03548 grad_norm=0.8638 learning_rate=6.757e-05 epoch=0.4053
2026-10-10T10:19:17Z step 390/938 loss=0.02059 grad_norm=0.005787 learning_rate=6.594e-05 epoch=0.416
2026-10-10T10:19:42Z step 400/938 loss=0.01253 grad_norm=3.219 learning_rate=6.43e-05 epoch=0.4267
2026-10-10T10:20:09Z step 410/938 loss=0.006863 grad_norm=0.0009104 learning_rate=6.264e-05 epoch=0.4373
2026-10-10T10:20:34Z step 420/938 loss=0.005148 grad_norm=0.1342 learning_rate=6.096e-05 epoch=0.448
2026-10-10T10:20:59Z step 430/938 loss=0.0696 grad_norm=0.01583 learning_rate=5.927e-05 epoch=0.4587
2026-10-10T10:21:25Z step 440/938 loss=0.0321 grad_norm=8.34 learning_rate=5.757e-05 epoch=0.4693
2026-10-10T10:21:49Z step 450/938 loss=0.004055 grad_norm=0.01613 learning_rate=5.586e-05 epoch=0.48
2026-10-10T10:22:15Z step 460/938 loss=0.000723 grad_norm=0.005139 learning_rate=5.414e-05 epoch=0.4907
2026-10-10T10:22:40Z step 470/938 loss=0.0183 grad_norm=1.817 learning_rate=5.242e-05 epoch=0.5013
2026-10-10T10:28:24Z step 480/938 loss=0.007677 grad_norm=0.02174 learning_rate=5.069e-05 epoch=0.512
2026-10-10T10:28:49Z step 490/938 loss=0.0002497 grad_norm=0.03218 learning_rate=4.896e-05 epoch=0.5227
2026-10-10T10:29:14Z step 500/938 loss=0.06807 grad_norm=0.007151 learning_rate=4.724e-05 epoch=0.5333
2026-10-10T10:29:40Z step 510/938 loss=0.008819 grad_norm=0.05975 learning_rate=4.552e-05 epoch=0.544
2026-10-10T10:30:04Z step 520/938 loss=0.02422 grad_norm=0.09022 learning_rate=4.38e-05 epoch=0.5547
2026-10-10T10:30:29Z step 530/938 loss=0.01217 grad_norm=0.3621 learning_rate=4.209e-05 epoch=0.5653
2026-10-10T10:30:54Z step 540/938 loss=0.004194 grad_norm=0.006212 learning_rate=4.039e-05 epoch=0.576
2026-10-10T10:31:20Z step 550/938 loss=0.006041 grad_norm=0.01111 learning_rate=3.871e-05 epoch=0.5867
2026-10-10T10:31:45Z step 560/938 loss=0.00292 grad_norm=0.04527 learning_rate=3.703e-05 epoch=0.5973
2026-10-10T10:32:10Z step 570/938 loss=0.02719 grad_norm=0.08275 learning_rate=3.537e-05 epoch=0.608
2026-10-10T10:32:36Z step 580/938 loss=0.003414 grad_norm=0.03001 learning_rate=3.373e-05 epoch=0.6187
2026-10-10T10:33:00Z step 590/938 loss=0.01053 grad_norm=0.2314 learning_rate=3.211e-05 epoch=0.6293
2026-10-10T10:33:25Z step 600/938 loss=0.007117 grad_norm=0.001966 learning_rate=3.051e-05 epoch=0.64
2026-10-10T10:33:49Z step 610/938 loss=0.0004025 grad_norm=0.001528 learning_rate=2.893e-05 epoch=0.6507
2026-10-10T10:34:15Z step 620/938 loss=0.0006748 grad_norm=0.03405 learning_rate=2.738e-05 epoch=0.6613
2026-10-10T10:34:41Z step 630/938 loss=0.001209 grad_norm=0.0005194 learning_rate=2.585e-05 epoch=0.672
2026-10-10T10:35:06Z step 640/938 loss=0.000407 grad_norm=0.008655 learning_rate=2.436e-05 epoch=0.6827
2026-10-10T10:35:31Z step 650/938 loss=0.01394 grad_norm=1.204 learning_rate=2.289e-05 epoch=0.6933
2026-10-10T10:35:57Z step 660/938 loss=0.0002585 grad_norm=0.001042 learning_rate=2.145e-05 epoch=0.704
2026-10-10T10:36:22Z step 670/938 loss=0.001036 grad_norm=0.09342 learning_rate=2.005e-05 epoch=0.7147
2026-10-10T10:36:46Z step 680/938 loss=0.001071 grad_norm=0.005002 learning_rate=1.869e-05 epoch=0.7253
2026-10-10T10:37:12Z step 690/938 loss=0.002449 grad_norm=0.0005714 learning_rate=1.736e-05 epoch=0.736
2026-10-10T10:37:36Z step 700/938 loss=0.01101 grad_norm=0.0004444 learning_rate=1.608e-05 epoch=0.7467
2026-10-10T10:38:16Z step 710/938 loss=0.000528 grad_norm=0.0005898 learning_rate=1.483e-05 epoch=0.7573
2026-10-10T10:38:42Z step 720/938 loss=0.0006993 grad_norm=0.001634 learning_rate=1.362e-05 epoch=0.768
2026-10-10T10:39:07Z step 730/938 loss=0.000427 grad_norm=0.0008946 learning_rate=1.246e-05 epoch=0.7787
2026-10-10T10:39:32Z step 740/938 loss=0.0006506 grad_norm=0.0008122 learning_rate=1.134e-05 epoch=0.7893
2026-10-10T10:39:57Z step 750/938 loss=0.0003246 grad_norm=0.000664 learning_rate=1.027e-05 epoch=0.8
2026-10-10T10:40:24Z step 760/938 loss=0.01121 grad_norm=0.0006254 learning_rate=9.247e-06 epoch=0.8107
2026-10-10T10:40:49Z step 770/938 loss=0.0001899 grad_norm=0.007277 learning_rate=8.271e-06 epoch=0.8213
2026-10-10T10:41:14Z step 780/938 loss=0.0001535 grad_norm=0.0004274 learning_rate=7.345e-06 epoch=0.832
2026-10-10T10:41:39Z step 790/938 loss=0.009897 grad_norm=0.0009174 learning_rate=6.47e-06 epoch=0.8427
2026-10-10T10:42:05Z step 800/938 loss=0.005335 grad_norm=0.0002271 learning_rate=5.647e-06 epoch=0.8533
2026-10-10T10:42:30Z step 810/938 loss=0.0001818 grad_norm=0.000176 learning_rate=4.877e-06 epoch=0.864
2026-10-10T10:44:47Z step 820/938 loss=0.0003207 grad_norm=0.002009 learning_rate=4.16e-06 epoch=0.8747
2026-10-10T10:45:13Z step 830/938 loss=0.01477 grad_norm=0.0002082 learning_rate=3.498e-06 epoch=0.8853
2026-10-10T10:45:38Z step 840/938 loss=0.0006215 grad_norm=0.03283 learning_rate=2.892e-06 epoch=0.896
2026-10-10T10:46:03Z step 850/938 loss=0.000367 grad_norm=0.001914 learning_rate=2.342e-06 epoch=0.9067
2026-10-10T10:46:28Z step 860/938 loss=0.0003045 grad_norm=0.0002357 learning_rate=1.848e-06 epoch=0.9173
2026-10-10T10:46:54Z step 870/938 loss=0.0001531 grad_norm=0.00226 learning_rate=1.412e-06 epoch=0.928
2026-10-10T10:47:18Z step 880/938 loss=0.0007034 grad_norm=0.0003914 learning_rate=1.034e-06 epoch=0.9387
2026-10-10T10:47:43Z step 890/938 loss=0.0002463 grad_norm=0.0002928 learning_rate=7.137e-07 epoch=0.9493
2026-10-10T10:48:07Z step 900/938 loss=0.0002465 grad_norm=0.00216 learning_rate=4.525e-07 epoch=0.96
2026-10-10T10:48:33Z step 910/938 loss=6.586e-05 grad_norm=0.001693 learning_rate=2.504e-07 epoch=0.9707
2026-10-10T10:48:58Z step 920/938 loss=0.0001312 grad_norm=0.001145 learning_rate=1.075e-07 epoch=0.9813
2026-10-10T10:49:23Z step 930/938 loss=0.0002424 grad_norm=0.00065 learning_rate=2.413e-08 epoch=0.992
2026-10-10T10:49:41Z step 938/938 train_runtime=2816 train_samples_per_second=21.3 train_steps_per_second=0.333 total_flos=1.056e+18 train_loss=0.04615 epoch=1
2026-10-10T10:50:22Z trained 938 steps in 47.0 min, 4696.9 tok/s, peak 32.04 GB
2026-10-10T10:50:25Z u path: fp32-hidden (max |u_fp32 - u_bf16logits| = 0.0574)
2026-10-10T10:50:27Z padding self-check: max |u_batch - u_single| = 0.0701 (tol 0.835) -> left padding
2026-10-10T10:51:04Z B-V2-verdict-blocks-s4 rule_v2/dev: TA 56.0 Rev 99.3 Hold 56.3 n=300 (41.7 s)
2026-10-10T10:55:30Z B-V2-verdict-blocks-s4 rule_v2/test_L2: TA 40.0 Rev 95.9 Hold 41.9 n=2000 (264.8 s)
2026-10-10T10:59:54Z B-V2-verdict-blocks-s4 rule_v1/test_L2: TA 53.9 Rev 93.0 Hold 57.4 n=2000 (263.7 s)
2026-10-10T11:00:55Z B-V2-verdict-blocks-s4 xr_v1/test: TA nan Rev nan Hold nan n=None (60.8 s)
2026-10-10T11:01:25Z B-V2-verdict-blocks-s4 cls_v1/dev: TA 13.0 Rev 99.0 Hold 13.0 n=300 (28.7 s)
2026-10-10T11:03:15Z B-V2-verdict-blocks-s4 cls_v1/test: TA 9.4 Rev 99.7 Hold 9.4 n=1200 (110.4 s)
2026-10-10T11:03:17Z DONE B-V2-verdict-blocks-s4 in 61.1 min, GPU util mean 82.3
