2026-10-03T08:11:40Z step 10/938 loss=1.809 grad_norm=3.421 learning_rate=3.214e-05 epoch=0.01067
2026-10-03T08:12:10Z step 20/938 loss=0.2128 grad_norm=2.461 learning_rate=6.786e-05 epoch=0.02133
2026-10-03T08:12:43Z step 30/938 loss=0.03381 grad_norm=0.2041 learning_rate=0.0001 epoch=0.032
2026-10-03T08:13:12Z step 40/938 loss=0.02164 grad_norm=1.469 learning_rate=9.996e-05 epoch=0.04267
2026-10-03T08:13:41Z step 50/938 loss=0.01629 grad_norm=0.1621 learning_rate=9.987e-05 epoch=0.05333
2026-10-03T08:14:12Z step 60/938 loss=0.004919 grad_norm=0.01293 learning_rate=9.971e-05 epoch=0.064
2026-10-03T08:14:41Z step 70/938 loss=0.003731 grad_norm=0.002586 learning_rate=9.95e-05 epoch=0.07467
2026-10-03T08:15:10Z step 80/938 loss=0.003816 grad_norm=0.1643 learning_rate=9.923e-05 epoch=0.08533
2026-10-03T08:15:40Z step 90/938 loss=0.006278 grad_norm=0.02296 learning_rate=9.89e-05 epoch=0.096
2026-10-03T08:16:08Z step 100/938 loss=0.002002 grad_norm=0.1051 learning_rate=9.851e-05 epoch=0.1067
2026-10-03T08:16:38Z step 110/938 loss=0.002138 grad_norm=0.008512 learning_rate=9.806e-05 epoch=0.1173
2026-10-03T08:17:08Z step 120/938 loss=0.008864 grad_norm=0.1879 learning_rate=9.755e-05 epoch=0.128
2026-10-03T08:17:37Z step 130/938 loss=0.002714 grad_norm=0.06736 learning_rate=9.699e-05 epoch=0.1387
2026-10-03T08:18:07Z step 140/938 loss=0.002274 grad_norm=0.002202 learning_rate=9.637e-05 epoch=0.1493
2026-10-03T08:18:37Z step 150/938 loss=0.0003568 grad_norm=0.347 learning_rate=9.57e-05 epoch=0.16
2026-10-03T08:19:06Z step 160/938 loss=0.002115 grad_norm=0.003765 learning_rate=9.497e-05 epoch=0.1707
2026-10-03T08:19:36Z step 170/938 loss=0.0159 grad_norm=0.04231 learning_rate=9.419e-05 epoch=0.1813
2026-10-03T08:20:06Z step 180/938 loss=0.007466 grad_norm=0.01787 learning_rate=9.336e-05 epoch=0.192
2026-10-03T08:20:35Z step 190/938 loss=0.002554 grad_norm=0.04884 learning_rate=9.247e-05 epoch=0.2027
2026-10-03T08:21:04Z step 200/938 loss=0.002428 grad_norm=0.2132 learning_rate=9.154e-05 epoch=0.2133
2026-10-03T08:21:33Z step 210/938 loss=0.001497 grad_norm=0.05635 learning_rate=9.055e-05 epoch=0.224
2026-10-03T08:22:02Z step 220/938 loss=0.0001707 grad_norm=0.0009708 learning_rate=8.952e-05 epoch=0.2347
2026-10-03T08:22:32Z step 230/938 loss=0.00113 grad_norm=0.1696 learning_rate=8.844e-05 epoch=0.2453
2026-10-03T08:23:01Z step 240/938 loss=0.002119 grad_norm=0.2422 learning_rate=8.731e-05 epoch=0.256
2026-10-03T08:23:31Z step 250/938 loss=0.001761 grad_norm=0.007268 learning_rate=8.614e-05 epoch=0.2667
2026-10-03T08:24:01Z step 260/938 loss=0.001635 grad_norm=0.001861 learning_rate=8.493e-05 epoch=0.2773
2026-10-03T08:24:30Z step 270/938 loss=0.01105 grad_norm=0.2841 learning_rate=8.367e-05 epoch=0.288
2026-10-03T08:25:00Z step 280/938 loss=0.006299 grad_norm=0.007105 learning_rate=8.237e-05 epoch=0.2987
2026-10-03T08:25:29Z step 290/938 loss=0.002496 grad_norm=0.06411 learning_rate=8.104e-05 epoch=0.3093
2026-10-03T08:25:58Z step 300/938 loss=0.008242 grad_norm=0.03318 learning_rate=7.967e-05 epoch=0.32
2026-10-03T08:26:29Z step 310/938 loss=0.001721 grad_norm=0.6696 learning_rate=7.826e-05 epoch=0.3307
2026-10-03T08:26:58Z step 320/938 loss=0.001732 grad_norm=0.01766 learning_rate=7.682e-05 epoch=0.3413
2026-10-03T08:27:40Z step 330/938 loss=0.0008444 grad_norm=0.000731 learning_rate=7.535e-05 epoch=0.352
2026-10-03T08:28:11Z step 340/938 loss=0.0001424 grad_norm=0.0005257 learning_rate=7.385e-05 epoch=0.3627
2026-10-03T08:28:40Z step 350/938 loss=9.488e-05 grad_norm=0.003118 learning_rate=7.231e-05 epoch=0.3733
2026-10-03T08:29:09Z step 360/938 loss=2.521e-05 grad_norm=0.0008978 learning_rate=7.076e-05 epoch=0.384
2026-10-03T08:29:40Z step 370/938 loss=2.388e-05 grad_norm=0.0005498 learning_rate=6.917e-05 epoch=0.3947
2026-10-03T08:30:10Z step 380/938 loss=5.612e-05 grad_norm=0.0002225 learning_rate=6.757e-05 epoch=0.4053
2026-10-03T08:30:39Z step 390/938 loss=2.606e-05 grad_norm=0.0004331 learning_rate=6.594e-05 epoch=0.416
2026-10-03T08:31:08Z step 400/938 loss=0.0002346 grad_norm=0.0001701 learning_rate=6.43e-05 epoch=0.4267
2026-10-03T08:31:42Z step 410/938 loss=5.299e-05 grad_norm=0.002037 learning_rate=6.264e-05 epoch=0.4373
2026-10-03T08:32:12Z step 420/938 loss=3.442e-05 grad_norm=0.003713 learning_rate=6.096e-05 epoch=0.448
2026-10-03T08:32:42Z step 430/938 loss=0.000157 grad_norm=0.0003634 learning_rate=5.927e-05 epoch=0.4587
2026-10-03T08:33:11Z step 440/938 loss=2.275e-05 grad_norm=0.0004629 learning_rate=5.757e-05 epoch=0.4693
2026-10-03T08:33:40Z step 450/938 loss=3.242e-05 grad_norm=0.0002909 learning_rate=5.586e-05 epoch=0.48
2026-10-03T08:34:10Z step 460/938 loss=1.599e-05 grad_norm=0.0003689 learning_rate=5.414e-05 epoch=0.4907
2026-10-03T08:34:39Z step 470/938 loss=1.48e-05 grad_norm=0.0003041 learning_rate=5.242e-05 epoch=0.5013
2026-10-03T08:35:09Z step 480/938 loss=1.844e-05 grad_norm=0.0001115 learning_rate=5.069e-05 epoch=0.512
2026-10-03T08:35:39Z step 490/938 loss=1.549e-05 grad_norm=0.0002798 learning_rate=4.896e-05 epoch=0.5227
2026-10-03T08:36:08Z step 500/938 loss=0.0001555 grad_norm=0.0001617 learning_rate=4.724e-05 epoch=0.5333
2026-10-03T08:36:39Z step 510/938 loss=1.047e-05 grad_norm=0.0001752 learning_rate=4.552e-05 epoch=0.544
2026-10-03T08:37:07Z step 520/938 loss=2.527e-05 grad_norm=0.007217 learning_rate=4.38e-05 epoch=0.5547
2026-10-03T08:37:37Z step 530/938 loss=1.028e-05 grad_norm=0.0001091 learning_rate=4.209e-05 epoch=0.5653
2026-10-03T08:38:07Z step 540/938 loss=2.225e-05 grad_norm=0.006609 learning_rate=4.039e-05 epoch=0.576
2026-10-03T08:38:35Z step 550/938 loss=1.732e-05 grad_norm=0.0004496 learning_rate=3.871e-05 epoch=0.5867
2026-10-03T08:39:04Z step 560/938 loss=1.361e-05 grad_norm=0.000436 learning_rate=3.703e-05 epoch=0.5973
2026-10-03T08:39:34Z step 570/938 loss=1.12e-05 grad_norm=0.0004544 learning_rate=3.537e-05 epoch=0.608
2026-10-03T08:40:03Z step 580/938 loss=0.0001054 grad_norm=0.0002634 learning_rate=3.373e-05 epoch=0.6187
2026-10-03T08:40:32Z step 590/938 loss=9.923e-06 grad_norm=0.0007665 learning_rate=3.211e-05 epoch=0.6293
2026-10-03T08:41:02Z step 600/938 loss=8.574e-05 grad_norm=0.0003874 learning_rate=3.051e-05 epoch=0.64
2026-10-03T08:41:31Z step 610/938 loss=1.031e-05 grad_norm=0.0001452 learning_rate=2.893e-05 epoch=0.6507
2026-10-03T08:41:59Z step 620/938 loss=0.0007542 grad_norm=9.657e-05 learning_rate=2.738e-05 epoch=0.6613
2026-10-03T08:42:29Z step 630/938 loss=1.813e-05 grad_norm=9.748e-05 learning_rate=2.585e-05 epoch=0.672
2026-10-03T08:42:59Z step 640/938 loss=2.168e-05 grad_norm=0.00028 learning_rate=2.436e-05 epoch=0.6827
2026-10-03T08:43:28Z step 650/938 loss=5.561e-05 grad_norm=9.463e-05 learning_rate=2.289e-05 epoch=0.6933
2026-10-03T08:43:58Z step 660/938 loss=9.925e-05 grad_norm=8.933e-05 learning_rate=2.145e-05 epoch=0.704
2026-10-03T08:44:27Z step 670/938 loss=1.404e-05 grad_norm=0.0005932 learning_rate=2.005e-05 epoch=0.7147
2026-10-03T08:44:57Z step 680/938 loss=1.449e-05 grad_norm=0.0006165 learning_rate=1.869e-05 epoch=0.7253
2026-10-03T08:45:27Z step 690/938 loss=1.942e-05 grad_norm=9.456e-05 learning_rate=1.736e-05 epoch=0.736
2026-10-03T08:45:56Z step 700/938 loss=1.016e-05 grad_norm=7.268e-05 learning_rate=1.608e-05 epoch=0.7467
2026-10-03T08:46:26Z step 710/938 loss=1.725e-05 grad_norm=0.001039 learning_rate=1.483e-05 epoch=0.7573
2026-10-03T08:46:56Z step 720/938 loss=0.0001002 grad_norm=0.0001097 learning_rate=1.362e-05 epoch=0.768
2026-10-03T08:47:25Z step 730/938 loss=0.0002815 grad_norm=6.921e-05 learning_rate=1.246e-05 epoch=0.7787
2026-10-03T08:47:54Z step 740/938 loss=7.283e-06 grad_norm=8.998e-05 learning_rate=1.134e-05 epoch=0.7893
2026-10-03T08:48:24Z step 750/938 loss=1.496e-05 grad_norm=0.000169 learning_rate=1.027e-05 epoch=0.8
2026-10-03T08:48:53Z step 760/938 loss=1.186e-05 grad_norm=0.0006737 learning_rate=9.247e-06 epoch=0.8107
2026-10-03T08:49:22Z step 770/938 loss=8.785e-06 grad_norm=8.798e-05 learning_rate=8.271e-06 epoch=0.8213
2026-10-03T08:49:53Z step 780/938 loss=7.465e-06 grad_norm=0.0001531 learning_rate=7.345e-06 epoch=0.832
2026-10-03T08:50:22Z step 790/938 loss=1.121e-05 grad_norm=0.0002934 learning_rate=6.47e-06 epoch=0.8427
2026-10-03T08:50:51Z step 800/938 loss=1.153e-05 grad_norm=8.316e-05 learning_rate=5.647e-06 epoch=0.8533
2026-10-03T08:51:25Z step 810/938 loss=1.159e-05 grad_norm=0.0001875 learning_rate=4.877e-06 epoch=0.864
2026-10-03T08:51:56Z step 820/938 loss=1.555e-05 grad_norm=0.0002344 learning_rate=4.16e-06 epoch=0.8747
2026-10-03T08:52:24Z step 830/938 loss=1.111e-05 grad_norm=0.0006539 learning_rate=3.498e-06 epoch=0.8853
2026-10-03T08:52:53Z step 840/938 loss=8.78e-06 grad_norm=0.0002503 learning_rate=2.892e-06 epoch=0.896
2026-10-03T08:53:23Z step 850/938 loss=8.101e-05 grad_norm=0.001291 learning_rate=2.342e-06 epoch=0.9067
2026-10-03T08:53:53Z step 860/938 loss=8.248e-06 grad_norm=0.0001535 learning_rate=1.848e-06 epoch=0.9173
2026-10-03T08:54:22Z step 870/938 loss=8.32e-06 grad_norm=0.0004169 learning_rate=1.412e-06 epoch=0.928
2026-10-03T08:54:53Z step 880/938 loss=9.913e-06 grad_norm=0.00011 learning_rate=1.034e-06 epoch=0.9387
2026-10-03T08:55:22Z step 890/938 loss=1.945e-05 grad_norm=0.006497 learning_rate=7.137e-07 epoch=0.9493
2026-10-03T08:55:52Z step 900/938 loss=1.214e-05 grad_norm=0.0001526 learning_rate=4.525e-07 epoch=0.96
2026-10-03T08:56:22Z step 910/938 loss=9.744e-06 grad_norm=0.0003328 learning_rate=2.504e-07 epoch=0.9707
2026-10-03T08:56:50Z step 920/938 loss=1.01e-05 grad_norm=0.000712 learning_rate=1.075e-07 epoch=0.9813
2026-10-03T08:57:20Z step 930/938 loss=1.084e-05 grad_norm=0.005399 learning_rate=2.413e-08 epoch=0.992
2026-10-03T08:57:42Z step 938/938 train_runtime=2792 train_samples_per_second=21.49 train_steps_per_second=0.336 total_flos=1.263e+18 train_loss=0.02351 epoch=1
2026-10-03T08:57:47Z trained 938 steps in 46.6 min, 4710.9 tok/s, peak 34.93 GB
2026-10-03T08:57:47Z u path: fp32-hidden (max |u_fp32 - u_bf16logits| = 0.0061)
2026-10-03T08:57:48Z padding self-check: max |u_batch - u_single| = 0.0899 (tol 0.614) -> left padding
2026-10-03T08:59:00Z B-F-ledger2-triplets-s2 rule_v1/dev: TA 99.3 Rev 99.7 Hold 99.7 n=300 (73.3 s)
2026-10-03T08:59:40Z B-F-ledger2-triplets-s2 rule_v1/dev_missing: TA nan Rev nan Hold nan n=None (39.4 s)
2026-10-03T09:01:42Z B-F-ledger2-triplets-s2 rule_v1/missing: TA nan Rev nan Hold nan n=None (122.2 s)
2026-10-03T09:04:58Z generate: batch 25/28, 215013 tokens, 1106 tok/s
2026-10-03T09:07:15Z B-F-ledger2-triplets-s2 rule_v1/readapply: TA 99.7 Rev 99.8 Hold 99.9 n=1000 (332.2 s)
2026-10-03T09:11:06Z B-F-ledger2-triplets-s2 rule_v1/test_L0: TA 99.7 Rev 99.7 Hold 100.0 n=1000 (231.0 s)
2026-10-03T09:14:50Z B-F-ledger2-triplets-s2 rule_v1/test_L1: TA 99.2 Rev 99.2 Hold 100.0 n=1000 (224.2 s)
2026-10-03T09:18:29Z generate: batch 25/32, 225101 tokens, 1033 tok/s
2026-10-03T09:22:54Z B-F-ledger2-triplets-s2 rule_v1/test_L2: TA 99.2 Rev 99.3 Hold 99.8 n=2000 (484.0 s)
2026-10-03T09:26:32Z B-F-ledger2-triplets-s2 rule_v1/test_L3alt: TA 100.0 Rev 100.0 Hold 100.0 n=1000 (217.2 s)
2026-10-03T09:30:32Z B-F-ledger2-triplets-s2 rule_v1/test_L3inv: TA 98.3 Rev 98.8 Hold 99.5 n=1000 (239.9 s)
2026-10-03T09:34:49Z B-F-ledger2-triplets-s2 rule_v1/test_hard: TA 99.4 Rev 99.5 Hold 99.9 n=1000 (256.6 s)
2026-10-03T09:37:43Z B-F-ledger2-triplets-s2 xr_v1/test: TA nan Rev nan Hold nan n=None (174.1 s)
2026-10-03T09:37:44Z DONE B-F-ledger2-triplets-s2 in 87.1 min, GPU util mean 88.1
