2026-10-10T09:09:04Z step 10/938 loss=0.9234 grad_norm=1.123 learning_rate=3.214e-05 epoch=0.01067
2026-10-10T09:10:13Z step 20/938 loss=0.2144 grad_norm=0.5016 learning_rate=6.786e-05 epoch=0.02133
2026-10-10T09:11:23Z step 30/938 loss=0.07028 grad_norm=0.4532 learning_rate=0.0001 epoch=0.032
2026-10-10T09:12:32Z step 40/938 loss=0.03453 grad_norm=0.3064 learning_rate=9.996e-05 epoch=0.04267
2026-10-10T09:13:41Z step 50/938 loss=0.02781 grad_norm=0.1748 learning_rate=9.987e-05 epoch=0.05333
2026-10-10T09:14:52Z step 60/938 loss=0.03517 grad_norm=0.1297 learning_rate=9.971e-05 epoch=0.064
2026-10-10T09:16:01Z step 70/938 loss=0.03199 grad_norm=0.08623 learning_rate=9.95e-05 epoch=0.07467
2026-10-10T09:17:10Z step 80/938 loss=0.02767 grad_norm=0.2634 learning_rate=9.923e-05 epoch=0.08533
2026-10-10T09:18:20Z step 90/938 loss=0.02636 grad_norm=0.06084 learning_rate=9.89e-05 epoch=0.096
2026-10-10T09:19:30Z step 100/938 loss=0.02814 grad_norm=0.04068 learning_rate=9.851e-05 epoch=0.1067
2026-10-10T09:20:40Z step 110/938 loss=0.02894 grad_norm=0.06446 learning_rate=9.806e-05 epoch=0.1173
2026-10-10T09:21:50Z step 120/938 loss=0.02462 grad_norm=0.02797 learning_rate=9.755e-05 epoch=0.128
2026-10-10T09:22:58Z step 130/938 loss=0.02633 grad_norm=0.05544 learning_rate=9.699e-05 epoch=0.1387
2026-10-10T09:24:06Z step 140/938 loss=0.02729 grad_norm=0.00764 learning_rate=9.637e-05 epoch=0.1493
2026-10-10T09:25:14Z step 150/938 loss=0.02609 grad_norm=0.02943 learning_rate=9.57e-05 epoch=0.16
2026-10-10T09:26:23Z step 160/938 loss=0.03544 grad_norm=0.1157 learning_rate=9.497e-05 epoch=0.1707
2026-10-10T09:27:32Z step 170/938 loss=0.02525 grad_norm=0.06389 learning_rate=9.419e-05 epoch=0.1813
2026-10-10T09:31:05Z step 180/938 loss=0.02505 grad_norm=0.0665 learning_rate=9.336e-05 epoch=0.192
2026-10-10T09:32:13Z step 190/938 loss=0.02857 grad_norm=0.06558 learning_rate=9.247e-05 epoch=0.2027
2026-10-10T09:33:23Z step 200/938 loss=0.02775 grad_norm=0.04189 learning_rate=9.154e-05 epoch=0.2133
2026-10-10T09:34:57Z step 210/938 loss=0.03427 grad_norm=0.04727 learning_rate=9.055e-05 epoch=0.224
2026-10-10T09:36:12Z step 220/938 loss=0.02384 grad_norm=0.0715 learning_rate=8.952e-05 epoch=0.2347
2026-10-10T09:37:22Z step 230/938 loss=0.03099 grad_norm=0.2046 learning_rate=8.844e-05 epoch=0.2453
2026-10-10T09:38:30Z step 240/938 loss=0.02479 grad_norm=0.07203 learning_rate=8.731e-05 epoch=0.256
2026-10-10T09:39:39Z step 250/938 loss=0.02786 grad_norm=0.0663 learning_rate=8.614e-05 epoch=0.2667
2026-10-10T09:40:48Z step 260/938 loss=0.02899 grad_norm=0.3134 learning_rate=8.493e-05 epoch=0.2773
2026-10-10T09:41:57Z step 270/938 loss=0.02935 grad_norm=0.1001 learning_rate=8.367e-05 epoch=0.288
2026-10-10T09:43:04Z step 280/938 loss=0.02676 grad_norm=0.1389 learning_rate=8.237e-05 epoch=0.2987
2026-10-10T09:44:13Z step 290/938 loss=0.02223 grad_norm=0.05759 learning_rate=8.104e-05 epoch=0.3093
2026-10-10T09:45:21Z step 300/938 loss=0.02363 grad_norm=0.1154 learning_rate=7.967e-05 epoch=0.32
2026-10-10T09:46:30Z step 310/938 loss=0.02749 grad_norm=0.06029 learning_rate=7.826e-05 epoch=0.3307
2026-10-10T09:47:38Z step 320/938 loss=0.02958 grad_norm=0.08146 learning_rate=7.682e-05 epoch=0.3413
2026-10-10T09:51:13Z step 330/938 loss=0.02757 grad_norm=0.08832 learning_rate=7.535e-05 epoch=0.352
2026-10-10T09:52:43Z step 340/938 loss=0.021 grad_norm=0.0806 learning_rate=7.385e-05 epoch=0.3627
2026-10-10T09:53:55Z step 350/938 loss=0.02448 grad_norm=0.07806 learning_rate=7.231e-05 epoch=0.3733
2026-10-10T09:55:04Z step 360/938 loss=0.02369 grad_norm=0.04161 learning_rate=7.076e-05 epoch=0.384
2026-10-10T09:56:15Z step 370/938 loss=0.03352 grad_norm=0.04773 learning_rate=6.917e-05 epoch=0.3947
2026-10-10T09:57:23Z step 380/938 loss=0.02644 grad_norm=0.0452 learning_rate=6.757e-05 epoch=0.4053
2026-10-10T09:58:34Z step 390/938 loss=0.02372 grad_norm=0.06513 learning_rate=6.594e-05 epoch=0.416
2026-10-10T10:00:27Z step 400/938 loss=0.01876 grad_norm=0.2683 learning_rate=6.43e-05 epoch=0.4267
2026-10-10T10:01:46Z step 410/938 loss=0.0276 grad_norm=0.07192 learning_rate=6.264e-05 epoch=0.4373
2026-10-10T10:02:55Z step 420/938 loss=0.02627 grad_norm=0.05218 learning_rate=6.096e-05 epoch=0.448
2026-10-10T10:04:25Z step 430/938 loss=0.02758 grad_norm=0.05491 learning_rate=5.927e-05 epoch=0.4587
2026-10-10T10:05:34Z step 440/938 loss=0.027 grad_norm=0.1021 learning_rate=5.757e-05 epoch=0.4693
2026-10-10T10:06:48Z step 450/938 loss=0.02444 grad_norm=0.08954 learning_rate=5.586e-05 epoch=0.48
2026-10-10T10:07:56Z step 460/938 loss=0.0248 grad_norm=0.05852 learning_rate=5.414e-05 epoch=0.4907
2026-10-10T10:12:03Z step 470/938 loss=0.02634 grad_norm=0.08454 learning_rate=5.242e-05 epoch=0.5013
2026-10-10T10:13:12Z step 480/938 loss=0.02487 grad_norm=0.06102 learning_rate=5.069e-05 epoch=0.512
2026-10-10T10:14:21Z step 490/938 loss=0.02395 grad_norm=0.02377 learning_rate=4.896e-05 epoch=0.5227
2026-10-10T10:15:30Z step 500/938 loss=0.02101 grad_norm=0.06775 learning_rate=4.724e-05 epoch=0.5333
2026-10-10T10:16:38Z step 510/938 loss=0.02377 grad_norm=0.1058 learning_rate=4.552e-05 epoch=0.544
2026-10-10T10:17:47Z step 520/938 loss=0.01759 grad_norm=0.0527 learning_rate=4.38e-05 epoch=0.5547
2026-10-10T10:18:58Z step 530/938 loss=0.02508 grad_norm=0.05477 learning_rate=4.209e-05 epoch=0.5653
2026-10-10T10:20:09Z step 540/938 loss=0.02493 grad_norm=0.06894 learning_rate=4.039e-05 epoch=0.576
2026-10-10T10:21:18Z step 550/938 loss=0.02213 grad_norm=0.08252 learning_rate=3.871e-05 epoch=0.5867
2026-10-10T10:22:26Z step 560/938 loss=0.02266 grad_norm=0.1046 learning_rate=3.703e-05 epoch=0.5973
2026-10-10T10:23:33Z step 570/938 loss=0.0206 grad_norm=0.06917 learning_rate=3.537e-05 epoch=0.608
2026-10-10T10:25:30Z step 580/938 loss=0.02063 grad_norm=0.05923 learning_rate=3.373e-05 epoch=0.6187
2026-10-10T10:27:23Z step 590/938 loss=0.02032 grad_norm=0.08609 learning_rate=3.211e-05 epoch=0.6293
2026-10-10T10:31:08Z step 600/938 loss=0.02267 grad_norm=0.1136 learning_rate=3.051e-05 epoch=0.64
2026-10-10T10:32:19Z step 610/938 loss=0.01927 grad_norm=0.06429 learning_rate=2.893e-05 epoch=0.6507
2026-10-10T10:33:30Z step 620/938 loss=0.0153 grad_norm=0.03513 learning_rate=2.738e-05 epoch=0.6613
2026-10-10T10:34:40Z step 630/938 loss=0.0227 grad_norm=0.1184 learning_rate=2.585e-05 epoch=0.672
2026-10-10T10:35:50Z step 640/938 loss=0.0217 grad_norm=0.09691 learning_rate=2.436e-05 epoch=0.6827
2026-10-10T10:36:59Z step 650/938 loss=0.02312 grad_norm=0.06152 learning_rate=2.289e-05 epoch=0.6933
2026-10-10T10:38:07Z step 660/938 loss=0.01383 grad_norm=0.1004 learning_rate=2.145e-05 epoch=0.704
2026-10-10T10:39:15Z step 670/938 loss=0.02663 grad_norm=0.09495 learning_rate=2.005e-05 epoch=0.7147
2026-10-10T10:40:23Z step 680/938 loss=0.01859 grad_norm=0.06813 learning_rate=1.869e-05 epoch=0.7253
2026-10-10T10:41:34Z step 690/938 loss=0.01783 grad_norm=0.06388 learning_rate=1.736e-05 epoch=0.736
2026-10-10T10:42:43Z step 700/938 loss=0.01816 grad_norm=0.08763 learning_rate=1.608e-05 epoch=0.7467
2026-10-10T10:43:52Z step 710/938 loss=0.0145 grad_norm=0.09924 learning_rate=1.483e-05 epoch=0.7573
2026-10-10T10:45:01Z step 720/938 loss=0.01449 grad_norm=0.0776 learning_rate=1.362e-05 epoch=0.768
2026-10-10T10:46:10Z step 730/938 loss=0.01424 grad_norm=0.07982 learning_rate=1.246e-05 epoch=0.7787
2026-10-10T10:47:19Z step 740/938 loss=0.01582 grad_norm=0.09843 learning_rate=1.134e-05 epoch=0.7893
2026-10-10T10:50:14Z step 750/938 loss=0.02097 grad_norm=0.1239 learning_rate=1.027e-05 epoch=0.8
2026-10-10T10:51:24Z step 760/938 loss=0.01876 grad_norm=0.1407 learning_rate=9.247e-06 epoch=0.8107
2026-10-10T10:52:33Z step 770/938 loss=0.02013 grad_norm=0.095 learning_rate=8.271e-06 epoch=0.8213
2026-10-10T10:53:42Z step 780/938 loss=0.02323 grad_norm=0.08197 learning_rate=7.345e-06 epoch=0.832
2026-10-10T10:54:50Z step 790/938 loss=0.01405 grad_norm=0.1004 learning_rate=6.47e-06 epoch=0.8427
2026-10-10T10:56:00Z step 800/938 loss=0.01791 grad_norm=0.044 learning_rate=5.647e-06 epoch=0.8533
2026-10-10T10:57:09Z step 810/938 loss=0.01861 grad_norm=0.1238 learning_rate=4.877e-06 epoch=0.864
2026-10-10T10:58:18Z step 820/938 loss=0.02126 grad_norm=0.1121 learning_rate=4.16e-06 epoch=0.8747
2026-10-10T10:59:27Z step 830/938 loss=0.02033 grad_norm=0.1781 learning_rate=3.498e-06 epoch=0.8853
2026-10-10T11:00:34Z step 840/938 loss=0.01692 grad_norm=0.1634 learning_rate=2.892e-06 epoch=0.896
2026-10-10T11:01:43Z step 850/938 loss=0.01525 grad_norm=0.05088 learning_rate=2.342e-06 epoch=0.9067
2026-10-10T11:02:52Z step 860/938 loss=0.02274 grad_norm=0.1575 learning_rate=1.848e-06 epoch=0.9173
2026-10-10T11:03:59Z step 870/938 loss=0.01645 grad_norm=0.1046 learning_rate=1.412e-06 epoch=0.928
2026-10-10T11:05:08Z step 880/938 loss=0.01572 grad_norm=0.09553 learning_rate=1.034e-06 epoch=0.9387
2026-10-10T11:06:16Z step 890/938 loss=0.01288 grad_norm=0.0927 learning_rate=7.137e-07 epoch=0.9493
2026-10-10T11:07:26Z step 900/938 loss=0.01644 grad_norm=0.1517 learning_rate=4.525e-07 epoch=0.96
2026-10-10T11:10:42Z step 910/938 loss=0.01575 grad_norm=0.1123 learning_rate=2.504e-07 epoch=0.9707
2026-10-10T11:11:51Z step 920/938 loss=0.01755 grad_norm=0.1445 learning_rate=1.075e-07 epoch=0.9813
2026-10-10T11:13:00Z step 930/938 loss=0.01767 grad_norm=0.1046 learning_rate=2.413e-08 epoch=0.992
2026-10-10T11:13:52Z step 938/938 train_runtime=7555 train_samples_per_second=7.941 train_steps_per_second=0.124 total_flos=1.284e+18 train_loss=0.03526 epoch=1
2026-10-10T11:14:37Z trained 938 steps in 126.0 min, 2073.9 tok/s, peak 23.68 GB
2026-10-10T11:14:39Z u path: fp32-hidden (max |u_fp32 - u_bf16logits| = 0.0367)
2026-10-10T11:14:40Z padding self-check: max |u_batch - u_single| = 0.1810 (tol 0.622) -> left padding
2026-10-10T11:16:58Z B-V2-reader-lo_window-s0 rule_v2/dev: TA 85.0 Rev 99.0 Hold 85.7 n=300 (140.0 s)
2026-10-10T11:22:07Z generate: batch 25/32, 281060 tokens, 924 tok/s
2026-10-10T11:31:27Z B-V2-reader-lo_window-s0 rule_v2/test_L2: TA 81.5 Rev 97.8 Hold 83.5 n=2000 (868.9 s)
2026-10-10T11:36:37Z generate: batch 25/32, 261644 tokens, 855 tok/s
2026-10-10T11:45:40Z B-V2-reader-lo_window-s0 rule_v1/test_L2: TA 99.2 Rev 99.2 Hold 100.0 n=2000 (851.8 s)
2026-10-10T11:50:11Z B-V2-reader-lo_window-s0 xr_v1/test: TA nan Rev nan Hold nan n=None (270.1 s)
2026-10-10T11:51:46Z B-V2-reader-lo_window-s0 cls_v1/dev: TA 75.0 Rev 90.3 Hold 82.7 n=300 (94.4 s)
2026-10-10T11:57:49Z B-V2-reader-lo_window-s0 cls_v1/test: TA 73.2 Rev 90.0 Hold 80.7 n=1200 (362.1 s)
2026-10-10T11:57:50Z DONE B-V2-reader-lo_window-s0 in 170.3 min, GPU util mean 86.2
