2026-10-03T18:17:49Z step 10/938 loss=1.704 grad_norm=4.214 learning_rate=3.214e-05 epoch=0.01067
2026-10-03T18:20:16Z step 20/938 loss=0.2189 grad_norm=0.6703 learning_rate=6.786e-05 epoch=0.02133
2026-10-03T18:22:41Z step 30/938 loss=0.02145 grad_norm=1.407 learning_rate=0.0001 epoch=0.032
2026-10-03T18:25:14Z step 40/938 loss=0.006056 grad_norm=0.485 learning_rate=9.996e-05 epoch=0.04267
2026-10-03T18:27:42Z step 50/938 loss=0.03138 grad_norm=0.05182 learning_rate=9.987e-05 epoch=0.05333
2026-10-03T18:30:07Z step 60/938 loss=0.005556 grad_norm=0.06388 learning_rate=9.971e-05 epoch=0.064
2026-10-03T18:32:33Z step 70/938 loss=0.004849 grad_norm=0.1051 learning_rate=9.95e-05 epoch=0.07467
2026-10-03T18:34:58Z step 80/938 loss=0.001294 grad_norm=0.6854 learning_rate=9.923e-05 epoch=0.08533
2026-10-03T18:38:11Z step 90/938 loss=0.001851 grad_norm=0.00495 learning_rate=9.89e-05 epoch=0.096
2026-10-03T18:40:36Z step 100/938 loss=0.002397 grad_norm=0.005332 learning_rate=9.851e-05 epoch=0.1067
2026-10-03T18:43:02Z step 110/938 loss=0.004702 grad_norm=0.02561 learning_rate=9.806e-05 epoch=0.1173
2026-10-03T18:45:22Z step 120/938 loss=0.000859 grad_norm=0.002064 learning_rate=9.755e-05 epoch=0.128
2026-10-03T18:47:52Z step 130/938 loss=0.002736 grad_norm=0.2167 learning_rate=9.699e-05 epoch=0.1387
2026-10-03T18:50:13Z step 140/938 loss=0.009107 grad_norm=0.008615 learning_rate=9.637e-05 epoch=0.1493
2026-10-03T18:52:38Z step 150/938 loss=0.0009771 grad_norm=0.01522 learning_rate=9.57e-05 epoch=0.16
2026-10-03T18:55:03Z step 160/938 loss=0.001754 grad_norm=0.1895 learning_rate=9.497e-05 epoch=0.1707
2026-10-03T18:58:10Z step 170/938 loss=0.0001821 grad_norm=0.002877 learning_rate=9.419e-05 epoch=0.1813
2026-10-03T19:00:35Z step 180/938 loss=8.857e-05 grad_norm=0.01145 learning_rate=9.336e-05 epoch=0.192
2026-10-03T19:03:06Z step 190/938 loss=5.354e-05 grad_norm=0.0005555 learning_rate=9.247e-05 epoch=0.2027
2026-10-03T19:05:31Z step 200/938 loss=4.673e-05 grad_norm=0.000237 learning_rate=9.154e-05 epoch=0.2133
2026-10-03T19:07:54Z step 210/938 loss=0.0009714 grad_norm=0.0002163 learning_rate=9.055e-05 epoch=0.224
2026-10-03T19:10:15Z step 220/938 loss=0.008201 grad_norm=0.002154 learning_rate=8.952e-05 epoch=0.2347
2026-10-03T19:12:46Z step 230/938 loss=0.001946 grad_norm=0.006788 learning_rate=8.844e-05 epoch=0.2453
2026-10-03T19:15:10Z step 240/938 loss=0.0002683 grad_norm=0.002623 learning_rate=8.731e-05 epoch=0.256
2026-10-03T19:18:25Z step 250/938 loss=0.002054 grad_norm=0.006233 learning_rate=8.614e-05 epoch=0.2667
2026-10-03T19:20:50Z step 260/938 loss=0.001232 grad_norm=0.1385 learning_rate=8.493e-05 epoch=0.2773
2026-10-03T19:23:09Z step 270/938 loss=0.0006515 grad_norm=0.009237 learning_rate=8.367e-05 epoch=0.288
2026-10-03T19:25:38Z step 280/938 loss=0.0001079 grad_norm=0.000225 learning_rate=8.237e-05 epoch=0.2987
2026-10-03T19:28:01Z step 290/938 loss=4.203e-05 grad_norm=0.0005993 learning_rate=8.104e-05 epoch=0.3093
2026-10-03T19:30:49Z step 300/938 loss=0.00156 grad_norm=0.003123 learning_rate=7.967e-05 epoch=0.32
2026-10-03T19:33:14Z step 310/938 loss=0.001645 grad_norm=0.00438 learning_rate=7.826e-05 epoch=0.3307
2026-10-03T19:35:36Z step 320/938 loss=0.000246 grad_norm=0.00161 learning_rate=7.682e-05 epoch=0.3413
2026-10-03T19:39:37Z step 330/938 loss=7.123e-05 grad_norm=0.0004153 learning_rate=7.535e-05 epoch=0.352
2026-10-03T19:42:00Z step 340/938 loss=0.0002297 grad_norm=0.0002305 learning_rate=7.385e-05 epoch=0.3627
2026-10-03T19:44:30Z step 350/938 loss=4.462e-05 grad_norm=0.004475 learning_rate=7.231e-05 epoch=0.3733
2026-10-03T19:46:53Z step 360/938 loss=5.377e-05 grad_norm=0.000265 learning_rate=7.076e-05 epoch=0.384
2026-10-03T19:49:17Z step 370/938 loss=9.784e-05 grad_norm=0.000387 learning_rate=6.917e-05 epoch=0.3947
2026-10-03T19:51:45Z step 380/938 loss=1.927e-05 grad_norm=0.0002152 learning_rate=6.757e-05 epoch=0.4053
2026-10-03T19:54:13Z step 390/938 loss=4.794e-05 grad_norm=0.000486 learning_rate=6.594e-05 epoch=0.416
2026-10-03T19:57:33Z step 400/938 loss=0.0002178 grad_norm=0.000438 learning_rate=6.43e-05 epoch=0.4267
2026-10-03T19:59:59Z step 410/938 loss=0.0007237 grad_norm=0.0001181 learning_rate=6.264e-05 epoch=0.4373
2026-10-03T20:02:23Z step 420/938 loss=0.0006363 grad_norm=0.01734 learning_rate=6.096e-05 epoch=0.448
2026-10-03T20:04:48Z step 430/938 loss=2.451e-05 grad_norm=0.000916 learning_rate=5.927e-05 epoch=0.4587
2026-10-03T20:07:20Z step 440/938 loss=6.132e-05 grad_norm=0.00261 learning_rate=5.757e-05 epoch=0.4693
2026-10-03T20:09:47Z step 450/938 loss=0.0003803 grad_norm=0.0003988 learning_rate=5.586e-05 epoch=0.48
2026-10-03T20:12:12Z step 460/938 loss=1.726e-05 grad_norm=0.0002698 learning_rate=5.414e-05 epoch=0.4907
2026-10-03T20:14:35Z step 470/938 loss=1.738e-05 grad_norm=0.0002057 learning_rate=5.242e-05 epoch=0.5013
2026-10-03T20:17:50Z step 480/938 loss=0.0003032 grad_norm=0.0004729 learning_rate=5.069e-05 epoch=0.512
2026-10-03T20:20:16Z step 490/938 loss=0.00142 grad_norm=0.2077 learning_rate=4.896e-05 epoch=0.5227
2026-10-03T20:22:44Z step 500/938 loss=2.752e-05 grad_norm=0.001807 learning_rate=4.724e-05 epoch=0.5333
2026-10-03T20:25:11Z step 510/938 loss=3.997e-05 grad_norm=0.002085 learning_rate=4.552e-05 epoch=0.544
2026-10-03T20:27:37Z step 520/938 loss=4.164e-05 grad_norm=0.0005182 learning_rate=4.38e-05 epoch=0.5547
2026-10-03T20:30:05Z step 530/938 loss=8.335e-05 grad_norm=0.0001896 learning_rate=4.209e-05 epoch=0.5653
2026-10-03T20:32:33Z step 540/938 loss=2.572e-05 grad_norm=0.0007912 learning_rate=4.039e-05 epoch=0.576
2026-10-03T20:34:58Z step 550/938 loss=3.323e-05 grad_norm=0.0002846 learning_rate=3.871e-05 epoch=0.5867
2026-10-03T20:38:15Z step 560/938 loss=0.0005203 grad_norm=0.115 learning_rate=3.703e-05 epoch=0.5973
2026-10-03T20:40:40Z step 570/938 loss=1.925e-05 grad_norm=0.0002546 learning_rate=3.537e-05 epoch=0.608
2026-10-03T20:43:09Z step 580/938 loss=1.39e-05 grad_norm=0.001296 learning_rate=3.373e-05 epoch=0.6187
2026-10-03T20:45:38Z step 590/938 loss=1.369e-05 grad_norm=0.0002344 learning_rate=3.211e-05 epoch=0.6293
2026-10-03T20:48:04Z step 600/938 loss=1.634e-05 grad_norm=0.000932 learning_rate=3.051e-05 epoch=0.64
2026-10-03T20:50:30Z step 610/938 loss=3.679e-05 grad_norm=0.0002449 learning_rate=2.893e-05 epoch=0.6507
2026-10-03T20:52:52Z step 620/938 loss=1.441e-05 grad_norm=0.0003728 learning_rate=2.738e-05 epoch=0.6613
2026-10-03T20:55:16Z step 630/938 loss=1.093e-05 grad_norm=0.000247 learning_rate=2.585e-05 epoch=0.672
2026-10-03T20:58:33Z step 640/938 loss=1.217e-05 grad_norm=0.0006632 learning_rate=2.436e-05 epoch=0.6827
2026-10-03T21:00:58Z step 650/938 loss=1.564e-05 grad_norm=0.0002521 learning_rate=2.289e-05 epoch=0.6933
2026-10-03T21:03:20Z step 660/938 loss=1.09e-05 grad_norm=0.0001322 learning_rate=2.145e-05 epoch=0.704
2026-10-03T21:05:45Z step 670/938 loss=1.305e-05 grad_norm=0.0002747 learning_rate=2.005e-05 epoch=0.7147
2026-10-03T21:08:12Z step 680/938 loss=9.732e-06 grad_norm=0.0002166 learning_rate=1.869e-05 epoch=0.7253
2026-10-03T21:10:44Z step 690/938 loss=1.158e-05 grad_norm=0.0001639 learning_rate=1.736e-05 epoch=0.736
2026-10-03T21:13:07Z step 700/938 loss=1.081e-05 grad_norm=0.0002059 learning_rate=1.608e-05 epoch=0.7467
2026-10-03T21:15:31Z step 710/938 loss=1.496e-05 grad_norm=0.0004131 learning_rate=1.483e-05 epoch=0.7573
2026-10-03T21:18:59Z step 720/938 loss=9.257e-06 grad_norm=8.649e-05 learning_rate=1.362e-05 epoch=0.768
2026-10-03T21:21:24Z step 730/938 loss=2.136e-05 grad_norm=8.847e-05 learning_rate=1.246e-05 epoch=0.7787
2026-10-03T21:23:56Z step 740/938 loss=1.154e-05 grad_norm=0.000325 learning_rate=1.134e-05 epoch=0.7893
2026-10-03T21:26:21Z step 750/938 loss=1.588e-05 grad_norm=0.0003769 learning_rate=1.027e-05 epoch=0.8
2026-10-03T21:28:48Z step 760/938 loss=0.0002841 grad_norm=0.0001442 learning_rate=9.247e-06 epoch=0.8107
2026-10-03T21:31:13Z step 770/938 loss=2.614e-05 grad_norm=0.0001342 learning_rate=8.271e-06 epoch=0.8213
2026-10-03T21:33:41Z step 780/938 loss=8.924e-06 grad_norm=0.0001708 learning_rate=7.345e-06 epoch=0.832
2026-10-03T21:36:07Z step 790/938 loss=1.053e-05 grad_norm=0.0004549 learning_rate=6.47e-06 epoch=0.8427
2026-10-03T21:39:20Z step 800/938 loss=9.135e-06 grad_norm=0.0002846 learning_rate=5.647e-06 epoch=0.8533
2026-10-03T21:41:47Z step 810/938 loss=1.202e-05 grad_norm=7.55e-05 learning_rate=4.877e-06 epoch=0.864
2026-10-03T21:44:13Z step 820/938 loss=8.439e-06 grad_norm=8.165e-05 learning_rate=4.16e-06 epoch=0.8747
2026-10-03T21:46:38Z step 830/938 loss=1.679e-05 grad_norm=0.000146 learning_rate=3.498e-06 epoch=0.8853
2026-10-03T21:49:01Z step 840/938 loss=1.017e-05 grad_norm=0.0001495 learning_rate=2.892e-06 epoch=0.896
2026-10-03T21:51:30Z step 850/938 loss=1.253e-05 grad_norm=0.0001581 learning_rate=2.342e-06 epoch=0.9067
2026-10-03T21:54:02Z step 860/938 loss=8.207e-06 grad_norm=0.0001508 learning_rate=1.848e-06 epoch=0.9173
2026-10-03T21:56:30Z step 870/938 loss=1.092e-05 grad_norm=0.000152 learning_rate=1.412e-06 epoch=0.928
2026-10-03T21:59:40Z step 880/938 loss=7.694e-06 grad_norm=0.0003276 learning_rate=1.034e-06 epoch=0.9387
2026-10-03T22:02:02Z step 890/938 loss=1.396e-05 grad_norm=0.0005622 learning_rate=7.137e-07 epoch=0.9493
2026-10-03T22:04:34Z step 900/938 loss=7.086e-06 grad_norm=0.0001069 learning_rate=4.525e-07 epoch=0.96
2026-10-03T22:06:56Z step 910/938 loss=1.102e-05 grad_norm=6.728e-05 learning_rate=2.504e-07 epoch=0.9707
2026-10-03T22:09:20Z step 920/938 loss=1.093e-05 grad_norm=0.0002545 learning_rate=1.075e-07 epoch=0.9813
2026-10-03T22:11:46Z step 930/938 loss=1.339e-05 grad_norm=0.0005332 learning_rate=2.413e-08 epoch=0.992
2026-10-03T22:13:34Z step 938/938 train_runtime=1.429e+04 train_samples_per_second=4.199 train_steps_per_second=0.066 total_flos=1.319e+18 train_loss=0.02178 epoch=1
2026-10-03T22:14:22Z trained 938 steps in 238.2 min, 966.3 tok/s, peak 34.4 GB
2026-10-03T22:14:27Z u path: fp32-hidden (max |u_fp32 - u_bf16logits| = 0.0023)
2026-10-03T22:14:28Z padding self-check: max |u_batch - u_single| = 0.1055 (tol 0.638) -> left padding
2026-10-03T22:18:44Z B-FOLD3-ledger2-blocks-s0 rule_v1_fold3/dev: TA 69.7 Rev 99.3 Hold 70.0 n=300 (261.2 s)
2026-10-03T22:22:59Z generate: batch 25/63, 103509 tokens, 420 tok/s
2026-10-03T22:28:12Z generate: batch 50/63, 217798 tokens, 390 tok/s
2026-10-03T22:43:51Z B-FOLD3-ledger2-blocks-s0 rule_v1_fold3/test_L2: TA 70.0 Rev 98.9 Hold 70.8 n=2000 (1505.9 s)
2026-10-03T22:43:54Z DONE B-FOLD3-ledger2-blocks-s0 in 270.0 min, GPU util mean 95.1
