2026-10-03T18:54:18Z step 10/938 loss=0.8918 grad_norm=11.77 learning_rate=3.214e-05 epoch=0.01067
2026-10-03T18:54:42Z step 20/938 loss=0.4371 grad_norm=3.526 learning_rate=6.786e-05 epoch=0.02133
2026-10-03T18:55:06Z step 30/938 loss=0.5271 grad_norm=4.378 learning_rate=0.0001 epoch=0.032
2026-10-03T18:55:30Z step 40/938 loss=0.302 grad_norm=3.829 learning_rate=9.996e-05 epoch=0.04267
2026-10-03T18:55:53Z step 50/938 loss=0.1766 grad_norm=6.285 learning_rate=9.987e-05 epoch=0.05333
2026-10-03T18:56:18Z step 60/938 loss=0.2828 grad_norm=4.75 learning_rate=9.971e-05 epoch=0.064
2026-10-03T18:56:42Z step 70/938 loss=0.2763 grad_norm=8.386 learning_rate=9.95e-05 epoch=0.07467
2026-10-03T18:57:06Z step 80/938 loss=0.2134 grad_norm=2.807 learning_rate=9.923e-05 epoch=0.08533
2026-10-03T18:57:29Z step 90/938 loss=0.1432 grad_norm=3.529 learning_rate=9.89e-05 epoch=0.096
2026-10-03T18:57:53Z step 100/938 loss=0.1394 grad_norm=3.905 learning_rate=9.851e-05 epoch=0.1067
2026-10-03T18:58:18Z step 110/938 loss=0.126 grad_norm=0.753 learning_rate=9.806e-05 epoch=0.1173
2026-10-03T18:58:42Z step 120/938 loss=0.08251 grad_norm=5.612 learning_rate=9.755e-05 epoch=0.128
2026-10-03T18:59:07Z step 130/938 loss=0.0545 grad_norm=0.06406 learning_rate=9.699e-05 epoch=0.1387
2026-10-03T18:59:31Z step 140/938 loss=0.08436 grad_norm=3.432 learning_rate=9.637e-05 epoch=0.1493
2026-10-03T18:59:55Z step 150/938 loss=0.0813 grad_norm=1.422 learning_rate=9.57e-05 epoch=0.16
2026-10-03T19:00:19Z step 160/938 loss=0.1151 grad_norm=2.952 learning_rate=9.497e-05 epoch=0.1707
2026-10-03T19:00:43Z step 170/938 loss=0.0544 grad_norm=1.414 learning_rate=9.419e-05 epoch=0.1813
2026-10-03T19:01:07Z step 180/938 loss=0.1455 grad_norm=0.5717 learning_rate=9.336e-05 epoch=0.192
2026-10-03T19:01:31Z step 190/938 loss=0.05984 grad_norm=1.919 learning_rate=9.247e-05 epoch=0.2027
2026-10-03T19:01:55Z step 200/938 loss=0.09953 grad_norm=2.141 learning_rate=9.154e-05 epoch=0.2133
2026-10-03T19:02:20Z step 210/938 loss=0.1148 grad_norm=0.1851 learning_rate=9.055e-05 epoch=0.224
2026-10-03T19:02:44Z step 220/938 loss=0.0593 grad_norm=3.58 learning_rate=8.952e-05 epoch=0.2347
2026-10-03T19:03:08Z step 230/938 loss=0.04448 grad_norm=4.733 learning_rate=8.844e-05 epoch=0.2453
2026-10-03T19:03:32Z step 240/938 loss=0.07001 grad_norm=0.3744 learning_rate=8.731e-05 epoch=0.256
2026-10-03T19:03:56Z step 250/938 loss=0.07926 grad_norm=1.209 learning_rate=8.614e-05 epoch=0.2667
2026-10-03T19:04:21Z step 260/938 loss=0.02276 grad_norm=0.8111 learning_rate=8.493e-05 epoch=0.2773
2026-10-03T19:04:45Z step 270/938 loss=0.01716 grad_norm=0.001204 learning_rate=8.367e-05 epoch=0.288
2026-10-03T19:05:10Z step 280/938 loss=0.001556 grad_norm=0.000469 learning_rate=8.237e-05 epoch=0.2987
2026-10-03T19:05:34Z step 290/938 loss=0.1232 grad_norm=1.651 learning_rate=8.104e-05 epoch=0.3093
2026-10-03T19:05:58Z step 300/938 loss=0.01103 grad_norm=0.1263 learning_rate=7.967e-05 epoch=0.32
2026-10-03T19:06:22Z step 310/938 loss=0.01064 grad_norm=0.01348 learning_rate=7.826e-05 epoch=0.3307
2026-10-03T19:06:46Z step 320/938 loss=0.05544 grad_norm=0.003999 learning_rate=7.682e-05 epoch=0.3413
2026-10-03T19:07:10Z step 330/938 loss=0.02711 grad_norm=2.191 learning_rate=7.535e-05 epoch=0.352
2026-10-03T19:07:35Z step 340/938 loss=0.05765 grad_norm=3.03 learning_rate=7.385e-05 epoch=0.3627
2026-10-03T19:07:59Z step 350/938 loss=0.03665 grad_norm=2.437 learning_rate=7.231e-05 epoch=0.3733
2026-10-03T19:08:23Z step 360/938 loss=0.03309 grad_norm=0.4712 learning_rate=7.076e-05 epoch=0.384
2026-10-03T19:08:47Z step 370/938 loss=0.03149 grad_norm=0.03446 learning_rate=6.917e-05 epoch=0.3947
2026-10-03T19:09:11Z step 380/938 loss=0.05822 grad_norm=0.02253 learning_rate=6.757e-05 epoch=0.4053
2026-10-03T19:09:36Z step 390/938 loss=0.02174 grad_norm=0.01545 learning_rate=6.594e-05 epoch=0.416
2026-10-03T19:10:00Z step 400/938 loss=0.05246 grad_norm=4.253 learning_rate=6.43e-05 epoch=0.4267
2026-10-03T19:10:25Z step 410/938 loss=0.06593 grad_norm=0.1438 learning_rate=6.264e-05 epoch=0.4373
2026-10-03T19:10:49Z step 420/938 loss=0.008365 grad_norm=0.7577 learning_rate=6.096e-05 epoch=0.448
2026-10-03T19:11:13Z step 430/938 loss=0.03249 grad_norm=1.104 learning_rate=5.927e-05 epoch=0.4587
2026-10-03T19:11:37Z step 440/938 loss=0.0126 grad_norm=0.198 learning_rate=5.757e-05 epoch=0.4693
2026-10-03T19:12:02Z step 450/938 loss=0.008833 grad_norm=0.052 learning_rate=5.586e-05 epoch=0.48
2026-10-03T19:12:26Z step 460/938 loss=0.01068 grad_norm=0.003249 learning_rate=5.414e-05 epoch=0.4907
2026-10-03T19:12:50Z step 470/938 loss=0.06436 grad_norm=0.05362 learning_rate=5.242e-05 epoch=0.5013
2026-10-03T19:13:15Z step 480/938 loss=0.02753 grad_norm=0.2856 learning_rate=5.069e-05 epoch=0.512
2026-10-03T19:13:39Z step 490/938 loss=0.0612 grad_norm=0.03405 learning_rate=4.896e-05 epoch=0.5227
2026-10-03T19:14:09Z step 500/938 loss=0.01224 grad_norm=0.028 learning_rate=4.724e-05 epoch=0.5333
2026-10-03T19:14:33Z step 510/938 loss=0.01938 grad_norm=0.4543 learning_rate=4.552e-05 epoch=0.544
2026-10-03T19:14:58Z step 520/938 loss=0.01618 grad_norm=0.0214 learning_rate=4.38e-05 epoch=0.5547
2026-10-03T19:15:22Z step 530/938 loss=0.02538 grad_norm=1.706 learning_rate=4.209e-05 epoch=0.5653
2026-10-03T19:15:46Z step 540/938 loss=0.02047 grad_norm=1.427 learning_rate=4.039e-05 epoch=0.576
2026-10-03T19:16:10Z step 550/938 loss=0.01651 grad_norm=0.01583 learning_rate=3.871e-05 epoch=0.5867
2026-10-03T19:16:35Z step 560/938 loss=0.02607 grad_norm=0.005457 learning_rate=3.703e-05 epoch=0.5973
2026-10-03T19:16:59Z step 570/938 loss=0.01111 grad_norm=0.02019 learning_rate=3.537e-05 epoch=0.608
2026-10-03T19:17:24Z step 580/938 loss=0.01034 grad_norm=1.606 learning_rate=3.373e-05 epoch=0.6187
2026-10-03T19:17:48Z step 590/938 loss=0.02258 grad_norm=0.001942 learning_rate=3.211e-05 epoch=0.6293
2026-10-03T19:18:13Z step 600/938 loss=0.005466 grad_norm=0.002244 learning_rate=3.051e-05 epoch=0.64
2026-10-03T19:18:37Z step 610/938 loss=0.02117 grad_norm=0.0003216 learning_rate=2.893e-05 epoch=0.6507
2026-10-03T19:19:02Z step 620/938 loss=0.03849 grad_norm=2.2 learning_rate=2.738e-05 epoch=0.6613
2026-10-03T19:19:25Z step 630/938 loss=0.0004895 grad_norm=0.002494 learning_rate=2.585e-05 epoch=0.672
2026-10-03T19:19:49Z step 640/938 loss=0.001603 grad_norm=0.09373 learning_rate=2.436e-05 epoch=0.6827
2026-10-03T19:20:14Z step 650/938 loss=0.006896 grad_norm=0.002026 learning_rate=2.289e-05 epoch=0.6933
2026-10-03T19:20:39Z step 660/938 loss=0.01191 grad_norm=0.002258 learning_rate=2.145e-05 epoch=0.704
2026-10-03T19:21:02Z step 670/938 loss=0.00447 grad_norm=0.0003088 learning_rate=2.005e-05 epoch=0.7147
2026-10-03T19:21:27Z step 680/938 loss=0.004282 grad_norm=0.006899 learning_rate=1.869e-05 epoch=0.7253
2026-10-03T19:21:51Z step 690/938 loss=0.002772 grad_norm=0.0002559 learning_rate=1.736e-05 epoch=0.736
2026-10-03T19:22:15Z step 700/938 loss=0.02392 grad_norm=0.1454 learning_rate=1.608e-05 epoch=0.7467
2026-10-03T19:22:39Z step 710/938 loss=0.03477 grad_norm=0.01021 learning_rate=1.483e-05 epoch=0.7573
2026-10-03T19:23:03Z step 720/938 loss=0.002016 grad_norm=0.1982 learning_rate=1.362e-05 epoch=0.768
2026-10-03T19:23:28Z step 730/938 loss=0.0172 grad_norm=0.004017 learning_rate=1.246e-05 epoch=0.7787
2026-10-03T19:23:52Z step 740/938 loss=0.01455 grad_norm=0.7565 learning_rate=1.134e-05 epoch=0.7893
2026-10-03T19:24:16Z step 750/938 loss=0.000609 grad_norm=0.0009974 learning_rate=1.027e-05 epoch=0.8
2026-10-03T19:24:40Z step 760/938 loss=0.0005921 grad_norm=0.003158 learning_rate=9.247e-06 epoch=0.8107
2026-10-03T19:25:05Z step 770/938 loss=0.0009228 grad_norm=0.004007 learning_rate=8.271e-06 epoch=0.8213
2026-10-03T19:25:29Z step 780/938 loss=0.0006479 grad_norm=0.002395 learning_rate=7.345e-06 epoch=0.832
2026-10-03T19:25:53Z step 790/938 loss=0.001266 grad_norm=0.002756 learning_rate=6.47e-06 epoch=0.8427
2026-10-03T19:26:18Z step 800/938 loss=0.0155 grad_norm=0.3133 learning_rate=5.647e-06 epoch=0.8533
2026-10-03T19:26:42Z step 810/938 loss=0.001931 grad_norm=0.6206 learning_rate=4.877e-06 epoch=0.864
2026-10-03T19:27:06Z step 820/938 loss=0.001619 grad_norm=0.1426 learning_rate=4.16e-06 epoch=0.8747
2026-10-03T19:27:31Z step 830/938 loss=0.006678 grad_norm=0.09178 learning_rate=3.498e-06 epoch=0.8853
2026-10-03T19:27:55Z step 840/938 loss=0.003446 grad_norm=0.00416 learning_rate=2.892e-06 epoch=0.896
2026-10-03T19:28:49Z step 850/938 loss=0.001131 grad_norm=0.001853 learning_rate=2.342e-06 epoch=0.9067
2026-10-03T19:29:13Z step 860/938 loss=0.0006242 grad_norm=0.01717 learning_rate=1.848e-06 epoch=0.9173
2026-10-03T19:29:37Z step 870/938 loss=0.001407 grad_norm=3.711 learning_rate=1.412e-06 epoch=0.928
2026-10-03T19:30:02Z step 880/938 loss=0.005008 grad_norm=0.00348 learning_rate=1.034e-06 epoch=0.9387
2026-10-03T19:30:26Z step 890/938 loss=0.0004952 grad_norm=0.02295 learning_rate=7.137e-07 epoch=0.9493
2026-10-03T19:30:50Z step 900/938 loss=0.001349 grad_norm=0.003695 learning_rate=4.525e-07 epoch=0.96
2026-10-03T19:31:14Z step 910/938 loss=0.0003988 grad_norm=0.004888 learning_rate=2.504e-07 epoch=0.9707
2026-10-03T19:31:39Z step 920/938 loss=0.001011 grad_norm=0.1535 learning_rate=1.075e-07 epoch=0.9813
2026-10-03T19:32:03Z step 930/938 loss=0.0001904 grad_norm=0.008171 learning_rate=2.413e-08 epoch=0.992
2026-10-03T19:32:21Z step 938/938 train_runtime=2307 train_samples_per_second=26 train_steps_per_second=0.407 total_flos=1.151e+18 train_loss=0.0632 epoch=1
2026-10-03T19:32:28Z trained 938 steps in 38.5 min, 6074.7 tok/s, peak 32.48 GB
2026-10-03T19:32:29Z u path: fp32-hidden (max |u_fp32 - u_bf16logits| = 0.0179)
2026-10-03T19:32:29Z padding self-check: max |u_batch - u_single| = 0.0913 (tol 0.758) -> left padding
2026-10-03T19:33:07Z B-FOLD2-verdict-blocks-s2 rule_v1_fold2/dev: TA 57.7 Rev 99.7 Hold 57.7 n=300 (38.4 s)
2026-10-03T19:37:02Z B-FOLD2-verdict-blocks-s2 rule_v1_fold2/test_L2: TA 67.3 Rev 99.6 Hold 67.3 n=2000 (234.6 s)
2026-10-03T19:37:02Z DONE B-FOLD2-verdict-blocks-s2 in 43.6 min, GPU util mean 93.6
