2026-10-03T06:51:07Z step 10/938 loss=2.363 grad_norm=2.088 learning_rate=3.214e-05 epoch=0.01067
2026-10-03T06:53:13Z step 20/938 loss=0.6896 grad_norm=0.8715 learning_rate=6.786e-05 epoch=0.02133
2026-10-03T06:55:22Z step 30/938 loss=0.04571 grad_norm=0.1996 learning_rate=0.0001 epoch=0.032
2026-10-03T06:57:28Z step 40/938 loss=0.007459 grad_norm=0.377 learning_rate=9.996e-05 epoch=0.04267
2026-10-03T06:59:33Z step 50/938 loss=0.002362 grad_norm=0.08967 learning_rate=9.987e-05 epoch=0.05333
2026-10-03T07:01:36Z step 60/938 loss=0.003142 grad_norm=0.02005 learning_rate=9.971e-05 epoch=0.064
2026-10-03T07:03:42Z step 70/938 loss=0.001762 grad_norm=0.1919 learning_rate=9.95e-05 epoch=0.07467
2026-10-03T07:05:49Z step 80/938 loss=0.001564 grad_norm=0.06434 learning_rate=9.923e-05 epoch=0.08533
2026-10-03T07:08:39Z step 90/938 loss=0.002858 grad_norm=0.07617 learning_rate=9.89e-05 epoch=0.096
2026-10-03T07:10:45Z step 100/938 loss=0.0004698 grad_norm=0.02603 learning_rate=9.851e-05 epoch=0.1067
2026-10-03T07:12:49Z step 110/938 loss=0.0003632 grad_norm=0.002646 learning_rate=9.806e-05 epoch=0.1173
2026-10-03T07:14:52Z step 120/938 loss=0.001224 grad_norm=0.008823 learning_rate=9.755e-05 epoch=0.128
2026-10-03T07:16:57Z step 130/938 loss=0.001364 grad_norm=0.007989 learning_rate=9.699e-05 epoch=0.1387
2026-10-03T07:19:06Z step 140/938 loss=0.001455 grad_norm=0.04164 learning_rate=9.637e-05 epoch=0.1493
2026-10-03T07:21:08Z step 150/938 loss=0.001097 grad_norm=0.009202 learning_rate=9.57e-05 epoch=0.16
2026-10-03T07:23:14Z step 160/938 loss=0.003113 grad_norm=0.3045 learning_rate=9.497e-05 epoch=0.1707
2026-10-03T07:25:22Z step 170/938 loss=0.001309 grad_norm=0.1374 learning_rate=9.419e-05 epoch=0.1813
2026-10-03T07:27:27Z step 180/938 loss=0.0008594 grad_norm=0.01435 learning_rate=9.336e-05 epoch=0.192
2026-10-03T07:30:21Z step 190/938 loss=0.0002931 grad_norm=0.0004788 learning_rate=9.247e-05 epoch=0.2027
2026-10-03T07:32:28Z step 200/938 loss=0.0002409 grad_norm=0.1351 learning_rate=9.154e-05 epoch=0.2133
2026-10-03T07:34:30Z step 210/938 loss=0.0001349 grad_norm=0.003268 learning_rate=9.055e-05 epoch=0.224
2026-10-03T07:36:32Z step 220/938 loss=6.059e-05 grad_norm=0.0004747 learning_rate=8.952e-05 epoch=0.2347
2026-10-03T07:38:35Z step 230/938 loss=3.219e-05 grad_norm=0.02745 learning_rate=8.844e-05 epoch=0.2453
2026-10-03T07:40:42Z step 240/938 loss=0.0004914 grad_norm=0.0001539 learning_rate=8.731e-05 epoch=0.256
2026-10-03T07:42:48Z step 250/938 loss=0.0001094 grad_norm=0.005701 learning_rate=8.614e-05 epoch=0.2667
2026-10-03T07:44:49Z step 260/938 loss=0.0002193 grad_norm=0.00029 learning_rate=8.493e-05 epoch=0.2773
2026-10-03T07:46:54Z step 270/938 loss=0.000138 grad_norm=0.0005329 learning_rate=8.367e-05 epoch=0.288
2026-10-03T07:49:46Z step 280/938 loss=0.0007279 grad_norm=0.248 learning_rate=8.237e-05 epoch=0.2987
2026-10-03T07:51:55Z step 290/938 loss=0.0004176 grad_norm=0.009007 learning_rate=8.104e-05 epoch=0.3093
2026-10-03T07:54:01Z step 300/938 loss=0.001935 grad_norm=0.02129 learning_rate=7.967e-05 epoch=0.32
2026-10-03T07:56:05Z step 310/938 loss=0.0009631 grad_norm=0.001139 learning_rate=7.826e-05 epoch=0.3307
2026-10-03T07:58:07Z step 320/938 loss=0.0007458 grad_norm=0.1043 learning_rate=7.682e-05 epoch=0.3413
2026-10-03T08:00:14Z step 330/938 loss=0.0003969 grad_norm=0.002005 learning_rate=7.535e-05 epoch=0.352
2026-10-03T08:02:19Z step 340/938 loss=0.0002718 grad_norm=0.003737 learning_rate=7.385e-05 epoch=0.3627
2026-10-03T08:04:26Z step 350/938 loss=0.0002755 grad_norm=0.0008615 learning_rate=7.231e-05 epoch=0.3733
2026-10-03T08:06:31Z step 360/938 loss=0.0001608 grad_norm=0.002474 learning_rate=7.076e-05 epoch=0.384
2026-10-03T08:09:28Z step 370/938 loss=2.606e-05 grad_norm=0.001517 learning_rate=6.917e-05 epoch=0.3947
2026-10-03T08:11:36Z step 380/938 loss=0.0002533 grad_norm=0.0004103 learning_rate=6.757e-05 epoch=0.4053
2026-10-03T08:13:42Z step 390/938 loss=0.000162 grad_norm=0.0005644 learning_rate=6.594e-05 epoch=0.416
2026-10-03T08:15:48Z step 400/938 loss=2.615e-05 grad_norm=0.0001632 learning_rate=6.43e-05 epoch=0.4267
2026-10-03T08:17:53Z step 410/938 loss=0.0001466 grad_norm=0.001349 learning_rate=6.264e-05 epoch=0.4373
2026-10-03T08:19:58Z step 420/938 loss=1.929e-05 grad_norm=0.0008353 learning_rate=6.096e-05 epoch=0.448
2026-10-03T08:22:02Z step 430/938 loss=0.0002411 grad_norm=0.01038 learning_rate=5.927e-05 epoch=0.4587
2026-10-03T08:24:05Z step 440/938 loss=1.322e-05 grad_norm=0.000145 learning_rate=5.757e-05 epoch=0.4693
2026-10-03T08:26:11Z step 450/938 loss=1.841e-05 grad_norm=0.0005186 learning_rate=5.586e-05 epoch=0.48
2026-10-03T08:29:05Z step 460/938 loss=0.0001009 grad_norm=0.003175 learning_rate=5.414e-05 epoch=0.4907
2026-10-03T08:31:10Z step 470/938 loss=1.414e-05 grad_norm=0.0006953 learning_rate=5.242e-05 epoch=0.5013
2026-10-03T08:33:14Z step 480/938 loss=9.758e-06 grad_norm=0.0005156 learning_rate=5.069e-05 epoch=0.512
2026-10-03T08:35:19Z step 490/938 loss=3.293e-05 grad_norm=0.0002914 learning_rate=4.896e-05 epoch=0.5227
2026-10-03T08:37:22Z step 500/938 loss=1.661e-05 grad_norm=0.0002868 learning_rate=4.724e-05 epoch=0.5333
2026-10-03T08:39:22Z step 510/938 loss=6.92e-06 grad_norm=0.0001347 learning_rate=4.552e-05 epoch=0.544
2026-10-03T08:41:29Z step 520/938 loss=1.312e-05 grad_norm=0.001099 learning_rate=4.38e-05 epoch=0.5547
2026-10-03T08:43:35Z step 530/938 loss=7.463e-06 grad_norm=0.0003451 learning_rate=4.209e-05 epoch=0.5653
2026-10-03T08:45:42Z step 540/938 loss=3.668e-05 grad_norm=0.08013 learning_rate=4.039e-05 epoch=0.576
2026-10-03T08:47:48Z step 550/938 loss=0.0007198 grad_norm=0.0003222 learning_rate=3.871e-05 epoch=0.5867
2026-10-03T08:50:42Z step 560/938 loss=0.0005325 grad_norm=0.003865 learning_rate=3.703e-05 epoch=0.5973
2026-10-03T08:52:52Z step 570/938 loss=0.0004135 grad_norm=0.00162 learning_rate=3.537e-05 epoch=0.608
2026-10-03T08:54:58Z step 580/938 loss=0.0001922 grad_norm=0.00142 learning_rate=3.373e-05 epoch=0.6187
2026-10-03T08:57:08Z step 590/938 loss=1.566e-05 grad_norm=0.00506 learning_rate=3.211e-05 epoch=0.6293
2026-10-03T08:59:14Z step 600/938 loss=2.116e-05 grad_norm=0.005436 learning_rate=3.051e-05 epoch=0.64
2026-10-03T09:01:17Z step 610/938 loss=3.165e-05 grad_norm=0.0006827 learning_rate=2.893e-05 epoch=0.6507
2026-10-03T09:03:22Z step 620/938 loss=8.568e-05 grad_norm=0.0001439 learning_rate=2.738e-05 epoch=0.6613
2026-10-03T09:05:30Z step 630/938 loss=1.308e-05 grad_norm=0.001545 learning_rate=2.585e-05 epoch=0.672
2026-10-03T09:07:39Z step 640/938 loss=0.0001276 grad_norm=0.0001888 learning_rate=2.436e-05 epoch=0.6827
2026-10-03T09:10:36Z step 650/938 loss=4.408e-05 grad_norm=0.0001782 learning_rate=2.289e-05 epoch=0.6933
2026-10-03T09:12:37Z step 660/938 loss=8.921e-06 grad_norm=0.0001651 learning_rate=2.145e-05 epoch=0.704
2026-10-03T09:14:37Z step 670/938 loss=0.0006293 grad_norm=0.002007 learning_rate=2.005e-05 epoch=0.7147
2026-10-03T09:16:41Z step 680/938 loss=1.498e-05 grad_norm=0.0001631 learning_rate=1.869e-05 epoch=0.7253
2026-10-03T09:18:45Z step 690/938 loss=0.0002399 grad_norm=0.0009368 learning_rate=1.736e-05 epoch=0.736
2026-10-03T09:20:52Z step 700/938 loss=5.33e-05 grad_norm=0.0384 learning_rate=1.608e-05 epoch=0.7467
2026-10-03T09:22:54Z step 710/938 loss=1.581e-05 grad_norm=0.000383 learning_rate=1.483e-05 epoch=0.7573
2026-10-03T09:25:01Z step 720/938 loss=1.228e-05 grad_norm=0.0007051 learning_rate=1.362e-05 epoch=0.768
2026-10-03T09:27:05Z step 730/938 loss=1.486e-05 grad_norm=0.0001663 learning_rate=1.246e-05 epoch=0.7787
2026-10-03T09:29:54Z step 740/938 loss=1.916e-05 grad_norm=0.0003821 learning_rate=1.134e-05 epoch=0.7893
2026-10-03T09:31:59Z step 750/938 loss=2.365e-05 grad_norm=0.0006285 learning_rate=1.027e-05 epoch=0.8
2026-10-03T09:35:01Z step 760/938 loss=1.797e-05 grad_norm=0.0001687 learning_rate=9.247e-06 epoch=0.8107
2026-10-03T09:37:11Z step 770/938 loss=9.329e-06 grad_norm=7.779e-05 learning_rate=8.271e-06 epoch=0.8213
2026-10-03T09:39:17Z step 780/938 loss=1.474e-05 grad_norm=0.0002051 learning_rate=7.345e-06 epoch=0.832
2026-10-03T09:41:26Z step 790/938 loss=9.814e-06 grad_norm=8.796e-05 learning_rate=6.47e-06 epoch=0.8427
2026-10-03T09:43:28Z step 800/938 loss=1.474e-05 grad_norm=0.0007079 learning_rate=5.647e-06 epoch=0.8533
2026-10-03T09:45:35Z step 810/938 loss=3.27e-05 grad_norm=0.1013 learning_rate=4.877e-06 epoch=0.864
2026-10-03T09:47:40Z step 820/938 loss=8.991e-06 grad_norm=0.0009717 learning_rate=4.16e-06 epoch=0.8747
2026-10-03T09:50:33Z step 830/938 loss=7.712e-06 grad_norm=0.0004795 learning_rate=3.498e-06 epoch=0.8853
2026-10-03T09:52:35Z step 840/938 loss=3.857e-05 grad_norm=0.000425 learning_rate=2.892e-06 epoch=0.896
2026-10-03T09:54:40Z step 850/938 loss=9.071e-06 grad_norm=5.149e-05 learning_rate=2.342e-06 epoch=0.9067
2026-10-03T09:56:45Z step 860/938 loss=8.605e-06 grad_norm=0.001043 learning_rate=1.848e-06 epoch=0.9173
2026-10-03T09:58:50Z step 870/938 loss=2.749e-05 grad_norm=0.001332 learning_rate=1.412e-06 epoch=0.928
2026-10-03T10:00:53Z step 880/938 loss=9.864e-06 grad_norm=0.000156 learning_rate=1.034e-06 epoch=0.9387
2026-10-03T10:03:03Z step 890/938 loss=6.732e-06 grad_norm=0.0002637 learning_rate=7.137e-07 epoch=0.9493
2026-10-03T10:05:07Z step 900/938 loss=8.253e-06 grad_norm=0.0002467 learning_rate=4.525e-07 epoch=0.96
2026-10-03T10:07:12Z step 910/938 loss=5.857e-06 grad_norm=0.0001111 learning_rate=2.504e-07 epoch=0.9707
2026-10-03T10:11:40Z step 920/938 loss=0.0001049 grad_norm=0.0006967 learning_rate=1.075e-07 epoch=0.9813
2026-10-03T10:13:43Z step 930/938 loss=8.195e-06 grad_norm=0.0006832 learning_rate=2.413e-08 epoch=0.992
2026-10-03T10:15:18Z step 938/938 train_runtime=1.246e+04 train_samples_per_second=4.814 train_steps_per_second=0.075 total_flos=1.134e+18 train_loss=0.03349 epoch=1
2026-10-03T10:16:07Z trained 938 steps in 207.8 min, 952.4 tok/s, peak 23.64 GB
2026-10-03T10:16:18Z u path: fp32-hidden (max |u_fp32 - u_bf16logits| = 0.0271)
2026-10-03T10:16:19Z padding self-check: max |u_batch - u_single| = 0.0432 (tol 0.581) -> left padding
2026-10-03T10:20:27Z B-F-summary2-blocks-s1 rule_v1/dev: TA 67.3 Rev 99.3 Hold 67.7 n=300 (258.6 s)
2026-10-03T10:22:31Z B-F-summary2-blocks-s1 rule_v1/dev_missing: TA nan Rev nan Hold nan n=None (123.8 s)
2026-10-03T10:29:27Z B-F-summary2-blocks-s1 rule_v1/missing: TA nan Rev nan Hold nan n=None (415.6 s)
2026-10-03T10:32:49Z generate: batch 25/55, 105651 tokens, 542 tok/s
2026-10-03T10:37:35Z generate: batch 50/55, 227947 tokens, 474 tok/s
2026-10-03T10:47:02Z B-F-summary2-blocks-s1 rule_v1/readapply: TA 62.5 Rev 98.8 Hold 63.7 n=1000 (1052.4 s)
2026-10-03T10:51:32Z generate: batch 25/32, 108703 tokens, 411 tok/s
2026-10-03T10:59:53Z B-F-summary2-blocks-s1 rule_v1/test_L0: TA 66.7 Rev 99.1 Hold 67.4 n=1000 (770.0 s)
2026-10-03T11:04:09Z generate: batch 25/32, 112686 tokens, 450 tok/s
2026-10-03T11:12:28Z B-F-summary2-blocks-s1 rule_v1/test_L1: TA 67.3 Rev 97.6 Hold 69.3 n=1000 (755.1 s)
2026-10-03T11:16:49Z generate: batch 25/63, 106775 tokens, 424 tok/s
2026-10-03T11:21:56Z generate: batch 50/63, 230366 tokens, 412 tok/s
2026-10-03T11:40:00Z B-F-summary2-blocks-s1 rule_v1/test_L2: TA 57.9 Rev 98.6 Hold 59.0 n=2000 (1650.7 s)
2026-10-03T11:44:14Z generate: batch 25/32, 130930 tokens, 525 tok/s
2026-10-03T11:51:35Z B-F-summary2-blocks-s1 rule_v1/test_L3alt: TA 48.7 Rev 100.0 Hold 48.7 n=1000 (694.4 s)
2026-10-03T11:56:19Z generate: batch 25/32, 112587 tokens, 424 tok/s
2026-10-03T12:05:11Z B-F-summary2-blocks-s1 rule_v1/test_L3inv: TA 58.5 Rev 97.4 Hold 60.8 n=1000 (815.4 s)
2026-10-03T12:11:03Z generate: batch 25/32, 114042 tokens, 329 tok/s
2026-10-03T12:20:08Z B-F-summary2-blocks-s1 rule_v1/test_hard: TA 56.8 Rev 98.7 Hold 57.7 n=1000 (897.1 s)
2026-10-03T12:28:39Z B-F-summary2-blocks-s1 xr_v1/test: TA nan Rev nan Hold nan n=None (510.5 s)
2026-10-03T12:28:41Z DONE B-F-summary2-blocks-s1 in 342.5 min, GPU util mean 95.0
