2026-10-03T22:54:49Z step 10/938 loss=0.1894 grad_norm=2.656 learning_rate=3.214e-05 epoch=0.01067
2026-10-03T22:55:12Z step 20/938 loss=0.0694 grad_norm=0.5809 learning_rate=6.786e-05 epoch=0.02133
2026-10-03T22:55:35Z step 30/938 loss=0.08126 grad_norm=0.6953 learning_rate=0.0001 epoch=0.032
2026-10-03T22:55:59Z step 40/938 loss=0.05221 grad_norm=0.3265 learning_rate=9.996e-05 epoch=0.04267
2026-10-03T22:56:22Z step 50/938 loss=0.04357 grad_norm=0.4906 learning_rate=9.987e-05 epoch=0.05333
2026-10-03T22:56:45Z step 60/938 loss=0.03069 grad_norm=0.05444 learning_rate=9.971e-05 epoch=0.064
2026-10-03T22:57:08Z step 70/938 loss=0.02528 grad_norm=0.2511 learning_rate=9.95e-05 epoch=0.07467
2026-10-03T22:57:31Z step 80/938 loss=0.0163 grad_norm=0.1194 learning_rate=9.923e-05 epoch=0.08533
2026-10-03T22:57:54Z step 90/938 loss=0.03447 grad_norm=1.385 learning_rate=9.89e-05 epoch=0.096
2026-10-03T22:58:18Z step 100/938 loss=0.02632 grad_norm=0.9577 learning_rate=9.851e-05 epoch=0.1067
2026-10-03T22:58:41Z step 110/938 loss=0.02732 grad_norm=0.4186 learning_rate=9.806e-05 epoch=0.1173
2026-10-03T22:59:04Z step 120/938 loss=0.002875 grad_norm=0.01042 learning_rate=9.755e-05 epoch=0.128
2026-10-03T22:59:27Z step 130/938 loss=0.0224 grad_norm=0.9106 learning_rate=9.699e-05 epoch=0.1387
2026-10-03T22:59:52Z step 140/938 loss=0.03582 grad_norm=0.1933 learning_rate=9.637e-05 epoch=0.1493
2026-10-03T23:00:16Z step 150/938 loss=0.01837 grad_norm=0.1876 learning_rate=9.57e-05 epoch=0.16
2026-10-03T23:00:39Z step 160/938 loss=0.03536 grad_norm=0.6421 learning_rate=9.497e-05 epoch=0.1707
2026-10-03T23:01:02Z step 170/938 loss=0.01525 grad_norm=0.1995 learning_rate=9.419e-05 epoch=0.1813
2026-10-03T23:01:26Z step 180/938 loss=0.01987 grad_norm=0.8655 learning_rate=9.336e-05 epoch=0.192
2026-10-03T23:01:49Z step 190/938 loss=0.01853 grad_norm=0.2379 learning_rate=9.247e-05 epoch=0.2027
2026-10-03T23:02:12Z step 200/938 loss=0.009975 grad_norm=0.07311 learning_rate=9.154e-05 epoch=0.2133
2026-10-03T23:02:35Z step 210/938 loss=0.01536 grad_norm=0.1361 learning_rate=9.055e-05 epoch=0.224
2026-10-03T23:02:58Z step 220/938 loss=0.02595 grad_norm=0.1373 learning_rate=8.952e-05 epoch=0.2347
2026-10-03T23:03:21Z step 230/938 loss=0.01177 grad_norm=0.05567 learning_rate=8.844e-05 epoch=0.2453
2026-10-03T23:03:44Z step 240/938 loss=0.02083 grad_norm=0.0005879 learning_rate=8.731e-05 epoch=0.256
2026-10-03T23:04:07Z step 250/938 loss=0.01133 grad_norm=0.3435 learning_rate=8.614e-05 epoch=0.2667
2026-10-03T23:04:30Z step 260/938 loss=0.01308 grad_norm=0.3206 learning_rate=8.493e-05 epoch=0.2773
2026-10-03T23:04:54Z step 270/938 loss=0.007547 grad_norm=0.109 learning_rate=8.367e-05 epoch=0.288
2026-10-03T23:05:17Z step 280/938 loss=0.00593 grad_norm=0.0611 learning_rate=8.237e-05 epoch=0.2987
2026-10-03T23:05:40Z step 290/938 loss=0.01408 grad_norm=0.0706 learning_rate=8.104e-05 epoch=0.3093
2026-10-03T23:06:03Z step 300/938 loss=0.004009 grad_norm=0.09556 learning_rate=7.967e-05 epoch=0.32
2026-10-03T23:06:26Z step 310/938 loss=0.005017 grad_norm=0.0122 learning_rate=7.826e-05 epoch=0.3307
2026-10-03T23:06:49Z step 320/938 loss=0.01482 grad_norm=0.5233 learning_rate=7.682e-05 epoch=0.3413
2026-10-03T23:07:12Z step 330/938 loss=0.004951 grad_norm=0.03999 learning_rate=7.535e-05 epoch=0.352
2026-10-03T23:07:36Z step 340/938 loss=0.006807 grad_norm=0.0509 learning_rate=7.385e-05 epoch=0.3627
2026-10-03T23:07:59Z step 350/938 loss=0.002696 grad_norm=0.4055 learning_rate=7.231e-05 epoch=0.3733
2026-10-03T23:08:22Z step 360/938 loss=0.003101 grad_norm=0.05085 learning_rate=7.076e-05 epoch=0.384
2026-10-03T23:08:46Z step 370/938 loss=0.005909 grad_norm=0.156 learning_rate=6.917e-05 epoch=0.3947
2026-10-03T23:09:09Z step 380/938 loss=0.004621 grad_norm=0.00975 learning_rate=6.757e-05 epoch=0.4053
2026-10-03T23:09:32Z step 390/938 loss=0.01873 grad_norm=0.05352 learning_rate=6.594e-05 epoch=0.416
2026-10-03T23:09:54Z step 400/938 loss=0.007947 grad_norm=0.08143 learning_rate=6.43e-05 epoch=0.4267
2026-10-03T23:10:18Z step 410/938 loss=0.006595 grad_norm=0.0989 learning_rate=6.264e-05 epoch=0.4373
2026-10-03T23:10:41Z step 420/938 loss=0.006254 grad_norm=0.08481 learning_rate=6.096e-05 epoch=0.448
2026-10-03T23:11:04Z step 430/938 loss=0.003424 grad_norm=0.007767 learning_rate=5.927e-05 epoch=0.4587
2026-10-03T23:11:27Z step 440/938 loss=0.002114 grad_norm=0.01965 learning_rate=5.757e-05 epoch=0.4693
2026-10-03T23:11:51Z step 450/938 loss=0.0005038 grad_norm=0.001082 learning_rate=5.586e-05 epoch=0.48
2026-10-03T23:12:19Z step 460/938 loss=0.004752 grad_norm=0.002542 learning_rate=5.414e-05 epoch=0.4907
2026-10-03T23:12:43Z step 470/938 loss=0.003522 grad_norm=0.07057 learning_rate=5.242e-05 epoch=0.5013
2026-10-03T23:13:06Z step 480/938 loss=0.003459 grad_norm=0.03527 learning_rate=5.069e-05 epoch=0.512
2026-10-03T23:13:29Z step 490/938 loss=0.0006274 grad_norm=0.0128 learning_rate=4.896e-05 epoch=0.5227
2026-10-03T23:13:52Z step 500/938 loss=0.00141 grad_norm=0.126 learning_rate=4.724e-05 epoch=0.5333
2026-10-03T23:14:15Z step 510/938 loss=0.007798 grad_norm=0.01079 learning_rate=4.552e-05 epoch=0.544
2026-10-03T23:14:38Z step 520/938 loss=0.001632 grad_norm=0.1111 learning_rate=4.38e-05 epoch=0.5547
2026-10-03T23:15:02Z step 530/938 loss=0.001764 grad_norm=0.06922 learning_rate=4.209e-05 epoch=0.5653
2026-10-03T23:15:25Z step 540/938 loss=0.0003076 grad_norm=0.04371 learning_rate=4.039e-05 epoch=0.576
2026-10-03T23:15:48Z step 550/938 loss=0.00335 grad_norm=0.001277 learning_rate=3.871e-05 epoch=0.5867
2026-10-03T23:16:11Z step 560/938 loss=0.0007487 grad_norm=0.04177 learning_rate=3.703e-05 epoch=0.5973
2026-10-03T23:16:35Z step 570/938 loss=0.001192 grad_norm=0.0001261 learning_rate=3.537e-05 epoch=0.608
2026-10-03T23:16:58Z step 580/938 loss=0.0005529 grad_norm=0.03341 learning_rate=3.373e-05 epoch=0.6187
2026-10-03T23:17:21Z step 590/938 loss=0.0005778 grad_norm=0.0003202 learning_rate=3.211e-05 epoch=0.6293
2026-10-03T23:17:45Z step 600/938 loss=0.004383 grad_norm=3.416e-05 learning_rate=3.051e-05 epoch=0.64
2026-10-03T23:18:08Z step 610/938 loss=0.0008248 grad_norm=0.2294 learning_rate=2.893e-05 epoch=0.6507
2026-10-03T23:18:30Z step 620/938 loss=0.001619 grad_norm=4.117e-05 learning_rate=2.738e-05 epoch=0.6613
2026-10-03T23:18:53Z step 630/938 loss=0.0009768 grad_norm=0.1712 learning_rate=2.585e-05 epoch=0.672
2026-10-03T23:19:16Z step 640/938 loss=0.0003985 grad_norm=0.001748 learning_rate=2.436e-05 epoch=0.6827
2026-10-03T23:19:39Z step 650/938 loss=0.0029 grad_norm=0.0001519 learning_rate=2.289e-05 epoch=0.6933
2026-10-03T23:20:03Z step 660/938 loss=0.0002992 grad_norm=3.681e-05 learning_rate=2.145e-05 epoch=0.704
2026-10-03T23:20:26Z step 670/938 loss=0.0009675 grad_norm=0.3779 learning_rate=2.005e-05 epoch=0.7147
2026-10-03T23:20:50Z step 680/938 loss=0.001594 grad_norm=0.08139 learning_rate=1.869e-05 epoch=0.7253
2026-10-03T23:21:12Z step 690/938 loss=0.002725 grad_norm=0.8922 learning_rate=1.736e-05 epoch=0.736
2026-10-03T23:21:36Z step 700/938 loss=0.007458 grad_norm=0.02018 learning_rate=1.608e-05 epoch=0.7467
2026-10-03T23:21:59Z step 710/938 loss=0.002372 grad_norm=0.5882 learning_rate=1.483e-05 epoch=0.7573
2026-10-03T23:22:22Z step 720/938 loss=0.0003883 grad_norm=0.0006357 learning_rate=1.362e-05 epoch=0.768
2026-10-03T23:22:46Z step 730/938 loss=0.003642 grad_norm=2.389 learning_rate=1.246e-05 epoch=0.7787
2026-10-03T23:23:09Z step 740/938 loss=0.0002765 grad_norm=0.001383 learning_rate=1.134e-05 epoch=0.7893
2026-10-03T23:23:31Z step 750/938 loss=0.0003897 grad_norm=0.0005052 learning_rate=1.027e-05 epoch=0.8
2026-10-03T23:23:55Z step 760/938 loss=0.0003935 grad_norm=0.002876 learning_rate=9.247e-06 epoch=0.8107
2026-10-03T23:24:18Z step 770/938 loss=0.0003448 grad_norm=0.07162 learning_rate=8.271e-06 epoch=0.8213
2026-10-03T23:24:41Z step 780/938 loss=0.0006108 grad_norm=3.034e-05 learning_rate=7.345e-06 epoch=0.832
2026-10-03T23:25:04Z step 790/938 loss=0.0007047 grad_norm=0.007648 learning_rate=6.47e-06 epoch=0.8427
2026-10-03T23:25:27Z step 800/938 loss=0.0005241 grad_norm=0.0007585 learning_rate=5.647e-06 epoch=0.8533
2026-10-03T23:25:50Z step 810/938 loss=0.0001115 grad_norm=0.0001039 learning_rate=4.877e-06 epoch=0.864
2026-10-03T23:26:13Z step 820/938 loss=0.0004705 grad_norm=0.07098 learning_rate=4.16e-06 epoch=0.8747
2026-10-03T23:26:37Z step 830/938 loss=0.002093 grad_norm=0.06761 learning_rate=3.498e-06 epoch=0.8853
2026-10-03T23:27:00Z step 840/938 loss=0.0007415 grad_norm=0.006152 learning_rate=2.892e-06 epoch=0.896
2026-10-03T23:27:23Z step 850/938 loss=0.0002426 grad_norm=0.001865 learning_rate=2.342e-06 epoch=0.9067
2026-10-03T23:27:46Z step 860/938 loss=0.001329 grad_norm=0.002966 learning_rate=1.848e-06 epoch=0.9173
2026-10-03T23:28:09Z step 870/938 loss=9.808e-05 grad_norm=0.0006077 learning_rate=1.412e-06 epoch=0.928
2026-10-03T23:28:32Z step 880/938 loss=0.0003095 grad_norm=0.1261 learning_rate=1.034e-06 epoch=0.9387
2026-10-03T23:28:55Z step 890/938 loss=0.0003282 grad_norm=2.354e-05 learning_rate=7.137e-07 epoch=0.9493
2026-10-03T23:29:18Z step 900/938 loss=0.000135 grad_norm=0.001266 learning_rate=4.525e-07 epoch=0.96
2026-10-03T23:29:41Z step 910/938 loss=0.0004394 grad_norm=0.007804 learning_rate=2.504e-07 epoch=0.9707
2026-10-03T23:30:05Z step 920/938 loss=0.0002606 grad_norm=0.004603 learning_rate=1.075e-07 epoch=0.9813
2026-10-03T23:30:28Z step 930/938 loss=0.000499 grad_norm=0.0008618 learning_rate=2.413e-08 epoch=0.992
2026-10-03T23:30:46Z step 938/938 train_runtime=2334 train_samples_per_second=25.71 train_steps_per_second=0.402 total_flos=1.099e+18 train_loss=0.01141 epoch=1
2026-10-03T23:30:50Z trained 938 steps in 38.9 min, 5629.2 tok/s, peak 23.13 GB
2026-10-03T23:31:03Z u path: fp32-hidden (max |u_fp32 - u_bf16logits| = 0.0582)
2026-10-03T23:31:08Z padding self-check: max |u_batch - u_single| = 0.0947 (tol 0.908) -> left padding
2026-10-03T23:31:49Z B-LOKO-subject-verdict-s2 rule_v1/dev: TA 93.7 Rev 99.7 Hold 94.0 n=300 (58.7 s)
2026-10-03T23:35:57Z B-LOKO-subject-verdict-s2 rule_v1/test_L2: TA 83.4 Rev 91.7 Hold 89.2 n=2000 (247.8 s)
2026-10-03T23:36:52Z B-LOKO-subject-verdict-s2 xr_v1/test: TA nan Rev nan Hold nan n=None (55.1 s)
2026-10-03T23:36:53Z DONE B-LOKO-subject-verdict-s2 in 45.3 min, GPU util mean 92.4
