2026-10-03T11:37:57Z step 10/938 loss=0.4532 grad_norm=0.8963 learning_rate=3.214e-05 epoch=0.01067
2026-10-03T11:38:23Z step 20/938 loss=0.06437 grad_norm=0.2414 learning_rate=6.786e-05 epoch=0.02133
2026-10-03T11:38:49Z step 30/938 loss=0.008448 grad_norm=0.1162 learning_rate=0.0001 epoch=0.032
2026-10-03T11:39:16Z step 40/938 loss=0.004823 grad_norm=0.1577 learning_rate=9.996e-05 epoch=0.04267
2026-10-03T11:39:42Z step 50/938 loss=0.003156 grad_norm=0.02982 learning_rate=9.987e-05 epoch=0.05333
2026-10-03T11:40:07Z step 60/938 loss=0.0005784 grad_norm=0.118 learning_rate=9.971e-05 epoch=0.064
2026-10-03T11:40:33Z step 70/938 loss=0.0003743 grad_norm=0.01231 learning_rate=9.95e-05 epoch=0.07467
2026-10-03T11:40:59Z step 80/938 loss=0.001304 grad_norm=0.0885 learning_rate=9.923e-05 epoch=0.08533
2026-10-03T11:41:26Z step 90/938 loss=0.001642 grad_norm=0.3008 learning_rate=9.89e-05 epoch=0.096
2026-10-03T11:41:51Z step 100/938 loss=0.0009677 grad_norm=0.004327 learning_rate=9.851e-05 epoch=0.1067
2026-10-03T11:42:17Z step 110/938 loss=0.000416 grad_norm=0.05954 learning_rate=9.806e-05 epoch=0.1173
2026-10-03T11:42:44Z step 120/938 loss=0.00026 grad_norm=0.007516 learning_rate=9.755e-05 epoch=0.128
2026-10-03T11:43:10Z step 130/938 loss=0.0008948 grad_norm=0.003835 learning_rate=9.699e-05 epoch=0.1387
2026-10-03T11:43:36Z step 140/938 loss=0.001158 grad_norm=0.01679 learning_rate=9.637e-05 epoch=0.1493
2026-10-03T11:44:03Z step 150/938 loss=0.001755 grad_norm=0.007146 learning_rate=9.57e-05 epoch=0.16
2026-10-03T11:44:30Z step 160/938 loss=0.0006749 grad_norm=0.005165 learning_rate=9.497e-05 epoch=0.1707
2026-10-03T11:44:56Z step 170/938 loss=0.000748 grad_norm=0.03698 learning_rate=9.419e-05 epoch=0.1813
2026-10-03T11:45:23Z step 180/938 loss=0.0006854 grad_norm=0.2359 learning_rate=9.336e-05 epoch=0.192
2026-10-03T11:45:48Z step 190/938 loss=0.003468 grad_norm=0.00758 learning_rate=9.247e-05 epoch=0.2027
2026-10-03T11:46:14Z step 200/938 loss=0.001393 grad_norm=0.004124 learning_rate=9.154e-05 epoch=0.2133
2026-10-03T11:46:41Z step 210/938 loss=0.001833 grad_norm=0.007167 learning_rate=9.055e-05 epoch=0.224
2026-10-03T11:47:07Z step 220/938 loss=0.0003054 grad_norm=0.001363 learning_rate=8.952e-05 epoch=0.2347
2026-10-03T11:47:33Z step 230/938 loss=0.0008141 grad_norm=0.0798 learning_rate=8.844e-05 epoch=0.2453
2026-10-03T11:47:59Z step 240/938 loss=0.0005266 grad_norm=0.004489 learning_rate=8.731e-05 epoch=0.256
2026-10-03T11:48:24Z step 250/938 loss=0.001288 grad_norm=0.08328 learning_rate=8.614e-05 epoch=0.2667
2026-10-03T11:48:50Z step 260/938 loss=0.0001885 grad_norm=0.03249 learning_rate=8.493e-05 epoch=0.2773
2026-10-03T11:49:17Z step 270/938 loss=6.269e-05 grad_norm=0.0002534 learning_rate=8.367e-05 epoch=0.288
2026-10-03T11:49:43Z step 280/938 loss=9.258e-05 grad_norm=0.0005347 learning_rate=8.237e-05 epoch=0.2987
2026-10-03T11:50:08Z step 290/938 loss=0.0001404 grad_norm=0.0003922 learning_rate=8.104e-05 epoch=0.3093
2026-10-03T11:50:35Z step 300/938 loss=2.454e-05 grad_norm=0.007317 learning_rate=7.967e-05 epoch=0.32
2026-10-03T11:51:01Z step 310/938 loss=1.995e-05 grad_norm=0.000654 learning_rate=7.826e-05 epoch=0.3307
2026-10-03T11:51:28Z step 320/938 loss=0.0001841 grad_norm=0.2071 learning_rate=7.682e-05 epoch=0.3413
2026-10-03T11:51:53Z step 330/938 loss=0.0001473 grad_norm=0.03766 learning_rate=7.535e-05 epoch=0.352
2026-10-03T11:52:19Z step 340/938 loss=5.085e-05 grad_norm=0.02898 learning_rate=7.385e-05 epoch=0.3627
2026-10-03T11:52:45Z step 350/938 loss=4.208e-05 grad_norm=0.02315 learning_rate=7.231e-05 epoch=0.3733
2026-10-03T11:53:10Z step 360/938 loss=2.708e-05 grad_norm=0.00791 learning_rate=7.076e-05 epoch=0.384
2026-10-03T11:53:36Z step 370/938 loss=3.178e-05 grad_norm=0.0001571 learning_rate=6.917e-05 epoch=0.3947
2026-10-03T11:54:02Z step 380/938 loss=6.586e-06 grad_norm=0.0003524 learning_rate=6.757e-05 epoch=0.4053
2026-10-03T11:54:28Z step 390/938 loss=0.0001266 grad_norm=0.0001311 learning_rate=6.594e-05 epoch=0.416
2026-10-03T11:55:00Z step 400/938 loss=7.92e-06 grad_norm=0.0002629 learning_rate=6.43e-05 epoch=0.4267
2026-10-03T11:55:26Z step 410/938 loss=5.076e-06 grad_norm=0.0001094 learning_rate=6.264e-05 epoch=0.4373
2026-10-03T11:55:52Z step 420/938 loss=5.131e-06 grad_norm=0.0003432 learning_rate=6.096e-05 epoch=0.448
2026-10-03T11:56:18Z step 430/938 loss=9.814e-05 grad_norm=7.653e-05 learning_rate=5.927e-05 epoch=0.4587
2026-10-03T11:56:45Z step 440/938 loss=2.318e-05 grad_norm=0.0004142 learning_rate=5.757e-05 epoch=0.4693
2026-10-03T11:57:11Z step 450/938 loss=9.427e-06 grad_norm=0.0002425 learning_rate=5.586e-05 epoch=0.48
2026-10-03T11:57:37Z step 460/938 loss=8.471e-06 grad_norm=0.0007257 learning_rate=5.414e-05 epoch=0.4907
2026-10-03T11:58:02Z step 470/938 loss=8.022e-06 grad_norm=0.0002069 learning_rate=5.242e-05 epoch=0.5013
2026-10-03T11:58:29Z step 480/938 loss=5.914e-06 grad_norm=0.0002034 learning_rate=5.069e-05 epoch=0.512
2026-10-03T11:58:54Z step 490/938 loss=8.349e-05 grad_norm=9.387e-05 learning_rate=4.896e-05 epoch=0.5227
2026-10-03T11:59:20Z step 500/938 loss=4.471e-06 grad_norm=4.702e-05 learning_rate=4.724e-05 epoch=0.5333
2026-10-03T11:59:46Z step 510/938 loss=7.804e-06 grad_norm=9.674e-05 learning_rate=4.552e-05 epoch=0.544
2026-10-03T12:00:12Z step 520/938 loss=0.0001563 grad_norm=6.497e-05 learning_rate=4.38e-05 epoch=0.5547
2026-10-03T12:00:38Z step 530/938 loss=5.344e-06 grad_norm=0.0003907 learning_rate=4.209e-05 epoch=0.5653
2026-10-03T12:01:05Z step 540/938 loss=3.799e-06 grad_norm=9.553e-05 learning_rate=4.039e-05 epoch=0.576
2026-10-03T12:01:31Z step 550/938 loss=7.014e-06 grad_norm=0.001133 learning_rate=3.871e-05 epoch=0.5867
2026-10-03T12:01:57Z step 560/938 loss=2.706e-05 grad_norm=0.0001609 learning_rate=3.703e-05 epoch=0.5973
2026-10-03T12:02:23Z step 570/938 loss=1.751e-05 grad_norm=0.0002368 learning_rate=3.537e-05 epoch=0.608
2026-10-03T12:02:49Z step 580/938 loss=3.589e-05 grad_norm=5.708e-05 learning_rate=3.373e-05 epoch=0.6187
2026-10-03T12:03:14Z step 590/938 loss=2.983e-06 grad_norm=0.0001779 learning_rate=3.211e-05 epoch=0.6293
2026-10-03T12:03:40Z step 600/938 loss=5.166e-06 grad_norm=0.001343 learning_rate=3.051e-05 epoch=0.64
2026-10-03T12:04:06Z step 610/938 loss=6.088e-06 grad_norm=0.0002944 learning_rate=2.893e-05 epoch=0.6507
2026-10-03T12:04:32Z step 620/938 loss=4.175e-05 grad_norm=0.03534 learning_rate=2.738e-05 epoch=0.6613
2026-10-03T12:04:58Z step 630/938 loss=3.776e-06 grad_norm=0.000168 learning_rate=2.585e-05 epoch=0.672
2026-10-03T12:05:24Z step 640/938 loss=6.672e-05 grad_norm=0.02889 learning_rate=2.436e-05 epoch=0.6827
2026-10-03T12:05:50Z step 650/938 loss=1.485e-05 grad_norm=0.0006235 learning_rate=2.289e-05 epoch=0.6933
2026-10-03T12:06:16Z step 660/938 loss=3.399e-06 grad_norm=9.272e-05 learning_rate=2.145e-05 epoch=0.704
2026-10-03T12:06:43Z step 670/938 loss=2.688e-06 grad_norm=3.715e-05 learning_rate=2.005e-05 epoch=0.7147
2026-10-03T12:07:09Z step 680/938 loss=4.531e-06 grad_norm=0.0002115 learning_rate=1.869e-05 epoch=0.7253
2026-10-03T12:07:44Z step 690/938 loss=0.0003233 grad_norm=2.413e-05 learning_rate=1.736e-05 epoch=0.736
2026-10-03T12:08:09Z step 700/938 loss=5.701e-06 grad_norm=0.0002309 learning_rate=1.608e-05 epoch=0.7467
2026-10-03T12:08:35Z step 710/938 loss=1.285e-05 grad_norm=0.0001349 learning_rate=1.483e-05 epoch=0.7573
2026-10-03T12:09:02Z step 720/938 loss=6.693e-06 grad_norm=0.0001276 learning_rate=1.362e-05 epoch=0.768
2026-10-03T12:09:43Z step 730/938 loss=3.48e-05 grad_norm=4.08e-05 learning_rate=1.246e-05 epoch=0.7787
2026-10-03T12:10:09Z step 740/938 loss=3.979e-06 grad_norm=0.0002981 learning_rate=1.134e-05 epoch=0.7893
2026-10-03T12:10:36Z step 750/938 loss=9.666e-06 grad_norm=3.262e-05 learning_rate=1.027e-05 epoch=0.8
2026-10-03T12:11:03Z step 760/938 loss=1.215e-05 grad_norm=0.0002144 learning_rate=9.247e-06 epoch=0.8107
2026-10-03T12:11:30Z step 770/938 loss=1.415e-05 grad_norm=0.0001924 learning_rate=8.271e-06 epoch=0.8213
2026-10-03T12:11:56Z step 780/938 loss=0.0001747 grad_norm=0.1228 learning_rate=7.345e-06 epoch=0.832
2026-10-03T12:12:22Z step 790/938 loss=1.835e-05 grad_norm=9.777e-05 learning_rate=6.47e-06 epoch=0.8427
2026-10-03T12:12:49Z step 800/938 loss=8.015e-06 grad_norm=0.005855 learning_rate=5.647e-06 epoch=0.8533
2026-10-03T12:13:16Z step 810/938 loss=5.661e-06 grad_norm=3.668e-05 learning_rate=4.877e-06 epoch=0.864
2026-10-03T12:13:42Z step 820/938 loss=1.055e-05 grad_norm=0.0008618 learning_rate=4.16e-06 epoch=0.8747
2026-10-03T12:14:08Z step 830/938 loss=1.209e-05 grad_norm=0.003248 learning_rate=3.498e-06 epoch=0.8853
2026-10-03T12:14:34Z step 840/938 loss=6.48e-06 grad_norm=3.714e-05 learning_rate=2.892e-06 epoch=0.896
2026-10-03T12:15:06Z step 850/938 loss=4.3e-06 grad_norm=0.0009925 learning_rate=2.342e-06 epoch=0.9067
2026-10-03T12:15:32Z step 860/938 loss=1.129e-05 grad_norm=6.379e-05 learning_rate=1.848e-06 epoch=0.9173
2026-10-03T12:15:58Z step 870/938 loss=6.503e-06 grad_norm=0.003188 learning_rate=1.412e-06 epoch=0.928
2026-10-03T12:16:24Z step 880/938 loss=8.499e-06 grad_norm=0.000111 learning_rate=1.034e-06 epoch=0.9387
2026-10-03T12:16:50Z step 890/938 loss=5.042e-06 grad_norm=0.0002038 learning_rate=7.137e-07 epoch=0.9493
2026-10-03T12:17:17Z step 900/938 loss=4.278e-06 grad_norm=0.0001248 learning_rate=4.525e-07 epoch=0.96
2026-10-03T12:17:43Z step 910/938 loss=8.621e-06 grad_norm=4.222e-05 learning_rate=2.504e-07 epoch=0.9707
2026-10-03T12:18:09Z step 920/938 loss=5.405e-06 grad_norm=0.0004652 learning_rate=1.075e-07 epoch=0.9813
2026-10-03T12:18:35Z step 930/938 loss=3.005e-06 grad_norm=0.0001087 learning_rate=2.413e-08 epoch=0.992
2026-10-03T12:18:56Z step 938/938 train_runtime=2660 train_samples_per_second=22.56 train_steps_per_second=0.353 total_flos=1.262e+18 train_loss=0.005945 epoch=1
2026-10-03T12:19:00Z trained 938 steps in 44.4 min, 4904.9 tok/s, peak 24.01 GB
2026-10-03T12:19:16Z u path: fp32-hidden (max |u_fp32 - u_bf16logits| = 0.0035)
2026-10-03T12:19:17Z padding self-check: max |u_batch - u_single| = 0.0736 (tol 0.639) -> left padding
2026-10-03T12:20:43Z B-F-ledger2-balanced-s0 rule_v1/dev: TA 53.3 Rev 98.7 Hold 54.3 n=300 (101.7 s)
2026-10-03T12:23:18Z generate: batch 25/32, 224762 tokens, 1460 tok/s
2026-10-03T12:27:25Z B-F-ledger2-balanced-s0 rule_v1/test_L2: TA 49.4 Rev 96.7 Hold 51.6 n=2000 (402.5 s)
2026-10-03T12:29:41Z B-F-ledger2-balanced-s0 xr_v1/test: TA nan Rev nan Hold nan n=None (135.9 s)
2026-10-03T12:29:42Z DONE B-F-ledger2-balanced-s0 in 55.5 min, GPU util mean 90.8
