2026-10-03T17:27:57Z step 10/938 loss=0.9693 grad_norm=9.572 learning_rate=3.214e-05 epoch=0.01067
2026-10-03T17:28:21Z step 20/938 loss=0.5356 grad_norm=6.912 learning_rate=6.786e-05 epoch=0.02133
2026-10-03T17:28:46Z step 30/938 loss=0.3611 grad_norm=1.716 learning_rate=0.0001 epoch=0.032
2026-10-03T17:29:10Z step 40/938 loss=0.2387 grad_norm=12.08 learning_rate=9.996e-05 epoch=0.04267
2026-10-03T17:29:35Z step 50/938 loss=0.1881 grad_norm=0.9093 learning_rate=9.987e-05 epoch=0.05333
2026-10-03T17:30:00Z step 60/938 loss=0.2364 grad_norm=3.365 learning_rate=9.971e-05 epoch=0.064
2026-10-03T17:30:25Z step 70/938 loss=0.1643 grad_norm=2.825 learning_rate=9.95e-05 epoch=0.07467
2026-10-03T17:30:49Z step 80/938 loss=0.08857 grad_norm=0.6448 learning_rate=9.923e-05 epoch=0.08533
2026-10-03T17:31:14Z step 90/938 loss=0.1084 grad_norm=3.265 learning_rate=9.89e-05 epoch=0.096
2026-10-03T17:31:38Z step 100/938 loss=0.1379 grad_norm=1.148 learning_rate=9.851e-05 epoch=0.1067
2026-10-03T17:32:03Z step 110/938 loss=0.1564 grad_norm=0.5977 learning_rate=9.806e-05 epoch=0.1173
2026-10-03T17:32:27Z step 120/938 loss=0.1065 grad_norm=0.1345 learning_rate=9.755e-05 epoch=0.128
2026-10-03T17:32:52Z step 130/938 loss=0.09004 grad_norm=3.317 learning_rate=9.699e-05 epoch=0.1387
2026-10-03T17:33:16Z step 140/938 loss=0.05641 grad_norm=0.4083 learning_rate=9.637e-05 epoch=0.1493
2026-10-03T17:33:40Z step 150/938 loss=0.05066 grad_norm=3.61 learning_rate=9.57e-05 epoch=0.16
2026-10-03T17:34:05Z step 160/938 loss=0.1066 grad_norm=0.5792 learning_rate=9.497e-05 epoch=0.1707
2026-10-03T17:34:29Z step 170/938 loss=0.1312 grad_norm=4.656 learning_rate=9.419e-05 epoch=0.1813
2026-10-03T17:34:54Z step 180/938 loss=0.125 grad_norm=13.04 learning_rate=9.336e-05 epoch=0.192
2026-10-03T17:35:19Z step 190/938 loss=0.08217 grad_norm=5.261 learning_rate=9.247e-05 epoch=0.2027
2026-10-03T17:35:43Z step 200/938 loss=0.08906 grad_norm=0.2662 learning_rate=9.154e-05 epoch=0.2133
2026-10-03T17:36:08Z step 210/938 loss=0.02815 grad_norm=0.3113 learning_rate=9.055e-05 epoch=0.224
2026-10-03T17:36:32Z step 220/938 loss=0.1064 grad_norm=1.355 learning_rate=8.952e-05 epoch=0.2347
2026-10-03T17:36:56Z step 230/938 loss=0.04238 grad_norm=1.419 learning_rate=8.844e-05 epoch=0.2453
2026-10-03T17:37:20Z step 240/938 loss=0.02924 grad_norm=0.0103 learning_rate=8.731e-05 epoch=0.256
2026-10-03T17:37:44Z step 250/938 loss=0.0532 grad_norm=3.978 learning_rate=8.614e-05 epoch=0.2667
2026-10-03T17:38:08Z step 260/938 loss=0.05072 grad_norm=0.05645 learning_rate=8.493e-05 epoch=0.2773
2026-10-03T17:38:32Z step 270/938 loss=0.07048 grad_norm=1.2 learning_rate=8.367e-05 epoch=0.288
2026-10-03T17:38:57Z step 280/938 loss=0.03376 grad_norm=0.0265 learning_rate=8.237e-05 epoch=0.2987
2026-10-03T17:39:21Z step 290/938 loss=0.05485 grad_norm=3.578 learning_rate=8.104e-05 epoch=0.3093
2026-10-03T17:39:45Z step 300/938 loss=0.03145 grad_norm=1.162 learning_rate=7.967e-05 epoch=0.32
2026-10-03T17:40:10Z step 310/938 loss=0.04416 grad_norm=1.793 learning_rate=7.826e-05 epoch=0.3307
2026-10-03T17:40:34Z step 320/938 loss=0.05557 grad_norm=3.632 learning_rate=7.682e-05 epoch=0.3413
2026-10-03T17:40:58Z step 330/938 loss=0.1025 grad_norm=5.114 learning_rate=7.535e-05 epoch=0.352
2026-10-03T17:41:23Z step 340/938 loss=0.02253 grad_norm=0.06522 learning_rate=7.385e-05 epoch=0.3627
2026-10-03T17:41:47Z step 350/938 loss=0.04213 grad_norm=0.6454 learning_rate=7.231e-05 epoch=0.3733
2026-10-03T17:42:11Z step 360/938 loss=0.03923 grad_norm=0.02674 learning_rate=7.076e-05 epoch=0.384
2026-10-03T17:42:36Z step 370/938 loss=0.003306 grad_norm=0.1317 learning_rate=6.917e-05 epoch=0.3947
2026-10-03T17:43:00Z step 380/938 loss=0.03527 grad_norm=0.02303 learning_rate=6.757e-05 epoch=0.4053
2026-10-03T17:43:24Z step 390/938 loss=0.03733 grad_norm=0.01802 learning_rate=6.594e-05 epoch=0.416
2026-10-03T17:43:49Z step 400/938 loss=0.02992 grad_norm=0.1142 learning_rate=6.43e-05 epoch=0.4267
2026-10-03T17:44:13Z step 410/938 loss=0.0815 grad_norm=0.1595 learning_rate=6.264e-05 epoch=0.4373
2026-10-03T17:44:38Z step 420/938 loss=0.03913 grad_norm=0.8481 learning_rate=6.096e-05 epoch=0.448
2026-10-03T17:45:02Z step 430/938 loss=0.02559 grad_norm=0.08655 learning_rate=5.927e-05 epoch=0.4587
2026-10-03T17:45:26Z step 440/938 loss=0.01014 grad_norm=0.1835 learning_rate=5.757e-05 epoch=0.4693
2026-10-03T17:45:50Z step 450/938 loss=0.05638 grad_norm=4.162 learning_rate=5.586e-05 epoch=0.48
2026-10-03T17:46:15Z step 460/938 loss=0.06095 grad_norm=0.0965 learning_rate=5.414e-05 epoch=0.4907
2026-10-03T17:46:39Z step 470/938 loss=0.002175 grad_norm=0.03238 learning_rate=5.242e-05 epoch=0.5013
2026-10-03T17:47:03Z step 480/938 loss=0.01989 grad_norm=0.5053 learning_rate=5.069e-05 epoch=0.512
2026-10-03T17:47:28Z step 490/938 loss=0.00825 grad_norm=0.01589 learning_rate=4.896e-05 epoch=0.5227
2026-10-03T17:47:58Z step 500/938 loss=0.02973 grad_norm=0.249 learning_rate=4.724e-05 epoch=0.5333
2026-10-03T17:48:22Z step 510/938 loss=0.04576 grad_norm=0.01875 learning_rate=4.552e-05 epoch=0.544
2026-10-03T17:48:46Z step 520/938 loss=0.01512 grad_norm=1.452 learning_rate=4.38e-05 epoch=0.5547
2026-10-03T17:49:11Z step 530/938 loss=0.02293 grad_norm=0.2131 learning_rate=4.209e-05 epoch=0.5653
2026-10-03T17:49:35Z step 540/938 loss=0.01099 grad_norm=0.2748 learning_rate=4.039e-05 epoch=0.576
2026-10-03T17:49:59Z step 550/938 loss=0.04419 grad_norm=0.3176 learning_rate=3.871e-05 epoch=0.5867
2026-10-03T17:50:23Z step 560/938 loss=0.01345 grad_norm=0.02582 learning_rate=3.703e-05 epoch=0.5973
2026-10-03T17:50:48Z step 570/938 loss=0.01701 grad_norm=0.2477 learning_rate=3.537e-05 epoch=0.608
2026-10-03T17:51:13Z step 580/938 loss=0.02516 grad_norm=0.3534 learning_rate=3.373e-05 epoch=0.6187
2026-10-03T17:51:37Z step 590/938 loss=0.02668 grad_norm=2.883 learning_rate=3.211e-05 epoch=0.6293
2026-10-03T17:52:01Z step 600/938 loss=0.003281 grad_norm=0.0001792 learning_rate=3.051e-05 epoch=0.64
2026-10-03T17:52:26Z step 610/938 loss=0.03394 grad_norm=0.1259 learning_rate=2.893e-05 epoch=0.6507
2026-10-03T17:52:50Z step 620/938 loss=0.00482 grad_norm=0.04334 learning_rate=2.738e-05 epoch=0.6613
2026-10-03T17:53:15Z step 630/938 loss=0.008507 grad_norm=0.1649 learning_rate=2.585e-05 epoch=0.672
2026-10-03T17:53:39Z step 640/938 loss=0.001369 grad_norm=0.4348 learning_rate=2.436e-05 epoch=0.6827
2026-10-03T17:54:03Z step 650/938 loss=0.01136 grad_norm=0.2574 learning_rate=2.289e-05 epoch=0.6933
2026-10-03T17:54:27Z step 660/938 loss=0.001777 grad_norm=0.01582 learning_rate=2.145e-05 epoch=0.704
2026-10-03T17:54:52Z step 670/938 loss=0.01444 grad_norm=0.1859 learning_rate=2.005e-05 epoch=0.7147
2026-10-03T17:55:16Z step 680/938 loss=0.006817 grad_norm=0.1901 learning_rate=1.869e-05 epoch=0.7253
2026-10-03T17:55:41Z step 690/938 loss=0.001063 grad_norm=0.01244 learning_rate=1.736e-05 epoch=0.736
2026-10-03T17:56:05Z step 700/938 loss=0.002859 grad_norm=0.0004199 learning_rate=1.608e-05 epoch=0.7467
2026-10-03T17:56:29Z step 710/938 loss=0.0004199 grad_norm=0.004228 learning_rate=1.483e-05 epoch=0.7573
2026-10-03T17:56:54Z step 720/938 loss=0.008201 grad_norm=0.02046 learning_rate=1.362e-05 epoch=0.768
2026-10-03T17:57:18Z step 730/938 loss=0.0005672 grad_norm=0.001057 learning_rate=1.246e-05 epoch=0.7787
2026-10-03T17:57:42Z step 740/938 loss=0.004664 grad_norm=0.0005544 learning_rate=1.134e-05 epoch=0.7893
2026-10-03T17:58:07Z step 750/938 loss=0.005117 grad_norm=0.005308 learning_rate=1.027e-05 epoch=0.8
2026-10-03T17:58:31Z step 760/938 loss=0.0004384 grad_norm=0.1537 learning_rate=9.247e-06 epoch=0.8107
2026-10-03T17:58:56Z step 770/938 loss=0.001563 grad_norm=0.003458 learning_rate=8.271e-06 epoch=0.8213
2026-10-03T17:59:20Z step 780/938 loss=0.0005073 grad_norm=0.01529 learning_rate=7.345e-06 epoch=0.832
2026-10-03T17:59:44Z step 790/938 loss=0.03606 grad_norm=4.295 learning_rate=6.47e-06 epoch=0.8427
2026-10-03T18:00:09Z step 800/938 loss=0.0006666 grad_norm=0.04493 learning_rate=5.647e-06 epoch=0.8533
2026-10-03T18:00:32Z step 810/938 loss=8.156e-05 grad_norm=0.000862 learning_rate=4.877e-06 epoch=0.864
2026-10-03T18:00:56Z step 820/938 loss=4.79e-05 grad_norm=0.002934 learning_rate=4.16e-06 epoch=0.8747
2026-10-03T18:01:21Z step 830/938 loss=0.0002056 grad_norm=0.04173 learning_rate=3.498e-06 epoch=0.8853
2026-10-03T18:01:45Z step 840/938 loss=0.0006209 grad_norm=0.0002095 learning_rate=2.892e-06 epoch=0.896
2026-10-03T18:02:10Z step 850/938 loss=0.0002173 grad_norm=0.01141 learning_rate=2.342e-06 epoch=0.9067
2026-10-03T18:02:34Z step 860/938 loss=6.906e-05 grad_norm=0.002079 learning_rate=1.848e-06 epoch=0.9173
2026-10-03T18:02:58Z step 870/938 loss=0.0004223 grad_norm=0.001914 learning_rate=1.412e-06 epoch=0.928
2026-10-03T18:03:22Z step 880/938 loss=0.0001777 grad_norm=0.0008831 learning_rate=1.034e-06 epoch=0.9387
2026-10-03T18:03:46Z step 890/938 loss=0.01763 grad_norm=3.494 learning_rate=7.137e-07 epoch=0.9493
2026-10-03T18:04:11Z step 900/938 loss=0.0007522 grad_norm=0.0007826 learning_rate=4.525e-07 epoch=0.96
2026-10-03T18:04:35Z step 910/938 loss=0.01807 grad_norm=4.878 learning_rate=2.504e-07 epoch=0.9707
2026-10-03T18:05:00Z step 920/938 loss=0.000154 grad_norm=0.001811 learning_rate=1.075e-07 epoch=0.9813
2026-10-03T18:05:24Z step 930/938 loss=0.0001641 grad_norm=0.001561 learning_rate=2.413e-08 epoch=0.992
2026-10-03T18:05:43Z step 938/938 train_runtime=2292 train_samples_per_second=26.17 train_steps_per_second=0.409 total_flos=1.159e+18 train_loss=0.06052 epoch=1
2026-10-03T18:05:58Z trained 938 steps in 38.3 min, 6076.5 tok/s, peak 32.04 GB
2026-10-03T18:06:00Z u path: fp32-hidden (max |u_fp32 - u_bf16logits| = 0.0546)
2026-10-03T18:06:01Z padding self-check: max |u_batch - u_single| = 0.0826 (tol 0.839) -> left padding
2026-10-03T18:06:40Z B-FOLD3-verdict-blocks-s0 rule_v1_fold3/dev: TA 58.3 Rev 100.0 Hold 58.3 n=300 (41.2 s)
2026-10-03T18:10:15Z B-FOLD3-verdict-blocks-s0 rule_v1_fold3/test_L2: TA 61.9 Rev 99.5 Hold 62.0 n=2000 (214.9 s)
2026-10-03T18:10:16Z DONE B-FOLD3-verdict-blocks-s0 in 43.2 min, GPU util mean 96.1
