2026-10-10T06:52:30Z step 10/938 loss=0.243 grad_norm=1.569 learning_rate=3.214e-05 epoch=0.01067
2026-10-10T06:52:53Z step 20/938 loss=0.1308 grad_norm=1.04 learning_rate=6.786e-05 epoch=0.02133
2026-10-10T06:53:16Z step 30/938 loss=0.0657 grad_norm=1.521 learning_rate=0.0001 epoch=0.032
2026-10-10T06:53:38Z step 40/938 loss=0.03975 grad_norm=1.342 learning_rate=9.996e-05 epoch=0.04267
2026-10-10T06:54:01Z step 50/938 loss=0.02537 grad_norm=0.4354 learning_rate=9.987e-05 epoch=0.05333
2026-10-10T06:54:23Z step 60/938 loss=0.01655 grad_norm=0.2825 learning_rate=9.971e-05 epoch=0.064
2026-10-10T06:54:46Z step 70/938 loss=0.01484 grad_norm=0.3868 learning_rate=9.95e-05 epoch=0.07467
2026-10-10T06:55:08Z step 80/938 loss=0.01872 grad_norm=0.3438 learning_rate=9.923e-05 epoch=0.08533
2026-10-10T06:55:30Z step 90/938 loss=0.01303 grad_norm=0.2321 learning_rate=9.89e-05 epoch=0.096
2026-10-10T06:55:53Z step 100/938 loss=0.01343 grad_norm=0.07951 learning_rate=9.851e-05 epoch=0.1067
2026-10-10T06:56:15Z step 110/938 loss=0.006135 grad_norm=0.413 learning_rate=9.806e-05 epoch=0.1173
2026-10-10T06:56:38Z step 120/938 loss=0.0294 grad_norm=0.7332 learning_rate=9.755e-05 epoch=0.128
2026-10-10T06:57:00Z step 130/938 loss=0.01358 grad_norm=1.183 learning_rate=9.699e-05 epoch=0.1387
2026-10-10T06:57:22Z step 140/938 loss=0.01816 grad_norm=0.2658 learning_rate=9.637e-05 epoch=0.1493
2026-10-10T06:57:45Z step 150/938 loss=0.0129 grad_norm=0.2744 learning_rate=9.57e-05 epoch=0.16
2026-10-10T06:58:07Z step 160/938 loss=0.01106 grad_norm=0.1425 learning_rate=9.497e-05 epoch=0.1707
2026-10-10T06:58:29Z step 170/938 loss=0.003507 grad_norm=0.626 learning_rate=9.419e-05 epoch=0.1813
2026-10-10T06:58:51Z step 180/938 loss=0.005153 grad_norm=0.002221 learning_rate=9.336e-05 epoch=0.192
2026-10-10T06:59:15Z step 190/938 loss=0.0223 grad_norm=0.8762 learning_rate=9.247e-05 epoch=0.2027
2026-10-10T06:59:37Z step 200/938 loss=0.007036 grad_norm=0.1279 learning_rate=9.154e-05 epoch=0.2133
2026-10-10T07:00:00Z step 210/938 loss=0.00538 grad_norm=0.204 learning_rate=9.055e-05 epoch=0.224
2026-10-10T07:00:22Z step 220/938 loss=0.003415 grad_norm=0.06937 learning_rate=8.952e-05 epoch=0.2347
2026-10-10T07:00:44Z step 230/938 loss=0.005808 grad_norm=0.9064 learning_rate=8.844e-05 epoch=0.2453
2026-10-10T07:01:06Z step 240/938 loss=0.002157 grad_norm=0.06462 learning_rate=8.731e-05 epoch=0.256
2026-10-10T07:01:28Z step 250/938 loss=0.001669 grad_norm=0.002454 learning_rate=8.614e-05 epoch=0.2667
2026-10-10T07:01:50Z step 260/938 loss=0.001477 grad_norm=1.371 learning_rate=8.493e-05 epoch=0.2773
2026-10-10T07:02:13Z step 270/938 loss=0.02474 grad_norm=2.352 learning_rate=8.367e-05 epoch=0.288
2026-10-10T07:02:35Z step 280/938 loss=0.01476 grad_norm=0.2445 learning_rate=8.237e-05 epoch=0.2987
2026-10-10T07:02:57Z step 290/938 loss=0.003103 grad_norm=0.01266 learning_rate=8.104e-05 epoch=0.3093
2026-10-10T07:03:19Z step 300/938 loss=0.004293 grad_norm=0.07604 learning_rate=7.967e-05 epoch=0.32
2026-10-10T07:03:41Z step 310/938 loss=0.007251 grad_norm=0.1222 learning_rate=7.826e-05 epoch=0.3307
2026-10-10T07:04:04Z step 320/938 loss=0.005231 grad_norm=0.01424 learning_rate=7.682e-05 epoch=0.3413
2026-10-10T07:04:26Z step 330/938 loss=0.001276 grad_norm=0.002589 learning_rate=7.535e-05 epoch=0.352
2026-10-10T07:04:48Z step 340/938 loss=0.01044 grad_norm=0.1445 learning_rate=7.385e-05 epoch=0.3627
2026-10-10T07:05:11Z step 350/938 loss=0.005271 grad_norm=0.0102 learning_rate=7.231e-05 epoch=0.3733
2026-10-10T07:05:33Z step 360/938 loss=0.0003934 grad_norm=0.000481 learning_rate=7.076e-05 epoch=0.384
2026-10-10T07:05:55Z step 370/938 loss=0.002533 grad_norm=0.004248 learning_rate=6.917e-05 epoch=0.3947
2026-10-10T07:06:18Z step 380/938 loss=0.004185 grad_norm=0.09095 learning_rate=6.757e-05 epoch=0.4053
2026-10-10T07:06:40Z step 390/938 loss=0.001549 grad_norm=0.465 learning_rate=6.594e-05 epoch=0.416
2026-10-10T07:07:02Z step 400/938 loss=0.003692 grad_norm=0.01831 learning_rate=6.43e-05 epoch=0.4267
2026-10-10T07:07:25Z step 410/938 loss=0.01319 grad_norm=0.0003645 learning_rate=6.264e-05 epoch=0.4373
2026-10-10T07:07:47Z step 420/938 loss=0.004785 grad_norm=0.04896 learning_rate=6.096e-05 epoch=0.448
2026-10-10T07:08:10Z step 430/938 loss=0.005599 grad_norm=0.05141 learning_rate=5.927e-05 epoch=0.4587
2026-10-10T07:08:32Z step 440/938 loss=0.01554 grad_norm=0.4737 learning_rate=5.757e-05 epoch=0.4693
2026-10-10T07:08:54Z step 450/938 loss=0.006688 grad_norm=0.0926 learning_rate=5.586e-05 epoch=0.48
2026-10-10T07:09:17Z step 460/938 loss=0.0009323 grad_norm=0.04567 learning_rate=5.414e-05 epoch=0.4907
2026-10-10T07:12:00Z step 470/938 loss=0.001728 grad_norm=0.3778 learning_rate=5.242e-05 epoch=0.5013
2026-10-10T07:12:23Z step 480/938 loss=0.001576 grad_norm=0.0006328 learning_rate=5.069e-05 epoch=0.512
2026-10-10T07:12:45Z step 490/938 loss=0.0004054 grad_norm=0.0001232 learning_rate=4.896e-05 epoch=0.5227
2026-10-10T07:13:07Z step 500/938 loss=1.096e-05 grad_norm=0.0003324 learning_rate=4.724e-05 epoch=0.5333
2026-10-10T07:13:30Z step 510/938 loss=1.973e-05 grad_norm=0.0002558 learning_rate=4.552e-05 epoch=0.544
2026-10-10T07:13:52Z step 520/938 loss=5.09e-05 grad_norm=0.0002174 learning_rate=4.38e-05 epoch=0.5547
2026-10-10T07:14:14Z step 530/938 loss=1.15e-05 grad_norm=0.000414 learning_rate=4.209e-05 epoch=0.5653
2026-10-10T07:14:37Z step 540/938 loss=0.00934 grad_norm=0.04658 learning_rate=4.039e-05 epoch=0.576
2026-10-10T07:14:58Z step 550/938 loss=5.836e-05 grad_norm=0.0141 learning_rate=3.871e-05 epoch=0.5867
2026-10-10T07:15:20Z step 560/938 loss=0.003323 grad_norm=0.0001741 learning_rate=3.703e-05 epoch=0.5973
2026-10-10T07:15:43Z step 570/938 loss=0.01015 grad_norm=4.015 learning_rate=3.537e-05 epoch=0.608
2026-10-10T07:16:05Z step 580/938 loss=0.005862 grad_norm=0.436 learning_rate=3.373e-05 epoch=0.6187
2026-10-10T07:16:27Z step 590/938 loss=0.001179 grad_norm=0.01048 learning_rate=3.211e-05 epoch=0.6293
2026-10-10T07:16:49Z step 600/938 loss=0.001603 grad_norm=0.003295 learning_rate=3.051e-05 epoch=0.64
2026-10-10T07:17:11Z step 610/938 loss=0.002789 grad_norm=0.001455 learning_rate=2.893e-05 epoch=0.6507
2026-10-10T07:17:33Z step 620/938 loss=0.0009809 grad_norm=0.005671 learning_rate=2.738e-05 epoch=0.6613
2026-10-10T07:17:55Z step 630/938 loss=0.0001624 grad_norm=0.0012 learning_rate=2.585e-05 epoch=0.672
2026-10-10T07:18:18Z step 640/938 loss=0.00457 grad_norm=0.0007682 learning_rate=2.436e-05 epoch=0.6827
2026-10-10T07:18:40Z step 650/938 loss=0.0006748 grad_norm=0.003669 learning_rate=2.289e-05 epoch=0.6933
2026-10-10T07:19:02Z step 660/938 loss=0.003422 grad_norm=0.001413 learning_rate=2.145e-05 epoch=0.704
2026-10-10T07:19:24Z step 670/938 loss=0.001363 grad_norm=0.003762 learning_rate=2.005e-05 epoch=0.7147
2026-10-10T07:19:47Z step 680/938 loss=0.0003048 grad_norm=0.002104 learning_rate=1.869e-05 epoch=0.7253
2026-10-10T07:20:09Z step 690/938 loss=0.0006414 grad_norm=0.01903 learning_rate=1.736e-05 epoch=0.736
2026-10-10T07:20:31Z step 700/938 loss=0.001898 grad_norm=0.02659 learning_rate=1.608e-05 epoch=0.7467
2026-10-10T07:20:53Z step 710/938 loss=0.0004833 grad_norm=0.006222 learning_rate=1.483e-05 epoch=0.7573
2026-10-10T07:21:15Z step 720/938 loss=0.0001712 grad_norm=0.0008132 learning_rate=1.362e-05 epoch=0.768
2026-10-10T07:21:37Z step 730/938 loss=0.0006098 grad_norm=0.0004349 learning_rate=1.246e-05 epoch=0.7787
2026-10-10T07:21:59Z step 740/938 loss=0.004057 grad_norm=0.4038 learning_rate=1.134e-05 epoch=0.7893
2026-10-10T07:22:21Z step 750/938 loss=0.001784 grad_norm=0.2066 learning_rate=1.027e-05 epoch=0.8
2026-10-10T07:22:44Z step 760/938 loss=0.00105 grad_norm=0.06559 learning_rate=9.247e-06 epoch=0.8107
2026-10-10T07:23:06Z step 770/938 loss=9.956e-05 grad_norm=0.0001836 learning_rate=8.271e-06 epoch=0.8213
2026-10-10T07:23:28Z step 780/938 loss=4.024e-05 grad_norm=0.0007252 learning_rate=7.345e-06 epoch=0.832
2026-10-10T07:23:50Z step 790/938 loss=0.0004158 grad_norm=0.003824 learning_rate=6.47e-06 epoch=0.8427
2026-10-10T07:24:13Z step 800/938 loss=0.0004118 grad_norm=0.001171 learning_rate=5.647e-06 epoch=0.8533
2026-10-10T07:24:35Z step 810/938 loss=0.0009586 grad_norm=0.3373 learning_rate=4.877e-06 epoch=0.864
2026-10-10T07:25:00Z step 820/938 loss=0.0003662 grad_norm=0.08211 learning_rate=4.16e-06 epoch=0.8747
2026-10-10T07:25:22Z step 830/938 loss=5.769e-05 grad_norm=0.002683 learning_rate=3.498e-06 epoch=0.8853
2026-10-10T07:25:45Z step 840/938 loss=0.0001982 grad_norm=0.000168 learning_rate=2.892e-06 epoch=0.896
2026-10-10T07:26:07Z step 850/938 loss=0.0004148 grad_norm=0.01546 learning_rate=2.342e-06 epoch=0.9067
2026-10-10T07:26:29Z step 860/938 loss=0.0016 grad_norm=0.0003432 learning_rate=1.848e-06 epoch=0.9173
2026-10-10T07:26:52Z step 870/938 loss=0.006165 grad_norm=0.03941 learning_rate=1.412e-06 epoch=0.928
2026-10-10T07:27:14Z step 880/938 loss=0.001541 grad_norm=0.01163 learning_rate=1.034e-06 epoch=0.9387
2026-10-10T07:27:36Z step 890/938 loss=0.005642 grad_norm=0.5922 learning_rate=7.137e-07 epoch=0.9493
2026-10-10T07:27:58Z step 900/938 loss=0.0004819 grad_norm=0.00797 learning_rate=4.525e-07 epoch=0.96
2026-10-10T07:28:20Z step 910/938 loss=0.004199 grad_norm=0.002941 learning_rate=2.504e-07 epoch=0.9707
2026-10-10T07:28:42Z step 920/938 loss=0.0003798 grad_norm=0.05744 learning_rate=1.075e-07 epoch=0.9813
2026-10-10T07:29:04Z step 930/938 loss=0.0001063 grad_norm=0.0003632 learning_rate=2.413e-08 epoch=0.992
2026-10-10T07:29:21Z step 938/938 train_runtime=2387 train_samples_per_second=25.13 train_steps_per_second=0.393 total_flos=1.054e+18 train_loss=0.01014 epoch=1
2026-10-10T07:30:02Z trained 938 steps in 39.8 min, 5546.4 tok/s, peak 23.13 GB
2026-10-10T07:30:17Z u path: fp32-hidden (max |u_fp32 - u_bf16logits| = 0.0032)
2026-10-10T07:30:23Z padding self-check: max |u_batch - u_single| = 0.1046 (tol 0.884) -> left padding
2026-10-10T07:31:02Z B-V2-verdict-blocks-s2 rule_v2/dev: TA 67.3 Rev 99.3 Hold 68.0 n=300 (58.4 s)
2026-10-10T07:35:09Z B-V2-verdict-blocks-s2 rule_v2/test_L2: TA 53.9 Rev 96.8 Hold 55.4 n=2000 (247.2 s)
2026-10-10T07:39:16Z B-V2-verdict-blocks-s2 rule_v1/test_L2: TA 71.5 Rev 95.0 Hold 73.9 n=2000 (245.5 s)
2026-10-10T07:40:11Z B-V2-verdict-blocks-s2 xr_v1/test: TA nan Rev nan Hold nan n=None (54.7 s)
2026-10-10T07:40:38Z B-V2-verdict-blocks-s2 cls_v1/dev: TA 20.3 Rev 99.7 Hold 20.3 n=300 (26.7 s)
2026-10-10T07:42:19Z B-V2-verdict-blocks-s2 cls_v1/test: TA 14.2 Rev 99.3 Hold 14.2 n=1200 (100.8 s)
2026-10-10T07:42:21Z DONE B-V2-verdict-blocks-s2 in 53.1 min, GPU util mean 83.5
