2026-10-03T20:14:19Z step 10/938 loss=0.4432 grad_norm=0.7839 learning_rate=3.214e-05 epoch=0.01067
2026-10-03T20:14:47Z step 20/938 loss=0.06937 grad_norm=0.2834 learning_rate=6.786e-05 epoch=0.02133
2026-10-03T20:15:14Z step 30/938 loss=0.0133 grad_norm=0.1309 learning_rate=0.0001 epoch=0.032
2026-10-03T20:15:42Z step 40/938 loss=0.004552 grad_norm=0.05162 learning_rate=9.996e-05 epoch=0.04267
2026-10-03T20:16:09Z step 50/938 loss=0.00179 grad_norm=0.0362 learning_rate=9.987e-05 epoch=0.05333
2026-10-03T20:16:36Z step 60/938 loss=0.001111 grad_norm=0.00104 learning_rate=9.971e-05 epoch=0.064
2026-10-03T20:17:03Z step 70/938 loss=0.0004593 grad_norm=0.002874 learning_rate=9.95e-05 epoch=0.07467
2026-10-03T20:17:30Z step 80/938 loss=0.002223 grad_norm=1.009 learning_rate=9.923e-05 epoch=0.08533
2026-10-03T20:17:58Z step 90/938 loss=0.004675 grad_norm=0.0728 learning_rate=9.89e-05 epoch=0.096
2026-10-03T20:18:25Z step 100/938 loss=0.001311 grad_norm=0.007715 learning_rate=9.851e-05 epoch=0.1067
2026-10-03T20:18:52Z step 110/938 loss=0.0007863 grad_norm=0.03748 learning_rate=9.806e-05 epoch=0.1173
2026-10-03T20:19:19Z step 120/938 loss=0.0004499 grad_norm=0.07651 learning_rate=9.755e-05 epoch=0.128
2026-10-03T20:19:45Z step 130/938 loss=7.437e-05 grad_norm=0.002857 learning_rate=9.699e-05 epoch=0.1387
2026-10-03T20:20:13Z step 140/938 loss=0.001171 grad_norm=0.004663 learning_rate=9.637e-05 epoch=0.1493
2026-10-03T20:20:39Z step 150/938 loss=0.0007549 grad_norm=0.001634 learning_rate=9.57e-05 epoch=0.16
2026-10-03T20:21:06Z step 160/938 loss=0.001564 grad_norm=0.1365 learning_rate=9.497e-05 epoch=0.1707
2026-10-03T20:21:33Z step 170/938 loss=0.001912 grad_norm=0.002549 learning_rate=9.419e-05 epoch=0.1813
2026-10-03T20:22:00Z step 180/938 loss=0.0004958 grad_norm=0.00148 learning_rate=9.336e-05 epoch=0.192
2026-10-03T20:22:27Z step 190/938 loss=0.0001794 grad_norm=0.003188 learning_rate=9.247e-05 epoch=0.2027
2026-10-03T20:22:53Z step 200/938 loss=0.0004533 grad_norm=0.002481 learning_rate=9.154e-05 epoch=0.2133
2026-10-03T20:23:20Z step 210/938 loss=8.143e-05 grad_norm=0.00216 learning_rate=9.055e-05 epoch=0.224
2026-10-03T20:23:48Z step 220/938 loss=4.68e-05 grad_norm=0.0007343 learning_rate=8.952e-05 epoch=0.2347
2026-10-03T20:24:15Z step 230/938 loss=0.0003622 grad_norm=0.004079 learning_rate=8.844e-05 epoch=0.2453
2026-10-03T20:24:42Z step 240/938 loss=0.0006889 grad_norm=0.08128 learning_rate=8.731e-05 epoch=0.256
2026-10-03T20:25:10Z step 250/938 loss=0.0004167 grad_norm=0.2161 learning_rate=8.614e-05 epoch=0.2667
2026-10-03T20:25:37Z step 260/938 loss=0.0008328 grad_norm=0.006908 learning_rate=8.493e-05 epoch=0.2773
2026-10-03T20:26:04Z step 270/938 loss=0.0007809 grad_norm=0.003646 learning_rate=8.367e-05 epoch=0.288
2026-10-03T20:26:32Z step 280/938 loss=0.0002911 grad_norm=0.0008891 learning_rate=8.237e-05 epoch=0.2987
2026-10-03T20:26:59Z step 290/938 loss=0.0002118 grad_norm=0.0007626 learning_rate=8.104e-05 epoch=0.3093
2026-10-03T20:27:25Z step 300/938 loss=0.0004084 grad_norm=0.0004607 learning_rate=7.967e-05 epoch=0.32
2026-10-03T20:27:52Z step 310/938 loss=7.206e-05 grad_norm=0.0009096 learning_rate=7.826e-05 epoch=0.3307
2026-10-03T20:28:19Z step 320/938 loss=0.0001496 grad_norm=0.0002561 learning_rate=7.682e-05 epoch=0.3413
2026-10-03T20:28:46Z step 330/938 loss=2.888e-05 grad_norm=0.006663 learning_rate=7.535e-05 epoch=0.352
2026-10-03T20:29:13Z step 340/938 loss=6.017e-05 grad_norm=0.004279 learning_rate=7.385e-05 epoch=0.3627
2026-10-03T20:29:40Z step 350/938 loss=1.487e-05 grad_norm=0.0006395 learning_rate=7.231e-05 epoch=0.3733
2026-10-03T20:30:08Z step 360/938 loss=0.0003284 grad_norm=0.03921 learning_rate=7.076e-05 epoch=0.384
2026-10-03T20:30:36Z step 370/938 loss=0.0009134 grad_norm=0.0003258 learning_rate=6.917e-05 epoch=0.3947
2026-10-03T20:31:02Z step 380/938 loss=0.0003115 grad_norm=0.009802 learning_rate=6.757e-05 epoch=0.4053
2026-10-03T20:31:35Z step 390/938 loss=3.45e-05 grad_norm=0.0005891 learning_rate=6.594e-05 epoch=0.416
2026-10-03T20:32:02Z step 400/938 loss=0.0001885 grad_norm=0.0001989 learning_rate=6.43e-05 epoch=0.4267
2026-10-03T20:32:29Z step 410/938 loss=1.142e-05 grad_norm=0.0003359 learning_rate=6.264e-05 epoch=0.4373
2026-10-03T20:32:56Z step 420/938 loss=0.0004651 grad_norm=0.0004737 learning_rate=6.096e-05 epoch=0.448
2026-10-03T20:33:23Z step 430/938 loss=0.0006046 grad_norm=0.1166 learning_rate=5.927e-05 epoch=0.4587
2026-10-03T20:33:50Z step 440/938 loss=2.665e-05 grad_norm=0.0002183 learning_rate=5.757e-05 epoch=0.4693
2026-10-03T20:34:17Z step 450/938 loss=0.000669 grad_norm=0.00118 learning_rate=5.586e-05 epoch=0.48
2026-10-03T20:34:45Z step 460/938 loss=0.0005853 grad_norm=0.002067 learning_rate=5.414e-05 epoch=0.4907
2026-10-03T20:35:12Z step 470/938 loss=0.0002071 grad_norm=0.001138 learning_rate=5.242e-05 epoch=0.5013
2026-10-03T20:35:39Z step 480/938 loss=0.0001105 grad_norm=0.004083 learning_rate=5.069e-05 epoch=0.512
2026-10-03T20:36:06Z step 490/938 loss=4.442e-05 grad_norm=0.0006428 learning_rate=4.896e-05 epoch=0.5227
2026-10-03T20:36:33Z step 500/938 loss=3.243e-05 grad_norm=0.001641 learning_rate=4.724e-05 epoch=0.5333
2026-10-03T20:36:59Z step 510/938 loss=0.001279 grad_norm=0.02449 learning_rate=4.552e-05 epoch=0.544
2026-10-03T20:37:26Z step 520/938 loss=0.0001416 grad_norm=0.0009735 learning_rate=4.38e-05 epoch=0.5547
2026-10-03T20:37:52Z step 530/938 loss=0.0001753 grad_norm=0.001617 learning_rate=4.209e-05 epoch=0.5653
2026-10-03T20:38:19Z step 540/938 loss=0.000104 grad_norm=0.01014 learning_rate=4.039e-05 epoch=0.576
2026-10-03T20:38:45Z step 550/938 loss=0.0003146 grad_norm=0.005479 learning_rate=3.871e-05 epoch=0.5867
2026-10-03T20:39:11Z step 560/938 loss=0.0001719 grad_norm=0.0003013 learning_rate=3.703e-05 epoch=0.5973
2026-10-03T20:39:39Z step 570/938 loss=3.328e-05 grad_norm=0.000691 learning_rate=3.537e-05 epoch=0.608
2026-10-03T20:40:06Z step 580/938 loss=0.0001325 grad_norm=0.001053 learning_rate=3.373e-05 epoch=0.6187
2026-10-03T20:40:33Z step 590/938 loss=0.0001361 grad_norm=0.0685 learning_rate=3.211e-05 epoch=0.6293
2026-10-03T20:41:00Z step 600/938 loss=2.909e-05 grad_norm=0.0002357 learning_rate=3.051e-05 epoch=0.64
2026-10-03T20:41:28Z step 610/938 loss=4.02e-05 grad_norm=0.0005251 learning_rate=2.893e-05 epoch=0.6507
2026-10-03T20:41:55Z step 620/938 loss=4.187e-05 grad_norm=0.0002646 learning_rate=2.738e-05 epoch=0.6613
2026-10-03T20:42:39Z step 630/938 loss=0.0009679 grad_norm=0.03027 learning_rate=2.585e-05 epoch=0.672
2026-10-03T20:43:06Z step 640/938 loss=2.181e-05 grad_norm=0.001324 learning_rate=2.436e-05 epoch=0.6827
2026-10-03T20:43:34Z step 650/938 loss=3.112e-05 grad_norm=0.0003181 learning_rate=2.289e-05 epoch=0.6933
2026-10-03T20:44:01Z step 660/938 loss=0.0004087 grad_norm=0.006849 learning_rate=2.145e-05 epoch=0.704
2026-10-03T20:44:28Z step 670/938 loss=3.684e-05 grad_norm=0.0006267 learning_rate=2.005e-05 epoch=0.7147
2026-10-03T20:44:55Z step 680/938 loss=4.55e-05 grad_norm=0.001251 learning_rate=1.869e-05 epoch=0.7253
2026-10-03T20:45:22Z step 690/938 loss=9.578e-05 grad_norm=0.02832 learning_rate=1.736e-05 epoch=0.736
2026-10-03T20:45:50Z step 700/938 loss=2.676e-05 grad_norm=0.0007008 learning_rate=1.608e-05 epoch=0.7467
2026-10-03T20:46:17Z step 710/938 loss=2.012e-05 grad_norm=0.0003863 learning_rate=1.483e-05 epoch=0.7573
2026-10-03T20:46:44Z step 720/938 loss=1.995e-05 grad_norm=0.00125 learning_rate=1.362e-05 epoch=0.768
2026-10-03T20:47:11Z step 730/938 loss=1.846e-05 grad_norm=0.0004133 learning_rate=1.246e-05 epoch=0.7787
2026-10-03T20:47:38Z step 740/938 loss=2.409e-05 grad_norm=0.0005698 learning_rate=1.134e-05 epoch=0.7893
2026-10-03T20:48:06Z step 750/938 loss=1.683e-05 grad_norm=0.0002973 learning_rate=1.027e-05 epoch=0.8
2026-10-03T20:48:33Z step 760/938 loss=2.284e-05 grad_norm=0.003186 learning_rate=9.247e-06 epoch=0.8107
2026-10-03T20:49:00Z step 770/938 loss=2.343e-05 grad_norm=0.0001566 learning_rate=8.271e-06 epoch=0.8213
2026-10-03T20:49:28Z step 780/938 loss=2.119e-05 grad_norm=0.0024 learning_rate=7.345e-06 epoch=0.832
2026-10-03T20:49:55Z step 790/938 loss=1.703e-05 grad_norm=0.0002389 learning_rate=6.47e-06 epoch=0.8427
2026-10-03T20:50:22Z step 800/938 loss=1.185e-05 grad_norm=0.0003779 learning_rate=5.647e-06 epoch=0.8533
2026-10-03T20:50:49Z step 810/938 loss=2.875e-05 grad_norm=0.000813 learning_rate=4.877e-06 epoch=0.864
2026-10-03T20:51:16Z step 820/938 loss=1.409e-05 grad_norm=0.0005495 learning_rate=4.16e-06 epoch=0.8747
2026-10-03T20:52:10Z step 830/938 loss=1.654e-05 grad_norm=0.0001797 learning_rate=3.498e-06 epoch=0.8853
2026-10-03T20:52:37Z step 840/938 loss=2.067e-05 grad_norm=0.006778 learning_rate=2.892e-06 epoch=0.896
2026-10-03T20:53:03Z step 850/938 loss=1.837e-05 grad_norm=0.0001634 learning_rate=2.342e-06 epoch=0.9067
2026-10-03T20:53:31Z step 860/938 loss=1.294e-05 grad_norm=0.0001859 learning_rate=1.848e-06 epoch=0.9173
2026-10-03T20:53:58Z step 870/938 loss=1.425e-05 grad_norm=0.0004948 learning_rate=1.412e-06 epoch=0.928
2026-10-03T20:54:40Z step 880/938 loss=9.444e-05 grad_norm=0.0001416 learning_rate=1.034e-06 epoch=0.9387
2026-10-03T20:55:08Z step 890/938 loss=0.0001665 grad_norm=0.002168 learning_rate=7.137e-07 epoch=0.9493
2026-10-03T20:55:34Z step 900/938 loss=1.285e-05 grad_norm=0.0003817 learning_rate=4.525e-07 epoch=0.96
2026-10-03T20:56:02Z step 910/938 loss=2.024e-05 grad_norm=0.0009713 learning_rate=2.504e-07 epoch=0.9707
2026-10-03T20:56:30Z step 920/938 loss=3.12e-05 grad_norm=0.000177 learning_rate=1.075e-07 epoch=0.9813
2026-10-03T20:56:57Z step 930/938 loss=2.345e-05 grad_norm=0.002211 learning_rate=2.413e-08 epoch=0.992
2026-10-03T20:57:18Z step 938/938 train_runtime=2760 train_samples_per_second=21.74 train_steps_per_second=0.34 total_flos=1.316e+18 train_loss=0.00601 epoch=1
2026-10-03T20:57:22Z trained 938 steps in 46.0 min, 5050.8 tok/s, peak 24.09 GB
2026-10-03T20:57:38Z u path: fp32-hidden (max |u_fp32 - u_bf16logits| = 0.0151)
2026-10-03T20:57:39Z padding self-check: max |u_batch - u_single| = 0.1155 (tol 0.611) -> left padding
2026-10-03T20:59:00Z B-FOLD2-ledger2-triplets-s1 rule_v1_fold2/dev: TA 99.3 Rev 99.3 Hold 100.0 n=300 (98.0 s)
2026-10-03T21:01:21Z generate: batch 25/32, 225732 tokens, 1638 tok/s
2026-10-03T21:05:09Z B-FOLD2-ledger2-triplets-s1 rule_v1_fold2/test_L2: TA 98.0 Rev 98.0 Hold 100.0 n=2000 (367.9 s)
2026-10-03T21:05:09Z DONE B-FOLD2-ledger2-triplets-s1 in 54.2 min, GPU util mean 90.3
