2026-10-02T12:50:08Z step 10/938 loss=0.2034 grad_norm=4.053 learning_rate=3.214e-05 epoch=0.01067
2026-10-02T12:51:04Z step 20/938 loss=0.1271 grad_norm=1.23 learning_rate=6.786e-05 epoch=0.02133
2026-10-02T12:51:59Z step 30/938 loss=0.05444 grad_norm=0.8578 learning_rate=0.0001 epoch=0.032
2026-10-02T12:52:54Z step 40/938 loss=0.06824 grad_norm=0.4083 learning_rate=9.996e-05 epoch=0.04267
2026-10-02T12:53:49Z step 50/938 loss=0.05301 grad_norm=2.107 learning_rate=9.987e-05 epoch=0.05333
2026-10-02T12:54:45Z step 60/938 loss=0.03186 grad_norm=0.3596 learning_rate=9.971e-05 epoch=0.064
2026-10-02T12:55:41Z step 70/938 loss=0.0378 grad_norm=0.1005 learning_rate=9.95e-05 epoch=0.07467
2026-10-02T12:56:37Z step 80/938 loss=0.02945 grad_norm=0.2391 learning_rate=9.923e-05 epoch=0.08533
2026-10-02T12:57:33Z step 90/938 loss=0.02793 grad_norm=0.4275 learning_rate=9.89e-05 epoch=0.096
2026-10-02T12:58:30Z step 100/938 loss=0.0229 grad_norm=0.6604 learning_rate=9.851e-05 epoch=0.1067
2026-10-02T12:59:25Z step 110/938 loss=0.02879 grad_norm=0.7403 learning_rate=9.806e-05 epoch=0.1173
2026-10-02T13:00:20Z step 120/938 loss=0.01445 grad_norm=0.2114 learning_rate=9.755e-05 epoch=0.128
2026-10-02T13:01:16Z step 130/938 loss=0.02324 grad_norm=0.2886 learning_rate=9.699e-05 epoch=0.1387
2026-10-02T13:02:12Z step 140/938 loss=0.01299 grad_norm=0.2345 learning_rate=9.637e-05 epoch=0.1493
2026-10-02T13:03:08Z step 150/938 loss=0.01492 grad_norm=0.04132 learning_rate=9.57e-05 epoch=0.16
2026-10-02T13:04:03Z step 160/938 loss=0.007898 grad_norm=1.612 learning_rate=9.497e-05 epoch=0.1707
2026-10-02T13:04:59Z step 170/938 loss=0.01757 grad_norm=0.9744 learning_rate=9.419e-05 epoch=0.1813
2026-10-02T13:05:54Z step 180/938 loss=0.02139 grad_norm=0.1205 learning_rate=9.336e-05 epoch=0.192
2026-10-02T13:06:49Z step 190/938 loss=0.009511 grad_norm=1.153 learning_rate=9.247e-05 epoch=0.2027
2026-10-02T13:08:12Z step 200/938 loss=0.01686 grad_norm=0.9258 learning_rate=9.154e-05 epoch=0.2133
2026-10-02T13:09:06Z step 210/938 loss=0.01156 grad_norm=0.1238 learning_rate=9.055e-05 epoch=0.224
2026-10-02T13:10:01Z step 220/938 loss=0.0082 grad_norm=0.01499 learning_rate=8.952e-05 epoch=0.2347
2026-10-02T13:10:57Z step 230/938 loss=0.009643 grad_norm=7.321 learning_rate=8.844e-05 epoch=0.2453
2026-10-02T13:11:51Z step 240/938 loss=0.02178 grad_norm=0.7795 learning_rate=8.731e-05 epoch=0.256
2026-10-02T13:12:47Z step 250/938 loss=0.006625 grad_norm=0.1625 learning_rate=8.614e-05 epoch=0.2667
2026-10-02T13:13:43Z step 260/938 loss=0.01659 grad_norm=0.0156 learning_rate=8.493e-05 epoch=0.2773
2026-10-02T13:14:37Z step 270/938 loss=0.004072 grad_norm=0.1934 learning_rate=8.367e-05 epoch=0.288
2026-10-02T13:15:33Z step 280/938 loss=0.01406 grad_norm=0.1133 learning_rate=8.237e-05 epoch=0.2987
2026-10-02T13:16:27Z step 290/938 loss=0.007468 grad_norm=0.1485 learning_rate=8.104e-05 epoch=0.3093
2026-10-02T13:17:23Z step 300/938 loss=0.002482 grad_norm=0.107 learning_rate=7.967e-05 epoch=0.32
2026-10-02T13:18:17Z step 310/938 loss=0.01551 grad_norm=0.007473 learning_rate=7.826e-05 epoch=0.3307
2026-10-02T13:19:13Z step 320/938 loss=0.01011 grad_norm=0.03156 learning_rate=7.682e-05 epoch=0.3413
2026-10-02T13:20:08Z step 330/938 loss=0.008207 grad_norm=0.1859 learning_rate=7.535e-05 epoch=0.352
2026-10-02T13:21:03Z step 340/938 loss=0.01249 grad_norm=1.763 learning_rate=7.385e-05 epoch=0.3627
2026-10-02T13:21:59Z step 350/938 loss=0.003213 grad_norm=0.03181 learning_rate=7.231e-05 epoch=0.3733
2026-10-02T13:22:55Z step 360/938 loss=0.003085 grad_norm=0.04706 learning_rate=7.076e-05 epoch=0.384
2026-10-02T13:23:51Z step 370/938 loss=0.007212 grad_norm=0.003008 learning_rate=6.917e-05 epoch=0.3947
2026-10-02T13:24:47Z step 380/938 loss=0.01221 grad_norm=0.9579 learning_rate=6.757e-05 epoch=0.4053
2026-10-02T13:25:41Z step 390/938 loss=0.002767 grad_norm=0.03457 learning_rate=6.594e-05 epoch=0.416
2026-10-02T13:26:36Z step 400/938 loss=0.002301 grad_norm=0.07196 learning_rate=6.43e-05 epoch=0.4267
2026-10-02T13:28:03Z step 410/938 loss=0.00917 grad_norm=0.7245 learning_rate=6.264e-05 epoch=0.4373
2026-10-02T13:28:58Z step 420/938 loss=0.003218 grad_norm=0.04163 learning_rate=6.096e-05 epoch=0.448
2026-10-02T13:29:53Z step 430/938 loss=0.00502 grad_norm=0.02407 learning_rate=5.927e-05 epoch=0.4587
2026-10-02T13:30:49Z step 440/938 loss=0.001357 grad_norm=0.01302 learning_rate=5.757e-05 epoch=0.4693
2026-10-02T13:31:45Z step 450/938 loss=0.002902 grad_norm=0.07741 learning_rate=5.586e-05 epoch=0.48
2026-10-02T13:32:41Z step 460/938 loss=0.002755 grad_norm=0.03977 learning_rate=5.414e-05 epoch=0.4907
2026-10-02T13:33:37Z step 470/938 loss=0.004752 grad_norm=0.0536 learning_rate=5.242e-05 epoch=0.5013
2026-10-02T13:34:31Z step 480/938 loss=0.0043 grad_norm=0.09408 learning_rate=5.069e-05 epoch=0.512
2026-10-02T13:35:25Z step 490/938 loss=0.002554 grad_norm=0.03804 learning_rate=4.896e-05 epoch=0.5227
2026-10-02T13:36:20Z step 500/938 loss=0.002004 grad_norm=0.004156 learning_rate=4.724e-05 epoch=0.5333
2026-10-02T13:37:16Z step 510/938 loss=0.000307 grad_norm=0.001275 learning_rate=4.552e-05 epoch=0.544
2026-10-02T13:38:13Z step 520/938 loss=0.001686 grad_norm=0.0003596 learning_rate=4.38e-05 epoch=0.5547
2026-10-02T13:39:08Z step 530/938 loss=0.000614 grad_norm=0.009735 learning_rate=4.209e-05 epoch=0.5653
2026-10-02T13:40:03Z step 540/938 loss=0.005876 grad_norm=3.802 learning_rate=4.039e-05 epoch=0.576
2026-10-02T13:41:00Z step 550/938 loss=0.001005 grad_norm=0.0002651 learning_rate=3.871e-05 epoch=0.5867
2026-10-02T13:41:55Z step 560/938 loss=0.0005234 grad_norm=0.2237 learning_rate=3.703e-05 epoch=0.5973
2026-10-02T13:42:51Z step 570/938 loss=0.002207 grad_norm=0.2931 learning_rate=3.537e-05 epoch=0.608
2026-10-02T13:43:46Z step 580/938 loss=0.001034 grad_norm=0.0009184 learning_rate=3.373e-05 epoch=0.6187
2026-10-02T13:44:43Z step 590/938 loss=0.0005928 grad_norm=3.813e-05 learning_rate=3.211e-05 epoch=0.6293
2026-10-02T13:45:38Z step 600/938 loss=0.001335 grad_norm=0.0007103 learning_rate=3.051e-05 epoch=0.64
2026-10-02T13:46:33Z step 610/938 loss=0.002538 grad_norm=0.004081 learning_rate=2.893e-05 epoch=0.6507
2026-10-02T13:48:01Z step 620/938 loss=0.008824 grad_norm=0.01107 learning_rate=2.738e-05 epoch=0.6613
2026-10-02T13:48:56Z step 630/938 loss=0.004607 grad_norm=0.005212 learning_rate=2.585e-05 epoch=0.672
2026-10-02T13:49:52Z step 640/938 loss=0.002089 grad_norm=0.008491 learning_rate=2.436e-05 epoch=0.6827
2026-10-02T13:50:47Z step 650/938 loss=0.002068 grad_norm=0.03538 learning_rate=2.289e-05 epoch=0.6933
2026-10-02T13:51:42Z step 660/938 loss=0.001458 grad_norm=0.0551 learning_rate=2.145e-05 epoch=0.704
2026-10-02T13:52:38Z step 670/938 loss=0.0005104 grad_norm=0.01533 learning_rate=2.005e-05 epoch=0.7147
2026-10-02T13:53:34Z step 680/938 loss=0.001046 grad_norm=0.164 learning_rate=1.869e-05 epoch=0.7253
2026-10-02T13:54:29Z step 690/938 loss=0.001164 grad_norm=0.006875 learning_rate=1.736e-05 epoch=0.736
2026-10-02T13:55:23Z step 700/938 loss=0.000338 grad_norm=0.0006011 learning_rate=1.608e-05 epoch=0.7467
2026-10-02T13:56:19Z step 710/938 loss=0.0003549 grad_norm=0.008854 learning_rate=1.483e-05 epoch=0.7573
2026-10-02T13:57:15Z step 720/938 loss=0.0003789 grad_norm=0.0196 learning_rate=1.362e-05 epoch=0.768
2026-10-02T13:58:11Z step 730/938 loss=0.0008357 grad_norm=0.01517 learning_rate=1.246e-05 epoch=0.7787
2026-10-02T13:59:07Z step 740/938 loss=0.003493 grad_norm=0.01333 learning_rate=1.134e-05 epoch=0.7893
2026-10-02T14:00:02Z step 750/938 loss=0.001951 grad_norm=0.003084 learning_rate=1.027e-05 epoch=0.8
2026-10-02T14:00:57Z step 760/938 loss=0.001545 grad_norm=0.01767 learning_rate=9.247e-06 epoch=0.8107
2026-10-02T14:01:52Z step 770/938 loss=0.003042 grad_norm=0.06239 learning_rate=8.271e-06 epoch=0.8213
2026-10-02T14:02:47Z step 780/938 loss=0.00072 grad_norm=0.3466 learning_rate=7.345e-06 epoch=0.832
2026-10-02T14:03:42Z step 790/938 loss=0.001593 grad_norm=0.005877 learning_rate=6.47e-06 epoch=0.8427
2026-10-02T14:04:38Z step 800/938 loss=0.0003315 grad_norm=0.04301 learning_rate=5.647e-06 epoch=0.8533
2026-10-02T14:05:32Z step 810/938 loss=0.0002394 grad_norm=0.002053 learning_rate=4.877e-06 epoch=0.864
2026-10-02T14:06:28Z step 820/938 loss=0.0002307 grad_norm=0.00018 learning_rate=4.16e-06 epoch=0.8747
2026-10-02T14:07:53Z step 830/938 loss=0.0005725 grad_norm=0.006983 learning_rate=3.498e-06 epoch=0.8853
2026-10-02T14:08:47Z step 840/938 loss=0.0005325 grad_norm=0.01119 learning_rate=2.892e-06 epoch=0.896
2026-10-02T14:09:42Z step 850/938 loss=0.0002892 grad_norm=0.01628 learning_rate=2.342e-06 epoch=0.9067
2026-10-02T14:10:37Z step 860/938 loss=0.01291 grad_norm=0.02064 learning_rate=1.848e-06 epoch=0.9173
2026-10-02T14:11:33Z step 870/938 loss=0.0006401 grad_norm=0.0157 learning_rate=1.412e-06 epoch=0.928
2026-10-02T14:12:28Z step 880/938 loss=0.0002363 grad_norm=0.07371 learning_rate=1.034e-06 epoch=0.9387
2026-10-02T14:13:25Z step 890/938 loss=0.001386 grad_norm=0.1307 learning_rate=7.137e-07 epoch=0.9493
2026-10-02T14:14:21Z step 900/938 loss=0.001065 grad_norm=2.184 learning_rate=4.525e-07 epoch=0.96
2026-10-02T14:15:16Z step 910/938 loss=7.284e-05 grad_norm=0.0006522 learning_rate=2.504e-07 epoch=0.9707
2026-10-02T14:16:11Z step 920/938 loss=0.0002181 grad_norm=0.002531 learning_rate=1.075e-07 epoch=0.9813
2026-10-02T14:17:05Z step 930/938 loss=0.0002935 grad_norm=0.001268 learning_rate=2.413e-08 epoch=0.992
2026-10-02T14:17:49Z step 938/938 train_runtime=5441 train_samples_per_second=11.03 train_steps_per_second=0.172 total_flos=1.084e+18 train_loss=0.01189 epoch=1
2026-10-02T14:18:17Z trained 938 steps in 90.7 min, 2407.1 tok/s, peak 21.56 GB
2026-10-02T14:18:30Z u path: fp32-hidden (max |u_fp32 - u_bf16logits| = 0.1292)
2026-10-02T14:18:31Z padding self-check: max |u_batch - u_single| = 0.1533 (tol 0.843) -> left padding
2026-10-02T14:19:52Z B-F-verdict-triplets-s0 rule_v1/dev: TA 99.7 Rev 100.0 Hold 99.7 n=300 (94.2 s)
2026-10-02T14:20:33Z B-F-verdict-triplets-s0 rule_v1/dev_missing: TA nan Rev nan Hold nan n=None (40.6 s)
2026-10-02T14:22:47Z B-F-verdict-triplets-s0 rule_v1/missing: TA nan Rev nan Hold nan n=None (134.1 s)
2026-10-02T14:27:20Z B-F-verdict-triplets-s0 rule_v1/readapply: TA 99.4 Rev 99.5 Hold 99.9 n=1000 (271.8 s)
2026-10-02T14:31:29Z B-F-verdict-triplets-s0 rule_v1/test_L0: TA 99.0 Rev 99.4 Hold 99.6 n=1000 (249.3 s)
2026-10-02T14:35:34Z B-F-verdict-triplets-s0 rule_v1/test_L1: TA 97.6 Rev 98.6 Hold 98.4 n=1000 (244.8 s)
2026-10-02T14:44:21Z B-F-verdict-triplets-s0 rule_v1/test_L2: TA 91.3 Rev 92.3 Hold 97.7 n=2000 (526.4 s)
2026-10-02T14:47:13Z B-F-verdict-triplets-s0 rule_v1/test_L3alt: TA 100.0 Rev 100.0 Hold 100.0 n=1000 (171.2 s)
2026-10-02T14:51:34Z B-F-verdict-triplets-s0 rule_v1/test_L3inv: TA 96.9 Rev 98.0 Hold 98.7 n=1000 (261.0 s)
2026-10-02T14:57:29Z B-F-verdict-triplets-s0 rule_v1/test_hard: TA 90.5 Rev 92.2 Hold 97.2 n=1000 (354.3 s)
2026-10-02T14:57:31Z DONE B-F-verdict-triplets-s0 in 130.7 min, GPU util mean 93.3
