2026-10-03T10:58:51Z step 10/938 loss=9.26 grad_norm=8.798 learning_rate=3.214e-05 epoch=0.01067
2026-10-03T10:59:23Z step 20/938 loss=2.797 grad_norm=4.922 learning_rate=6.786e-05 epoch=0.02133
2026-10-03T10:59:55Z step 30/938 loss=0.1446 grad_norm=1.282 learning_rate=0.0001 epoch=0.032
2026-10-03T11:00:28Z step 40/938 loss=0.03634 grad_norm=0.5697 learning_rate=9.996e-05 epoch=0.04267
2026-10-03T11:00:59Z step 50/938 loss=0.01809 grad_norm=0.01792 learning_rate=9.987e-05 epoch=0.05333
2026-10-03T11:01:30Z step 60/938 loss=0.007495 grad_norm=0.2936 learning_rate=9.971e-05 epoch=0.064
2026-10-03T11:02:03Z step 70/938 loss=0.01235 grad_norm=0.03731 learning_rate=9.95e-05 epoch=0.07467
2026-10-03T11:02:35Z step 80/938 loss=0.005291 grad_norm=0.1076 learning_rate=9.923e-05 epoch=0.08533
2026-10-03T11:03:07Z step 90/938 loss=0.01041 grad_norm=0.5028 learning_rate=9.89e-05 epoch=0.096
2026-10-03T11:03:37Z step 100/938 loss=0.005227 grad_norm=0.01741 learning_rate=9.851e-05 epoch=0.1067
2026-10-03T11:04:09Z step 110/938 loss=0.008224 grad_norm=0.113 learning_rate=9.806e-05 epoch=0.1173
2026-10-03T11:04:42Z step 120/938 loss=0.003843 grad_norm=0.0191 learning_rate=9.755e-05 epoch=0.128
2026-10-03T11:05:15Z step 130/938 loss=0.01521 grad_norm=0.6299 learning_rate=9.699e-05 epoch=0.1387
2026-10-03T11:05:46Z step 140/938 loss=0.005951 grad_norm=0.03484 learning_rate=9.637e-05 epoch=0.1493
2026-10-03T11:06:19Z step 150/938 loss=0.004812 grad_norm=0.04317 learning_rate=9.57e-05 epoch=0.16
2026-10-03T11:06:51Z step 160/938 loss=0.003645 grad_norm=0.002167 learning_rate=9.497e-05 epoch=0.1707
2026-10-03T11:07:23Z step 170/938 loss=0.0006 grad_norm=0.04947 learning_rate=9.419e-05 epoch=0.1813
2026-10-03T11:07:55Z step 180/938 loss=0.001922 grad_norm=0.005529 learning_rate=9.336e-05 epoch=0.192
2026-10-03T11:08:26Z step 190/938 loss=0.002485 grad_norm=0.06742 learning_rate=9.247e-05 epoch=0.2027
2026-10-03T11:08:59Z step 200/938 loss=0.001331 grad_norm=0.003225 learning_rate=9.154e-05 epoch=0.2133
2026-10-03T11:09:31Z step 210/938 loss=0.001132 grad_norm=0.001932 learning_rate=9.055e-05 epoch=0.224
2026-10-03T11:10:10Z step 220/938 loss=0.003929 grad_norm=1.369 learning_rate=8.952e-05 epoch=0.2347
2026-10-03T11:10:41Z step 230/938 loss=0.004492 grad_norm=0.01301 learning_rate=8.844e-05 epoch=0.2453
2026-10-03T11:11:13Z step 240/938 loss=0.001137 grad_norm=0.01864 learning_rate=8.731e-05 epoch=0.256
2026-10-03T11:11:44Z step 250/938 loss=0.004234 grad_norm=0.2243 learning_rate=8.614e-05 epoch=0.2667
2026-10-03T11:12:16Z step 260/938 loss=0.0006833 grad_norm=0.2185 learning_rate=8.493e-05 epoch=0.2773
2026-10-03T11:12:48Z step 270/938 loss=0.003922 grad_norm=0.0204 learning_rate=8.367e-05 epoch=0.288
2026-10-03T11:13:19Z step 280/938 loss=0.0007418 grad_norm=0.0007884 learning_rate=8.237e-05 epoch=0.2987
2026-10-03T11:13:51Z step 290/938 loss=0.002353 grad_norm=0.01205 learning_rate=8.104e-05 epoch=0.3093
2026-10-03T11:14:23Z step 300/938 loss=0.00154 grad_norm=0.002029 learning_rate=7.967e-05 epoch=0.32
2026-10-03T11:14:55Z step 310/938 loss=0.0008723 grad_norm=0.07612 learning_rate=7.826e-05 epoch=0.3307
2026-10-03T11:15:27Z step 320/938 loss=0.0002949 grad_norm=0.002415 learning_rate=7.682e-05 epoch=0.3413
2026-10-03T11:15:58Z step 330/938 loss=0.0001822 grad_norm=0.08001 learning_rate=7.535e-05 epoch=0.352
2026-10-03T11:16:31Z step 340/938 loss=6.897e-05 grad_norm=0.005166 learning_rate=7.385e-05 epoch=0.3627
2026-10-03T11:17:02Z step 350/938 loss=0.006102 grad_norm=0.04479 learning_rate=7.231e-05 epoch=0.3733
2026-10-03T11:17:38Z step 360/938 loss=0.01004 grad_norm=0.08084 learning_rate=7.076e-05 epoch=0.384
2026-10-03T11:18:10Z step 370/938 loss=0.001248 grad_norm=0.3583 learning_rate=6.917e-05 epoch=0.3947
2026-10-03T11:18:42Z step 380/938 loss=0.0008498 grad_norm=0.002401 learning_rate=6.757e-05 epoch=0.4053
2026-10-03T11:19:14Z step 390/938 loss=0.002015 grad_norm=0.001524 learning_rate=6.594e-05 epoch=0.416
2026-10-03T11:19:46Z step 400/938 loss=0.0002876 grad_norm=0.001452 learning_rate=6.43e-05 epoch=0.4267
2026-10-03T11:20:17Z step 410/938 loss=0.0001781 grad_norm=0.01234 learning_rate=6.264e-05 epoch=0.4373
2026-10-03T11:20:50Z step 420/938 loss=5.777e-05 grad_norm=0.003489 learning_rate=6.096e-05 epoch=0.448
2026-10-03T11:21:22Z step 430/938 loss=9.673e-05 grad_norm=0.06793 learning_rate=5.927e-05 epoch=0.4587
2026-10-03T11:21:54Z step 440/938 loss=6.883e-05 grad_norm=0.0002754 learning_rate=5.757e-05 epoch=0.4693
2026-10-03T11:22:27Z step 450/938 loss=4.431e-05 grad_norm=0.0004694 learning_rate=5.586e-05 epoch=0.48
2026-10-03T11:22:57Z step 460/938 loss=1.473e-05 grad_norm=0.0001103 learning_rate=5.414e-05 epoch=0.4907
2026-10-03T11:23:29Z step 470/938 loss=1.295e-05 grad_norm=0.0001518 learning_rate=5.242e-05 epoch=0.5013
2026-10-03T11:24:01Z step 480/938 loss=0.0002161 grad_norm=0.0001635 learning_rate=5.069e-05 epoch=0.512
2026-10-03T11:24:33Z step 490/938 loss=1.06e-05 grad_norm=0.0003096 learning_rate=4.896e-05 epoch=0.5227
2026-10-03T11:25:04Z step 500/938 loss=1.099e-05 grad_norm=0.0001922 learning_rate=4.724e-05 epoch=0.5333
2026-10-03T11:25:36Z step 510/938 loss=1.381e-05 grad_norm=0.002059 learning_rate=4.552e-05 epoch=0.544
2026-10-03T11:26:08Z step 520/938 loss=1.18e-05 grad_norm=0.000218 learning_rate=4.38e-05 epoch=0.5547
2026-10-03T11:26:39Z step 530/938 loss=1.153e-05 grad_norm=0.000264 learning_rate=4.209e-05 epoch=0.5653
2026-10-03T11:27:12Z step 540/938 loss=1.184e-05 grad_norm=0.0001555 learning_rate=4.039e-05 epoch=0.576
2026-10-03T11:27:44Z step 550/938 loss=1.372e-05 grad_norm=0.00036 learning_rate=3.871e-05 epoch=0.5867
2026-10-03T11:28:16Z step 560/938 loss=1.104e-05 grad_norm=0.0001015 learning_rate=3.703e-05 epoch=0.5973
2026-10-03T11:28:47Z step 570/938 loss=1.187e-05 grad_norm=0.0002646 learning_rate=3.537e-05 epoch=0.608
2026-10-03T11:29:19Z step 580/938 loss=1.018e-05 grad_norm=0.0007723 learning_rate=3.373e-05 epoch=0.6187
2026-10-03T11:29:50Z step 590/938 loss=8.826e-06 grad_norm=0.0001092 learning_rate=3.211e-05 epoch=0.6293
2026-10-03T11:30:22Z step 600/938 loss=1.802e-05 grad_norm=0.003256 learning_rate=3.051e-05 epoch=0.64
2026-10-03T11:30:55Z step 610/938 loss=1.001e-05 grad_norm=0.0001305 learning_rate=2.893e-05 epoch=0.6507
2026-10-03T11:31:26Z step 620/938 loss=1.079e-05 grad_norm=0.0001642 learning_rate=2.738e-05 epoch=0.6613
2026-10-03T11:31:58Z step 630/938 loss=0.0001256 grad_norm=0.4648 learning_rate=2.585e-05 epoch=0.672
2026-10-03T11:32:29Z step 640/938 loss=9.623e-06 grad_norm=7.143e-05 learning_rate=2.436e-05 epoch=0.6827
2026-10-03T11:33:00Z step 650/938 loss=7.835e-06 grad_norm=0.0001372 learning_rate=2.289e-05 epoch=0.6933
2026-10-03T11:33:33Z step 660/938 loss=1.846e-05 grad_norm=9.377e-05 learning_rate=2.145e-05 epoch=0.704
2026-10-03T11:34:05Z step 670/938 loss=9.751e-06 grad_norm=0.0001137 learning_rate=2.005e-05 epoch=0.7147
2026-10-03T11:34:38Z step 680/938 loss=9.209e-06 grad_norm=0.0001255 learning_rate=1.869e-05 epoch=0.7253
2026-10-03T11:35:11Z step 690/938 loss=1.021e-05 grad_norm=0.0003499 learning_rate=1.736e-05 epoch=0.736
2026-10-03T11:35:42Z step 700/938 loss=0.0002058 grad_norm=5.932e-05 learning_rate=1.608e-05 epoch=0.7467
2026-10-03T11:36:14Z step 710/938 loss=8.165e-06 grad_norm=0.0001621 learning_rate=1.483e-05 epoch=0.7573
2026-10-03T11:36:46Z step 720/938 loss=1.28e-05 grad_norm=0.0001494 learning_rate=1.362e-05 epoch=0.768
2026-10-03T11:37:55Z step 730/938 loss=7.104e-06 grad_norm=0.0001466 learning_rate=1.246e-05 epoch=0.7787
2026-10-03T11:38:26Z step 740/938 loss=9.161e-06 grad_norm=0.001194 learning_rate=1.134e-05 epoch=0.7893
2026-10-03T11:38:57Z step 750/938 loss=1.165e-05 grad_norm=0.0002055 learning_rate=1.027e-05 epoch=0.8
2026-10-03T11:39:31Z step 760/938 loss=9.709e-06 grad_norm=8.162e-05 learning_rate=9.247e-06 epoch=0.8107
2026-10-03T11:40:04Z step 770/938 loss=1.029e-05 grad_norm=9.045e-05 learning_rate=8.271e-06 epoch=0.8213
2026-10-03T11:40:36Z step 780/938 loss=8.819e-06 grad_norm=0.000199 learning_rate=7.345e-06 epoch=0.832
2026-10-03T11:41:08Z step 790/938 loss=1.026e-05 grad_norm=0.0005645 learning_rate=6.47e-06 epoch=0.8427
2026-10-03T11:41:41Z step 800/938 loss=4.365e-05 grad_norm=7.155e-05 learning_rate=5.647e-06 epoch=0.8533
2026-10-03T11:42:14Z step 810/938 loss=3.447e-05 grad_norm=0.0001065 learning_rate=4.877e-06 epoch=0.864
2026-10-03T11:42:46Z step 820/938 loss=1.047e-05 grad_norm=0.0009394 learning_rate=4.16e-06 epoch=0.8747
2026-10-03T11:43:18Z step 830/938 loss=6.924e-06 grad_norm=0.0001307 learning_rate=3.498e-06 epoch=0.8853
2026-10-03T11:43:49Z step 840/938 loss=1.164e-05 grad_norm=0.0007983 learning_rate=2.892e-06 epoch=0.896
2026-10-03T11:44:21Z step 850/938 loss=8.777e-06 grad_norm=0.0002418 learning_rate=2.342e-06 epoch=0.9067
2026-10-03T11:44:54Z step 860/938 loss=9.856e-06 grad_norm=8.239e-05 learning_rate=1.848e-06 epoch=0.9173
2026-10-03T11:45:25Z step 870/938 loss=1.099e-05 grad_norm=8.378e-05 learning_rate=1.412e-06 epoch=0.928
2026-10-03T11:45:56Z step 880/938 loss=1.262e-05 grad_norm=0.000101 learning_rate=1.034e-06 epoch=0.9387
2026-10-03T11:46:29Z step 890/938 loss=1.068e-05 grad_norm=0.0001201 learning_rate=7.137e-07 epoch=0.9493
2026-10-03T11:47:01Z step 900/938 loss=4.272e-05 grad_norm=0.0004271 learning_rate=4.525e-07 epoch=0.96
2026-10-03T11:47:34Z step 910/938 loss=8.278e-06 grad_norm=9.837e-05 learning_rate=2.504e-07 epoch=0.9707
2026-10-03T11:48:05Z step 920/938 loss=7.894e-06 grad_norm=0.0004182 learning_rate=1.075e-07 epoch=0.9813
2026-10-03T11:48:37Z step 930/938 loss=2.012e-05 grad_norm=8.367e-05 learning_rate=2.413e-08 epoch=0.992
2026-10-03T11:49:02Z step 938/938 train_runtime=3111 train_samples_per_second=19.29 train_steps_per_second=0.302 total_flos=1.138e+18 train_loss=0.1321 epoch=1
2026-10-03T11:49:06Z trained 938 steps in 51.9 min, 3773.7 tok/s, peak 34.14 GB
2026-10-03T11:49:08Z u path: fp32-hidden (max |u_fp32 - u_bf16logits| = 0.0003)
2026-10-03T11:49:09Z padding self-check: max |u_batch - u_single| = 0.0832 (tol 0.630) -> left padding
2026-10-03T11:50:10Z B-F-summary2-natural-s0 rule_v1/dev: TA 48.7 Rev 98.3 Hold 49.0 n=300 (63.0 s)
2026-10-03T11:52:28Z generate: batch 25/32, 228612 tokens, 1689 tok/s
2026-10-03T11:56:54Z B-F-summary2-natural-s0 rule_v1/test_L2: TA 45.7 Rev 97.3 Hold 47.0 n=2000 (403.6 s)
2026-10-03T11:59:07Z B-F-summary2-natural-s0 xr_v1/test: TA nan Rev nan Hold nan n=None (133.4 s)
2026-10-03T11:59:08Z DONE B-F-summary2-natural-s0 in 62.3 min, GPU util mean 91.2
