2026-10-02T17:14:17Z step 10/938 loss=2.235 grad_norm=1.734 learning_rate=3.214e-05 epoch=0.01067
2026-10-02T17:15:16Z step 20/938 loss=0.6867 grad_norm=0.9519 learning_rate=6.786e-05 epoch=0.02133
2026-10-02T17:16:15Z step 30/938 loss=0.04435 grad_norm=0.1869 learning_rate=0.0001 epoch=0.032
2026-10-02T17:17:12Z step 40/938 loss=0.009034 grad_norm=0.1722 learning_rate=9.996e-05 epoch=0.04267
2026-10-02T17:18:10Z step 50/938 loss=0.004479 grad_norm=0.06443 learning_rate=9.987e-05 epoch=0.05333
2026-10-02T17:19:08Z step 60/938 loss=0.001018 grad_norm=0.00914 learning_rate=9.971e-05 epoch=0.064
2026-10-02T17:20:05Z step 70/938 loss=0.00155 grad_norm=0.08316 learning_rate=9.95e-05 epoch=0.07467
2026-10-02T17:21:03Z step 80/938 loss=0.005947 grad_norm=0.05548 learning_rate=9.923e-05 epoch=0.08533
2026-10-02T17:22:01Z step 90/938 loss=0.002384 grad_norm=0.04861 learning_rate=9.89e-05 epoch=0.096
2026-10-02T17:22:57Z step 100/938 loss=0.001678 grad_norm=0.0216 learning_rate=9.851e-05 epoch=0.1067
2026-10-02T17:23:56Z step 110/938 loss=0.002808 grad_norm=0.3116 learning_rate=9.806e-05 epoch=0.1173
2026-10-02T17:24:52Z step 120/938 loss=0.0006804 grad_norm=0.1767 learning_rate=9.755e-05 epoch=0.128
2026-10-02T17:25:49Z step 130/938 loss=0.002153 grad_norm=0.005106 learning_rate=9.699e-05 epoch=0.1387
2026-10-02T17:26:47Z step 140/938 loss=0.0009892 grad_norm=0.1039 learning_rate=9.637e-05 epoch=0.1493
2026-10-02T17:27:44Z step 150/938 loss=0.001526 grad_norm=0.2701 learning_rate=9.57e-05 epoch=0.16
2026-10-02T17:28:43Z step 160/938 loss=0.0008286 grad_norm=0.003363 learning_rate=9.497e-05 epoch=0.1707
2026-10-02T17:29:41Z step 170/938 loss=0.0002109 grad_norm=0.005965 learning_rate=9.419e-05 epoch=0.1813
2026-10-02T17:31:17Z step 180/938 loss=0.0008169 grad_norm=0.01329 learning_rate=9.336e-05 epoch=0.192
2026-10-02T17:32:12Z step 190/938 loss=0.001759 grad_norm=0.01066 learning_rate=9.247e-05 epoch=0.2027
2026-10-02T17:33:13Z step 200/938 loss=0.0004413 grad_norm=0.001496 learning_rate=9.154e-05 epoch=0.2133
2026-10-02T17:34:10Z step 210/938 loss=0.0005377 grad_norm=0.02824 learning_rate=9.055e-05 epoch=0.224
2026-10-02T17:35:09Z step 220/938 loss=0.0004305 grad_norm=0.0009438 learning_rate=8.952e-05 epoch=0.2347
2026-10-02T17:36:09Z step 230/938 loss=0.0008338 grad_norm=0.04751 learning_rate=8.844e-05 epoch=0.2453
2026-10-02T17:37:09Z step 240/938 loss=0.001703 grad_norm=0.00751 learning_rate=8.731e-05 epoch=0.256
2026-10-02T17:38:07Z step 250/938 loss=0.003522 grad_norm=0.1997 learning_rate=8.614e-05 epoch=0.2667
2026-10-02T17:39:07Z step 260/938 loss=0.001635 grad_norm=0.08238 learning_rate=8.493e-05 epoch=0.2773
2026-10-02T17:40:08Z step 270/938 loss=0.001133 grad_norm=0.04727 learning_rate=8.367e-05 epoch=0.288
2026-10-02T17:41:03Z step 280/938 loss=0.0009554 grad_norm=0.03103 learning_rate=8.237e-05 epoch=0.2987
2026-10-02T17:42:01Z step 290/938 loss=0.0003016 grad_norm=0.0008575 learning_rate=8.104e-05 epoch=0.3093
2026-10-02T17:43:00Z step 300/938 loss=0.0001001 grad_norm=0.01481 learning_rate=7.967e-05 epoch=0.32
2026-10-02T17:43:57Z step 310/938 loss=0.000346 grad_norm=0.01926 learning_rate=7.826e-05 epoch=0.3307
2026-10-02T17:44:54Z step 320/938 loss=0.0001932 grad_norm=0.0004661 learning_rate=7.682e-05 epoch=0.3413
2026-10-02T17:45:53Z step 330/938 loss=1.661e-05 grad_norm=0.0002027 learning_rate=7.535e-05 epoch=0.352
2026-10-02T17:46:53Z step 340/938 loss=2.014e-05 grad_norm=0.001343 learning_rate=7.385e-05 epoch=0.3627
2026-10-02T17:47:52Z step 350/938 loss=0.0004652 grad_norm=0.0004517 learning_rate=7.231e-05 epoch=0.3733
2026-10-02T17:48:51Z step 360/938 loss=0.0002973 grad_norm=0.01627 learning_rate=7.076e-05 epoch=0.384
2026-10-02T17:49:49Z step 370/938 loss=0.0002306 grad_norm=0.001023 learning_rate=6.917e-05 epoch=0.3947
2026-10-02T17:51:25Z step 380/938 loss=0.0001564 grad_norm=0.000338 learning_rate=6.757e-05 epoch=0.4053
2026-10-02T17:52:24Z step 390/938 loss=0.0005377 grad_norm=0.0007059 learning_rate=6.594e-05 epoch=0.416
2026-10-02T17:53:20Z step 400/938 loss=6.797e-05 grad_norm=0.00304 learning_rate=6.43e-05 epoch=0.4267
2026-10-02T17:54:20Z step 410/938 loss=4.111e-05 grad_norm=0.0002076 learning_rate=6.264e-05 epoch=0.4373
2026-10-02T17:55:18Z step 420/938 loss=2.218e-05 grad_norm=0.004279 learning_rate=6.096e-05 epoch=0.448
2026-10-02T17:56:16Z step 430/938 loss=0.0001142 grad_norm=0.01546 learning_rate=5.927e-05 epoch=0.4587
2026-10-02T17:57:12Z step 440/938 loss=1.323e-05 grad_norm=0.0005772 learning_rate=5.757e-05 epoch=0.4693
2026-10-02T17:58:10Z step 450/938 loss=0.0005244 grad_norm=0.01101 learning_rate=5.586e-05 epoch=0.48
2026-10-02T17:59:08Z step 460/938 loss=5.167e-05 grad_norm=0.0002873 learning_rate=5.414e-05 epoch=0.4907
2026-10-02T18:00:07Z step 470/938 loss=4.077e-05 grad_norm=0.003119 learning_rate=5.242e-05 epoch=0.5013
2026-10-02T18:01:06Z step 480/938 loss=3.065e-05 grad_norm=0.0007862 learning_rate=5.069e-05 epoch=0.512
2026-10-02T18:02:05Z step 490/938 loss=1.272e-05 grad_norm=0.0008917 learning_rate=4.896e-05 epoch=0.5227
2026-10-02T18:03:04Z step 500/938 loss=0.0001356 grad_norm=0.0003779 learning_rate=4.724e-05 epoch=0.5333
2026-10-02T18:04:04Z step 510/938 loss=3.664e-05 grad_norm=0.03474 learning_rate=4.552e-05 epoch=0.544
2026-10-02T18:05:02Z step 520/938 loss=1.755e-05 grad_norm=0.01008 learning_rate=4.38e-05 epoch=0.5547
2026-10-02T18:06:01Z step 530/938 loss=3.622e-05 grad_norm=0.001053 learning_rate=4.209e-05 epoch=0.5653
2026-10-02T18:07:00Z step 540/938 loss=9.916e-06 grad_norm=0.0003563 learning_rate=4.039e-05 epoch=0.576
2026-10-02T18:07:59Z step 550/938 loss=7.71e-06 grad_norm=0.000101 learning_rate=3.871e-05 epoch=0.5867
2026-10-02T18:08:57Z step 560/938 loss=0.000255 grad_norm=0.0001334 learning_rate=3.703e-05 epoch=0.5973
2026-10-02T18:09:57Z step 570/938 loss=1.598e-05 grad_norm=0.0009518 learning_rate=3.537e-05 epoch=0.608
2026-10-02T18:11:31Z step 580/938 loss=6.284e-05 grad_norm=0.0003482 learning_rate=3.373e-05 epoch=0.6187
2026-10-02T18:12:29Z step 590/938 loss=1.241e-05 grad_norm=0.001132 learning_rate=3.211e-05 epoch=0.6293
2026-10-02T18:13:26Z step 600/938 loss=9.391e-06 grad_norm=0.0001407 learning_rate=3.051e-05 epoch=0.64
2026-10-02T18:14:24Z step 610/938 loss=2.066e-05 grad_norm=0.0002697 learning_rate=2.893e-05 epoch=0.6507
2026-10-02T18:15:24Z step 620/938 loss=5.905e-06 grad_norm=0.0003891 learning_rate=2.738e-05 epoch=0.6613
2026-10-02T18:16:22Z step 630/938 loss=1.173e-05 grad_norm=0.0003508 learning_rate=2.585e-05 epoch=0.672
2026-10-02T18:17:21Z step 640/938 loss=7.809e-06 grad_norm=7.303e-05 learning_rate=2.436e-05 epoch=0.6827
2026-10-02T18:18:18Z step 650/938 loss=1.756e-05 grad_norm=9.181e-05 learning_rate=2.289e-05 epoch=0.6933
2026-10-02T18:19:17Z step 660/938 loss=0.0001002 grad_norm=0.003881 learning_rate=2.145e-05 epoch=0.704
2026-10-02T18:20:13Z step 670/938 loss=6.503e-06 grad_norm=0.0001414 learning_rate=2.005e-05 epoch=0.7147
2026-10-02T18:21:11Z step 680/938 loss=4.605e-06 grad_norm=0.0004163 learning_rate=1.869e-05 epoch=0.7253
2026-10-02T18:22:11Z step 690/938 loss=1.506e-05 grad_norm=0.0007899 learning_rate=1.736e-05 epoch=0.736
2026-10-02T18:23:08Z step 700/938 loss=5.162e-06 grad_norm=0.0002054 learning_rate=1.608e-05 epoch=0.7467
2026-10-02T18:24:05Z step 710/938 loss=5.816e-06 grad_norm=6.847e-05 learning_rate=1.483e-05 epoch=0.7573
2026-10-02T18:25:04Z step 720/938 loss=9.213e-06 grad_norm=8.156e-05 learning_rate=1.362e-05 epoch=0.768
2026-10-02T18:26:03Z step 730/938 loss=4.921e-06 grad_norm=0.001502 learning_rate=1.246e-05 epoch=0.7787
2026-10-02T18:27:01Z step 740/938 loss=4.902e-06 grad_norm=0.0005206 learning_rate=1.134e-05 epoch=0.7893
2026-10-02T18:27:59Z step 750/938 loss=5.541e-06 grad_norm=6.736e-05 learning_rate=1.027e-05 epoch=0.8
2026-10-02T18:28:57Z step 760/938 loss=4.462e-06 grad_norm=9.461e-05 learning_rate=9.247e-06 epoch=0.8107
2026-10-02T18:29:55Z step 770/938 loss=2.676e-05 grad_norm=6.797e-05 learning_rate=8.271e-06 epoch=0.8213
2026-10-02T18:31:32Z step 780/938 loss=4.191e-06 grad_norm=0.0002412 learning_rate=7.345e-06 epoch=0.832
2026-10-02T18:32:32Z step 790/938 loss=0.00048 grad_norm=0.0003604 learning_rate=6.47e-06 epoch=0.8427
2026-10-02T18:33:28Z step 800/938 loss=4.595e-06 grad_norm=0.0002413 learning_rate=5.647e-06 epoch=0.8533
2026-10-02T18:34:27Z step 810/938 loss=4.915e-06 grad_norm=9.561e-05 learning_rate=4.877e-06 epoch=0.864
2026-10-02T18:35:22Z step 820/938 loss=5.647e-06 grad_norm=0.0001549 learning_rate=4.16e-06 epoch=0.8747
2026-10-02T18:36:20Z step 830/938 loss=6.268e-06 grad_norm=0.0003192 learning_rate=3.498e-06 epoch=0.8853
2026-10-02T18:37:16Z step 840/938 loss=5.036e-06 grad_norm=8.633e-05 learning_rate=2.892e-06 epoch=0.896
2026-10-02T18:38:16Z step 850/938 loss=6.597e-06 grad_norm=0.005489 learning_rate=2.342e-06 epoch=0.9067
2026-10-02T18:39:14Z step 860/938 loss=9.523e-06 grad_norm=5.818e-05 learning_rate=1.848e-06 epoch=0.9173
2026-10-02T18:40:12Z step 870/938 loss=1.431e-05 grad_norm=6.391e-05 learning_rate=1.412e-06 epoch=0.928
2026-10-02T18:41:11Z step 880/938 loss=8.41e-06 grad_norm=0.0005011 learning_rate=1.034e-06 epoch=0.9387
2026-10-02T18:42:10Z step 890/938 loss=4.929e-06 grad_norm=9.379e-05 learning_rate=7.137e-07 epoch=0.9493
2026-10-02T18:43:09Z step 900/938 loss=6.107e-06 grad_norm=0.0001358 learning_rate=4.525e-07 epoch=0.96
2026-10-02T18:44:06Z step 910/938 loss=5.653e-06 grad_norm=5.143e-05 learning_rate=2.504e-07 epoch=0.9707
2026-10-02T18:45:03Z step 920/938 loss=5.947e-06 grad_norm=0.0001432 learning_rate=1.075e-07 epoch=0.9813
2026-10-02T18:46:01Z step 930/938 loss=7.46e-06 grad_norm=0.0002565 learning_rate=2.413e-08 epoch=0.992
2026-10-02T18:46:44Z step 938/938 train_runtime=5775 train_samples_per_second=10.39 train_steps_per_second=0.162 total_flos=1.147e+18 train_loss=0.0322 epoch=1
2026-10-02T18:47:19Z trained 938 steps in 96.3 min, 2079.3 tok/s, peak 23.66 GB
2026-10-02T18:47:34Z u path: fp32-hidden (max |u_fp32 - u_bf16logits| = 0.0234)
2026-10-02T18:47:35Z padding self-check: max |u_batch - u_single| = 0.0993 (tol 0.641) -> left padding
2026-10-02T18:49:54Z B-F-summary2-triplets-s0 rule_v1/dev: TA 98.7 Rev 99.0 Hold 99.7 n=300 (153.7 s)
2026-10-02T18:54:45Z generate: batch 25/32, 230264 tokens, 812 tok/s
2026-10-02T19:03:10Z B-F-summary2-triplets-s0 rule_v1/test_L2: TA 98.0 Rev 98.5 Hold 99.3 n=2000 (795.6 s)
2026-10-02T19:04:17Z B-F-summary2-triplets-s0 rule_v1/dev_missing: TA nan Rev nan Hold nan n=None (65.8 s)
2026-10-02T19:07:38Z B-F-summary2-triplets-s0 rule_v1/missing: TA nan Rev nan Hold nan n=None (201.2 s)
2026-10-02T19:07:40Z DONE B-F-summary2-triplets-s0 in 117.8 min, GPU util mean 91.2
