2026-10-03T07:44:09Z step 10/938 loss=0.435 grad_norm=0.8932 learning_rate=3.214e-05 epoch=0.01067
2026-10-03T07:45:29Z step 20/938 loss=0.06086 grad_norm=0.293 learning_rate=6.786e-05 epoch=0.02133
2026-10-03T07:46:49Z step 30/938 loss=0.01175 grad_norm=0.1519 learning_rate=0.0001 epoch=0.032
2026-10-03T07:48:12Z step 40/938 loss=0.004236 grad_norm=0.01404 learning_rate=9.996e-05 epoch=0.04267
2026-10-03T07:49:35Z step 50/938 loss=0.0008823 grad_norm=0.06521 learning_rate=9.987e-05 epoch=0.05333
2026-10-03T07:50:56Z step 60/938 loss=0.001069 grad_norm=0.001784 learning_rate=9.971e-05 epoch=0.064
2026-10-03T07:52:17Z step 70/938 loss=0.0007864 grad_norm=0.09965 learning_rate=9.95e-05 epoch=0.07467
2026-10-03T07:53:38Z step 80/938 loss=0.001273 grad_norm=0.01024 learning_rate=9.923e-05 epoch=0.08533
2026-10-03T07:54:59Z step 90/938 loss=0.001038 grad_norm=0.002004 learning_rate=9.89e-05 epoch=0.096
2026-10-03T07:56:20Z step 100/938 loss=0.002092 grad_norm=0.03714 learning_rate=9.851e-05 epoch=0.1067
2026-10-03T07:57:40Z step 110/938 loss=0.0003697 grad_norm=0.004552 learning_rate=9.806e-05 epoch=0.1173
2026-10-03T07:59:36Z step 120/938 loss=0.0002824 grad_norm=0.001481 learning_rate=9.755e-05 epoch=0.128
2026-10-03T08:00:58Z step 130/938 loss=0.001621 grad_norm=0.003456 learning_rate=9.699e-05 epoch=0.1387
2026-10-03T08:02:15Z step 140/938 loss=0.003656 grad_norm=0.5214 learning_rate=9.637e-05 epoch=0.1493
2026-10-03T08:03:36Z step 150/938 loss=0.008038 grad_norm=0.03595 learning_rate=9.57e-05 epoch=0.16
2026-10-03T08:04:57Z step 160/938 loss=0.0009809 grad_norm=0.01096 learning_rate=9.497e-05 epoch=0.1707
2026-10-03T08:06:19Z step 170/938 loss=0.0005296 grad_norm=0.00984 learning_rate=9.419e-05 epoch=0.1813
2026-10-03T08:07:39Z step 180/938 loss=0.00161 grad_norm=0.006826 learning_rate=9.336e-05 epoch=0.192
2026-10-03T08:09:00Z step 190/938 loss=0.0004839 grad_norm=0.006314 learning_rate=9.247e-05 epoch=0.2027
2026-10-03T08:10:21Z step 200/938 loss=0.0002386 grad_norm=0.06088 learning_rate=9.154e-05 epoch=0.2133
2026-10-03T08:11:41Z step 210/938 loss=0.0002913 grad_norm=0.003529 learning_rate=9.055e-05 epoch=0.224
2026-10-03T08:13:02Z step 220/938 loss=0.0001278 grad_norm=0.00212 learning_rate=8.952e-05 epoch=0.2347
2026-10-03T08:14:22Z step 230/938 loss=3.632e-05 grad_norm=0.01444 learning_rate=8.844e-05 epoch=0.2453
2026-10-03T08:15:45Z step 240/938 loss=0.0005755 grad_norm=0.1474 learning_rate=8.731e-05 epoch=0.256
2026-10-03T08:17:07Z step 250/938 loss=0.0006514 grad_norm=0.008463 learning_rate=8.614e-05 epoch=0.2667
2026-10-03T08:19:12Z step 260/938 loss=0.0005374 grad_norm=0.001481 learning_rate=8.493e-05 epoch=0.2773
2026-10-03T08:20:33Z step 270/938 loss=0.001976 grad_norm=0.0334 learning_rate=8.367e-05 epoch=0.288
2026-10-03T08:21:54Z step 280/938 loss=0.001239 grad_norm=0.1434 learning_rate=8.237e-05 epoch=0.2987
2026-10-03T08:23:15Z step 290/938 loss=0.0002554 grad_norm=0.002746 learning_rate=8.104e-05 epoch=0.3093
2026-10-03T08:24:37Z step 300/938 loss=0.0006796 grad_norm=0.006824 learning_rate=7.967e-05 epoch=0.32
2026-10-03T08:25:59Z step 310/938 loss=0.0006219 grad_norm=0.03634 learning_rate=7.826e-05 epoch=0.3307
2026-10-03T08:27:20Z step 320/938 loss=0.0001668 grad_norm=0.009338 learning_rate=7.682e-05 epoch=0.3413
2026-10-03T08:28:42Z step 330/938 loss=0.001169 grad_norm=0.0007474 learning_rate=7.535e-05 epoch=0.352
2026-10-03T08:30:03Z step 340/938 loss=0.0001192 grad_norm=0.00443 learning_rate=7.385e-05 epoch=0.3627
2026-10-03T08:31:26Z step 350/938 loss=0.0001175 grad_norm=0.001217 learning_rate=7.231e-05 epoch=0.3733
2026-10-03T08:32:47Z step 360/938 loss=7.611e-05 grad_norm=0.001381 learning_rate=7.076e-05 epoch=0.384
2026-10-03T08:34:06Z step 370/938 loss=1.886e-05 grad_norm=0.0005592 learning_rate=6.917e-05 epoch=0.3947
2026-10-03T08:35:27Z step 380/938 loss=2.442e-05 grad_norm=0.0002127 learning_rate=6.757e-05 epoch=0.4053
2026-10-03T08:36:47Z step 390/938 loss=2.967e-05 grad_norm=0.001263 learning_rate=6.594e-05 epoch=0.416
2026-10-03T08:38:08Z step 400/938 loss=1.542e-05 grad_norm=0.0004363 learning_rate=6.43e-05 epoch=0.4267
2026-10-03T08:40:03Z step 410/938 loss=2.789e-05 grad_norm=9.112e-05 learning_rate=6.264e-05 epoch=0.4373
2026-10-03T08:41:28Z step 420/938 loss=1.272e-05 grad_norm=0.0002448 learning_rate=6.096e-05 epoch=0.448
2026-10-03T08:42:48Z step 430/938 loss=0.0009614 grad_norm=0.0004609 learning_rate=5.927e-05 epoch=0.4587
2026-10-03T08:44:07Z step 440/938 loss=0.0003785 grad_norm=0.01308 learning_rate=5.757e-05 epoch=0.4693
2026-10-03T08:45:28Z step 450/938 loss=0.0001536 grad_norm=0.009291 learning_rate=5.586e-05 epoch=0.48
2026-10-03T08:46:47Z step 460/938 loss=1.697e-05 grad_norm=0.0002975 learning_rate=5.414e-05 epoch=0.4907
2026-10-03T08:48:06Z step 470/938 loss=1.915e-05 grad_norm=0.0002654 learning_rate=5.242e-05 epoch=0.5013
2026-10-03T08:49:27Z step 480/938 loss=3.153e-05 grad_norm=0.0002381 learning_rate=5.069e-05 epoch=0.512
2026-10-03T08:50:48Z step 490/938 loss=1.072e-05 grad_norm=0.000733 learning_rate=4.896e-05 epoch=0.5227
2026-10-03T08:52:10Z step 500/938 loss=1.374e-05 grad_norm=0.0003796 learning_rate=4.724e-05 epoch=0.5333
2026-10-03T08:53:29Z step 510/938 loss=8.633e-06 grad_norm=8.349e-05 learning_rate=4.552e-05 epoch=0.544
2026-10-03T08:54:51Z step 520/938 loss=3.012e-05 grad_norm=0.0006553 learning_rate=4.38e-05 epoch=0.5547
2026-10-03T08:56:11Z step 530/938 loss=0.0003655 grad_norm=9.977e-05 learning_rate=4.209e-05 epoch=0.5653
2026-10-03T08:57:31Z step 540/938 loss=7.586e-05 grad_norm=0.0004837 learning_rate=4.039e-05 epoch=0.576
2026-10-03T08:59:27Z step 550/938 loss=1.533e-05 grad_norm=0.001994 learning_rate=3.871e-05 epoch=0.5867
2026-10-03T09:00:48Z step 560/938 loss=0.0001967 grad_norm=0.1384 learning_rate=3.703e-05 epoch=0.5973
2026-10-03T09:02:08Z step 570/938 loss=7.76e-05 grad_norm=9.37e-05 learning_rate=3.537e-05 epoch=0.608
2026-10-03T09:03:32Z step 580/938 loss=4.486e-05 grad_norm=0.00244 learning_rate=3.373e-05 epoch=0.6187
2026-10-03T09:04:53Z step 590/938 loss=1.022e-05 grad_norm=0.0002366 learning_rate=3.211e-05 epoch=0.6293
2026-10-03T09:06:13Z step 600/938 loss=3.628e-05 grad_norm=0.000354 learning_rate=3.051e-05 epoch=0.64
2026-10-03T09:07:35Z step 610/938 loss=8.267e-06 grad_norm=8.932e-05 learning_rate=2.893e-05 epoch=0.6507
2026-10-03T09:08:54Z step 620/938 loss=2.775e-05 grad_norm=7.915e-05 learning_rate=2.738e-05 epoch=0.6613
2026-10-03T09:10:16Z step 630/938 loss=1.164e-05 grad_norm=0.0001569 learning_rate=2.585e-05 epoch=0.672
2026-10-03T09:11:39Z step 640/938 loss=3.555e-05 grad_norm=0.000118 learning_rate=2.436e-05 epoch=0.6827
2026-10-03T09:13:02Z step 650/938 loss=1.119e-05 grad_norm=0.0001553 learning_rate=2.289e-05 epoch=0.6933
2026-10-03T09:14:23Z step 660/938 loss=2.696e-05 grad_norm=0.0011 learning_rate=2.145e-05 epoch=0.704
2026-10-03T09:15:44Z step 670/938 loss=4.597e-06 grad_norm=8.999e-05 learning_rate=2.005e-05 epoch=0.7147
2026-10-03T09:17:05Z step 680/938 loss=6.674e-06 grad_norm=0.0001226 learning_rate=1.869e-05 epoch=0.7253
2026-10-03T09:19:03Z step 690/938 loss=9.304e-06 grad_norm=0.0001298 learning_rate=1.736e-05 epoch=0.736
2026-10-03T09:20:24Z step 700/938 loss=8.869e-06 grad_norm=0.0003532 learning_rate=1.608e-05 epoch=0.7467
2026-10-03T09:21:45Z step 710/938 loss=6.142e-06 grad_norm=5.058e-05 learning_rate=1.483e-05 epoch=0.7573
2026-10-03T09:23:06Z step 720/938 loss=6.066e-06 grad_norm=6.922e-05 learning_rate=1.362e-05 epoch=0.768
2026-10-03T09:24:24Z step 730/938 loss=7.039e-06 grad_norm=6.709e-05 learning_rate=1.246e-05 epoch=0.7787
2026-10-03T09:25:45Z step 740/938 loss=2.82e-05 grad_norm=6.727e-05 learning_rate=1.134e-05 epoch=0.7893
2026-10-03T09:27:09Z step 750/938 loss=1.29e-05 grad_norm=0.0005738 learning_rate=1.027e-05 epoch=0.8
2026-10-03T09:28:31Z step 760/938 loss=3.702e-06 grad_norm=0.0001151 learning_rate=9.247e-06 epoch=0.8107
2026-10-03T09:29:52Z step 770/938 loss=5.595e-06 grad_norm=0.0001201 learning_rate=8.271e-06 epoch=0.8213
2026-10-03T09:31:13Z step 780/938 loss=1.107e-05 grad_norm=0.002683 learning_rate=7.345e-06 epoch=0.832
2026-10-03T09:32:36Z step 790/938 loss=7.729e-06 grad_norm=0.0007071 learning_rate=6.47e-06 epoch=0.8427
2026-10-03T09:33:56Z step 800/938 loss=7.149e-06 grad_norm=0.0004099 learning_rate=5.647e-06 epoch=0.8533
2026-10-03T09:35:17Z step 810/938 loss=5.596e-06 grad_norm=0.0001082 learning_rate=4.877e-06 epoch=0.864
2026-10-03T09:36:38Z step 820/938 loss=4.625e-06 grad_norm=9.43e-05 learning_rate=4.16e-06 epoch=0.8747
2026-10-03T09:37:58Z step 830/938 loss=6.217e-06 grad_norm=0.000185 learning_rate=3.498e-06 epoch=0.8853
2026-10-03T09:39:53Z step 840/938 loss=5.481e-06 grad_norm=0.0009927 learning_rate=2.892e-06 epoch=0.896
2026-10-03T09:41:15Z step 850/938 loss=1.798e-05 grad_norm=8.468e-05 learning_rate=2.342e-06 epoch=0.9067
2026-10-03T09:42:34Z step 860/938 loss=2.719e-05 grad_norm=0.004916 learning_rate=1.848e-06 epoch=0.9173
2026-10-03T09:43:53Z step 870/938 loss=0.0001475 grad_norm=0.0001995 learning_rate=1.412e-06 epoch=0.928
2026-10-03T09:45:14Z step 880/938 loss=1.051e-05 grad_norm=0.0001178 learning_rate=1.034e-06 epoch=0.9387
2026-10-03T09:46:35Z step 890/938 loss=5.509e-06 grad_norm=7.618e-05 learning_rate=7.137e-07 epoch=0.9493
2026-10-03T09:47:56Z step 900/938 loss=3.835e-06 grad_norm=5.217e-05 learning_rate=4.525e-07 epoch=0.96
2026-10-03T09:49:17Z step 910/938 loss=8.989e-06 grad_norm=8.781e-05 learning_rate=2.504e-07 epoch=0.9707
2026-10-03T09:50:38Z step 920/938 loss=1.978e-05 grad_norm=0.004956 learning_rate=1.075e-07 epoch=0.9813
2026-10-03T09:51:58Z step 930/938 loss=4.528e-05 grad_norm=0.0001516 learning_rate=2.413e-08 epoch=0.992
2026-10-03T09:53:00Z step 938/938 train_runtime=8096 train_samples_per_second=7.411 train_steps_per_second=0.116 total_flos=1.254e+18 train_loss=0.005849 epoch=1
2026-10-03T09:53:33Z trained 938 steps in 135.0 min, 1611.7 tok/s, peak 23.82 GB
2026-10-03T09:53:54Z u path: fp32-hidden (max |u_fp32 - u_bf16logits| = 0.0024)
2026-10-03T09:53:57Z padding self-check: max |u_batch - u_single| = 0.1057 (tol 0.612) -> left padding
2026-10-03T09:56:58Z B-F-ledger2-blocks-s2 rule_v1/dev: TA 80.0 Rev 99.7 Hold 80.0 n=300 (203.9 s)
2026-10-03T09:58:28Z B-F-ledger2-blocks-s2 rule_v1/dev_missing: TA nan Rev nan Hold nan n=None (89.3 s)
2026-10-03T10:03:16Z B-F-ledger2-blocks-s2 rule_v1/missing: TA nan Rev nan Hold nan n=None (287.4 s)
2026-10-03T10:06:05Z generate: batch 25/55, 99163 tokens, 603 tok/s
2026-10-03T10:09:56Z generate: batch 50/55, 214758 tokens, 542 tok/s
2026-10-03T10:15:33Z B-F-ledger2-blocks-s2 rule_v1/readapply: TA 83.6 Rev 99.7 Hold 83.8 n=1000 (736.3 s)
2026-10-03T10:19:03Z generate: batch 25/32, 105957 tokens, 516 tok/s
2026-10-03T10:24:10Z B-F-ledger2-blocks-s2 rule_v1/test_L0: TA 81.9 Rev 100.0 Hold 81.9 n=1000 (516.8 s)
2026-10-03T10:27:43Z generate: batch 25/32, 109735 tokens, 524 tok/s
2026-10-03T10:32:55Z B-F-ledger2-blocks-s2 rule_v1/test_L1: TA 80.6 Rev 99.5 Hold 81.0 n=1000 (524.4 s)
2026-10-03T10:36:38Z generate: batch 25/63, 104874 tokens, 500 tok/s
2026-10-03T10:40:34Z generate: batch 50/63, 224902 tokens, 505 tok/s
2026-10-03T10:51:41Z B-F-ledger2-blocks-s2 rule_v1/test_L2: TA 74.9 Rev 99.9 Hold 74.9 n=2000 (1125.9 s)
2026-10-03T10:55:15Z generate: batch 25/32, 123590 tokens, 589 tok/s
2026-10-03T10:59:48Z B-F-ledger2-blocks-s2 rule_v1/test_L3alt: TA 87.4 Rev 100.0 Hold 87.4 n=1000 (486.0 s)
2026-10-03T11:03:29Z generate: batch 25/32, 110210 tokens, 507 tok/s
2026-10-03T11:08:57Z B-F-ledger2-blocks-s2 rule_v1/test_L3inv: TA 71.3 Rev 99.6 Hold 71.7 n=1000 (549.0 s)
2026-10-03T11:13:19Z generate: batch 25/32, 111342 tokens, 433 tok/s
2026-10-03T11:18:52Z B-F-ledger2-blocks-s2 rule_v1/test_hard: TA 74.8 Rev 100.0 Hold 74.8 n=1000 (594.2 s)
2026-10-03T11:25:02Z B-F-ledger2-blocks-s2 xr_v1/test: TA nan Rev nan Hold nan n=None (368.9 s)
2026-10-03T11:25:05Z DONE B-F-ledger2-blocks-s2 in 229.1 min, GPU util mean 89.5
