2026-10-10T10:37:01Z step 10/938 loss=1.036 grad_norm=11.45 learning_rate=3.214e-05 epoch=0.01067
2026-10-10T10:37:31Z step 20/938 loss=0.6826 grad_norm=3.023 learning_rate=6.786e-05 epoch=0.02133
2026-10-10T10:38:03Z step 30/938 loss=0.4822 grad_norm=9.452 learning_rate=0.0001 epoch=0.032
2026-10-10T10:38:33Z step 40/938 loss=0.496 grad_norm=2.77 learning_rate=9.996e-05 epoch=0.04267
2026-10-10T10:39:03Z step 50/938 loss=0.3154 grad_norm=3.06 learning_rate=9.987e-05 epoch=0.05333
2026-10-10T10:39:35Z step 60/938 loss=0.3716 grad_norm=6.403 learning_rate=9.971e-05 epoch=0.064
2026-10-10T10:40:05Z step 70/938 loss=0.3117 grad_norm=2.633 learning_rate=9.95e-05 epoch=0.07467
2026-10-10T10:40:36Z step 80/938 loss=0.2741 grad_norm=1.884 learning_rate=9.923e-05 epoch=0.08533
2026-10-10T10:41:08Z step 90/938 loss=0.2454 grad_norm=2.088 learning_rate=9.89e-05 epoch=0.096
2026-10-10T10:41:38Z step 100/938 loss=0.2166 grad_norm=1.085 learning_rate=9.851e-05 epoch=0.1067
2026-10-10T10:42:09Z step 110/938 loss=0.3039 grad_norm=2.442 learning_rate=9.806e-05 epoch=0.1173
2026-10-10T10:42:39Z step 120/938 loss=0.3045 grad_norm=5.388 learning_rate=9.755e-05 epoch=0.128
2026-10-10T10:43:10Z step 130/938 loss=0.1755 grad_norm=1.768 learning_rate=9.699e-05 epoch=0.1387
2026-10-10T10:43:40Z step 140/938 loss=0.2629 grad_norm=2.593 learning_rate=9.637e-05 epoch=0.1493
2026-10-10T10:44:10Z step 150/938 loss=0.18 grad_norm=2.668 learning_rate=9.57e-05 epoch=0.16
2026-10-10T10:44:42Z step 160/938 loss=0.1935 grad_norm=1.797 learning_rate=9.497e-05 epoch=0.1707
2026-10-10T10:45:12Z step 170/938 loss=0.1976 grad_norm=3.104 learning_rate=9.419e-05 epoch=0.1813
2026-10-10T10:45:42Z step 180/938 loss=0.2271 grad_norm=0.6773 learning_rate=9.336e-05 epoch=0.192
2026-10-10T10:46:14Z step 190/938 loss=0.2173 grad_norm=0.6235 learning_rate=9.247e-05 epoch=0.2027
2026-10-10T10:46:44Z step 200/938 loss=0.233 grad_norm=6.084 learning_rate=9.154e-05 epoch=0.2133
2026-10-10T10:47:14Z step 210/938 loss=0.2167 grad_norm=1.801 learning_rate=9.055e-05 epoch=0.224
2026-10-10T10:47:46Z step 220/938 loss=0.2063 grad_norm=2.677 learning_rate=8.952e-05 epoch=0.2347
2026-10-10T10:48:16Z step 230/938 loss=0.2135 grad_norm=1.913 learning_rate=8.844e-05 epoch=0.2453
2026-10-10T10:48:46Z step 240/938 loss=0.2436 grad_norm=0.9917 learning_rate=8.731e-05 epoch=0.256
2026-10-10T10:49:17Z step 250/938 loss=0.1726 grad_norm=0.6124 learning_rate=8.614e-05 epoch=0.2667
2026-10-10T10:49:46Z step 260/938 loss=0.1034 grad_norm=1.03 learning_rate=8.493e-05 epoch=0.2773
2026-10-10T10:50:17Z step 270/938 loss=0.2529 grad_norm=0.4965 learning_rate=8.367e-05 epoch=0.288
2026-10-10T10:50:49Z step 280/938 loss=0.144 grad_norm=1.433 learning_rate=8.237e-05 epoch=0.2987
2026-10-10T10:51:19Z step 290/938 loss=0.1621 grad_norm=2.624 learning_rate=8.104e-05 epoch=0.3093
2026-10-10T10:51:49Z step 300/938 loss=0.1588 grad_norm=7.291 learning_rate=7.967e-05 epoch=0.32
2026-10-10T10:52:20Z step 310/938 loss=0.1716 grad_norm=1.564 learning_rate=7.826e-05 epoch=0.3307
2026-10-10T10:52:50Z step 320/938 loss=0.09288 grad_norm=4.702 learning_rate=7.682e-05 epoch=0.3413
2026-10-10T10:53:20Z step 330/938 loss=0.1667 grad_norm=1.436 learning_rate=7.535e-05 epoch=0.352
2026-10-10T10:53:51Z step 340/938 loss=0.1526 grad_norm=0.9074 learning_rate=7.385e-05 epoch=0.3627
2026-10-10T10:54:21Z step 350/938 loss=0.1569 grad_norm=0.5176 learning_rate=7.231e-05 epoch=0.3733
2026-10-10T10:54:52Z step 360/938 loss=0.1245 grad_norm=2.02 learning_rate=7.076e-05 epoch=0.384
2026-10-10T10:55:23Z step 370/938 loss=0.1064 grad_norm=2.287 learning_rate=6.917e-05 epoch=0.3947
2026-10-10T10:55:54Z step 380/938 loss=0.1359 grad_norm=4.836 learning_rate=6.757e-05 epoch=0.4053
2026-10-10T10:56:24Z step 390/938 loss=0.1597 grad_norm=1.493 learning_rate=6.594e-05 epoch=0.416
2026-10-10T10:59:00Z step 400/938 loss=0.124 grad_norm=0.3738 learning_rate=6.43e-05 epoch=0.4267
2026-10-10T10:59:30Z step 410/938 loss=0.135 grad_norm=0.9572 learning_rate=6.264e-05 epoch=0.4373
2026-10-10T10:59:59Z step 420/938 loss=0.1304 grad_norm=4.723 learning_rate=6.096e-05 epoch=0.448
2026-10-10T11:00:30Z step 430/938 loss=0.1103 grad_norm=0.06066 learning_rate=5.927e-05 epoch=0.4587
2026-10-10T11:01:01Z step 440/938 loss=0.09621 grad_norm=0.7606 learning_rate=5.757e-05 epoch=0.4693
2026-10-10T11:01:31Z step 450/938 loss=0.1758 grad_norm=5.71 learning_rate=5.586e-05 epoch=0.48
2026-10-10T11:02:01Z step 460/938 loss=0.1022 grad_norm=0.2884 learning_rate=5.414e-05 epoch=0.4907
2026-10-10T11:02:33Z step 470/938 loss=0.126 grad_norm=0.8259 learning_rate=5.242e-05 epoch=0.5013
2026-10-10T11:03:03Z step 480/938 loss=0.07559 grad_norm=0.433 learning_rate=5.069e-05 epoch=0.512
2026-10-10T11:03:32Z step 490/938 loss=0.0937 grad_norm=1.008 learning_rate=4.896e-05 epoch=0.5227
2026-10-10T11:04:04Z step 500/938 loss=0.1073 grad_norm=0.6885 learning_rate=4.724e-05 epoch=0.5333
2026-10-10T11:04:34Z step 510/938 loss=0.1051 grad_norm=0.5076 learning_rate=4.552e-05 epoch=0.544
2026-10-10T11:05:04Z step 520/938 loss=0.08703 grad_norm=0.2202 learning_rate=4.38e-05 epoch=0.5547
2026-10-10T11:05:35Z step 530/938 loss=0.09384 grad_norm=5.364 learning_rate=4.209e-05 epoch=0.5653
2026-10-10T11:06:05Z step 540/938 loss=0.08151 grad_norm=3.171 learning_rate=4.039e-05 epoch=0.576
2026-10-10T11:06:36Z step 550/938 loss=0.05614 grad_norm=0.5165 learning_rate=3.871e-05 epoch=0.5867
2026-10-10T11:07:07Z step 560/938 loss=0.05352 grad_norm=0.9425 learning_rate=3.703e-05 epoch=0.5973
2026-10-10T11:07:37Z step 570/938 loss=0.09936 grad_norm=0.5152 learning_rate=3.537e-05 epoch=0.608
2026-10-10T11:08:07Z step 580/938 loss=0.05399 grad_norm=0.1652 learning_rate=3.373e-05 epoch=0.6187
2026-10-10T11:08:36Z step 590/938 loss=0.08796 grad_norm=1.095 learning_rate=3.211e-05 epoch=0.6293
2026-10-10T11:09:08Z step 600/938 loss=0.08067 grad_norm=0.1116 learning_rate=3.051e-05 epoch=0.64
2026-10-10T11:09:39Z step 610/938 loss=0.04916 grad_norm=0.2007 learning_rate=2.893e-05 epoch=0.6507
2026-10-10T11:10:09Z step 620/938 loss=0.0346 grad_norm=0.5487 learning_rate=2.738e-05 epoch=0.6613
2026-10-10T11:10:40Z step 630/938 loss=0.07486 grad_norm=1.449 learning_rate=2.585e-05 epoch=0.672
2026-10-10T11:11:11Z step 640/938 loss=0.06976 grad_norm=3.654 learning_rate=2.436e-05 epoch=0.6827
2026-10-10T11:11:42Z step 650/938 loss=0.02954 grad_norm=2.819 learning_rate=2.289e-05 epoch=0.6933
2026-10-10T11:12:13Z step 660/938 loss=0.07547 grad_norm=1.8 learning_rate=2.145e-05 epoch=0.704
2026-10-10T11:12:43Z step 670/938 loss=0.06342 grad_norm=10.23 learning_rate=2.005e-05 epoch=0.7147
2026-10-10T11:13:14Z step 680/938 loss=0.05172 grad_norm=3.885 learning_rate=1.869e-05 epoch=0.7253
2026-10-10T11:13:44Z step 690/938 loss=0.04838 grad_norm=0.09868 learning_rate=1.736e-05 epoch=0.736
2026-10-10T11:14:14Z step 700/938 loss=0.03723 grad_norm=0.8755 learning_rate=1.608e-05 epoch=0.7467
2026-10-10T11:14:45Z step 710/938 loss=0.05603 grad_norm=0.4722 learning_rate=1.483e-05 epoch=0.7573
2026-10-10T11:15:16Z step 720/938 loss=0.04188 grad_norm=0.06231 learning_rate=1.362e-05 epoch=0.768
2026-10-10T11:15:47Z step 730/938 loss=0.01534 grad_norm=0.5459 learning_rate=1.246e-05 epoch=0.7787
2026-10-10T11:16:17Z step 740/938 loss=0.02491 grad_norm=0.0245 learning_rate=1.134e-05 epoch=0.7893
2026-10-10T11:18:52Z step 750/938 loss=0.01329 grad_norm=0.007442 learning_rate=1.027e-05 epoch=0.8
2026-10-10T11:19:22Z step 760/938 loss=0.04102 grad_norm=1.752 learning_rate=9.247e-06 epoch=0.8107
2026-10-10T11:19:52Z step 770/938 loss=0.01813 grad_norm=0.05137 learning_rate=8.271e-06 epoch=0.8213
2026-10-10T11:20:23Z step 780/938 loss=0.03984 grad_norm=1.202 learning_rate=7.345e-06 epoch=0.832
2026-10-10T11:20:55Z step 790/938 loss=0.0304 grad_norm=0.361 learning_rate=6.47e-06 epoch=0.8427
2026-10-10T11:21:26Z step 800/938 loss=0.02151 grad_norm=2.4 learning_rate=5.647e-06 epoch=0.8533
2026-10-10T11:21:55Z step 810/938 loss=0.02688 grad_norm=0.08836 learning_rate=4.877e-06 epoch=0.864
2026-10-10T11:22:26Z step 820/938 loss=0.03272 grad_norm=0.08991 learning_rate=4.16e-06 epoch=0.8747
2026-10-10T11:22:57Z step 830/938 loss=0.04305 grad_norm=0.1793 learning_rate=3.498e-06 epoch=0.8853
2026-10-10T11:23:27Z step 840/938 loss=0.02849 grad_norm=0.6897 learning_rate=2.892e-06 epoch=0.896
2026-10-10T11:23:57Z step 850/938 loss=0.01132 grad_norm=0.2284 learning_rate=2.342e-06 epoch=0.9067
2026-10-10T11:24:27Z step 860/938 loss=0.04958 grad_norm=0.4471 learning_rate=1.848e-06 epoch=0.9173
2026-10-10T11:24:58Z step 870/938 loss=0.002276 grad_norm=0.401 learning_rate=1.412e-06 epoch=0.928
2026-10-10T11:25:29Z step 880/938 loss=0.0271 grad_norm=1.98 learning_rate=1.034e-06 epoch=0.9387
2026-10-10T11:26:00Z step 890/938 loss=0.06337 grad_norm=2.669 learning_rate=7.137e-07 epoch=0.9493
2026-10-10T11:26:30Z step 900/938 loss=0.05839 grad_norm=0.9917 learning_rate=4.525e-07 epoch=0.96
2026-10-10T11:27:00Z step 910/938 loss=0.04085 grad_norm=18.45 learning_rate=2.504e-07 epoch=0.9707
2026-10-10T11:27:31Z step 920/938 loss=0.03591 grad_norm=1.78 learning_rate=1.075e-07 epoch=0.9813
2026-10-10T11:28:02Z step 930/938 loss=0.007109 grad_norm=0.01285 learning_rate=2.413e-08 epoch=0.992
2026-10-10T11:28:25Z step 938/938 train_runtime=3114 train_samples_per_second=19.27 train_steps_per_second=0.301 total_flos=1.059e+18 train_loss=0.1415 epoch=1
2026-10-10T11:29:09Z trained 938 steps in 51.9 min, 4275.8 tok/s, peak 32.12 GB
2026-10-10T11:29:11Z u path: fp32-hidden (max |u_fp32 - u_bf16logits| = 0.0523)
2026-10-10T11:29:12Z padding self-check: max |u_batch - u_single| = 0.0696 (tol 0.792) -> left padding
2026-10-10T11:29:55Z B-V2-verdict-triplets-s4 rule_v2/dev: TA 94.3 Rev 99.0 Hold 95.0 n=300 (45.3 s)
2026-10-10T11:35:02Z B-V2-verdict-triplets-s4 rule_v2/test_L2: TA 89.1 Rev 94.8 Hold 93.2 n=2000 (306.7 s)
2026-10-10T11:40:08Z B-V2-verdict-triplets-s4 rule_v1/test_L2: TA 92.2 Rev 92.9 Hold 97.9 n=2000 (304.3 s)
2026-10-10T11:41:20Z B-V2-verdict-triplets-s4 xr_v1/test: TA nan Rev nan Hold nan n=None (71.4 s)
2026-10-10T11:41:55Z B-V2-verdict-triplets-s4 cls_v1/dev: TA 77.7 Rev 95.3 Hold 81.7 n=300 (34.5 s)
2026-10-10T11:44:03Z B-V2-verdict-triplets-s4 cls_v1/test: TA 72.0 Rev 93.9 Hold 76.6 n=1200 (127.5 s)
2026-10-10T11:44:06Z DONE B-V2-verdict-triplets-s4 in 68.0 min, GPU util mean 88.0
