2026-10-03T20:29:23Z step 10/938 loss=0.9315 grad_norm=11.65 learning_rate=3.214e-05 epoch=0.01067
2026-10-03T20:29:48Z step 20/938 loss=0.5148 grad_norm=8.359 learning_rate=6.786e-05 epoch=0.02133
2026-10-03T20:30:13Z step 30/938 loss=0.3746 grad_norm=5.118 learning_rate=0.0001 epoch=0.032
2026-10-03T20:30:37Z step 40/938 loss=0.2953 grad_norm=6.474 learning_rate=9.996e-05 epoch=0.04267
2026-10-03T20:31:01Z step 50/938 loss=0.1878 grad_norm=1.376 learning_rate=9.987e-05 epoch=0.05333
2026-10-03T20:31:26Z step 60/938 loss=0.2446 grad_norm=6.754 learning_rate=9.971e-05 epoch=0.064
2026-10-03T20:31:50Z step 70/938 loss=0.1413 grad_norm=2.5 learning_rate=9.95e-05 epoch=0.07467
2026-10-03T20:32:14Z step 80/938 loss=0.1112 grad_norm=2.115 learning_rate=9.923e-05 epoch=0.08533
2026-10-03T20:32:39Z step 90/938 loss=0.1128 grad_norm=0.7347 learning_rate=9.89e-05 epoch=0.096
2026-10-03T20:33:03Z step 100/938 loss=0.1292 grad_norm=0.5412 learning_rate=9.851e-05 epoch=0.1067
2026-10-03T20:33:27Z step 110/938 loss=0.1334 grad_norm=0.8501 learning_rate=9.806e-05 epoch=0.1173
2026-10-03T20:33:52Z step 120/938 loss=0.08614 grad_norm=1.533 learning_rate=9.755e-05 epoch=0.128
2026-10-03T20:34:17Z step 130/938 loss=0.06972 grad_norm=0.3245 learning_rate=9.699e-05 epoch=0.1387
2026-10-03T20:34:40Z step 140/938 loss=0.07531 grad_norm=6.933 learning_rate=9.637e-05 epoch=0.1493
2026-10-03T20:35:05Z step 150/938 loss=0.1727 grad_norm=0.596 learning_rate=9.57e-05 epoch=0.16
2026-10-03T20:35:29Z step 160/938 loss=0.1047 grad_norm=0.153 learning_rate=9.497e-05 epoch=0.1707
2026-10-03T20:35:53Z step 170/938 loss=0.02678 grad_norm=0.00428 learning_rate=9.419e-05 epoch=0.1813
2026-10-03T20:36:17Z step 180/938 loss=0.09998 grad_norm=11.26 learning_rate=9.336e-05 epoch=0.192
2026-10-03T20:36:41Z step 190/938 loss=0.06882 grad_norm=0.7281 learning_rate=9.247e-05 epoch=0.2027
2026-10-03T20:37:05Z step 200/938 loss=0.09029 grad_norm=1.541 learning_rate=9.154e-05 epoch=0.2133
2026-10-03T20:37:30Z step 210/938 loss=0.06868 grad_norm=1.263 learning_rate=9.055e-05 epoch=0.224
2026-10-03T20:37:54Z step 220/938 loss=0.04478 grad_norm=2.942 learning_rate=8.952e-05 epoch=0.2347
2026-10-03T20:38:18Z step 230/938 loss=0.06727 grad_norm=0.4094 learning_rate=8.844e-05 epoch=0.2453
2026-10-03T20:38:43Z step 240/938 loss=0.04473 grad_norm=0.2962 learning_rate=8.731e-05 epoch=0.256
2026-10-03T20:39:06Z step 250/938 loss=0.02797 grad_norm=0.1012 learning_rate=8.614e-05 epoch=0.2667
2026-10-03T20:39:31Z step 260/938 loss=0.07459 grad_norm=22.43 learning_rate=8.493e-05 epoch=0.2773
2026-10-03T20:39:56Z step 270/938 loss=0.05202 grad_norm=0.002631 learning_rate=8.367e-05 epoch=0.288
2026-10-03T20:40:20Z step 280/938 loss=0.07705 grad_norm=15.15 learning_rate=8.237e-05 epoch=0.2987
2026-10-03T20:40:44Z step 290/938 loss=0.06817 grad_norm=2.648 learning_rate=8.104e-05 epoch=0.3093
2026-10-03T20:41:08Z step 300/938 loss=0.02206 grad_norm=0.06416 learning_rate=7.967e-05 epoch=0.32
2026-10-03T20:41:32Z step 310/938 loss=0.116 grad_norm=0.6309 learning_rate=7.826e-05 epoch=0.3307
2026-10-03T20:41:57Z step 320/938 loss=0.04642 grad_norm=0.02727 learning_rate=7.682e-05 epoch=0.3413
2026-10-03T20:42:21Z step 330/938 loss=0.1029 grad_norm=1.588 learning_rate=7.535e-05 epoch=0.352
2026-10-03T20:42:47Z step 340/938 loss=0.01878 grad_norm=0.3695 learning_rate=7.385e-05 epoch=0.3627
2026-10-03T20:43:11Z step 350/938 loss=0.08154 grad_norm=0.4233 learning_rate=7.231e-05 epoch=0.3733
2026-10-03T20:43:35Z step 360/938 loss=0.03985 grad_norm=0.1292 learning_rate=7.076e-05 epoch=0.384
2026-10-03T20:43:59Z step 370/938 loss=0.02164 grad_norm=0.3938 learning_rate=6.917e-05 epoch=0.3947
2026-10-03T20:44:23Z step 380/938 loss=0.04749 grad_norm=0.03073 learning_rate=6.757e-05 epoch=0.4053
2026-10-03T20:44:46Z step 390/938 loss=0.03124 grad_norm=1.969 learning_rate=6.594e-05 epoch=0.416
2026-10-03T20:45:11Z step 400/938 loss=0.02234 grad_norm=0.008394 learning_rate=6.43e-05 epoch=0.4267
2026-10-03T20:45:35Z step 410/938 loss=0.0169 grad_norm=0.2679 learning_rate=6.264e-05 epoch=0.4373
2026-10-03T20:45:59Z step 420/938 loss=0.02886 grad_norm=1.853 learning_rate=6.096e-05 epoch=0.448
2026-10-03T20:46:23Z step 430/938 loss=0.01397 grad_norm=0.09361 learning_rate=5.927e-05 epoch=0.4587
2026-10-03T20:46:47Z step 440/938 loss=0.01817 grad_norm=0.03829 learning_rate=5.757e-05 epoch=0.4693
2026-10-03T20:47:11Z step 450/938 loss=0.06743 grad_norm=3.349 learning_rate=5.586e-05 epoch=0.48
2026-10-03T20:47:36Z step 460/938 loss=0.02351 grad_norm=0.8649 learning_rate=5.414e-05 epoch=0.4907
2026-10-03T20:48:00Z step 470/938 loss=0.008265 grad_norm=0.01524 learning_rate=5.242e-05 epoch=0.5013
2026-10-03T20:48:25Z step 480/938 loss=0.03194 grad_norm=0.004746 learning_rate=5.069e-05 epoch=0.512
2026-10-03T20:48:49Z step 490/938 loss=0.0278 grad_norm=1.08 learning_rate=4.896e-05 epoch=0.5227
2026-10-03T20:49:19Z step 500/938 loss=0.01466 grad_norm=0.4052 learning_rate=4.724e-05 epoch=0.5333
2026-10-03T20:49:43Z step 510/938 loss=0.01053 grad_norm=0.01601 learning_rate=4.552e-05 epoch=0.544
2026-10-03T20:50:08Z step 520/938 loss=0.02061 grad_norm=0.4845 learning_rate=4.38e-05 epoch=0.5547
2026-10-03T20:50:32Z step 530/938 loss=0.002356 grad_norm=0.005051 learning_rate=4.209e-05 epoch=0.5653
2026-10-03T20:50:57Z step 540/938 loss=0.02391 grad_norm=2.248 learning_rate=4.039e-05 epoch=0.576
2026-10-03T20:51:21Z step 550/938 loss=0.003145 grad_norm=0.008787 learning_rate=3.871e-05 epoch=0.5867
2026-10-03T20:51:45Z step 560/938 loss=0.007823 grad_norm=0.07714 learning_rate=3.703e-05 epoch=0.5973
2026-10-03T20:52:10Z step 570/938 loss=0.00113 grad_norm=0.02379 learning_rate=3.537e-05 epoch=0.608
2026-10-03T20:52:34Z step 580/938 loss=0.01848 grad_norm=2.138 learning_rate=3.373e-05 epoch=0.6187
2026-10-03T20:52:59Z step 590/938 loss=0.03097 grad_norm=2.605 learning_rate=3.211e-05 epoch=0.6293
2026-10-03T20:53:23Z step 600/938 loss=0.004891 grad_norm=0.005067 learning_rate=3.051e-05 epoch=0.64
2026-10-03T20:53:47Z step 610/938 loss=0.02534 grad_norm=0.6593 learning_rate=2.893e-05 epoch=0.6507
2026-10-03T20:54:11Z step 620/938 loss=0.003158 grad_norm=0.02217 learning_rate=2.738e-05 epoch=0.6613
2026-10-03T20:54:36Z step 630/938 loss=0.003047 grad_norm=0.5456 learning_rate=2.585e-05 epoch=0.672
2026-10-03T20:55:00Z step 640/938 loss=0.000818 grad_norm=0.0018 learning_rate=2.436e-05 epoch=0.6827
2026-10-03T20:55:25Z step 650/938 loss=0.00139 grad_norm=0.002475 learning_rate=2.289e-05 epoch=0.6933
2026-10-03T20:55:49Z step 660/938 loss=0.01129 grad_norm=0.00703 learning_rate=2.145e-05 epoch=0.704
2026-10-03T20:56:14Z step 670/938 loss=0.0003787 grad_norm=0.0004024 learning_rate=2.005e-05 epoch=0.7147
2026-10-03T20:56:38Z step 680/938 loss=0.006767 grad_norm=0.07348 learning_rate=1.869e-05 epoch=0.7253
2026-10-03T20:57:02Z step 690/938 loss=0.0006465 grad_norm=0.00638 learning_rate=1.736e-05 epoch=0.736
2026-10-03T20:57:27Z step 700/938 loss=0.002735 grad_norm=0.01359 learning_rate=1.608e-05 epoch=0.7467
2026-10-03T20:57:52Z step 710/938 loss=0.009802 grad_norm=0.02358 learning_rate=1.483e-05 epoch=0.7573
2026-10-03T20:58:16Z step 720/938 loss=0.0007368 grad_norm=0.001855 learning_rate=1.362e-05 epoch=0.768
2026-10-03T20:58:41Z step 730/938 loss=0.00788 grad_norm=0.004882 learning_rate=1.246e-05 epoch=0.7787
2026-10-03T20:59:05Z step 740/938 loss=0.006301 grad_norm=0.03192 learning_rate=1.134e-05 epoch=0.7893
2026-10-03T20:59:30Z step 750/938 loss=0.007664 grad_norm=0.009179 learning_rate=1.027e-05 epoch=0.8
2026-10-03T20:59:55Z step 760/938 loss=0.0008688 grad_norm=0.01634 learning_rate=9.247e-06 epoch=0.8107
2026-10-03T21:00:19Z step 770/938 loss=0.0005588 grad_norm=0.02069 learning_rate=8.271e-06 epoch=0.8213
2026-10-03T21:00:44Z step 780/938 loss=0.003541 grad_norm=7.208 learning_rate=7.345e-06 epoch=0.832
2026-10-03T21:01:09Z step 790/938 loss=0.0005019 grad_norm=0.3168 learning_rate=6.47e-06 epoch=0.8427
2026-10-03T21:01:33Z step 800/938 loss=0.002737 grad_norm=0.000519 learning_rate=5.647e-06 epoch=0.8533
2026-10-03T21:01:57Z step 810/938 loss=0.004241 grad_norm=0.9024 learning_rate=4.877e-06 epoch=0.864
2026-10-03T21:02:21Z step 820/938 loss=0.0001296 grad_norm=0.006488 learning_rate=4.16e-06 epoch=0.8747
2026-10-03T21:02:45Z step 830/938 loss=0.008523 grad_norm=0.003246 learning_rate=3.498e-06 epoch=0.8853
2026-10-03T21:03:10Z step 840/938 loss=0.003997 grad_norm=0.003273 learning_rate=2.892e-06 epoch=0.896
2026-10-03T21:03:34Z step 850/938 loss=0.01662 grad_norm=0.2216 learning_rate=2.342e-06 epoch=0.9067
2026-10-03T21:03:58Z step 860/938 loss=0.01082 grad_norm=0.00101 learning_rate=1.848e-06 epoch=0.9173
2026-10-03T21:04:23Z step 870/938 loss=0.0006224 grad_norm=0.003672 learning_rate=1.412e-06 epoch=0.928
2026-10-03T21:04:47Z step 880/938 loss=0.0001989 grad_norm=0.01781 learning_rate=1.034e-06 epoch=0.9387
2026-10-03T21:05:11Z step 890/938 loss=8.727e-05 grad_norm=0.005768 learning_rate=7.137e-07 epoch=0.9493
2026-10-03T21:05:35Z step 900/938 loss=0.0002262 grad_norm=0.001082 learning_rate=4.525e-07 epoch=0.96
2026-10-03T21:06:00Z step 910/938 loss=0.0001103 grad_norm=0.008771 learning_rate=2.504e-07 epoch=0.9707
2026-10-03T21:06:24Z step 920/938 loss=0.001787 grad_norm=0.002845 learning_rate=1.075e-07 epoch=0.9813
2026-10-03T21:06:49Z step 930/938 loss=0.0004968 grad_norm=0.2617 learning_rate=2.413e-08 epoch=0.992
2026-10-03T21:07:07Z step 938/938 train_runtime=2288 train_samples_per_second=26.22 train_steps_per_second=0.41 total_flos=1.158e+18 train_loss=0.05934 epoch=1
2026-10-03T21:07:13Z trained 938 steps in 38.2 min, 6087.2 tok/s, peak 32.09 GB
2026-10-03T21:07:14Z u path: fp32-hidden (max |u_fp32 - u_bf16logits| = 0.0096)
2026-10-03T21:07:15Z padding self-check: max |u_batch - u_single| = 0.1206 (tol 0.876) -> left padding
2026-10-03T21:07:53Z B-FOLD3-verdict-blocks-s2 rule_v1_fold3/dev: TA 54.0 Rev 99.3 Hold 54.3 n=300 (39.5 s)
2026-10-03T21:11:29Z B-FOLD3-verdict-blocks-s2 rule_v1_fold3/test_L2: TA 57.9 Rev 99.7 Hold 57.9 n=2000 (215.7 s)
2026-10-03T21:11:29Z DONE B-FOLD3-verdict-blocks-s2 in 43.0 min, GPU util mean 94.1
