2026-10-03T11:29:23Z step 10/938 loss=2.688 grad_norm=3.816 learning_rate=3.214e-05 epoch=0.01067
2026-10-03T11:30:42Z step 20/938 loss=0.2136 grad_norm=1.219 learning_rate=6.786e-05 epoch=0.02133
2026-10-03T11:32:01Z step 30/938 loss=0.03793 grad_norm=0.7262 learning_rate=0.0001 epoch=0.032
2026-10-03T11:33:19Z step 40/938 loss=0.03877 grad_norm=2.056 learning_rate=9.996e-05 epoch=0.04267
2026-10-03T11:34:38Z step 50/938 loss=0.03456 grad_norm=0.6408 learning_rate=9.987e-05 epoch=0.05333
2026-10-03T11:35:56Z step 60/938 loss=0.01412 grad_norm=0.243 learning_rate=9.971e-05 epoch=0.064
2026-10-03T11:37:14Z step 70/938 loss=0.02165 grad_norm=0.3589 learning_rate=9.95e-05 epoch=0.07467
2026-10-03T11:38:56Z step 80/938 loss=0.0377 grad_norm=0.1147 learning_rate=9.923e-05 epoch=0.08533
2026-10-03T11:40:14Z step 90/938 loss=0.0114 grad_norm=0.107 learning_rate=9.89e-05 epoch=0.096
2026-10-03T11:41:31Z step 100/938 loss=0.01537 grad_norm=0.1736 learning_rate=9.851e-05 epoch=0.1067
2026-10-03T11:42:49Z step 110/938 loss=0.02229 grad_norm=0.552 learning_rate=9.806e-05 epoch=0.1173
2026-10-03T11:44:06Z step 120/938 loss=0.009562 grad_norm=0.1162 learning_rate=9.755e-05 epoch=0.128
2026-10-03T11:45:23Z step 130/938 loss=0.02207 grad_norm=0.05247 learning_rate=9.699e-05 epoch=0.1387
2026-10-03T11:46:41Z step 140/938 loss=0.009992 grad_norm=0.08574 learning_rate=9.637e-05 epoch=0.1493
2026-10-03T11:47:59Z step 150/938 loss=0.01231 grad_norm=0.4227 learning_rate=9.57e-05 epoch=0.16
2026-10-03T11:49:51Z step 160/938 loss=0.008092 grad_norm=0.04333 learning_rate=9.497e-05 epoch=0.1707
2026-10-03T11:51:10Z step 170/938 loss=0.005493 grad_norm=0.04914 learning_rate=9.419e-05 epoch=0.1813
2026-10-03T11:52:31Z step 180/938 loss=0.01268 grad_norm=0.03835 learning_rate=9.336e-05 epoch=0.192
2026-10-03T11:53:46Z step 190/938 loss=0.00516 grad_norm=0.04266 learning_rate=9.247e-05 epoch=0.2027
2026-10-03T11:55:07Z step 200/938 loss=0.01206 grad_norm=0.04286 learning_rate=9.154e-05 epoch=0.2133
2026-10-03T11:56:24Z step 210/938 loss=0.009506 grad_norm=0.02236 learning_rate=9.055e-05 epoch=0.224
2026-10-03T11:57:44Z step 220/938 loss=0.01082 grad_norm=0.02918 learning_rate=8.952e-05 epoch=0.2347
2026-10-03T11:59:04Z step 230/938 loss=0.011 grad_norm=0.1388 learning_rate=8.844e-05 epoch=0.2453
2026-10-03T12:00:24Z step 240/938 loss=0.007027 grad_norm=0.02443 learning_rate=8.731e-05 epoch=0.256
2026-10-03T12:01:43Z step 250/938 loss=0.005786 grad_norm=0.002372 learning_rate=8.614e-05 epoch=0.2667
2026-10-03T12:03:03Z step 260/938 loss=0.009426 grad_norm=0.08168 learning_rate=8.493e-05 epoch=0.2773
2026-10-03T12:04:24Z step 270/938 loss=0.01645 grad_norm=0.0037 learning_rate=8.367e-05 epoch=0.288
2026-10-03T12:05:39Z step 280/938 loss=0.008388 grad_norm=0.08222 learning_rate=8.237e-05 epoch=0.2987
2026-10-03T12:06:59Z step 290/938 loss=0.009065 grad_norm=0.04694 learning_rate=8.104e-05 epoch=0.3093
2026-10-03T12:08:52Z step 300/938 loss=0.007081 grad_norm=0.07056 learning_rate=7.967e-05 epoch=0.32
2026-10-03T12:10:34Z step 310/938 loss=0.009266 grad_norm=0.1956 learning_rate=7.826e-05 epoch=0.3307
2026-10-03T12:11:51Z step 320/938 loss=0.006356 grad_norm=0.03479 learning_rate=7.682e-05 epoch=0.3413
2026-10-03T12:13:11Z step 330/938 loss=0.007946 grad_norm=0.02062 learning_rate=7.535e-05 epoch=0.352
2026-10-03T12:14:32Z step 340/938 loss=0.005678 grad_norm=0.09438 learning_rate=7.385e-05 epoch=0.3627
2026-10-03T12:15:53Z step 350/938 loss=0.00683 grad_norm=0.01479 learning_rate=7.231e-05 epoch=0.3733
2026-10-03T12:17:11Z step 360/938 loss=0.01104 grad_norm=0.4065 learning_rate=7.076e-05 epoch=0.384
2026-10-03T12:18:29Z step 370/938 loss=0.01091 grad_norm=0.06287 learning_rate=6.917e-05 epoch=0.3947
2026-10-03T12:19:50Z step 380/938 loss=0.006748 grad_norm=0.04341 learning_rate=6.757e-05 epoch=0.4053
2026-10-03T12:21:09Z step 390/938 loss=0.007416 grad_norm=0.03674 learning_rate=6.594e-05 epoch=0.416
2026-10-03T12:22:25Z step 400/938 loss=0.006723 grad_norm=0.2932 learning_rate=6.43e-05 epoch=0.4267
2026-10-03T12:23:44Z step 410/938 loss=0.002822 grad_norm=0.0006888 learning_rate=6.264e-05 epoch=0.4373
2026-10-03T12:25:02Z step 420/938 loss=0.003894 grad_norm=0.04523 learning_rate=6.096e-05 epoch=0.448
2026-10-03T12:26:20Z step 430/938 loss=0.004143 grad_norm=0.01971 learning_rate=5.927e-05 epoch=0.4587
2026-10-03T12:27:37Z step 440/938 loss=0.005918 grad_norm=0.0165 learning_rate=5.757e-05 epoch=0.4693
2026-10-03T12:29:33Z step 450/938 loss=0.001162 grad_norm=0.03167 learning_rate=5.586e-05 epoch=0.48
2026-10-03T12:30:50Z step 460/938 loss=0.01116 grad_norm=0.06353 learning_rate=5.414e-05 epoch=0.4907
2026-10-03T12:32:07Z step 470/938 loss=0.006715 grad_norm=0.0266 learning_rate=5.242e-05 epoch=0.5013
2026-10-03T12:33:28Z step 480/938 loss=0.009802 grad_norm=0.05079 learning_rate=5.069e-05 epoch=0.512
2026-10-03T12:34:47Z step 490/938 loss=0.01002 grad_norm=0.03335 learning_rate=4.896e-05 epoch=0.5227
2026-10-03T12:36:07Z step 500/938 loss=0.006491 grad_norm=0.1205 learning_rate=4.724e-05 epoch=0.5333
2026-10-03T12:37:28Z step 510/938 loss=0.005015 grad_norm=0.03665 learning_rate=4.552e-05 epoch=0.544
2026-10-03T12:38:46Z step 520/938 loss=0.003163 grad_norm=0.02975 learning_rate=4.38e-05 epoch=0.5547
2026-10-03T12:40:06Z step 530/938 loss=0.01046 grad_norm=0.02906 learning_rate=4.209e-05 epoch=0.5653
2026-10-03T12:41:26Z step 540/938 loss=0.0045 grad_norm=0.03727 learning_rate=4.039e-05 epoch=0.576
2026-10-03T12:42:45Z step 550/938 loss=0.005411 grad_norm=0.01091 learning_rate=3.871e-05 epoch=0.5867
2026-10-03T12:44:04Z step 560/938 loss=0.003262 grad_norm=0.01871 learning_rate=3.703e-05 epoch=0.5973
2026-10-03T12:45:48Z step 570/938 loss=0.00522 grad_norm=0.0138 learning_rate=3.537e-05 epoch=0.608
2026-10-03T12:47:06Z step 580/938 loss=0.009549 grad_norm=0.00142 learning_rate=3.373e-05 epoch=0.6187
2026-10-03T12:49:00Z step 590/938 loss=0.009228 grad_norm=0.03661 learning_rate=3.211e-05 epoch=0.6293
2026-10-03T12:50:17Z step 600/938 loss=0.003858 grad_norm=0.01095 learning_rate=3.051e-05 epoch=0.64
2026-10-03T12:51:35Z step 610/938 loss=0.006132 grad_norm=0.05843 learning_rate=2.893e-05 epoch=0.6507
2026-10-03T12:52:57Z step 620/938 loss=0.006398 grad_norm=0.02682 learning_rate=2.738e-05 epoch=0.6613
2026-10-03T12:54:15Z step 630/938 loss=0.006411 grad_norm=0.002937 learning_rate=2.585e-05 epoch=0.672
2026-10-03T12:55:34Z step 640/938 loss=0.0061 grad_norm=0.01858 learning_rate=2.436e-05 epoch=0.6827
2026-10-03T12:56:52Z step 650/938 loss=0.003572 grad_norm=0.009689 learning_rate=2.289e-05 epoch=0.6933
2026-10-03T12:58:10Z step 660/938 loss=0.008308 grad_norm=0.01759 learning_rate=2.145e-05 epoch=0.704
2026-10-03T12:59:27Z step 670/938 loss=0.003695 grad_norm=0.04409 learning_rate=2.005e-05 epoch=0.7147
2026-10-03T13:00:45Z step 680/938 loss=0.003986 grad_norm=0.04263 learning_rate=1.869e-05 epoch=0.7253
2026-10-03T13:02:05Z step 690/938 loss=0.004507 grad_norm=0.03665 learning_rate=1.736e-05 epoch=0.736
2026-10-03T13:03:22Z step 700/938 loss=0.003061 grad_norm=0.0114 learning_rate=1.608e-05 epoch=0.7467
2026-10-03T13:04:38Z step 710/938 loss=0.004654 grad_norm=0.0001941 learning_rate=1.483e-05 epoch=0.7573
2026-10-03T13:05:57Z step 720/938 loss=0.003261 grad_norm=0.01548 learning_rate=1.362e-05 epoch=0.768
2026-10-03T13:07:17Z step 730/938 loss=0.005705 grad_norm=0.0009242 learning_rate=1.246e-05 epoch=0.7787
2026-10-03T13:09:22Z step 740/938 loss=0.003032 grad_norm=0.0149 learning_rate=1.134e-05 epoch=0.7893
2026-10-03T13:10:49Z step 750/938 loss=0.005568 grad_norm=0.02059 learning_rate=1.027e-05 epoch=0.8
2026-10-03T13:12:08Z step 760/938 loss=0.003345 grad_norm=0.01638 learning_rate=9.247e-06 epoch=0.8107
2026-10-03T13:13:26Z step 770/938 loss=0.005608 grad_norm=0.01098 learning_rate=8.271e-06 epoch=0.8213
2026-10-03T13:14:46Z step 780/938 loss=0.005624 grad_norm=0.02024 learning_rate=7.345e-06 epoch=0.832
2026-10-03T13:16:06Z step 790/938 loss=0.009025 grad_norm=0.02665 learning_rate=6.47e-06 epoch=0.8427
2026-10-03T13:17:23Z step 800/938 loss=0.005805 grad_norm=0.07317 learning_rate=5.647e-06 epoch=0.8533
2026-10-03T13:18:41Z step 810/938 loss=0.00648 grad_norm=0.03623 learning_rate=4.877e-06 epoch=0.864
2026-10-03T13:19:56Z step 820/938 loss=0.003863 grad_norm=0.02198 learning_rate=4.16e-06 epoch=0.8747
2026-10-03T13:21:14Z step 830/938 loss=0.003354 grad_norm=0.000122 learning_rate=3.498e-06 epoch=0.8853
2026-10-03T13:22:30Z step 840/938 loss=0.007281 grad_norm=0.0001976 learning_rate=2.892e-06 epoch=0.896
2026-10-03T13:23:50Z step 850/938 loss=0.004754 grad_norm=0.01745 learning_rate=2.342e-06 epoch=0.9067
2026-10-03T13:25:08Z step 860/938 loss=0.008258 grad_norm=0.01416 learning_rate=1.848e-06 epoch=0.9173
2026-10-03T13:26:27Z step 870/938 loss=0.00704 grad_norm=0.02268 learning_rate=1.412e-06 epoch=0.928
2026-10-03T13:27:48Z step 880/938 loss=0.005644 grad_norm=0.0205 learning_rate=1.034e-06 epoch=0.9387
2026-10-03T13:30:01Z step 890/938 loss=0.00661 grad_norm=0.0004064 learning_rate=7.137e-07 epoch=0.9493
2026-10-03T13:31:20Z step 900/938 loss=0.004185 grad_norm=0.03292 learning_rate=4.525e-07 epoch=0.96
2026-10-03T13:32:37Z step 910/938 loss=0.005284 grad_norm=0.01317 learning_rate=2.504e-07 epoch=0.9707
2026-10-03T13:33:54Z step 920/938 loss=0.01052 grad_norm=9.808e-05 learning_rate=1.075e-07 epoch=0.9813
2026-10-03T13:35:13Z step 930/938 loss=0.004754 grad_norm=0.00829 learning_rate=2.413e-08 epoch=0.992
2026-10-03T13:36:10Z step 938/938 train_runtime=7695 train_samples_per_second=7.797 train_steps_per_second=0.122 total_flos=1.22e+18 train_loss=0.03959 epoch=1
2026-10-03T13:38:11Z trained 938 steps in 128.3 min, 1603.7 tok/s, peak 34.05 GB
2026-10-03T13:38:15Z u path: fp32-hidden (max |u_fp32 - u_bf16logits| = 0.0060)
2026-10-03T13:38:16Z padding self-check: max |u_batch - u_single| = 0.1225 (tol 0.589) -> left padding
2026-10-03T13:40:30Z B-F-value2-triplets-s0 rule_v1/dev: TA 88.7 Rev 99.0 Hold 89.7 n=300 (138.3 s)
2026-10-03T13:43:19Z generate: batch 25/63, 61896 tokens, 418 tok/s
2026-10-03T13:46:12Z generate: batch 50/63, 131983 tokens, 410 tok/s
2026-10-03T13:55:58Z B-F-value2-triplets-s0 rule_v1/test_L2: TA 85.7 Rev 99.1 Hold 86.6 n=2000 (927.4 s)
2026-10-03T14:00:49Z B-F-value2-triplets-s0 xr_v1/test: TA nan Rev nan Hold nan n=None (290.6 s)
2026-10-03T14:00:54Z DONE B-F-value2-triplets-s0 in 155.5 min, GPU util mean 92.8
