2026-10-03T17:24:56Z step 10/938 loss=1.731 grad_norm=3.183 learning_rate=3.214e-05 epoch=0.01067
2026-10-03T17:25:24Z step 20/938 loss=0.2336 grad_norm=0.9819 learning_rate=6.786e-05 epoch=0.02133
2026-10-03T17:25:51Z step 30/938 loss=0.04282 grad_norm=0.6247 learning_rate=0.0001 epoch=0.032
2026-10-03T17:26:19Z step 40/938 loss=0.02105 grad_norm=0.1266 learning_rate=9.996e-05 epoch=0.04267
2026-10-03T17:26:47Z step 50/938 loss=0.01074 grad_norm=0.3356 learning_rate=9.987e-05 epoch=0.05333
2026-10-03T17:27:15Z step 60/938 loss=0.007674 grad_norm=0.7774 learning_rate=9.971e-05 epoch=0.064
2026-10-03T17:27:42Z step 70/938 loss=0.01006 grad_norm=0.3651 learning_rate=9.95e-05 epoch=0.07467
2026-10-03T17:28:09Z step 80/938 loss=0.002493 grad_norm=0.9212 learning_rate=9.923e-05 epoch=0.08533
2026-10-03T17:28:36Z step 90/938 loss=0.007221 grad_norm=0.01684 learning_rate=9.89e-05 epoch=0.096
2026-10-03T17:29:03Z step 100/938 loss=0.0006557 grad_norm=0.02644 learning_rate=9.851e-05 epoch=0.1067
2026-10-03T17:29:31Z step 110/938 loss=0.002148 grad_norm=0.01277 learning_rate=9.806e-05 epoch=0.1173
2026-10-03T17:29:58Z step 120/938 loss=0.005897 grad_norm=0.2847 learning_rate=9.755e-05 epoch=0.128
2026-10-03T17:30:26Z step 130/938 loss=0.002907 grad_norm=0.01328 learning_rate=9.699e-05 epoch=0.1387
2026-10-03T17:30:54Z step 140/938 loss=0.00472 grad_norm=0.0248 learning_rate=9.637e-05 epoch=0.1493
2026-10-03T17:31:21Z step 150/938 loss=0.001032 grad_norm=0.01472 learning_rate=9.57e-05 epoch=0.16
2026-10-03T17:31:49Z step 160/938 loss=0.002516 grad_norm=0.04777 learning_rate=9.497e-05 epoch=0.1707
2026-10-03T17:32:16Z step 170/938 loss=0.0004045 grad_norm=0.003393 learning_rate=9.419e-05 epoch=0.1813
2026-10-03T17:32:44Z step 180/938 loss=0.002047 grad_norm=0.1409 learning_rate=9.336e-05 epoch=0.192
2026-10-03T17:33:11Z step 190/938 loss=0.001399 grad_norm=0.2115 learning_rate=9.247e-05 epoch=0.2027
2026-10-03T17:33:38Z step 200/938 loss=0.0009676 grad_norm=0.09172 learning_rate=9.154e-05 epoch=0.2133
2026-10-03T17:34:06Z step 210/938 loss=0.0006212 grad_norm=0.2273 learning_rate=9.055e-05 epoch=0.224
2026-10-03T17:34:33Z step 220/938 loss=4.465e-05 grad_norm=0.003913 learning_rate=8.952e-05 epoch=0.2347
2026-10-03T17:35:00Z step 230/938 loss=0.004135 grad_norm=0.8612 learning_rate=8.844e-05 epoch=0.2453
2026-10-03T17:35:27Z step 240/938 loss=0.001846 grad_norm=0.01506 learning_rate=8.731e-05 epoch=0.256
2026-10-03T17:35:54Z step 250/938 loss=0.0003788 grad_norm=0.4828 learning_rate=8.614e-05 epoch=0.2667
2026-10-03T17:36:23Z step 260/938 loss=0.00711 grad_norm=0.001286 learning_rate=8.493e-05 epoch=0.2773
2026-10-03T17:36:50Z step 270/938 loss=0.003888 grad_norm=0.01025 learning_rate=8.367e-05 epoch=0.288
2026-10-03T17:37:17Z step 280/938 loss=0.001658 grad_norm=0.2359 learning_rate=8.237e-05 epoch=0.2987
2026-10-03T17:37:44Z step 290/938 loss=0.0003686 grad_norm=0.002324 learning_rate=8.104e-05 epoch=0.3093
2026-10-03T17:38:11Z step 300/938 loss=0.0005291 grad_norm=0.3114 learning_rate=7.967e-05 epoch=0.32
2026-10-03T17:38:39Z step 310/938 loss=0.0002914 grad_norm=0.0007036 learning_rate=7.826e-05 epoch=0.3307
2026-10-03T17:39:07Z step 320/938 loss=0.0002089 grad_norm=0.0008019 learning_rate=7.682e-05 epoch=0.3413
2026-10-03T17:39:34Z step 330/938 loss=0.0001486 grad_norm=0.0006401 learning_rate=7.535e-05 epoch=0.352
2026-10-03T17:40:02Z step 340/938 loss=8.524e-05 grad_norm=0.01661 learning_rate=7.385e-05 epoch=0.3627
2026-10-03T17:40:29Z step 350/938 loss=1.093e-05 grad_norm=0.0003277 learning_rate=7.231e-05 epoch=0.3733
2026-10-03T17:40:56Z step 360/938 loss=3.939e-05 grad_norm=0.0001087 learning_rate=7.076e-05 epoch=0.384
2026-10-03T17:41:23Z step 370/938 loss=0.0002383 grad_norm=0.3478 learning_rate=6.917e-05 epoch=0.3947
2026-10-03T17:41:51Z step 380/938 loss=0.005866 grad_norm=0.7012 learning_rate=6.757e-05 epoch=0.4053
2026-10-03T17:42:18Z step 390/938 loss=0.00118 grad_norm=0.03392 learning_rate=6.594e-05 epoch=0.416
2026-10-03T17:42:46Z step 400/938 loss=0.003881 grad_norm=0.00875 learning_rate=6.43e-05 epoch=0.4267
2026-10-03T17:43:13Z step 410/938 loss=0.0007805 grad_norm=0.01327 learning_rate=6.264e-05 epoch=0.4373
2026-10-03T17:43:40Z step 420/938 loss=0.0003092 grad_norm=0.01074 learning_rate=6.096e-05 epoch=0.448
2026-10-03T17:44:08Z step 430/938 loss=0.0006086 grad_norm=0.0005402 learning_rate=5.927e-05 epoch=0.4587
2026-10-03T17:44:40Z step 440/938 loss=0.0009015 grad_norm=0.0006404 learning_rate=5.757e-05 epoch=0.4693
2026-10-03T17:45:07Z step 450/938 loss=0.0004409 grad_norm=0.08301 learning_rate=5.586e-05 epoch=0.48
2026-10-03T17:45:34Z step 460/938 loss=0.0002129 grad_norm=0.0002527 learning_rate=5.414e-05 epoch=0.4907
2026-10-03T17:46:02Z step 470/938 loss=0.002606 grad_norm=0.001197 learning_rate=5.242e-05 epoch=0.5013
2026-10-03T17:46:29Z step 480/938 loss=0.004276 grad_norm=0.0046 learning_rate=5.069e-05 epoch=0.512
2026-10-03T17:46:56Z step 490/938 loss=0.000115 grad_norm=0.0004466 learning_rate=4.896e-05 epoch=0.5227
2026-10-03T17:47:23Z step 500/938 loss=0.000108 grad_norm=0.001881 learning_rate=4.724e-05 epoch=0.5333
2026-10-03T17:47:51Z step 510/938 loss=5.174e-05 grad_norm=0.0006126 learning_rate=4.552e-05 epoch=0.544
2026-10-03T17:48:19Z step 520/938 loss=3.615e-05 grad_norm=0.001122 learning_rate=4.38e-05 epoch=0.5547
2026-10-03T17:48:47Z step 530/938 loss=2.952e-05 grad_norm=0.0008023 learning_rate=4.209e-05 epoch=0.5653
2026-10-03T17:49:14Z step 540/938 loss=3.045e-05 grad_norm=0.0001511 learning_rate=4.039e-05 epoch=0.576
2026-10-03T17:49:42Z step 550/938 loss=0.001303 grad_norm=0.0009279 learning_rate=3.871e-05 epoch=0.5867
2026-10-03T17:50:09Z step 560/938 loss=9.953e-05 grad_norm=0.0008349 learning_rate=3.703e-05 epoch=0.5973
2026-10-03T17:50:36Z step 570/938 loss=5.128e-05 grad_norm=0.00104 learning_rate=3.537e-05 epoch=0.608
2026-10-03T17:51:03Z step 580/938 loss=0.0002852 grad_norm=0.001039 learning_rate=3.373e-05 epoch=0.6187
2026-10-03T17:51:30Z step 590/938 loss=2.194e-05 grad_norm=0.001381 learning_rate=3.211e-05 epoch=0.6293
2026-10-03T17:51:58Z step 600/938 loss=7.498e-05 grad_norm=0.0009458 learning_rate=3.051e-05 epoch=0.64
2026-10-03T17:52:25Z step 610/938 loss=0.004405 grad_norm=0.01752 learning_rate=2.893e-05 epoch=0.6507
2026-10-03T17:52:52Z step 620/938 loss=0.001607 grad_norm=0.04238 learning_rate=2.738e-05 epoch=0.6613
2026-10-03T17:53:19Z step 630/938 loss=3.223e-05 grad_norm=0.0001447 learning_rate=2.585e-05 epoch=0.672
2026-10-03T17:53:46Z step 640/938 loss=2.398e-05 grad_norm=0.003958 learning_rate=2.436e-05 epoch=0.6827
2026-10-03T17:54:14Z step 650/938 loss=2.993e-05 grad_norm=0.0008895 learning_rate=2.289e-05 epoch=0.6933
2026-10-03T17:54:40Z step 660/938 loss=0.0007045 grad_norm=0.0002589 learning_rate=2.145e-05 epoch=0.704
2026-10-03T17:55:07Z step 670/938 loss=3.003e-05 grad_norm=0.001893 learning_rate=2.005e-05 epoch=0.7147
2026-10-03T17:55:35Z step 680/938 loss=7.44e-05 grad_norm=0.0008902 learning_rate=1.869e-05 epoch=0.7253
2026-10-03T17:56:03Z step 690/938 loss=0.000666 grad_norm=0.001093 learning_rate=1.736e-05 epoch=0.736
2026-10-03T17:56:30Z step 700/938 loss=0.0003111 grad_norm=0.0003101 learning_rate=1.608e-05 epoch=0.7467
2026-10-03T17:56:58Z step 710/938 loss=4.462e-05 grad_norm=0.00121 learning_rate=1.483e-05 epoch=0.7573
2026-10-03T17:57:26Z step 720/938 loss=0.001148 grad_norm=0.001076 learning_rate=1.362e-05 epoch=0.768
2026-10-03T17:57:53Z step 730/938 loss=0.0001673 grad_norm=0.000544 learning_rate=1.246e-05 epoch=0.7787
2026-10-03T17:58:21Z step 740/938 loss=0.0002639 grad_norm=0.7443 learning_rate=1.134e-05 epoch=0.7893
2026-10-03T17:58:48Z step 750/938 loss=2.503e-05 grad_norm=0.0005872 learning_rate=1.027e-05 epoch=0.8
2026-10-03T17:59:15Z step 760/938 loss=3.306e-05 grad_norm=0.000658 learning_rate=9.247e-06 epoch=0.8107
2026-10-03T17:59:42Z step 770/938 loss=2.144e-05 grad_norm=0.00257 learning_rate=8.271e-06 epoch=0.8213
2026-10-03T18:00:09Z step 780/938 loss=0.0002643 grad_norm=0.0003303 learning_rate=7.345e-06 epoch=0.832
2026-10-03T18:00:36Z step 790/938 loss=2.516e-05 grad_norm=0.0002808 learning_rate=6.47e-06 epoch=0.8427
2026-10-03T18:01:04Z step 800/938 loss=0.0002742 grad_norm=0.0001588 learning_rate=5.647e-06 epoch=0.8533
2026-10-03T18:01:30Z step 810/938 loss=4.341e-05 grad_norm=0.0004194 learning_rate=4.877e-06 epoch=0.864
2026-10-03T18:01:57Z step 820/938 loss=3.921e-05 grad_norm=0.0004102 learning_rate=4.16e-06 epoch=0.8747
2026-10-03T18:02:25Z step 830/938 loss=2.816e-05 grad_norm=0.0005018 learning_rate=3.498e-06 epoch=0.8853
2026-10-03T18:02:51Z step 840/938 loss=0.000224 grad_norm=0.001883 learning_rate=2.892e-06 epoch=0.896
2026-10-03T18:03:19Z step 850/938 loss=5.426e-05 grad_norm=0.00221 learning_rate=2.342e-06 epoch=0.9067
2026-10-03T18:03:46Z step 860/938 loss=1.717e-05 grad_norm=0.000207 learning_rate=1.848e-06 epoch=0.9173
2026-10-03T18:04:14Z step 870/938 loss=0.000445 grad_norm=0.00533 learning_rate=1.412e-06 epoch=0.928
2026-10-03T18:06:17Z step 880/938 loss=4.984e-05 grad_norm=0.0003797 learning_rate=1.034e-06 epoch=0.9387
2026-10-03T18:06:43Z step 890/938 loss=2.674e-05 grad_norm=0.0009926 learning_rate=7.137e-07 epoch=0.9493
2026-10-03T18:07:12Z step 900/938 loss=0.0001881 grad_norm=0.0002391 learning_rate=4.525e-07 epoch=0.96
2026-10-03T18:07:39Z step 910/938 loss=7.946e-05 grad_norm=0.000463 learning_rate=2.504e-07 epoch=0.9707
2026-10-03T18:08:06Z step 920/938 loss=0.0001213 grad_norm=0.0004629 learning_rate=1.075e-07 epoch=0.9813
2026-10-03T18:08:34Z step 930/938 loss=3.624e-05 grad_norm=0.0001742 learning_rate=2.413e-08 epoch=0.992
2026-10-03T18:08:54Z step 938/938 train_runtime=2666 train_samples_per_second=22.5 train_steps_per_second=0.352 total_flos=1.316e+18 train_loss=0.0229 epoch=1
2026-10-03T18:08:58Z trained 938 steps in 44.5 min, 5225.2 tok/s, peak 35.42 GB
2026-10-03T18:09:00Z u path: fp32-hidden (max |u_fp32 - u_bf16logits| = 0.0269)
2026-10-03T18:09:00Z padding self-check: max |u_batch - u_single| = 0.1218 (tol 0.622) -> left padding
2026-10-03T18:09:55Z B-FOLD2-ledger2-triplets-s0 rule_v1_fold2/dev: TA 98.3 Rev 98.3 Hold 100.0 n=300 (56.4 s)
2026-10-03T18:12:10Z generate: batch 25/32, 224962 tokens, 1698 tok/s
2026-10-03T18:15:51Z B-FOLD2-ledger2-triplets-s0 rule_v1_fold2/test_L2: TA 98.0 Rev 98.0 Hold 100.0 n=2000 (355.9 s)
2026-10-03T18:15:53Z DONE B-FOLD2-ledger2-triplets-s0 in 51.8 min, GPU util mean 94.4
