2026-10-03T06:12:23Z step 10/938 loss=0.1839 grad_norm=2.966 learning_rate=3.214e-05 epoch=0.01067
2026-10-03T06:13:18Z step 20/938 loss=0.1109 grad_norm=0.6391 learning_rate=6.786e-05 epoch=0.02133
2026-10-03T06:14:13Z step 30/938 loss=0.04969 grad_norm=1.229 learning_rate=0.0001 epoch=0.032
2026-10-03T06:15:07Z step 40/938 loss=0.06842 grad_norm=0.3753 learning_rate=9.996e-05 epoch=0.04267
2026-10-03T06:16:02Z step 50/938 loss=0.02891 grad_norm=1.267 learning_rate=9.987e-05 epoch=0.05333
2026-10-03T06:16:56Z step 60/938 loss=0.03627 grad_norm=0.8847 learning_rate=9.971e-05 epoch=0.064
2026-10-03T06:17:51Z step 70/938 loss=0.02797 grad_norm=0.1737 learning_rate=9.95e-05 epoch=0.07467
2026-10-03T06:18:46Z step 80/938 loss=0.01748 grad_norm=0.378 learning_rate=9.923e-05 epoch=0.08533
2026-10-03T06:19:41Z step 90/938 loss=0.0139 grad_norm=0.1616 learning_rate=9.89e-05 epoch=0.096
2026-10-03T06:20:37Z step 100/938 loss=0.01638 grad_norm=0.2244 learning_rate=9.851e-05 epoch=0.1067
2026-10-03T06:21:30Z step 110/938 loss=0.007933 grad_norm=0.03823 learning_rate=9.806e-05 epoch=0.1173
2026-10-03T06:22:25Z step 120/938 loss=0.01162 grad_norm=0.5773 learning_rate=9.755e-05 epoch=0.128
2026-10-03T06:23:20Z step 130/938 loss=0.01023 grad_norm=0.1788 learning_rate=9.699e-05 epoch=0.1387
2026-10-03T06:24:16Z step 140/938 loss=0.005084 grad_norm=0.1638 learning_rate=9.637e-05 epoch=0.1493
2026-10-03T06:25:11Z step 150/938 loss=0.009532 grad_norm=0.1717 learning_rate=9.57e-05 epoch=0.16
2026-10-03T06:26:07Z step 160/938 loss=0.006361 grad_norm=0.06847 learning_rate=9.497e-05 epoch=0.1707
2026-10-03T06:27:03Z step 170/938 loss=0.008093 grad_norm=0.001069 learning_rate=9.419e-05 epoch=0.1813
2026-10-03T06:27:58Z step 180/938 loss=0.01994 grad_norm=0.01687 learning_rate=9.336e-05 epoch=0.192
2026-10-03T06:28:53Z step 190/938 loss=0.003802 grad_norm=0.02066 learning_rate=9.247e-05 epoch=0.2027
2026-10-03T06:30:22Z step 200/938 loss=0.003024 grad_norm=0.0001878 learning_rate=9.154e-05 epoch=0.2133
2026-10-03T06:31:17Z step 210/938 loss=0.01753 grad_norm=0.1642 learning_rate=9.055e-05 epoch=0.224
2026-10-03T06:32:10Z step 220/938 loss=0.01691 grad_norm=0.3939 learning_rate=8.952e-05 epoch=0.2347
2026-10-03T06:33:05Z step 230/938 loss=0.01426 grad_norm=0.06761 learning_rate=8.844e-05 epoch=0.2453
2026-10-03T06:34:00Z step 240/938 loss=0.006666 grad_norm=0.159 learning_rate=8.731e-05 epoch=0.256
2026-10-03T06:34:54Z step 250/938 loss=0.02884 grad_norm=0.1278 learning_rate=8.614e-05 epoch=0.2667
2026-10-03T06:35:49Z step 260/938 loss=0.01023 grad_norm=0.2457 learning_rate=8.493e-05 epoch=0.2773
2026-10-03T06:36:43Z step 270/938 loss=0.001955 grad_norm=0.0004387 learning_rate=8.367e-05 epoch=0.288
2026-10-03T06:37:37Z step 280/938 loss=0.01773 grad_norm=0.0138 learning_rate=8.237e-05 epoch=0.2987
2026-10-03T06:38:32Z step 290/938 loss=0.009342 grad_norm=0.05604 learning_rate=8.104e-05 epoch=0.3093
2026-10-03T06:39:27Z step 300/938 loss=0.008528 grad_norm=0.1372 learning_rate=7.967e-05 epoch=0.32
2026-10-03T06:40:23Z step 310/938 loss=0.008823 grad_norm=0.2304 learning_rate=7.826e-05 epoch=0.3307
2026-10-03T06:41:17Z step 320/938 loss=0.006478 grad_norm=0.1868 learning_rate=7.682e-05 epoch=0.3413
2026-10-03T06:42:12Z step 330/938 loss=0.003171 grad_norm=0.5882 learning_rate=7.535e-05 epoch=0.352
2026-10-03T06:43:06Z step 340/938 loss=0.004136 grad_norm=9.478e-05 learning_rate=7.385e-05 epoch=0.3627
2026-10-03T06:44:00Z step 350/938 loss=0.00336 grad_norm=0.4699 learning_rate=7.231e-05 epoch=0.3733
2026-10-03T06:44:57Z step 360/938 loss=0.00655 grad_norm=0.389 learning_rate=7.076e-05 epoch=0.384
2026-10-03T06:45:51Z step 370/938 loss=0.006156 grad_norm=0.0005286 learning_rate=6.917e-05 epoch=0.3947
2026-10-03T06:46:46Z step 380/938 loss=0.004184 grad_norm=0.4493 learning_rate=6.757e-05 epoch=0.4053
2026-10-03T06:47:41Z step 390/938 loss=0.003952 grad_norm=0.001856 learning_rate=6.594e-05 epoch=0.416
2026-10-03T06:48:35Z step 400/938 loss=0.002192 grad_norm=0.3335 learning_rate=6.43e-05 epoch=0.4267
2026-10-03T06:50:07Z step 410/938 loss=0.01089 grad_norm=0.2274 learning_rate=6.264e-05 epoch=0.4373
2026-10-03T06:51:04Z step 420/938 loss=0.01744 grad_norm=0.02157 learning_rate=6.096e-05 epoch=0.448
2026-10-03T06:51:58Z step 430/938 loss=0.005392 grad_norm=0.004875 learning_rate=5.927e-05 epoch=0.4587
2026-10-03T06:52:54Z step 440/938 loss=0.004871 grad_norm=0.61 learning_rate=5.757e-05 epoch=0.4693
2026-10-03T06:53:49Z step 450/938 loss=0.01442 grad_norm=0.08739 learning_rate=5.586e-05 epoch=0.48
2026-10-03T06:54:44Z step 460/938 loss=0.008011 grad_norm=0.01106 learning_rate=5.414e-05 epoch=0.4907
2026-10-03T06:55:39Z step 470/938 loss=0.006299 grad_norm=0.02453 learning_rate=5.242e-05 epoch=0.5013
2026-10-03T06:56:35Z step 480/938 loss=0.003415 grad_norm=0.0402 learning_rate=5.069e-05 epoch=0.512
2026-10-03T06:57:31Z step 490/938 loss=0.001686 grad_norm=0.04481 learning_rate=4.896e-05 epoch=0.5227
2026-10-03T06:58:26Z step 500/938 loss=0.0006504 grad_norm=0.0002255 learning_rate=4.724e-05 epoch=0.5333
2026-10-03T06:59:21Z step 510/938 loss=0.01133 grad_norm=0.1967 learning_rate=4.552e-05 epoch=0.544
2026-10-03T07:00:16Z step 520/938 loss=0.009567 grad_norm=0.01065 learning_rate=4.38e-05 epoch=0.5547
2026-10-03T07:01:10Z step 530/938 loss=0.002859 grad_norm=0.01404 learning_rate=4.209e-05 epoch=0.5653
2026-10-03T07:02:05Z step 540/938 loss=0.0009122 grad_norm=0.0178 learning_rate=4.039e-05 epoch=0.576
2026-10-03T07:02:59Z step 550/938 loss=0.003948 grad_norm=0.009656 learning_rate=3.871e-05 epoch=0.5867
2026-10-03T07:03:52Z step 560/938 loss=0.004327 grad_norm=0.0003389 learning_rate=3.703e-05 epoch=0.5973
2026-10-03T07:04:48Z step 570/938 loss=0.002261 grad_norm=0.002175 learning_rate=3.537e-05 epoch=0.608
2026-10-03T07:05:43Z step 580/938 loss=0.001519 grad_norm=0.01945 learning_rate=3.373e-05 epoch=0.6187
2026-10-03T07:06:37Z step 590/938 loss=0.0006273 grad_norm=0.003449 learning_rate=3.211e-05 epoch=0.6293
2026-10-03T07:07:33Z step 600/938 loss=0.005138 grad_norm=0.004222 learning_rate=3.051e-05 epoch=0.64
2026-10-03T07:08:28Z step 610/938 loss=0.001062 grad_norm=0.1734 learning_rate=2.893e-05 epoch=0.6507
2026-10-03T07:09:58Z step 620/938 loss=0.001375 grad_norm=0.01443 learning_rate=2.738e-05 epoch=0.6613
2026-10-03T07:10:52Z step 630/938 loss=0.0004031 grad_norm=0.0003723 learning_rate=2.585e-05 epoch=0.672
2026-10-03T07:11:49Z step 640/938 loss=0.004673 grad_norm=0.1314 learning_rate=2.436e-05 epoch=0.6827
2026-10-03T07:12:44Z step 650/938 loss=0.001336 grad_norm=0.0009326 learning_rate=2.289e-05 epoch=0.6933
2026-10-03T07:13:41Z step 660/938 loss=0.001271 grad_norm=0.0004231 learning_rate=2.145e-05 epoch=0.704
2026-10-03T07:14:38Z step 670/938 loss=0.00416 grad_norm=0.0007773 learning_rate=2.005e-05 epoch=0.7147
2026-10-03T07:15:32Z step 680/938 loss=0.0006502 grad_norm=0.002437 learning_rate=1.869e-05 epoch=0.7253
2026-10-03T07:16:27Z step 690/938 loss=0.0008512 grad_norm=0.01279 learning_rate=1.736e-05 epoch=0.736
2026-10-03T07:17:23Z step 700/938 loss=0.002913 grad_norm=0.2002 learning_rate=1.608e-05 epoch=0.7467
2026-10-03T07:18:19Z step 710/938 loss=0.008106 grad_norm=0.1646 learning_rate=1.483e-05 epoch=0.7573
2026-10-03T07:19:13Z step 720/938 loss=0.001055 grad_norm=0.02257 learning_rate=1.362e-05 epoch=0.768
2026-10-03T07:20:08Z step 730/938 loss=0.0009813 grad_norm=0.0006578 learning_rate=1.246e-05 epoch=0.7787
2026-10-03T07:21:04Z step 740/938 loss=0.000657 grad_norm=0.08084 learning_rate=1.134e-05 epoch=0.7893
2026-10-03T07:21:59Z step 750/938 loss=0.000848 grad_norm=0.003791 learning_rate=1.027e-05 epoch=0.8
2026-10-03T07:22:53Z step 760/938 loss=0.0006384 grad_norm=0.001379 learning_rate=9.247e-06 epoch=0.8107
2026-10-03T07:23:49Z step 770/938 loss=0.0002822 grad_norm=0.000462 learning_rate=8.271e-06 epoch=0.8213
2026-10-03T07:24:44Z step 780/938 loss=0.001754 grad_norm=0.001689 learning_rate=7.345e-06 epoch=0.832
2026-10-03T07:25:40Z step 790/938 loss=0.0005139 grad_norm=0.01031 learning_rate=6.47e-06 epoch=0.8427
2026-10-03T07:26:35Z step 800/938 loss=0.0002613 grad_norm=0.0004781 learning_rate=5.647e-06 epoch=0.8533
2026-10-03T07:27:31Z step 810/938 loss=0.0007456 grad_norm=0.009652 learning_rate=4.877e-06 epoch=0.864
2026-10-03T07:28:26Z step 820/938 loss=0.000149 grad_norm=0.05083 learning_rate=4.16e-06 epoch=0.8747
2026-10-03T07:29:56Z step 830/938 loss=0.0002217 grad_norm=0.05027 learning_rate=3.498e-06 epoch=0.8853
2026-10-03T07:30:50Z step 840/938 loss=0.0002054 grad_norm=0.0195 learning_rate=2.892e-06 epoch=0.896
2026-10-03T07:31:44Z step 850/938 loss=4.132e-05 grad_norm=0.0005103 learning_rate=2.342e-06 epoch=0.9067
2026-10-03T07:32:38Z step 860/938 loss=0.0001338 grad_norm=0.0004406 learning_rate=1.848e-06 epoch=0.9173
2026-10-03T07:33:33Z step 870/938 loss=0.0003648 grad_norm=0.001749 learning_rate=1.412e-06 epoch=0.928
2026-10-03T07:34:27Z step 880/938 loss=0.0001273 grad_norm=0.0004269 learning_rate=1.034e-06 epoch=0.9387
2026-10-03T07:35:24Z step 890/938 loss=0.0001016 grad_norm=0.0002371 learning_rate=7.137e-07 epoch=0.9493
2026-10-03T07:36:19Z step 900/938 loss=0.0003571 grad_norm=0.0879 learning_rate=4.525e-07 epoch=0.96
2026-10-03T07:37:14Z step 910/938 loss=0.0002601 grad_norm=0.00429 learning_rate=2.504e-07 epoch=0.9707
2026-10-03T07:38:09Z step 920/938 loss=0.001096 grad_norm=0.03232 learning_rate=1.075e-07 epoch=0.9813
2026-10-03T07:39:05Z step 930/938 loss=0.000132 grad_norm=0.009945 learning_rate=2.413e-08 epoch=0.992
2026-10-03T07:39:46Z step 938/938 train_runtime=5446 train_samples_per_second=11.02 train_steps_per_second=0.172 total_flos=1.079e+18 train_loss=0.01038 epoch=1
2026-10-03T07:40:57Z trained 938 steps in 90.8 min, 2386.0 tok/s, peak 23.17 GB
2026-10-03T07:41:11Z u path: fp32-hidden (max |u_fp32 - u_bf16logits| = 0.1089)
2026-10-03T07:41:12Z padding self-check: max |u_batch - u_single| = 0.0784 (tol 0.816) -> left padding
2026-10-03T07:42:34Z B-F-verdict-blocks-s1 rule_v1/dev: TA 62.7 Rev 100.0 Hold 62.7 n=300 (95.3 s)
2026-10-03T07:43:14Z B-F-verdict-blocks-s1 rule_v1/dev_missing: TA nan Rev nan Hold nan n=None (40.6 s)
2026-10-03T07:45:28Z B-F-verdict-blocks-s1 rule_v1/missing: TA nan Rev nan Hold nan n=None (132.9 s)
2026-10-03T07:50:00Z B-F-verdict-blocks-s1 rule_v1/readapply: TA 69.8 Rev 99.8 Hold 69.9 n=1000 (271.9 s)
2026-10-03T07:54:08Z B-F-verdict-blocks-s1 rule_v1/test_L0: TA 61.8 Rev 99.7 Hold 61.9 n=1000 (247.4 s)
2026-10-03T07:58:12Z B-F-verdict-blocks-s1 rule_v1/test_L1: TA 67.1 Rev 98.7 Hold 67.7 n=1000 (242.7 s)
2026-10-03T08:06:55Z B-F-verdict-blocks-s1 rule_v1/test_L2: TA 53.5 Rev 91.8 Hold 59.1 n=2000 (522.7 s)
2026-10-03T08:09:46Z B-F-verdict-blocks-s1 rule_v1/test_L3alt: TA 90.1 Rev 100.0 Hold 90.1 n=1000 (170.0 s)
2026-10-03T08:14:04Z B-F-verdict-blocks-s1 rule_v1/test_L3inv: TA 56.2 Rev 98.6 Hold 56.4 n=1000 (258.2 s)
2026-10-03T08:19:56Z B-F-verdict-blocks-s1 rule_v1/test_hard: TA 52.8 Rev 92.9 Hold 57.8 n=1000 (350.9 s)
2026-10-03T08:19:58Z DONE B-F-verdict-blocks-s1 in 131.4 min, GPU util mean 93.4
