2026-10-03T06:53:17Z step 10/938 loss=2.283 grad_norm=2.15 learning_rate=3.214e-05 epoch=0.01067
2026-10-03T06:53:40Z step 20/938 loss=0.6394 grad_norm=1.202 learning_rate=6.786e-05 epoch=0.02133
2026-10-03T06:54:03Z step 30/938 loss=0.05661 grad_norm=0.3883 learning_rate=0.0001 epoch=0.032
2026-10-03T06:54:27Z step 40/938 loss=0.006741 grad_norm=0.02589 learning_rate=9.996e-05 epoch=0.04267
2026-10-03T06:54:51Z step 50/938 loss=0.003117 grad_norm=0.01919 learning_rate=9.987e-05 epoch=0.05333
2026-10-03T06:55:14Z step 60/938 loss=0.002268 grad_norm=0.3533 learning_rate=9.971e-05 epoch=0.064
2026-10-03T06:55:38Z step 70/938 loss=0.002513 grad_norm=0.2396 learning_rate=9.95e-05 epoch=0.07467
2026-10-03T06:56:01Z step 80/938 loss=0.001083 grad_norm=0.03883 learning_rate=9.923e-05 epoch=0.08533
2026-10-03T06:56:25Z step 90/938 loss=0.002609 grad_norm=0.002624 learning_rate=9.89e-05 epoch=0.096
2026-10-03T06:56:48Z step 100/938 loss=0.001685 grad_norm=0.0886 learning_rate=9.851e-05 epoch=0.1067
2026-10-03T06:57:11Z step 110/938 loss=0.0005632 grad_norm=0.005625 learning_rate=9.806e-05 epoch=0.1173
2026-10-03T06:57:34Z step 120/938 loss=5.051e-05 grad_norm=0.001238 learning_rate=9.755e-05 epoch=0.128
2026-10-03T06:57:58Z step 130/938 loss=0.0004722 grad_norm=0.001416 learning_rate=9.699e-05 epoch=0.1387
2026-10-03T06:58:20Z step 140/938 loss=0.0009487 grad_norm=0.0005651 learning_rate=9.637e-05 epoch=0.1493
2026-10-03T06:58:43Z step 150/938 loss=0.0008221 grad_norm=0.006681 learning_rate=9.57e-05 epoch=0.16
2026-10-03T06:59:07Z step 160/938 loss=0.0005848 grad_norm=0.006269 learning_rate=9.497e-05 epoch=0.1707
2026-10-03T06:59:30Z step 170/938 loss=0.0002048 grad_norm=0.118 learning_rate=9.419e-05 epoch=0.1813
2026-10-03T06:59:54Z step 180/938 loss=0.0005253 grad_norm=0.001089 learning_rate=9.336e-05 epoch=0.192
2026-10-03T07:00:17Z step 190/938 loss=0.000101 grad_norm=0.01573 learning_rate=9.247e-05 epoch=0.2027
2026-10-03T07:00:40Z step 200/938 loss=3.464e-05 grad_norm=0.0007582 learning_rate=9.154e-05 epoch=0.2133
2026-10-03T07:01:04Z step 210/938 loss=9.557e-05 grad_norm=0.0005801 learning_rate=9.055e-05 epoch=0.224
2026-10-03T07:01:27Z step 220/938 loss=0.0001868 grad_norm=0.0002568 learning_rate=8.952e-05 epoch=0.2347
2026-10-03T07:01:50Z step 230/938 loss=3.973e-05 grad_norm=0.001811 learning_rate=8.844e-05 epoch=0.2453
2026-10-03T07:02:14Z step 240/938 loss=6.26e-05 grad_norm=0.04983 learning_rate=8.731e-05 epoch=0.256
2026-10-03T07:02:38Z step 250/938 loss=8.656e-05 grad_norm=0.252 learning_rate=8.614e-05 epoch=0.2667
2026-10-03T07:03:02Z step 260/938 loss=0.0005487 grad_norm=0.0002548 learning_rate=8.493e-05 epoch=0.2773
2026-10-03T07:03:26Z step 270/938 loss=0.0001041 grad_norm=0.003468 learning_rate=8.367e-05 epoch=0.288
2026-10-03T07:03:49Z step 280/938 loss=0.0003594 grad_norm=0.007774 learning_rate=8.237e-05 epoch=0.2987
2026-10-03T07:04:13Z step 290/938 loss=0.0003547 grad_norm=0.0001877 learning_rate=8.104e-05 epoch=0.3093
2026-10-03T07:04:37Z step 300/938 loss=0.0005141 grad_norm=0.0007162 learning_rate=7.967e-05 epoch=0.32
2026-10-03T07:05:00Z step 310/938 loss=7.551e-05 grad_norm=0.002103 learning_rate=7.826e-05 epoch=0.3307
2026-10-03T07:05:24Z step 320/938 loss=8.738e-05 grad_norm=0.007123 learning_rate=7.682e-05 epoch=0.3413
2026-10-03T07:05:47Z step 330/938 loss=3.107e-05 grad_norm=0.0001226 learning_rate=7.535e-05 epoch=0.352
2026-10-03T07:06:11Z step 340/938 loss=9.747e-06 grad_norm=0.0002318 learning_rate=7.385e-05 epoch=0.3627
2026-10-03T07:06:35Z step 350/938 loss=0.0001763 grad_norm=0.002264 learning_rate=7.231e-05 epoch=0.3733
2026-10-03T07:06:58Z step 360/938 loss=0.0006399 grad_norm=0.0004068 learning_rate=7.076e-05 epoch=0.384
2026-10-03T07:07:21Z step 370/938 loss=0.0005703 grad_norm=0.002184 learning_rate=6.917e-05 epoch=0.3947
2026-10-03T07:07:44Z step 380/938 loss=0.00029 grad_norm=0.0203 learning_rate=6.757e-05 epoch=0.4053
2026-10-03T07:08:07Z step 390/938 loss=0.0001844 grad_norm=0.0002937 learning_rate=6.594e-05 epoch=0.416
2026-10-03T07:08:31Z step 400/938 loss=2.677e-05 grad_norm=0.0008101 learning_rate=6.43e-05 epoch=0.4267
2026-10-03T07:08:54Z step 410/938 loss=0.001434 grad_norm=0.003795 learning_rate=6.264e-05 epoch=0.4373
2026-10-03T07:09:19Z step 420/938 loss=0.0005052 grad_norm=0.002553 learning_rate=6.096e-05 epoch=0.448
2026-10-03T07:09:42Z step 430/938 loss=0.000552 grad_norm=0.001951 learning_rate=5.927e-05 epoch=0.4587
2026-10-03T07:10:05Z step 440/938 loss=0.0002065 grad_norm=0.001574 learning_rate=5.757e-05 epoch=0.4693
2026-10-03T07:10:33Z step 450/938 loss=0.000175 grad_norm=0.03686 learning_rate=5.586e-05 epoch=0.48
2026-10-03T07:10:56Z step 460/938 loss=1.861e-05 grad_norm=0.0007537 learning_rate=5.414e-05 epoch=0.4907
2026-10-03T07:11:18Z step 470/938 loss=1.438e-05 grad_norm=0.0002096 learning_rate=5.242e-05 epoch=0.5013
2026-10-03T07:11:42Z step 480/938 loss=1.302e-05 grad_norm=0.0007465 learning_rate=5.069e-05 epoch=0.512
2026-10-03T07:12:05Z step 490/938 loss=2.032e-05 grad_norm=0.0004539 learning_rate=4.896e-05 epoch=0.5227
2026-10-03T07:12:29Z step 500/938 loss=1.16e-05 grad_norm=0.0004636 learning_rate=4.724e-05 epoch=0.5333
2026-10-03T07:12:52Z step 510/938 loss=8.252e-06 grad_norm=0.0001164 learning_rate=4.552e-05 epoch=0.544
2026-10-03T07:13:15Z step 520/938 loss=9.765e-06 grad_norm=0.0004128 learning_rate=4.38e-05 epoch=0.5547
2026-10-03T07:13:38Z step 530/938 loss=4.619e-05 grad_norm=0.0002029 learning_rate=4.209e-05 epoch=0.5653
2026-10-03T07:14:02Z step 540/938 loss=0.0006799 grad_norm=0.0004665 learning_rate=4.039e-05 epoch=0.576
2026-10-03T07:14:25Z step 550/938 loss=1.443e-05 grad_norm=0.002035 learning_rate=3.871e-05 epoch=0.5867
2026-10-03T07:14:49Z step 560/938 loss=0.001377 grad_norm=0.00771 learning_rate=3.703e-05 epoch=0.5973
2026-10-03T07:15:12Z step 570/938 loss=0.0002164 grad_norm=0.002051 learning_rate=3.537e-05 epoch=0.608
2026-10-03T07:15:36Z step 580/938 loss=0.000147 grad_norm=0.002085 learning_rate=3.373e-05 epoch=0.6187
2026-10-03T07:15:59Z step 590/938 loss=6.479e-05 grad_norm=0.0003531 learning_rate=3.211e-05 epoch=0.6293
2026-10-03T07:16:23Z step 600/938 loss=1.668e-05 grad_norm=0.0001709 learning_rate=3.051e-05 epoch=0.64
2026-10-03T07:16:46Z step 610/938 loss=1.569e-05 grad_norm=0.0008549 learning_rate=2.893e-05 epoch=0.6507
2026-10-03T07:17:09Z step 620/938 loss=1.554e-05 grad_norm=0.0006118 learning_rate=2.738e-05 epoch=0.6613
2026-10-03T07:17:33Z step 630/938 loss=1.896e-05 grad_norm=0.0003186 learning_rate=2.585e-05 epoch=0.672
2026-10-03T07:17:57Z step 640/938 loss=4.989e-05 grad_norm=0.0007894 learning_rate=2.436e-05 epoch=0.6827
2026-10-03T07:18:21Z step 650/938 loss=1.004e-05 grad_norm=0.0003943 learning_rate=2.289e-05 epoch=0.6933
2026-10-03T07:18:46Z step 660/938 loss=1.396e-05 grad_norm=0.000143 learning_rate=2.145e-05 epoch=0.704
2026-10-03T07:19:09Z step 670/938 loss=6.467e-05 grad_norm=0.0001207 learning_rate=2.005e-05 epoch=0.7147
2026-10-03T07:19:33Z step 680/938 loss=7.559e-05 grad_norm=0.0001587 learning_rate=1.869e-05 epoch=0.7253
2026-10-03T07:19:56Z step 690/938 loss=1.548e-05 grad_norm=0.006482 learning_rate=1.736e-05 epoch=0.736
2026-10-03T07:20:19Z step 700/938 loss=8.093e-06 grad_norm=0.0002891 learning_rate=1.608e-05 epoch=0.7467
2026-10-03T07:20:43Z step 710/938 loss=6.916e-06 grad_norm=0.000117 learning_rate=1.483e-05 epoch=0.7573
2026-10-03T07:21:06Z step 720/938 loss=3.573e-05 grad_norm=5.604e-05 learning_rate=1.362e-05 epoch=0.768
2026-10-03T07:21:29Z step 730/938 loss=1.455e-05 grad_norm=0.0003775 learning_rate=1.246e-05 epoch=0.7787
2026-10-03T07:21:52Z step 740/938 loss=5.656e-06 grad_norm=6.25e-05 learning_rate=1.134e-05 epoch=0.7893
2026-10-03T07:22:17Z step 750/938 loss=1.402e-05 grad_norm=0.0005856 learning_rate=1.027e-05 epoch=0.8
2026-10-03T07:22:40Z step 760/938 loss=1.032e-05 grad_norm=0.0001957 learning_rate=9.247e-06 epoch=0.8107
2026-10-03T07:23:03Z step 770/938 loss=7.319e-06 grad_norm=0.000348 learning_rate=8.271e-06 epoch=0.8213
2026-10-03T07:23:27Z step 780/938 loss=2.048e-05 grad_norm=0.005636 learning_rate=7.345e-06 epoch=0.832
2026-10-03T07:23:51Z step 790/938 loss=8.98e-06 grad_norm=0.0005329 learning_rate=6.47e-06 epoch=0.8427
2026-10-03T07:24:14Z step 800/938 loss=5.993e-06 grad_norm=0.0006637 learning_rate=5.647e-06 epoch=0.8533
2026-10-03T07:24:37Z step 810/938 loss=6.754e-06 grad_norm=5.716e-05 learning_rate=4.877e-06 epoch=0.864
2026-10-03T07:25:01Z step 820/938 loss=7.902e-06 grad_norm=0.0004329 learning_rate=4.16e-06 epoch=0.8747
2026-10-03T07:25:24Z step 830/938 loss=6.357e-06 grad_norm=7.182e-05 learning_rate=3.498e-06 epoch=0.8853
2026-10-03T07:25:47Z step 840/938 loss=4.996e-06 grad_norm=0.000393 learning_rate=2.892e-06 epoch=0.896
2026-10-03T07:26:11Z step 850/938 loss=5.091e-06 grad_norm=5.449e-05 learning_rate=2.342e-06 epoch=0.9067
2026-10-03T07:26:34Z step 860/938 loss=7.342e-06 grad_norm=6.616e-05 learning_rate=1.848e-06 epoch=0.9173
2026-10-03T07:26:56Z step 870/938 loss=5.212e-06 grad_norm=0.0002024 learning_rate=1.412e-06 epoch=0.928
2026-10-03T07:27:20Z step 880/938 loss=1.225e-05 grad_norm=6.397e-05 learning_rate=1.034e-06 epoch=0.9387
2026-10-03T07:27:43Z step 890/938 loss=1.777e-05 grad_norm=7.302e-05 learning_rate=7.137e-07 epoch=0.9493
2026-10-03T07:28:07Z step 900/938 loss=5.447e-06 grad_norm=0.0002984 learning_rate=4.525e-07 epoch=0.96
2026-10-03T07:28:30Z step 910/938 loss=8.074e-06 grad_norm=8.511e-05 learning_rate=2.504e-07 epoch=0.9707
2026-10-03T07:28:53Z step 920/938 loss=7.619e-06 grad_norm=5.235e-05 learning_rate=1.075e-07 epoch=0.9813
2026-10-03T07:29:16Z step 930/938 loss=1.022e-05 grad_norm=7.373e-05 learning_rate=2.413e-08 epoch=0.992
2026-10-03T07:29:34Z step 938/938 train_runtime=2358 train_samples_per_second=25.45 train_steps_per_second=0.398 total_flos=1.135e+18 train_loss=0.03213 epoch=1
2026-10-03T07:29:39Z trained 938 steps in 39.3 min, 5032.3 tok/s, peak 23.64 GB
2026-10-03T07:29:53Z u path: fp32-hidden (max |u_fp32 - u_bf16logits| = 0.0107)
2026-10-03T07:29:58Z padding self-check: max |u_batch - u_single| = 0.1330 (tol 0.620) -> left padding
2026-10-03T07:31:30Z B-F-summary2-blocks-s2 rule_v1/dev: TA 74.0 Rev 99.0 Hold 75.0 n=300 (110.1 s)
2026-10-03T07:32:09Z B-F-summary2-blocks-s2 rule_v1/dev_missing: TA nan Rev nan Hold nan n=None (39.3 s)
2026-10-03T07:34:08Z B-F-summary2-blocks-s2 rule_v1/missing: TA nan Rev nan Hold nan n=None (118.8 s)
2026-10-03T07:37:25Z generate: batch 25/28, 228017 tokens, 1159 tok/s
2026-10-03T07:39:43Z B-F-summary2-blocks-s2 rule_v1/readapply: TA 74.7 Rev 99.2 Hold 75.5 n=1000 (334.8 s)
2026-10-03T07:43:35Z B-F-summary2-blocks-s2 rule_v1/test_L0: TA 78.5 Rev 98.8 Hold 79.7 n=1000 (231.8 s)
2026-10-03T07:47:19Z B-F-summary2-blocks-s2 rule_v1/test_L1: TA 74.0 Rev 98.1 Hold 75.5 n=1000 (223.6 s)
2026-10-03T07:50:59Z generate: batch 25/32, 230630 tokens, 1055 tok/s
2026-10-03T07:55:24Z B-F-summary2-blocks-s2 rule_v1/test_L2: TA 72.2 Rev 97.4 Hold 74.6 n=2000 (484.8 s)
2026-10-03T07:58:59Z B-F-summary2-blocks-s2 rule_v1/test_L3alt: TA 64.1 Rev 100.0 Hold 64.1 n=1000 (214.2 s)
2026-10-03T08:03:05Z B-F-summary2-blocks-s2 rule_v1/test_L3inv: TA 69.6 Rev 97.3 Hold 72.2 n=1000 (235.3 s)
2026-10-03T08:07:21Z B-F-summary2-blocks-s2 rule_v1/test_hard: TA 71.6 Rev 97.9 Hold 73.6 n=1000 (255.8 s)
2026-10-03T08:10:34Z B-F-summary2-blocks-s2 xr_v1/test: TA nan Rev nan Hold nan n=None (193.5 s)
2026-10-03T08:10:35Z DONE B-F-summary2-blocks-s2 in 80.6 min, GPU util mean 85.2
