2026-10-03T21:56:43Z step 10/938 loss=12.96 grad_norm=39.38 learning_rate=3.214e-05 epoch=0.01067
2026-10-03T21:57:07Z step 20/938 loss=0.7582 grad_norm=6.952 learning_rate=6.786e-05 epoch=0.02133
2026-10-03T21:57:31Z step 30/938 loss=0.1185 grad_norm=2.905 learning_rate=0.0001 epoch=0.032
2026-10-03T21:57:55Z step 40/938 loss=0.0144 grad_norm=0.02001 learning_rate=9.996e-05 epoch=0.04267
2026-10-03T21:58:20Z step 50/938 loss=0.09324 grad_norm=5.027 learning_rate=9.987e-05 epoch=0.05333
2026-10-03T21:58:45Z step 60/938 loss=0.00626 grad_norm=0.02058 learning_rate=9.971e-05 epoch=0.064
2026-10-03T21:59:09Z step 70/938 loss=0.0005567 grad_norm=0.2515 learning_rate=9.95e-05 epoch=0.07467
2026-10-03T21:59:33Z step 80/938 loss=0.002809 grad_norm=0.04488 learning_rate=9.923e-05 epoch=0.08533
2026-10-03T21:59:57Z step 90/938 loss=0.009181 grad_norm=0.003945 learning_rate=9.89e-05 epoch=0.096
2026-10-03T22:00:22Z step 100/938 loss=0.01149 grad_norm=0.04691 learning_rate=9.851e-05 epoch=0.1067
2026-10-03T22:00:46Z step 110/938 loss=0.00544 grad_norm=0.003771 learning_rate=9.806e-05 epoch=0.1173
2026-10-03T22:01:10Z step 120/938 loss=0.004875 grad_norm=0.001211 learning_rate=9.755e-05 epoch=0.128
2026-10-03T22:01:34Z step 130/938 loss=0.006885 grad_norm=0.001718 learning_rate=9.699e-05 epoch=0.1387
2026-10-03T22:01:59Z step 140/938 loss=0.04449 grad_norm=0.02332 learning_rate=9.637e-05 epoch=0.1493
2026-10-03T22:02:23Z step 150/938 loss=0.001966 grad_norm=0.003746 learning_rate=9.57e-05 epoch=0.16
2026-10-03T22:02:47Z step 160/938 loss=0.001457 grad_norm=1.158 learning_rate=9.497e-05 epoch=0.1707
2026-10-03T22:03:12Z step 170/938 loss=0.00528 grad_norm=0.01447 learning_rate=9.419e-05 epoch=0.1813
2026-10-03T22:03:36Z step 180/938 loss=0.000477 grad_norm=0.0004906 learning_rate=9.336e-05 epoch=0.192
2026-10-03T22:04:01Z step 190/938 loss=6.438e-05 grad_norm=0.0001699 learning_rate=9.247e-05 epoch=0.2027
2026-10-03T22:04:25Z step 200/938 loss=1.082e-05 grad_norm=0.0001932 learning_rate=9.154e-05 epoch=0.2133
2026-10-03T22:04:50Z step 210/938 loss=0.009292 grad_norm=0.007115 learning_rate=9.055e-05 epoch=0.224
2026-10-03T22:05:14Z step 220/938 loss=0.0004056 grad_norm=0.03643 learning_rate=8.952e-05 epoch=0.2347
2026-10-03T22:05:39Z step 230/938 loss=0.0008172 grad_norm=0.0003668 learning_rate=8.844e-05 epoch=0.2453
2026-10-03T22:06:03Z step 240/938 loss=0.0004786 grad_norm=0.05776 learning_rate=8.731e-05 epoch=0.256
2026-10-03T22:06:28Z step 250/938 loss=0.01893 grad_norm=0.0003642 learning_rate=8.614e-05 epoch=0.2667
2026-10-03T22:06:53Z step 260/938 loss=0.0001924 grad_norm=0.001264 learning_rate=8.493e-05 epoch=0.2773
2026-10-03T22:07:17Z step 270/938 loss=0.0003595 grad_norm=0.007536 learning_rate=8.367e-05 epoch=0.288
2026-10-03T22:07:41Z step 280/938 loss=0.0001057 grad_norm=0.002036 learning_rate=8.237e-05 epoch=0.2987
2026-10-03T22:08:05Z step 290/938 loss=8.045e-05 grad_norm=0.0002904 learning_rate=8.104e-05 epoch=0.3093
2026-10-03T22:08:30Z step 300/938 loss=0.001445 grad_norm=0.00203 learning_rate=7.967e-05 epoch=0.32
2026-10-03T22:08:54Z step 310/938 loss=0.001277 grad_norm=0.001195 learning_rate=7.826e-05 epoch=0.3307
2026-10-03T22:09:18Z step 320/938 loss=0.01367 grad_norm=0.763 learning_rate=7.682e-05 epoch=0.3413
2026-10-03T22:09:42Z step 330/938 loss=0.001929 grad_norm=0.1035 learning_rate=7.535e-05 epoch=0.352
2026-10-03T22:10:06Z step 340/938 loss=0.005156 grad_norm=0.005338 learning_rate=7.385e-05 epoch=0.3627
2026-10-03T22:10:31Z step 350/938 loss=0.003049 grad_norm=0.0006449 learning_rate=7.231e-05 epoch=0.3733
2026-10-03T22:10:56Z step 360/938 loss=0.05011 grad_norm=0.7048 learning_rate=7.076e-05 epoch=0.384
2026-10-03T22:11:20Z step 370/938 loss=2.296e-05 grad_norm=0.0001045 learning_rate=6.917e-05 epoch=0.3947
2026-10-03T22:11:45Z step 380/938 loss=0.01056 grad_norm=0.001155 learning_rate=6.757e-05 epoch=0.4053
2026-10-03T22:12:09Z step 390/938 loss=0.0004255 grad_norm=0.0007638 learning_rate=6.594e-05 epoch=0.416
2026-10-03T22:12:34Z step 400/938 loss=0.02557 grad_norm=0.003615 learning_rate=6.43e-05 epoch=0.4267
2026-10-03T22:12:59Z step 410/938 loss=0.0001571 grad_norm=0.005589 learning_rate=6.264e-05 epoch=0.4373
2026-10-03T22:13:23Z step 420/938 loss=7.398e-05 grad_norm=0.01272 learning_rate=6.096e-05 epoch=0.448
2026-10-03T22:13:48Z step 430/938 loss=0.01619 grad_norm=0.4509 learning_rate=5.927e-05 epoch=0.4587
2026-10-03T22:14:12Z step 440/938 loss=0.0122 grad_norm=0.002674 learning_rate=5.757e-05 epoch=0.4693
2026-10-03T22:14:36Z step 450/938 loss=0.00166 grad_norm=0.001408 learning_rate=5.586e-05 epoch=0.48
2026-10-03T22:15:01Z step 460/938 loss=0.01075 grad_norm=0.00284 learning_rate=5.414e-05 epoch=0.4907
2026-10-03T22:15:26Z step 470/938 loss=3.161e-05 grad_norm=0.000587 learning_rate=5.242e-05 epoch=0.5013
2026-10-03T22:15:50Z step 480/938 loss=0.0001081 grad_norm=0.0007879 learning_rate=5.069e-05 epoch=0.512
2026-10-03T22:16:15Z step 490/938 loss=3.295e-05 grad_norm=0.00187 learning_rate=4.896e-05 epoch=0.5227
2026-10-03T22:16:45Z step 500/938 loss=2.982e-05 grad_norm=0.001014 learning_rate=4.724e-05 epoch=0.5333
2026-10-03T22:17:09Z step 510/938 loss=1.496e-05 grad_norm=0.0002811 learning_rate=4.552e-05 epoch=0.544
2026-10-03T22:17:33Z step 520/938 loss=0.000112 grad_norm=0.0002271 learning_rate=4.38e-05 epoch=0.5547
2026-10-03T22:17:58Z step 530/938 loss=1.452e-05 grad_norm=0.0003654 learning_rate=4.209e-05 epoch=0.5653
2026-10-03T22:18:23Z step 540/938 loss=1.306e-05 grad_norm=0.0001887 learning_rate=4.039e-05 epoch=0.576
2026-10-03T22:18:47Z step 550/938 loss=3.702e-05 grad_norm=0.0003015 learning_rate=3.871e-05 epoch=0.5867
2026-10-03T22:19:12Z step 560/938 loss=7.295e-05 grad_norm=0.0003793 learning_rate=3.703e-05 epoch=0.5973
2026-10-03T22:19:36Z step 570/938 loss=8.484e-06 grad_norm=0.0001449 learning_rate=3.537e-05 epoch=0.608
2026-10-03T22:20:01Z step 580/938 loss=8.489e-06 grad_norm=0.0001585 learning_rate=3.373e-05 epoch=0.6187
2026-10-03T22:20:26Z step 590/938 loss=6.783e-06 grad_norm=9.242e-05 learning_rate=3.211e-05 epoch=0.6293
2026-10-03T22:20:50Z step 600/938 loss=6.802e-06 grad_norm=0.0001456 learning_rate=3.051e-05 epoch=0.64
2026-10-03T22:21:15Z step 610/938 loss=6.233e-06 grad_norm=0.0001179 learning_rate=2.893e-05 epoch=0.6507
2026-10-03T22:21:39Z step 620/938 loss=6.563e-06 grad_norm=0.0001199 learning_rate=2.738e-05 epoch=0.6613
2026-10-03T22:22:03Z step 630/938 loss=9.328e-06 grad_norm=0.0002409 learning_rate=2.585e-05 epoch=0.672
2026-10-03T22:22:27Z step 640/938 loss=6.669e-06 grad_norm=0.0001992 learning_rate=2.436e-05 epoch=0.6827
2026-10-03T22:22:51Z step 650/938 loss=1.193e-05 grad_norm=0.0002088 learning_rate=2.289e-05 epoch=0.6933
2026-10-03T22:23:15Z step 660/938 loss=6.373e-06 grad_norm=0.0001609 learning_rate=2.145e-05 epoch=0.704
2026-10-03T22:23:40Z step 670/938 loss=7.108e-06 grad_norm=8.269e-05 learning_rate=2.005e-05 epoch=0.7147
2026-10-03T22:24:05Z step 680/938 loss=5.877e-06 grad_norm=9.578e-05 learning_rate=1.869e-05 epoch=0.7253
2026-10-03T22:24:30Z step 690/938 loss=1.591e-05 grad_norm=7.222e-05 learning_rate=1.736e-05 epoch=0.736
2026-10-03T22:24:56Z step 700/938 loss=5.344e-06 grad_norm=9.536e-05 learning_rate=1.608e-05 epoch=0.7467
2026-10-03T22:25:21Z step 710/938 loss=8.317e-06 grad_norm=0.0001312 learning_rate=1.483e-05 epoch=0.7573
2026-10-03T22:25:46Z step 720/938 loss=5.171e-06 grad_norm=0.000715 learning_rate=1.362e-05 epoch=0.768
2026-10-03T22:26:10Z step 730/938 loss=6.186e-06 grad_norm=9.582e-05 learning_rate=1.246e-05 epoch=0.7787
2026-10-03T22:26:35Z step 740/938 loss=5.761e-06 grad_norm=0.0004006 learning_rate=1.134e-05 epoch=0.7893
2026-10-03T22:26:59Z step 750/938 loss=5.091e-06 grad_norm=5.339e-05 learning_rate=1.027e-05 epoch=0.8
2026-10-03T22:27:24Z step 760/938 loss=5.344e-06 grad_norm=0.0001034 learning_rate=9.247e-06 epoch=0.8107
2026-10-03T22:27:48Z step 770/938 loss=4.68e-06 grad_norm=0.0001286 learning_rate=8.271e-06 epoch=0.8213
2026-10-03T22:28:12Z step 780/938 loss=6.086e-06 grad_norm=9.146e-05 learning_rate=7.345e-06 epoch=0.832
2026-10-03T22:28:37Z step 790/938 loss=7.935e-06 grad_norm=0.0001233 learning_rate=6.47e-06 epoch=0.8427
2026-10-03T22:29:01Z step 800/938 loss=5.005e-06 grad_norm=0.0001265 learning_rate=5.647e-06 epoch=0.8533
2026-10-03T22:29:27Z step 810/938 loss=5.467e-06 grad_norm=0.0001241 learning_rate=4.877e-06 epoch=0.864
2026-10-03T22:29:51Z step 820/938 loss=4.25e-06 grad_norm=8.014e-05 learning_rate=4.16e-06 epoch=0.8747
2026-10-03T22:30:15Z step 830/938 loss=7.124e-06 grad_norm=6.975e-05 learning_rate=3.498e-06 epoch=0.8853
2026-10-03T22:30:39Z step 840/938 loss=4.843e-06 grad_norm=0.000141 learning_rate=2.892e-06 epoch=0.896
2026-10-03T22:31:04Z step 850/938 loss=4.042e-06 grad_norm=7.214e-05 learning_rate=2.342e-06 epoch=0.9067
2026-10-03T22:31:28Z step 860/938 loss=1.149e-05 grad_norm=6.379e-05 learning_rate=1.848e-06 epoch=0.9173
2026-10-03T22:31:53Z step 870/938 loss=5.901e-06 grad_norm=5.736e-05 learning_rate=1.412e-06 epoch=0.928
2026-10-03T22:32:17Z step 880/938 loss=8.365e-06 grad_norm=0.0001103 learning_rate=1.034e-06 epoch=0.9387
2026-10-03T22:32:42Z step 890/938 loss=4.225e-06 grad_norm=9.689e-05 learning_rate=7.137e-07 epoch=0.9493
2026-10-03T22:33:07Z step 900/938 loss=5.408e-06 grad_norm=9.921e-05 learning_rate=4.525e-07 epoch=0.96
2026-10-03T22:33:32Z step 910/938 loss=4.444e-06 grad_norm=0.000123 learning_rate=2.504e-07 epoch=0.9707
2026-10-03T22:33:56Z step 920/938 loss=4.3e-06 grad_norm=0.0001271 learning_rate=1.075e-07 epoch=0.9813
2026-10-03T22:34:21Z step 930/938 loss=1.809e-05 grad_norm=0.000122 learning_rate=2.413e-08 epoch=0.992
2026-10-03T22:34:39Z step 938/938 train_runtime=2300 train_samples_per_second=26.08 train_steps_per_second=0.408 total_flos=1.179e+18 train_loss=0.1517 epoch=1
2026-10-03T22:34:44Z trained 938 steps in 38.4 min, 4990.4 tok/s, peak 33.05 GB
2026-10-03T22:34:44Z u path: fp32-hidden (max |u_fp32 - u_bf16logits| = 0.0287)
2026-10-03T22:34:45Z padding self-check: max |u_batch - u_single| = 0.0747 (tol 0.694) -> left padding
2026-10-03T22:35:22Z B-LOKO-subject-bit_reader-s0 rule_v1/dev: TA 98.0 Rev 100.0 Hold 98.0 n=300 (38.1 s)
2026-10-03T22:36:27Z generate: batch 25/32, 32000 tokens, 504 tok/s
2026-10-03T22:39:37Z B-LOKO-subject-bit_reader-s0 rule_v1/test_L2: TA 95.4 Rev 100.0 Hold 95.4 n=2000 (254.7 s)
2026-10-03T22:41:35Z B-LOKO-subject-bit_reader-s0 rule_v1/test_L0: TA 98.4 Rev 99.9 Hold 98.5 n=1000 (117.9 s)
2026-10-03T22:42:43Z B-LOKO-subject-bit_reader-s0 xr_v1/test: TA nan Rev nan Hold nan n=None (67.5 s)
2026-10-03T22:42:44Z DONE B-LOKO-subject-bit_reader-s0 in 46.8 min, GPU util mean 93.8
