2026-10-03T13:10:31Z step 10/938 loss=0.4587 grad_norm=0.9187 learning_rate=3.214e-05 epoch=0.01067
2026-10-03T13:11:00Z step 20/938 loss=0.06721 grad_norm=0.3014 learning_rate=6.786e-05 epoch=0.02133
2026-10-03T13:11:30Z step 30/938 loss=0.01402 grad_norm=0.205 learning_rate=0.0001 epoch=0.032
2026-10-03T13:12:01Z step 40/938 loss=0.003425 grad_norm=0.03784 learning_rate=9.996e-05 epoch=0.04267
2026-10-03T13:12:30Z step 50/938 loss=0.004077 grad_norm=0.02677 learning_rate=9.987e-05 epoch=0.05333
2026-10-03T13:13:00Z step 60/938 loss=0.001682 grad_norm=0.05469 learning_rate=9.971e-05 epoch=0.064
2026-10-03T13:13:30Z step 70/938 loss=0.00182 grad_norm=0.08538 learning_rate=9.95e-05 epoch=0.07467
2026-10-03T13:13:59Z step 80/938 loss=0.0006225 grad_norm=0.03685 learning_rate=9.923e-05 epoch=0.08533
2026-10-03T13:14:29Z step 90/938 loss=0.002252 grad_norm=0.01201 learning_rate=9.89e-05 epoch=0.096
2026-10-03T13:14:59Z step 100/938 loss=0.002416 grad_norm=0.002717 learning_rate=9.851e-05 epoch=0.1067
2026-10-03T13:15:28Z step 110/938 loss=0.002234 grad_norm=0.0279 learning_rate=9.806e-05 epoch=0.1173
2026-10-03T13:15:58Z step 120/938 loss=0.00101 grad_norm=0.02635 learning_rate=9.755e-05 epoch=0.128
2026-10-03T13:16:27Z step 130/938 loss=0.000524 grad_norm=0.01946 learning_rate=9.699e-05 epoch=0.1387
2026-10-03T13:16:56Z step 140/938 loss=0.0002659 grad_norm=0.005451 learning_rate=9.637e-05 epoch=0.1493
2026-10-03T13:17:25Z step 150/938 loss=0.0003621 grad_norm=0.0006488 learning_rate=9.57e-05 epoch=0.16
2026-10-03T13:17:54Z step 160/938 loss=4.1e-05 grad_norm=0.0006309 learning_rate=9.497e-05 epoch=0.1707
2026-10-03T13:18:23Z step 170/938 loss=0.0005327 grad_norm=0.0008226 learning_rate=9.419e-05 epoch=0.1813
2026-10-03T13:18:52Z step 180/938 loss=0.0006964 grad_norm=0.02106 learning_rate=9.336e-05 epoch=0.192
2026-10-03T13:19:22Z step 190/938 loss=0.0001733 grad_norm=0.006986 learning_rate=9.247e-05 epoch=0.2027
2026-10-03T13:19:51Z step 200/938 loss=0.0003163 grad_norm=0.006331 learning_rate=9.154e-05 epoch=0.2133
2026-10-03T13:20:21Z step 210/938 loss=7.688e-05 grad_norm=0.00209 learning_rate=9.055e-05 epoch=0.224
2026-10-03T13:20:51Z step 220/938 loss=0.0009553 grad_norm=0.08544 learning_rate=8.952e-05 epoch=0.2347
2026-10-03T13:21:19Z step 230/938 loss=0.0003462 grad_norm=0.001046 learning_rate=8.844e-05 epoch=0.2453
2026-10-03T13:21:49Z step 240/938 loss=0.0006069 grad_norm=0.002022 learning_rate=8.731e-05 epoch=0.256
2026-10-03T13:22:19Z step 250/938 loss=0.0008807 grad_norm=0.07216 learning_rate=8.614e-05 epoch=0.2667
2026-10-03T13:22:56Z step 260/938 loss=0.0002596 grad_norm=0.004899 learning_rate=8.493e-05 epoch=0.2773
2026-10-03T13:23:25Z step 270/938 loss=0.0004649 grad_norm=0.001322 learning_rate=8.367e-05 epoch=0.288
2026-10-03T13:23:55Z step 280/938 loss=0.000266 grad_norm=0.007877 learning_rate=8.237e-05 epoch=0.2987
2026-10-03T13:24:24Z step 290/938 loss=0.0002619 grad_norm=0.0001638 learning_rate=8.104e-05 epoch=0.3093
2026-10-03T13:24:54Z step 300/938 loss=0.0002442 grad_norm=0.1387 learning_rate=7.967e-05 epoch=0.32
2026-10-03T13:25:23Z step 310/938 loss=0.00127 grad_norm=0.1597 learning_rate=7.826e-05 epoch=0.3307
2026-10-03T13:25:52Z step 320/938 loss=0.0003232 grad_norm=0.008753 learning_rate=7.682e-05 epoch=0.3413
2026-10-03T13:26:22Z step 330/938 loss=0.001424 grad_norm=0.1978 learning_rate=7.535e-05 epoch=0.352
2026-10-03T13:26:51Z step 340/938 loss=0.0008262 grad_norm=0.01132 learning_rate=7.385e-05 epoch=0.3627
2026-10-03T13:27:21Z step 350/938 loss=0.000244 grad_norm=0.002165 learning_rate=7.231e-05 epoch=0.3733
2026-10-03T13:27:51Z step 360/938 loss=0.0002458 grad_norm=0.000714 learning_rate=7.076e-05 epoch=0.384
2026-10-03T13:28:19Z step 370/938 loss=4.631e-05 grad_norm=0.0004263 learning_rate=6.917e-05 epoch=0.3947
2026-10-03T13:29:03Z step 380/938 loss=9.127e-05 grad_norm=0.00212 learning_rate=6.757e-05 epoch=0.4053
2026-10-03T13:29:32Z step 390/938 loss=0.0001601 grad_norm=0.000626 learning_rate=6.594e-05 epoch=0.416
2026-10-03T13:30:02Z step 400/938 loss=5.064e-05 grad_norm=0.01962 learning_rate=6.43e-05 epoch=0.4267
2026-10-03T13:31:52Z step 410/938 loss=2.629e-05 grad_norm=0.002307 learning_rate=6.264e-05 epoch=0.4373
2026-10-03T13:32:22Z step 420/938 loss=1.895e-05 grad_norm=0.0002749 learning_rate=6.096e-05 epoch=0.448
2026-10-03T13:32:51Z step 430/938 loss=2.597e-05 grad_norm=0.000267 learning_rate=5.927e-05 epoch=0.4587
2026-10-03T13:33:21Z step 440/938 loss=1.121e-05 grad_norm=0.0002126 learning_rate=5.757e-05 epoch=0.4693
2026-10-03T13:33:50Z step 450/938 loss=8.033e-06 grad_norm=0.0004226 learning_rate=5.586e-05 epoch=0.48
2026-10-03T13:34:19Z step 460/938 loss=1.673e-05 grad_norm=0.0002259 learning_rate=5.414e-05 epoch=0.4907
2026-10-03T13:34:47Z step 470/938 loss=9.249e-06 grad_norm=0.0003226 learning_rate=5.242e-05 epoch=0.5013
2026-10-03T13:35:16Z step 480/938 loss=7.127e-06 grad_norm=0.0002086 learning_rate=5.069e-05 epoch=0.512
2026-10-03T13:35:45Z step 490/938 loss=5.962e-06 grad_norm=0.0002777 learning_rate=4.896e-05 epoch=0.5227
2026-10-03T13:36:14Z step 500/938 loss=9.768e-06 grad_norm=0.0008717 learning_rate=4.724e-05 epoch=0.5333
2026-10-03T13:36:44Z step 510/938 loss=2.352e-05 grad_norm=5.903e-05 learning_rate=4.552e-05 epoch=0.544
2026-10-03T13:37:13Z step 520/938 loss=5.997e-06 grad_norm=0.0004521 learning_rate=4.38e-05 epoch=0.5547
2026-10-03T13:37:43Z step 530/938 loss=1.054e-05 grad_norm=0.002687 learning_rate=4.209e-05 epoch=0.5653
2026-10-03T13:38:12Z step 540/938 loss=2.595e-05 grad_norm=0.0001039 learning_rate=4.039e-05 epoch=0.576
2026-10-03T13:38:41Z step 550/938 loss=0.0002787 grad_norm=0.0008264 learning_rate=3.871e-05 epoch=0.5867
2026-10-03T13:39:11Z step 560/938 loss=1.169e-05 grad_norm=0.0045 learning_rate=3.703e-05 epoch=0.5973
2026-10-03T13:39:41Z step 570/938 loss=1.16e-05 grad_norm=6.771e-05 learning_rate=3.537e-05 epoch=0.608
2026-10-03T13:40:09Z step 580/938 loss=8.349e-06 grad_norm=2.884e-05 learning_rate=3.373e-05 epoch=0.6187
2026-10-03T13:40:38Z step 590/938 loss=0.0002181 grad_norm=0.02781 learning_rate=3.211e-05 epoch=0.6293
2026-10-03T13:41:07Z step 600/938 loss=5.482e-05 grad_norm=0.02131 learning_rate=3.051e-05 epoch=0.64
2026-10-03T13:41:37Z step 610/938 loss=1.474e-05 grad_norm=4.423e-05 learning_rate=2.893e-05 epoch=0.6507
2026-10-03T13:42:06Z step 620/938 loss=5.69e-06 grad_norm=9.134e-05 learning_rate=2.738e-05 epoch=0.6613
2026-10-03T13:42:36Z step 630/938 loss=5.845e-06 grad_norm=6.329e-05 learning_rate=2.585e-05 epoch=0.672
2026-10-03T13:43:06Z step 640/938 loss=0.0004096 grad_norm=0.0329 learning_rate=2.436e-05 epoch=0.6827
2026-10-03T13:43:36Z step 650/938 loss=5.022e-06 grad_norm=9.814e-05 learning_rate=2.289e-05 epoch=0.6933
2026-10-03T13:44:05Z step 660/938 loss=9.219e-06 grad_norm=0.000137 learning_rate=2.145e-05 epoch=0.704
2026-10-03T13:44:35Z step 670/938 loss=5.894e-06 grad_norm=0.0001371 learning_rate=2.005e-05 epoch=0.7147
2026-10-03T13:45:04Z step 680/938 loss=5.873e-05 grad_norm=7.044e-05 learning_rate=1.869e-05 epoch=0.7253
2026-10-03T13:45:33Z step 690/938 loss=1.262e-05 grad_norm=3.283e-05 learning_rate=1.736e-05 epoch=0.736
2026-10-03T13:46:02Z step 700/938 loss=1.261e-05 grad_norm=6.665e-05 learning_rate=1.608e-05 epoch=0.7467
2026-10-03T13:46:31Z step 710/938 loss=4.015e-05 grad_norm=0.0002284 learning_rate=1.483e-05 epoch=0.7573
2026-10-03T13:47:01Z step 720/938 loss=5.891e-06 grad_norm=6.399e-05 learning_rate=1.362e-05 epoch=0.768
2026-10-03T13:47:30Z step 730/938 loss=6.21e-05 grad_norm=7.279e-05 learning_rate=1.246e-05 epoch=0.7787
2026-10-03T13:47:59Z step 740/938 loss=6.499e-06 grad_norm=3.716e-05 learning_rate=1.134e-05 epoch=0.7893
2026-10-03T13:48:29Z step 750/938 loss=4.804e-06 grad_norm=0.0004874 learning_rate=1.027e-05 epoch=0.8
2026-10-03T13:48:59Z step 760/938 loss=9.517e-06 grad_norm=4.153e-05 learning_rate=9.247e-06 epoch=0.8107
2026-10-03T13:49:29Z step 770/938 loss=3.729e-06 grad_norm=0.0004726 learning_rate=8.271e-06 epoch=0.8213
2026-10-03T13:49:58Z step 780/938 loss=5.56e-06 grad_norm=0.0001819 learning_rate=7.345e-06 epoch=0.832
2026-10-03T13:50:59Z step 790/938 loss=1.204e-05 grad_norm=3.728e-05 learning_rate=6.47e-06 epoch=0.8427
2026-10-03T13:51:28Z step 800/938 loss=1.698e-05 grad_norm=7.403e-05 learning_rate=5.647e-06 epoch=0.8533
2026-10-03T13:51:57Z step 810/938 loss=0.0001346 grad_norm=0.0007917 learning_rate=4.877e-06 epoch=0.864
2026-10-03T13:52:26Z step 820/938 loss=2.448e-06 grad_norm=0.0001677 learning_rate=4.16e-06 epoch=0.8747
2026-10-03T13:52:56Z step 830/938 loss=6.72e-06 grad_norm=3.872e-05 learning_rate=3.498e-06 epoch=0.8853
2026-10-03T13:53:24Z step 840/938 loss=2.567e-06 grad_norm=3.763e-05 learning_rate=2.892e-06 epoch=0.896
2026-10-03T13:53:54Z step 850/938 loss=4.23e-06 grad_norm=7.317e-05 learning_rate=2.342e-06 epoch=0.9067
2026-10-03T13:54:23Z step 860/938 loss=6.098e-06 grad_norm=6.748e-05 learning_rate=1.848e-06 epoch=0.9173
2026-10-03T13:54:53Z step 870/938 loss=4.198e-06 grad_norm=8.535e-05 learning_rate=1.412e-06 epoch=0.928
2026-10-03T13:55:22Z step 880/938 loss=6.295e-06 grad_norm=5.06e-05 learning_rate=1.034e-06 epoch=0.9387
2026-10-03T13:55:51Z step 890/938 loss=4.042e-06 grad_norm=0.0001427 learning_rate=7.137e-07 epoch=0.9493
2026-10-03T13:56:21Z step 900/938 loss=3.678e-06 grad_norm=0.0001022 learning_rate=4.525e-07 epoch=0.96
2026-10-03T13:56:50Z step 910/938 loss=4.198e-06 grad_norm=0.001554 learning_rate=2.504e-07 epoch=0.9707
2026-10-03T13:57:21Z step 920/938 loss=5.624e-06 grad_norm=0.0001202 learning_rate=1.075e-07 epoch=0.9813
2026-10-03T13:57:49Z step 930/938 loss=3.448e-06 grad_norm=5.4e-05 learning_rate=2.413e-08 epoch=0.992
2026-10-03T13:58:11Z step 938/938 train_runtime=2889 train_samples_per_second=20.77 train_steps_per_second=0.325 total_flos=1.264e+18 train_loss=0.006111 epoch=1
2026-10-03T13:59:46Z trained 938 steps in 48.2 min, 4554.5 tok/s, peak 25.54 GB
2026-10-03T13:59:49Z u path: fp32-hidden (max |u_fp32 - u_bf16logits| = 0.0414)
2026-10-03T13:59:50Z padding self-check: max |u_batch - u_single| = 0.1094 (tol 0.621) -> left padding
2026-10-03T14:01:18Z B-F-ledger2-triplets-s3 rule_v1/dev: TA 99.7 Rev 99.7 Hold 100.0 n=300 (91.3 s)
2026-10-03T14:01:56Z B-F-ledger2-triplets-s3 rule_v1/dev_missing: TA nan Rev nan Hold nan n=None (38.3 s)
2026-10-03T14:03:57Z B-F-ledger2-triplets-s3 rule_v1/missing: TA nan Rev nan Hold nan n=None (120.2 s)
2026-10-03T14:07:22Z generate: batch 25/28, 214865 tokens, 1187 tok/s
2026-10-03T14:09:38Z B-F-ledger2-triplets-s3 rule_v1/readapply: TA 99.8 Rev 99.9 Hold 99.9 n=1000 (318.2 s)
2026-10-03T14:13:21Z B-F-ledger2-triplets-s3 rule_v1/test_L0: TA 99.8 Rev 99.8 Hold 100.0 n=1000 (222.9 s)
2026-10-03T14:16:58Z B-F-ledger2-triplets-s3 rule_v1/test_L1: TA 98.7 Rev 98.9 Hold 99.8 n=1000 (216.2 s)
2026-10-03T14:21:14Z generate: batch 25/32, 224822 tokens, 1113 tok/s
2026-10-03T14:25:38Z B-F-ledger2-triplets-s3 rule_v1/test_L2: TA 99.2 Rev 99.2 Hold 100.0 n=2000 (520.3 s)
2026-10-03T14:29:01Z B-F-ledger2-triplets-s3 rule_v1/test_L3alt: TA 100.0 Rev 100.0 Hold 100.0 n=1000 (202.7 s)
2026-10-03T14:32:49Z B-F-ledger2-triplets-s3 rule_v1/test_L3inv: TA 99.2 Rev 99.6 Hold 99.6 n=1000 (227.3 s)
2026-10-03T14:36:57Z B-F-ledger2-triplets-s3 rule_v1/test_hard: TA 99.3 Rev 99.3 Hold 100.0 n=1000 (248.4 s)
2026-10-03T14:39:47Z B-F-ledger2-triplets-s3 xr_v1/test: TA nan Rev nan Hold nan n=None (169.5 s)
2026-10-03T14:39:48Z DONE B-F-ledger2-triplets-s3 in 90.1 min, GPU util mean 85.9
