2026-10-03T12:30:43Z step 10/938 loss=9.133 grad_norm=7.926 learning_rate=3.214e-05 epoch=0.01067
2026-10-03T12:31:06Z step 20/938 loss=2.659 grad_norm=4.982 learning_rate=6.786e-05 epoch=0.02133
2026-10-03T12:31:30Z step 30/938 loss=0.1583 grad_norm=3.041 learning_rate=0.0001 epoch=0.032
2026-10-03T12:31:55Z step 40/938 loss=0.02912 grad_norm=0.8275 learning_rate=9.996e-05 epoch=0.04267
2026-10-03T12:32:19Z step 50/938 loss=0.01894 grad_norm=0.2678 learning_rate=9.987e-05 epoch=0.05333
2026-10-03T12:32:43Z step 60/938 loss=0.01073 grad_norm=0.272 learning_rate=9.971e-05 epoch=0.064
2026-10-03T12:33:07Z step 70/938 loss=0.01709 grad_norm=0.2553 learning_rate=9.95e-05 epoch=0.07467
2026-10-03T12:33:32Z step 80/938 loss=0.004095 grad_norm=0.1041 learning_rate=9.923e-05 epoch=0.08533
2026-10-03T12:33:56Z step 90/938 loss=0.00832 grad_norm=0.2359 learning_rate=9.89e-05 epoch=0.096
2026-10-03T12:34:20Z step 100/938 loss=0.003852 grad_norm=0.01493 learning_rate=9.851e-05 epoch=0.1067
2026-10-03T12:34:44Z step 110/938 loss=0.01172 grad_norm=0.9567 learning_rate=9.806e-05 epoch=0.1173
2026-10-03T12:35:08Z step 120/938 loss=0.007053 grad_norm=0.04513 learning_rate=9.755e-05 epoch=0.128
2026-10-03T12:35:32Z step 130/938 loss=0.002529 grad_norm=0.4822 learning_rate=9.699e-05 epoch=0.1387
2026-10-03T12:35:56Z step 140/938 loss=0.007655 grad_norm=0.02106 learning_rate=9.637e-05 epoch=0.1493
2026-10-03T12:36:19Z step 150/938 loss=0.002013 grad_norm=0.03787 learning_rate=9.57e-05 epoch=0.16
2026-10-03T12:36:43Z step 160/938 loss=0.0005513 grad_norm=0.001245 learning_rate=9.497e-05 epoch=0.1707
2026-10-03T12:37:06Z step 170/938 loss=0.002679 grad_norm=0.6961 learning_rate=9.419e-05 epoch=0.1813
2026-10-03T12:37:30Z step 180/938 loss=0.003007 grad_norm=0.008722 learning_rate=9.336e-05 epoch=0.192
2026-10-03T12:37:55Z step 190/938 loss=0.001007 grad_norm=0.02636 learning_rate=9.247e-05 epoch=0.2027
2026-10-03T12:38:19Z step 200/938 loss=0.000409 grad_norm=0.01878 learning_rate=9.154e-05 epoch=0.2133
2026-10-03T12:38:43Z step 210/938 loss=0.0003094 grad_norm=0.0005948 learning_rate=9.055e-05 epoch=0.224
2026-10-03T12:39:07Z step 220/938 loss=0.00396 grad_norm=0.9149 learning_rate=8.952e-05 epoch=0.2347
2026-10-03T12:39:31Z step 230/938 loss=0.0005918 grad_norm=0.1464 learning_rate=8.844e-05 epoch=0.2453
2026-10-03T12:39:55Z step 240/938 loss=0.003367 grad_norm=0.009036 learning_rate=8.731e-05 epoch=0.256
2026-10-03T12:40:19Z step 250/938 loss=0.001262 grad_norm=0.001787 learning_rate=8.614e-05 epoch=0.2667
2026-10-03T12:40:43Z step 260/938 loss=0.0002909 grad_norm=0.0127 learning_rate=8.493e-05 epoch=0.2773
2026-10-03T12:41:07Z step 270/938 loss=0.0001504 grad_norm=0.003217 learning_rate=8.367e-05 epoch=0.288
2026-10-03T12:41:31Z step 280/938 loss=0.0008187 grad_norm=0.0006935 learning_rate=8.237e-05 epoch=0.2987
2026-10-03T12:41:55Z step 290/938 loss=4.355e-05 grad_norm=0.001156 learning_rate=8.104e-05 epoch=0.3093
2026-10-03T12:42:19Z step 300/938 loss=0.0004291 grad_norm=0.003981 learning_rate=7.967e-05 epoch=0.32
2026-10-03T12:42:42Z step 310/938 loss=0.0001621 grad_norm=0.09259 learning_rate=7.826e-05 epoch=0.3307
2026-10-03T12:43:06Z step 320/938 loss=0.001384 grad_norm=0.001341 learning_rate=7.682e-05 epoch=0.3413
2026-10-03T12:43:30Z step 330/938 loss=0.0001327 grad_norm=0.00472 learning_rate=7.535e-05 epoch=0.352
2026-10-03T12:44:52Z step 340/938 loss=0.004671 grad_norm=0.01571 learning_rate=7.385e-05 epoch=0.3627
2026-10-03T12:45:16Z step 350/938 loss=0.0003096 grad_norm=0.01437 learning_rate=7.231e-05 epoch=0.3733
2026-10-03T12:45:41Z step 360/938 loss=0.0001527 grad_norm=0.0005415 learning_rate=7.076e-05 epoch=0.384
2026-10-03T12:46:05Z step 370/938 loss=5.197e-05 grad_norm=0.0004385 learning_rate=6.917e-05 epoch=0.3947
2026-10-03T12:46:29Z step 380/938 loss=3.736e-05 grad_norm=0.001051 learning_rate=6.757e-05 epoch=0.4053
2026-10-03T12:46:53Z step 390/938 loss=0.0005915 grad_norm=0.0001559 learning_rate=6.594e-05 epoch=0.416
2026-10-03T12:47:17Z step 400/938 loss=0.001338 grad_norm=0.004425 learning_rate=6.43e-05 epoch=0.4267
2026-10-03T12:47:41Z step 410/938 loss=0.0008345 grad_norm=0.02868 learning_rate=6.264e-05 epoch=0.4373
2026-10-03T12:48:05Z step 420/938 loss=0.000153 grad_norm=0.004859 learning_rate=6.096e-05 epoch=0.448
2026-10-03T12:48:29Z step 430/938 loss=4.248e-05 grad_norm=0.01257 learning_rate=5.927e-05 epoch=0.4587
2026-10-03T12:48:53Z step 440/938 loss=0.002417 grad_norm=0.07663 learning_rate=5.757e-05 epoch=0.4693
2026-10-03T12:49:17Z step 450/938 loss=0.003891 grad_norm=0.03379 learning_rate=5.586e-05 epoch=0.48
2026-10-03T12:49:41Z step 460/938 loss=0.00161 grad_norm=0.003886 learning_rate=5.414e-05 epoch=0.4907
2026-10-03T12:50:03Z step 470/938 loss=0.0001092 grad_norm=0.004049 learning_rate=5.242e-05 epoch=0.5013
2026-10-03T12:50:33Z step 480/938 loss=0.0003048 grad_norm=0.007599 learning_rate=5.069e-05 epoch=0.512
2026-10-03T12:50:57Z step 490/938 loss=0.001944 grad_norm=0.0007898 learning_rate=4.896e-05 epoch=0.5227
2026-10-03T12:51:21Z step 500/938 loss=3.318e-05 grad_norm=0.004461 learning_rate=4.724e-05 epoch=0.5333
2026-10-03T12:51:45Z step 510/938 loss=0.001897 grad_norm=0.0001404 learning_rate=4.552e-05 epoch=0.544
2026-10-03T12:52:08Z step 520/938 loss=3.147e-05 grad_norm=0.0003329 learning_rate=4.38e-05 epoch=0.5547
2026-10-03T12:52:33Z step 530/938 loss=0.0001011 grad_norm=0.0492 learning_rate=4.209e-05 epoch=0.5653
2026-10-03T12:52:57Z step 540/938 loss=4.856e-05 grad_norm=0.001707 learning_rate=4.039e-05 epoch=0.576
2026-10-03T12:53:20Z step 550/938 loss=0.0001593 grad_norm=0.0008891 learning_rate=3.871e-05 epoch=0.5867
2026-10-03T12:53:44Z step 560/938 loss=0.0007747 grad_norm=0.267 learning_rate=3.703e-05 epoch=0.5973
2026-10-03T12:54:09Z step 570/938 loss=4.954e-05 grad_norm=0.001175 learning_rate=3.537e-05 epoch=0.608
2026-10-03T12:54:33Z step 580/938 loss=0.0001592 grad_norm=0.0009958 learning_rate=3.373e-05 epoch=0.6187
2026-10-03T12:54:56Z step 590/938 loss=0.0005959 grad_norm=0.0008465 learning_rate=3.211e-05 epoch=0.6293
2026-10-03T12:55:20Z step 600/938 loss=0.0004873 grad_norm=0.0006814 learning_rate=3.051e-05 epoch=0.64
2026-10-03T12:55:44Z step 610/938 loss=2.207e-05 grad_norm=0.0006646 learning_rate=2.893e-05 epoch=0.6507
2026-10-03T12:56:08Z step 620/938 loss=4.298e-05 grad_norm=0.001143 learning_rate=2.738e-05 epoch=0.6613
2026-10-03T12:56:32Z step 630/938 loss=4.19e-05 grad_norm=0.001188 learning_rate=2.585e-05 epoch=0.672
2026-10-03T12:56:57Z step 640/938 loss=3.376e-05 grad_norm=0.007556 learning_rate=2.436e-05 epoch=0.6827
2026-10-03T12:57:22Z step 650/938 loss=0.001481 grad_norm=0.007041 learning_rate=2.289e-05 epoch=0.6933
2026-10-03T12:57:45Z step 660/938 loss=0.0001237 grad_norm=0.001388 learning_rate=2.145e-05 epoch=0.704
2026-10-03T12:58:10Z step 670/938 loss=0.002242 grad_norm=0.004977 learning_rate=2.005e-05 epoch=0.7147
2026-10-03T12:58:34Z step 680/938 loss=0.0001719 grad_norm=0.001353 learning_rate=1.869e-05 epoch=0.7253
2026-10-03T12:58:57Z step 690/938 loss=4.799e-05 grad_norm=0.0003845 learning_rate=1.736e-05 epoch=0.736
2026-10-03T12:59:21Z step 700/938 loss=4.958e-05 grad_norm=0.001638 learning_rate=1.608e-05 epoch=0.7467
2026-10-03T12:59:45Z step 710/938 loss=9.294e-05 grad_norm=0.001982 learning_rate=1.483e-05 epoch=0.7573
2026-10-03T13:00:09Z step 720/938 loss=0.0003777 grad_norm=0.0002727 learning_rate=1.362e-05 epoch=0.768
2026-10-03T13:00:33Z step 730/938 loss=0.0003147 grad_norm=0.009617 learning_rate=1.246e-05 epoch=0.7787
2026-10-03T13:00:57Z step 740/938 loss=2.955e-05 grad_norm=0.001999 learning_rate=1.134e-05 epoch=0.7893
2026-10-03T13:01:21Z step 750/938 loss=4.568e-05 grad_norm=0.009523 learning_rate=1.027e-05 epoch=0.8
2026-10-03T13:01:45Z step 760/938 loss=0.000296 grad_norm=0.0008939 learning_rate=9.247e-06 epoch=0.8107
2026-10-03T13:02:09Z step 770/938 loss=5.433e-05 grad_norm=0.003589 learning_rate=8.271e-06 epoch=0.8213
2026-10-03T13:02:33Z step 780/938 loss=3.779e-05 grad_norm=0.001211 learning_rate=7.345e-06 epoch=0.832
2026-10-03T13:02:58Z step 790/938 loss=3.136e-05 grad_norm=0.0001564 learning_rate=6.47e-06 epoch=0.8427
2026-10-03T13:03:22Z step 800/938 loss=2.561e-05 grad_norm=0.001312 learning_rate=5.647e-06 epoch=0.8533
2026-10-03T13:03:45Z step 810/938 loss=0.0009149 grad_norm=0.002134 learning_rate=4.877e-06 epoch=0.864
2026-10-03T13:04:09Z step 820/938 loss=3.869e-05 grad_norm=0.001225 learning_rate=4.16e-06 epoch=0.8747
2026-10-03T13:04:33Z step 830/938 loss=2.877e-05 grad_norm=0.0001958 learning_rate=3.498e-06 epoch=0.8853
2026-10-03T13:04:57Z step 840/938 loss=1.877e-05 grad_norm=0.0006506 learning_rate=2.892e-06 epoch=0.896
2026-10-03T13:05:21Z step 850/938 loss=4.074e-05 grad_norm=0.000333 learning_rate=2.342e-06 epoch=0.9067
2026-10-03T13:05:45Z step 860/938 loss=4.921e-05 grad_norm=0.000332 learning_rate=1.848e-06 epoch=0.9173
2026-10-03T13:06:10Z step 870/938 loss=0.0001021 grad_norm=0.000293 learning_rate=1.412e-06 epoch=0.928
2026-10-03T13:06:34Z step 880/938 loss=0.0001467 grad_norm=0.000255 learning_rate=1.034e-06 epoch=0.9387
2026-10-03T13:06:58Z step 890/938 loss=3.294e-05 grad_norm=0.0006953 learning_rate=7.137e-07 epoch=0.9493
2026-10-03T13:07:21Z step 900/938 loss=5.957e-05 grad_norm=0.002783 learning_rate=4.525e-07 epoch=0.96
2026-10-03T13:07:46Z step 910/938 loss=3.486e-05 grad_norm=0.003364 learning_rate=2.504e-07 epoch=0.9707
2026-10-03T13:08:11Z step 920/938 loss=2.848e-05 grad_norm=0.0009478 learning_rate=1.075e-07 epoch=0.9813
2026-10-03T13:08:34Z step 930/938 loss=4.367e-05 grad_norm=0.002029 learning_rate=2.413e-08 epoch=0.992
2026-10-03T13:08:52Z step 938/938 train_runtime=2315 train_samples_per_second=25.92 train_steps_per_second=0.405 total_flos=1.145e+18 train_loss=0.1293 epoch=1
2026-10-03T13:08:57Z trained 938 steps in 38.6 min, 5184.0 tok/s, peak 33.83 GB
2026-10-03T13:08:58Z u path: fp32-hidden (max |u_fp32 - u_bf16logits| = 0.0205)
2026-10-03T13:08:59Z padding self-check: max |u_batch - u_single| = 0.0864 (tol 0.613) -> left padding
2026-10-03T13:09:58Z B-F-summary2-triplets-s3 rule_v1/dev: TA 99.3 Rev 99.3 Hold 100.0 n=300 (60.3 s)
2026-10-03T13:10:32Z B-F-summary2-triplets-s3 rule_v1/dev_missing: TA nan Rev nan Hold nan n=None (33.6 s)
2026-10-03T13:12:11Z B-F-summary2-triplets-s3 rule_v1/missing: TA nan Rev nan Hold nan n=None (99.6 s)
2026-10-03T13:14:38Z generate: batch 25/28, 228674 tokens, 1565 tok/s
2026-10-03T13:16:48Z B-F-summary2-triplets-s3 rule_v1/readapply: TA 99.5 Rev 99.5 Hold 100.0 n=1000 (276.3 s)
2026-10-03T13:19:55Z B-F-summary2-triplets-s3 rule_v1/test_L0: TA 99.5 Rev 99.5 Hold 100.0 n=1000 (186.4 s)
2026-10-03T13:22:58Z B-F-summary2-triplets-s3 rule_v1/test_L1: TA 98.4 Rev 98.4 Hold 100.0 n=1000 (183.2 s)
2026-10-03T13:25:29Z generate: batch 25/32, 231333 tokens, 1555 tok/s
2026-10-03T13:29:34Z B-F-summary2-triplets-s3 rule_v1/test_L2: TA 98.9 Rev 98.9 Hold 100.0 n=2000 (395.2 s)
2026-10-03T13:32:24Z B-F-summary2-triplets-s3 rule_v1/test_L3alt: TA 100.0 Rev 100.0 Hold 100.0 n=1000 (170.0 s)
2026-10-03T13:35:37Z B-F-summary2-triplets-s3 rule_v1/test_L3inv: TA 98.5 Rev 98.7 Hold 99.8 n=1000 (193.0 s)
2026-10-03T13:39:06Z B-F-summary2-triplets-s3 rule_v1/test_hard: TA 99.5 Rev 99.5 Hold 100.0 n=1000 (208.8 s)
2026-10-03T13:41:26Z B-F-summary2-triplets-s3 xr_v1/test: TA nan Rev nan Hold nan n=None (139.5 s)
2026-10-03T13:41:27Z DONE B-F-summary2-triplets-s3 in 71.6 min, GPU util mean 89.8
