2026-10-10T07:43:18Z step 10/938 loss=0.251 grad_norm=2.569 learning_rate=3.214e-05 epoch=0.01067
2026-10-10T07:43:43Z step 20/938 loss=0.1236 grad_norm=1.069 learning_rate=6.786e-05 epoch=0.02133
2026-10-10T07:44:08Z step 30/938 loss=0.07004 grad_norm=1.8 learning_rate=0.0001 epoch=0.032
2026-10-10T07:44:35Z step 40/938 loss=0.04402 grad_norm=1.107 learning_rate=9.996e-05 epoch=0.04267
2026-10-10T07:45:00Z step 50/938 loss=0.04701 grad_norm=0.2018 learning_rate=9.987e-05 epoch=0.05333
2026-10-10T07:45:25Z step 60/938 loss=0.01958 grad_norm=0.5393 learning_rate=9.971e-05 epoch=0.064
2026-10-10T07:45:51Z step 70/938 loss=0.0106 grad_norm=0.2824 learning_rate=9.95e-05 epoch=0.07467
2026-10-10T07:46:16Z step 80/938 loss=0.01752 grad_norm=0.1775 learning_rate=9.923e-05 epoch=0.08533
2026-10-10T07:46:41Z step 90/938 loss=0.0286 grad_norm=0.9155 learning_rate=9.89e-05 epoch=0.096
2026-10-10T07:47:06Z step 100/938 loss=0.01301 grad_norm=2.545 learning_rate=9.851e-05 epoch=0.1067
2026-10-10T07:47:32Z step 110/938 loss=0.01526 grad_norm=0.4532 learning_rate=9.806e-05 epoch=0.1173
2026-10-10T07:47:57Z step 120/938 loss=0.01167 grad_norm=0.7676 learning_rate=9.755e-05 epoch=0.128
2026-10-10T07:48:22Z step 130/938 loss=0.01027 grad_norm=0.1211 learning_rate=9.699e-05 epoch=0.1387
2026-10-10T07:48:48Z step 140/938 loss=0.01773 grad_norm=0.6007 learning_rate=9.637e-05 epoch=0.1493
2026-10-10T07:49:13Z step 150/938 loss=0.02267 grad_norm=0.1235 learning_rate=9.57e-05 epoch=0.16
2026-10-10T07:49:39Z step 160/938 loss=0.009802 grad_norm=0.08137 learning_rate=9.497e-05 epoch=0.1707
2026-10-10T07:50:04Z step 170/938 loss=0.009788 grad_norm=0.009538 learning_rate=9.419e-05 epoch=0.1813
2026-10-10T07:50:30Z step 180/938 loss=0.006487 grad_norm=0.3083 learning_rate=9.336e-05 epoch=0.192
2026-10-10T07:50:55Z step 190/938 loss=0.01153 grad_norm=0.1089 learning_rate=9.247e-05 epoch=0.2027
2026-10-10T07:51:22Z step 200/938 loss=0.003663 grad_norm=0.03248 learning_rate=9.154e-05 epoch=0.2133
2026-10-10T07:51:47Z step 210/938 loss=0.01118 grad_norm=0.01677 learning_rate=9.055e-05 epoch=0.224
2026-10-10T07:52:16Z step 220/938 loss=0.01315 grad_norm=0.1173 learning_rate=8.952e-05 epoch=0.2347
2026-10-10T07:52:41Z step 230/938 loss=0.007983 grad_norm=0.6903 learning_rate=8.844e-05 epoch=0.2453
2026-10-10T07:53:07Z step 240/938 loss=0.005987 grad_norm=0.1103 learning_rate=8.731e-05 epoch=0.256
2026-10-10T07:53:32Z step 250/938 loss=0.01441 grad_norm=0.7699 learning_rate=8.614e-05 epoch=0.2667
2026-10-10T07:53:57Z step 260/938 loss=0.01443 grad_norm=0.09214 learning_rate=8.493e-05 epoch=0.2773
2026-10-10T07:54:23Z step 270/938 loss=0.005103 grad_norm=0.0003623 learning_rate=8.367e-05 epoch=0.288
2026-10-10T07:54:47Z step 280/938 loss=0.003456 grad_norm=0.3994 learning_rate=8.237e-05 epoch=0.2987
2026-10-10T07:55:13Z step 290/938 loss=0.003674 grad_norm=0.0001699 learning_rate=8.104e-05 epoch=0.3093
2026-10-10T07:55:41Z step 300/938 loss=0.002444 grad_norm=0.00421 learning_rate=7.967e-05 epoch=0.32
2026-10-10T07:56:06Z step 310/938 loss=0.04319 grad_norm=0.5412 learning_rate=7.826e-05 epoch=0.3307
2026-10-10T07:56:31Z step 320/938 loss=0.01745 grad_norm=0.2873 learning_rate=7.682e-05 epoch=0.3413
2026-10-10T07:56:56Z step 330/938 loss=0.009183 grad_norm=0.1691 learning_rate=7.535e-05 epoch=0.352
2026-10-10T07:57:21Z step 340/938 loss=0.001441 grad_norm=0.004043 learning_rate=7.385e-05 epoch=0.3627
2026-10-10T07:57:46Z step 350/938 loss=0.006477 grad_norm=0.0001576 learning_rate=7.231e-05 epoch=0.3733
2026-10-10T07:58:11Z step 360/938 loss=0.009941 grad_norm=0.06463 learning_rate=7.076e-05 epoch=0.384
2026-10-10T07:58:35Z step 370/938 loss=0.004564 grad_norm=0.05519 learning_rate=6.917e-05 epoch=0.3947
2026-10-10T07:59:01Z step 380/938 loss=0.006511 grad_norm=0.0463 learning_rate=6.757e-05 epoch=0.4053
2026-10-10T07:59:27Z step 390/938 loss=0.001312 grad_norm=0.1008 learning_rate=6.594e-05 epoch=0.416
2026-10-10T07:59:53Z step 400/938 loss=0.0003408 grad_norm=0.001506 learning_rate=6.43e-05 epoch=0.4267
2026-10-10T08:00:17Z step 410/938 loss=0.001327 grad_norm=0.0001015 learning_rate=6.264e-05 epoch=0.4373
2026-10-10T08:00:43Z step 420/938 loss=0.006895 grad_norm=0.0003455 learning_rate=6.096e-05 epoch=0.448
2026-10-10T08:01:08Z step 430/938 loss=0.004189 grad_norm=0.1484 learning_rate=5.927e-05 epoch=0.4587
2026-10-10T08:01:35Z step 440/938 loss=0.003821 grad_norm=0.0004847 learning_rate=5.757e-05 epoch=0.4693
2026-10-10T08:01:59Z step 450/938 loss=0.004705 grad_norm=0.1995 learning_rate=5.586e-05 epoch=0.48
2026-10-10T08:02:24Z step 460/938 loss=0.00609 grad_norm=0.001599 learning_rate=5.414e-05 epoch=0.4907
2026-10-10T08:02:51Z step 470/938 loss=0.007103 grad_norm=0.1658 learning_rate=5.242e-05 epoch=0.5013
2026-10-10T08:05:52Z step 480/938 loss=0.003179 grad_norm=0.08699 learning_rate=5.069e-05 epoch=0.512
2026-10-10T08:06:17Z step 490/938 loss=0.003023 grad_norm=0.002292 learning_rate=4.896e-05 epoch=0.5227
2026-10-10T08:06:41Z step 500/938 loss=0.0006596 grad_norm=0.0004941 learning_rate=4.724e-05 epoch=0.5333
2026-10-10T08:07:09Z step 510/938 loss=0.001244 grad_norm=0.007548 learning_rate=4.552e-05 epoch=0.544
2026-10-10T08:07:33Z step 520/938 loss=0.0005037 grad_norm=0.0001644 learning_rate=4.38e-05 epoch=0.5547
2026-10-10T08:07:58Z step 530/938 loss=0.004701 grad_norm=0.4434 learning_rate=4.209e-05 epoch=0.5653
2026-10-10T08:08:23Z step 540/938 loss=0.00271 grad_norm=0.00233 learning_rate=4.039e-05 epoch=0.576
2026-10-10T08:08:48Z step 550/938 loss=0.001182 grad_norm=0.01078 learning_rate=3.871e-05 epoch=0.5867
2026-10-10T08:09:14Z step 560/938 loss=0.001481 grad_norm=0.1145 learning_rate=3.703e-05 epoch=0.5973
2026-10-10T08:09:39Z step 570/938 loss=0.0004076 grad_norm=0.000246 learning_rate=3.537e-05 epoch=0.608
2026-10-10T08:10:04Z step 580/938 loss=0.003811 grad_norm=0.004129 learning_rate=3.373e-05 epoch=0.6187
2026-10-10T08:10:30Z step 590/938 loss=0.000408 grad_norm=0.03702 learning_rate=3.211e-05 epoch=0.6293
2026-10-10T08:10:55Z step 600/938 loss=0.000222 grad_norm=0.001375 learning_rate=3.051e-05 epoch=0.64
2026-10-10T08:11:20Z step 610/938 loss=0.0004155 grad_norm=0.001117 learning_rate=2.893e-05 epoch=0.6507
2026-10-10T08:11:45Z step 620/938 loss=0.0003314 grad_norm=0.01198 learning_rate=2.738e-05 epoch=0.6613
2026-10-10T08:12:10Z step 630/938 loss=0.001949 grad_norm=0.0001462 learning_rate=2.585e-05 epoch=0.672
2026-10-10T08:12:34Z step 640/938 loss=3.326e-05 grad_norm=0.0001717 learning_rate=2.436e-05 epoch=0.6827
2026-10-10T08:12:59Z step 650/938 loss=0.00209 grad_norm=0.003756 learning_rate=2.289e-05 epoch=0.6933
2026-10-10T08:13:24Z step 660/938 loss=0.001165 grad_norm=0.07023 learning_rate=2.145e-05 epoch=0.704
2026-10-10T08:13:49Z step 670/938 loss=0.0006524 grad_norm=8.845e-05 learning_rate=2.005e-05 epoch=0.7147
2026-10-10T08:14:14Z step 680/938 loss=0.001653 grad_norm=0.01128 learning_rate=1.869e-05 epoch=0.7253
2026-10-10T08:14:39Z step 690/938 loss=0.001666 grad_norm=0.2751 learning_rate=1.736e-05 epoch=0.736
2026-10-10T08:15:05Z step 700/938 loss=0.0008803 grad_norm=0.0001029 learning_rate=1.608e-05 epoch=0.7467
2026-10-10T08:15:30Z step 710/938 loss=7.308e-05 grad_norm=0.0138 learning_rate=1.483e-05 epoch=0.7573
2026-10-10T08:15:54Z step 720/938 loss=0.0006783 grad_norm=6.865e-05 learning_rate=1.362e-05 epoch=0.768
2026-10-10T08:16:20Z step 730/938 loss=0.002157 grad_norm=0.02188 learning_rate=1.246e-05 epoch=0.7787
2026-10-10T08:16:44Z step 740/938 loss=0.00021 grad_norm=5.618e-05 learning_rate=1.134e-05 epoch=0.7893
2026-10-10T08:17:10Z step 750/938 loss=0.0001181 grad_norm=0.001517 learning_rate=1.027e-05 epoch=0.8
2026-10-10T08:17:34Z step 760/938 loss=0.003765 grad_norm=0.05752 learning_rate=9.247e-06 epoch=0.8107
2026-10-10T08:18:00Z step 770/938 loss=0.0003288 grad_norm=0.002602 learning_rate=8.271e-06 epoch=0.8213
2026-10-10T08:18:24Z step 780/938 loss=0.0007238 grad_norm=0.1596 learning_rate=7.345e-06 epoch=0.832
2026-10-10T08:18:49Z step 790/938 loss=0.0003555 grad_norm=0.03571 learning_rate=6.47e-06 epoch=0.8427
2026-10-10T08:19:14Z step 800/938 loss=0.0001812 grad_norm=7.441e-05 learning_rate=5.647e-06 epoch=0.8533
2026-10-10T08:19:41Z step 810/938 loss=0.001534 grad_norm=0.02355 learning_rate=4.877e-06 epoch=0.864
2026-10-10T08:20:06Z step 820/938 loss=5.058e-05 grad_norm=0.002849 learning_rate=4.16e-06 epoch=0.8747
2026-10-10T08:20:32Z step 830/938 loss=0.0001082 grad_norm=0.002162 learning_rate=3.498e-06 epoch=0.8853
2026-10-10T08:20:57Z step 840/938 loss=9.38e-05 grad_norm=6.912e-05 learning_rate=2.892e-06 epoch=0.896
2026-10-10T08:21:22Z step 850/938 loss=0.0007441 grad_norm=0.00535 learning_rate=2.342e-06 epoch=0.9067
2026-10-10T08:21:46Z step 860/938 loss=0.001974 grad_norm=0.0001975 learning_rate=1.848e-06 epoch=0.9173
2026-10-10T08:22:11Z step 870/938 loss=0.001327 grad_norm=0.0001897 learning_rate=1.412e-06 epoch=0.928
2026-10-10T08:22:36Z step 880/938 loss=0.001089 grad_norm=0.4365 learning_rate=1.034e-06 epoch=0.9387
2026-10-10T08:25:59Z step 890/938 loss=0.001004 grad_norm=8.206e-05 learning_rate=7.137e-07 epoch=0.9493
2026-10-10T08:26:23Z step 900/938 loss=0.0004285 grad_norm=0.007817 learning_rate=4.525e-07 epoch=0.96
2026-10-10T08:26:48Z step 910/938 loss=8.003e-05 grad_norm=0.04009 learning_rate=2.504e-07 epoch=0.9707
2026-10-10T08:27:13Z step 920/938 loss=0.0007541 grad_norm=0.0001147 learning_rate=1.075e-07 epoch=0.9813
2026-10-10T08:27:38Z step 930/938 loss=0.003452 grad_norm=8.305e-05 learning_rate=2.413e-08 epoch=0.992
2026-10-10T08:27:57Z step 938/938 train_runtime=2704 train_samples_per_second=22.19 train_steps_per_second=0.347 total_flos=1.054e+18 train_loss=0.01086 epoch=1
2026-10-10T08:28:46Z trained 938 steps in 45.1 min, 4896.1 tok/s, peak 23.87 GB
2026-10-10T08:28:50Z u path: fp32-hidden (max |u_fp32 - u_bf16logits| = 0.0555)
2026-10-10T08:28:51Z padding self-check: max |u_batch - u_single| = 0.0572 (tol 0.906) -> left padding
2026-10-10T08:29:25Z B-V2-verdict-blocks-s3 rule_v2/dev: TA 65.3 Rev 99.3 Hold 65.7 n=300 (37.4 s)
2026-10-10T08:33:31Z B-V2-verdict-blocks-s3 rule_v2/test_L2: TA 52.5 Rev 96.7 Hold 54.1 n=2000 (245.3 s)
2026-10-10T08:37:36Z B-V2-verdict-blocks-s3 rule_v1/test_L2: TA 69.9 Rev 93.8 Hold 73.2 n=2000 (244.1 s)
2026-10-10T08:38:33Z B-V2-verdict-blocks-s3 xr_v1/test: TA nan Rev nan Hold nan n=None (55.4 s)
2026-10-10T08:39:00Z B-V2-verdict-blocks-s3 cls_v1/dev: TA 8.0 Rev 99.7 Hold 8.0 n=300 (26.4 s)
2026-10-10T08:40:41Z B-V2-verdict-blocks-s3 cls_v1/test: TA 6.0 Rev 99.7 Hold 6.0 n=1200 (101.0 s)
2026-10-10T08:40:42Z DONE B-V2-verdict-blocks-s3 in 58.2 min, GPU util mean 81.7
