2026-10-03T09:50:56Z step 10/938 loss=9.696 grad_norm=8.409 learning_rate=3.214e-05 epoch=0.01067
2026-10-03T09:51:23Z step 20/938 loss=2.812 grad_norm=3.329 learning_rate=6.786e-05 epoch=0.02133
2026-10-03T09:51:51Z step 30/938 loss=0.1322 grad_norm=6.353 learning_rate=0.0001 epoch=0.032
2026-10-03T09:52:20Z step 40/938 loss=0.04605 grad_norm=0.5471 learning_rate=9.996e-05 epoch=0.04267
2026-10-03T09:52:47Z step 50/938 loss=0.009491 grad_norm=0.3618 learning_rate=9.987e-05 epoch=0.05333
2026-10-03T09:53:13Z step 60/938 loss=0.006724 grad_norm=0.7038 learning_rate=9.971e-05 epoch=0.064
2026-10-03T09:53:40Z step 70/938 loss=0.007534 grad_norm=0.0349 learning_rate=9.95e-05 epoch=0.07467
2026-10-03T09:54:09Z step 80/938 loss=0.004762 grad_norm=0.2707 learning_rate=9.923e-05 epoch=0.08533
2026-10-03T09:54:36Z step 90/938 loss=0.002691 grad_norm=0.07399 learning_rate=9.89e-05 epoch=0.096
2026-10-03T09:55:03Z step 100/938 loss=0.01656 grad_norm=0.4525 learning_rate=9.851e-05 epoch=0.1067
2026-10-03T09:55:31Z step 110/938 loss=0.0124 grad_norm=0.1814 learning_rate=9.806e-05 epoch=0.1173
2026-10-03T09:55:59Z step 120/938 loss=0.008872 grad_norm=0.01817 learning_rate=9.755e-05 epoch=0.128
2026-10-03T09:56:25Z step 130/938 loss=0.003452 grad_norm=0.1202 learning_rate=9.699e-05 epoch=0.1387
2026-10-03T09:56:52Z step 140/938 loss=0.01062 grad_norm=0.2046 learning_rate=9.637e-05 epoch=0.1493
2026-10-03T09:57:21Z step 150/938 loss=0.001745 grad_norm=0.02896 learning_rate=9.57e-05 epoch=0.16
2026-10-03T09:57:47Z step 160/938 loss=0.0002149 grad_norm=0.005585 learning_rate=9.497e-05 epoch=0.1707
2026-10-03T09:58:14Z step 170/938 loss=0.003934 grad_norm=0.0405 learning_rate=9.419e-05 epoch=0.1813
2026-10-03T09:58:41Z step 180/938 loss=0.0004097 grad_norm=0.002289 learning_rate=9.336e-05 epoch=0.192
2026-10-03T09:59:09Z step 190/938 loss=0.0001325 grad_norm=0.02332 learning_rate=9.247e-05 epoch=0.2027
2026-10-03T09:59:36Z step 200/938 loss=0.0001925 grad_norm=0.007937 learning_rate=9.154e-05 epoch=0.2133
2026-10-03T10:00:04Z step 210/938 loss=0.002216 grad_norm=0.1047 learning_rate=9.055e-05 epoch=0.224
2026-10-03T10:00:31Z step 220/938 loss=0.007839 grad_norm=0.153 learning_rate=8.952e-05 epoch=0.2347
2026-10-03T10:00:59Z step 230/938 loss=0.001966 grad_norm=0.2996 learning_rate=8.844e-05 epoch=0.2453
2026-10-03T10:01:25Z step 240/938 loss=0.003026 grad_norm=0.001273 learning_rate=8.731e-05 epoch=0.256
2026-10-03T10:01:52Z step 250/938 loss=0.0008056 grad_norm=0.00189 learning_rate=8.614e-05 epoch=0.2667
2026-10-03T10:02:20Z step 260/938 loss=8.249e-05 grad_norm=0.002515 learning_rate=8.493e-05 epoch=0.2773
2026-10-03T10:02:47Z step 270/938 loss=9.271e-05 grad_norm=0.04647 learning_rate=8.367e-05 epoch=0.288
2026-10-03T10:03:14Z step 280/938 loss=0.0004603 grad_norm=0.0003869 learning_rate=8.237e-05 epoch=0.2987
2026-10-03T10:03:41Z step 290/938 loss=0.002442 grad_norm=0.006676 learning_rate=8.104e-05 epoch=0.3093
2026-10-03T10:04:09Z step 300/938 loss=0.009301 grad_norm=0.0895 learning_rate=7.967e-05 epoch=0.32
2026-10-03T10:04:36Z step 310/938 loss=0.001831 grad_norm=0.008508 learning_rate=7.826e-05 epoch=0.3307
2026-10-03T10:05:03Z step 320/938 loss=0.001789 grad_norm=0.03059 learning_rate=7.682e-05 epoch=0.3413
2026-10-03T10:05:30Z step 330/938 loss=0.001546 grad_norm=0.2938 learning_rate=7.535e-05 epoch=0.352
2026-10-03T10:05:59Z step 340/938 loss=0.0001108 grad_norm=0.01172 learning_rate=7.385e-05 epoch=0.3627
2026-10-03T10:06:25Z step 350/938 loss=5.834e-05 grad_norm=0.004098 learning_rate=7.231e-05 epoch=0.3733
2026-10-03T10:06:52Z step 360/938 loss=2.844e-05 grad_norm=0.0007584 learning_rate=7.076e-05 epoch=0.384
2026-10-03T10:07:21Z step 370/938 loss=5.136e-05 grad_norm=0.003465 learning_rate=6.917e-05 epoch=0.3947
2026-10-03T10:07:48Z step 380/938 loss=4.244e-05 grad_norm=0.000403 learning_rate=6.757e-05 epoch=0.4053
2026-10-03T10:08:14Z step 390/938 loss=1.807e-05 grad_norm=0.0005433 learning_rate=6.594e-05 epoch=0.416
2026-10-03T10:08:41Z step 400/938 loss=2.751e-05 grad_norm=0.00027 learning_rate=6.43e-05 epoch=0.4267
2026-10-03T10:09:09Z step 410/938 loss=3.409e-05 grad_norm=0.0001381 learning_rate=6.264e-05 epoch=0.4373
2026-10-03T10:09:36Z step 420/938 loss=1.592e-05 grad_norm=0.0005791 learning_rate=6.096e-05 epoch=0.448
2026-10-03T10:10:03Z step 430/938 loss=1.512e-05 grad_norm=0.0005226 learning_rate=5.927e-05 epoch=0.4587
2026-10-03T10:10:36Z step 440/938 loss=1.682e-05 grad_norm=0.0003827 learning_rate=5.757e-05 epoch=0.4693
2026-10-03T10:11:05Z step 450/938 loss=1.149e-05 grad_norm=0.0001472 learning_rate=5.586e-05 epoch=0.48
2026-10-03T10:11:31Z step 460/938 loss=2.328e-05 grad_norm=0.0002214 learning_rate=5.414e-05 epoch=0.4907
2026-10-03T10:11:58Z step 470/938 loss=1.242e-05 grad_norm=0.0001265 learning_rate=5.242e-05 epoch=0.5013
2026-10-03T10:12:25Z step 480/938 loss=1.536e-05 grad_norm=0.0001129 learning_rate=5.069e-05 epoch=0.512
2026-10-03T10:12:54Z step 490/938 loss=3.666e-05 grad_norm=8.36e-05 learning_rate=4.896e-05 epoch=0.5227
2026-10-03T10:13:21Z step 500/938 loss=0.0001608 grad_norm=0.0003064 learning_rate=4.724e-05 epoch=0.5333
2026-10-03T10:13:48Z step 510/938 loss=1.018e-05 grad_norm=0.0001404 learning_rate=4.552e-05 epoch=0.544
2026-10-03T10:14:15Z step 520/938 loss=1.823e-05 grad_norm=0.0002026 learning_rate=4.38e-05 epoch=0.5547
2026-10-03T10:14:44Z step 530/938 loss=4.265e-05 grad_norm=0.003696 learning_rate=4.209e-05 epoch=0.5653
2026-10-03T10:15:11Z step 540/938 loss=8.299e-06 grad_norm=0.0001545 learning_rate=4.039e-05 epoch=0.576
2026-10-03T10:15:37Z step 550/938 loss=5.826e-05 grad_norm=0.0003007 learning_rate=3.871e-05 epoch=0.5867
2026-10-03T10:16:06Z step 560/938 loss=1.146e-05 grad_norm=0.0003641 learning_rate=3.703e-05 epoch=0.5973
2026-10-03T10:16:33Z step 570/938 loss=0.004343 grad_norm=0.002128 learning_rate=3.537e-05 epoch=0.608
2026-10-03T10:17:00Z step 580/938 loss=0.0005415 grad_norm=0.004356 learning_rate=3.373e-05 epoch=0.6187
2026-10-03T10:17:27Z step 590/938 loss=0.0002564 grad_norm=0.001512 learning_rate=3.211e-05 epoch=0.6293
2026-10-03T10:17:55Z step 600/938 loss=7.627e-05 grad_norm=0.001417 learning_rate=3.051e-05 epoch=0.64
2026-10-03T10:18:22Z step 610/938 loss=3.723e-05 grad_norm=0.0004565 learning_rate=2.893e-05 epoch=0.6507
2026-10-03T10:18:49Z step 620/938 loss=3.272e-05 grad_norm=0.001394 learning_rate=2.738e-05 epoch=0.6613
2026-10-03T10:19:16Z step 630/938 loss=0.0002425 grad_norm=0.11 learning_rate=2.585e-05 epoch=0.672
2026-10-03T10:19:44Z step 640/938 loss=2.74e-05 grad_norm=0.0003744 learning_rate=2.436e-05 epoch=0.6827
2026-10-03T10:20:10Z step 650/938 loss=0.0002558 grad_norm=0.0006883 learning_rate=2.289e-05 epoch=0.6933
2026-10-03T10:20:37Z step 660/938 loss=1.628e-05 grad_norm=8.401e-05 learning_rate=2.145e-05 epoch=0.704
2026-10-03T10:21:04Z step 670/938 loss=3.067e-05 grad_norm=0.0002466 learning_rate=2.005e-05 epoch=0.7147
2026-10-03T10:21:33Z step 680/938 loss=2.702e-05 grad_norm=0.0004433 learning_rate=1.869e-05 epoch=0.7253
2026-10-03T10:22:00Z step 690/938 loss=2.208e-05 grad_norm=0.0005066 learning_rate=1.736e-05 epoch=0.736
2026-10-03T10:22:27Z step 700/938 loss=1.228e-05 grad_norm=0.0005571 learning_rate=1.608e-05 epoch=0.7467
2026-10-03T10:22:54Z step 710/938 loss=1.465e-05 grad_norm=0.0003657 learning_rate=1.483e-05 epoch=0.7573
2026-10-03T10:23:22Z step 720/938 loss=1.341e-05 grad_norm=0.0004642 learning_rate=1.362e-05 epoch=0.768
2026-10-03T10:23:49Z step 730/938 loss=1.629e-05 grad_norm=0.0004256 learning_rate=1.246e-05 epoch=0.7787
2026-10-03T10:24:16Z step 740/938 loss=1.489e-05 grad_norm=0.000527 learning_rate=1.134e-05 epoch=0.7893
2026-10-03T10:24:43Z step 750/938 loss=1.488e-05 grad_norm=0.0003987 learning_rate=1.027e-05 epoch=0.8
2026-10-03T10:25:11Z step 760/938 loss=1.61e-05 grad_norm=0.000627 learning_rate=9.247e-06 epoch=0.8107
2026-10-03T10:25:38Z step 770/938 loss=1.653e-05 grad_norm=0.0001849 learning_rate=8.271e-06 epoch=0.8213
2026-10-03T10:26:06Z step 780/938 loss=1.559e-05 grad_norm=0.000264 learning_rate=7.345e-06 epoch=0.832
2026-10-03T10:26:33Z step 790/938 loss=1.532e-05 grad_norm=0.001225 learning_rate=6.47e-06 epoch=0.8427
2026-10-03T10:27:01Z step 800/938 loss=1.499e-05 grad_norm=0.0002763 learning_rate=5.647e-06 epoch=0.8533
2026-10-03T10:27:28Z step 810/938 loss=1.52e-05 grad_norm=0.000838 learning_rate=4.877e-06 epoch=0.864
2026-10-03T10:27:57Z step 820/938 loss=1.263e-05 grad_norm=0.0005886 learning_rate=4.16e-06 epoch=0.8747
2026-10-03T10:28:23Z step 830/938 loss=1.236e-05 grad_norm=0.0004349 learning_rate=3.498e-06 epoch=0.8853
2026-10-03T10:28:51Z step 840/938 loss=1.238e-05 grad_norm=0.0002612 learning_rate=2.892e-06 epoch=0.896
2026-10-03T10:29:18Z step 850/938 loss=4.03e-05 grad_norm=0.0004344 learning_rate=2.342e-06 epoch=0.9067
2026-10-03T10:29:45Z step 860/938 loss=1.244e-05 grad_norm=0.0001901 learning_rate=1.848e-06 epoch=0.9173
2026-10-03T10:30:12Z step 870/938 loss=1.489e-05 grad_norm=0.00262 learning_rate=1.412e-06 epoch=0.928
2026-10-03T10:30:46Z step 880/938 loss=1.445e-05 grad_norm=0.0002891 learning_rate=1.034e-06 epoch=0.9387
2026-10-03T10:31:13Z step 890/938 loss=1.089e-05 grad_norm=0.0002698 learning_rate=7.137e-07 epoch=0.9493
2026-10-03T10:31:40Z step 900/938 loss=0.0001442 grad_norm=9.351e-05 learning_rate=4.525e-07 epoch=0.96
2026-10-03T10:32:06Z step 910/938 loss=1.214e-05 grad_norm=0.0002573 learning_rate=2.504e-07 epoch=0.9707
2026-10-03T10:32:35Z step 920/938 loss=1.319e-05 grad_norm=0.0001434 learning_rate=1.075e-07 epoch=0.9813
2026-10-03T10:33:03Z step 930/938 loss=1.842e-05 grad_norm=0.001536 learning_rate=2.413e-08 epoch=0.992
2026-10-03T10:33:22Z step 938/938 train_runtime=2573 train_samples_per_second=23.32 train_steps_per_second=0.364 total_flos=1.147e+18 train_loss=0.1366 epoch=1
2026-10-03T10:33:27Z trained 938 steps in 43.0 min, 4627.6 tok/s, peak 32.93 GB
2026-10-03T10:33:28Z u path: fp32-hidden (max |u_fp32 - u_bf16logits| = 0.0137)
2026-10-03T10:33:29Z padding self-check: max |u_batch - u_single| = 0.0533 (tol 0.597) -> left padding
2026-10-03T10:34:37Z B-LOKO-time-summary2-s0 rule_v1/dev: TA 94.0 Rev 99.7 Hold 94.3 n=300 (69.2 s)
2026-10-03T10:37:42Z generate: batch 25/32, 201525 tokens, 1093 tok/s
2026-10-03T10:41:54Z B-LOKO-time-summary2-s0 rule_v1/test_L2: TA 91.5 Rev 99.2 Hold 92.4 n=2000 (436.3 s)
2026-10-03T10:45:27Z B-LOKO-time-summary2-s0 rule_v1/test_L0: TA 95.1 Rev 99.8 Hold 95.3 n=1000 (213.5 s)
2026-10-03T10:47:48Z B-LOKO-time-summary2-s0 xr_v1/test: TA nan Rev nan Hold nan n=None (140.9 s)
2026-10-03T10:47:49Z DONE B-LOKO-time-summary2-s0 in 58.0 min, GPU util mean 90.2
