2026-10-03T06:42:40Z step 10/938 loss=0.1962 grad_norm=3.223 learning_rate=3.214e-05 epoch=0.01067
2026-10-03T06:44:44Z step 20/938 loss=0.1025 grad_norm=1.803 learning_rate=6.786e-05 epoch=0.02133
2026-10-03T06:46:47Z step 30/938 loss=0.04435 grad_norm=0.7115 learning_rate=0.0001 epoch=0.032
2026-10-03T06:48:48Z step 40/938 loss=0.0552 grad_norm=0.3175 learning_rate=9.996e-05 epoch=0.04267
2026-10-03T06:50:49Z step 50/938 loss=0.02221 grad_norm=0.8541 learning_rate=9.987e-05 epoch=0.05333
2026-10-03T06:52:51Z step 60/938 loss=0.03672 grad_norm=0.6421 learning_rate=9.971e-05 epoch=0.064
2026-10-03T06:54:52Z step 70/938 loss=0.02961 grad_norm=0.8615 learning_rate=9.95e-05 epoch=0.07467
2026-10-03T06:56:51Z step 80/938 loss=0.0822 grad_norm=0.9569 learning_rate=9.923e-05 epoch=0.08533
2026-10-03T06:58:53Z step 90/938 loss=0.01957 grad_norm=0.3066 learning_rate=9.89e-05 epoch=0.096
2026-10-03T07:01:02Z step 100/938 loss=0.01259 grad_norm=0.3594 learning_rate=9.851e-05 epoch=0.1067
2026-10-03T07:03:06Z step 110/938 loss=0.01693 grad_norm=0.2414 learning_rate=9.806e-05 epoch=0.1173
2026-10-03T07:05:10Z step 120/938 loss=0.01997 grad_norm=0.2257 learning_rate=9.755e-05 epoch=0.128
2026-10-03T07:07:11Z step 130/938 loss=0.01339 grad_norm=0.3009 learning_rate=9.699e-05 epoch=0.1387
2026-10-03T07:09:13Z step 140/938 loss=0.01405 grad_norm=3.629 learning_rate=9.637e-05 epoch=0.1493
2026-10-03T07:11:16Z step 150/938 loss=0.01741 grad_norm=0.2376 learning_rate=9.57e-05 epoch=0.16
2026-10-03T07:13:14Z step 160/938 loss=0.01485 grad_norm=0.4403 learning_rate=9.497e-05 epoch=0.1707
2026-10-03T07:15:13Z step 170/938 loss=0.00392 grad_norm=0.1626 learning_rate=9.419e-05 epoch=0.1813
2026-10-03T07:17:14Z step 180/938 loss=0.01624 grad_norm=1.609 learning_rate=9.336e-05 epoch=0.192
2026-10-03T07:19:12Z step 190/938 loss=0.02907 grad_norm=0.4594 learning_rate=9.247e-05 epoch=0.2027
2026-10-03T07:21:18Z step 200/938 loss=0.01248 grad_norm=0.1213 learning_rate=9.154e-05 epoch=0.2133
2026-10-03T07:23:21Z step 210/938 loss=0.02616 grad_norm=0.2291 learning_rate=9.055e-05 epoch=0.224
2026-10-03T07:25:24Z step 220/938 loss=0.01435 grad_norm=0.2553 learning_rate=8.952e-05 epoch=0.2347
2026-10-03T07:27:26Z step 230/938 loss=0.007108 grad_norm=0.0902 learning_rate=8.844e-05 epoch=0.2453
2026-10-03T07:29:30Z step 240/938 loss=0.01174 grad_norm=0.8608 learning_rate=8.731e-05 epoch=0.256
2026-10-03T07:31:31Z step 250/938 loss=0.008553 grad_norm=0.00905 learning_rate=8.614e-05 epoch=0.2667
2026-10-03T07:33:32Z step 260/938 loss=0.003156 grad_norm=0.001727 learning_rate=8.493e-05 epoch=0.2773
2026-10-03T07:35:35Z step 270/938 loss=0.01058 grad_norm=0.6906 learning_rate=8.367e-05 epoch=0.288
2026-10-03T07:37:37Z step 280/938 loss=0.01083 grad_norm=1.249 learning_rate=8.237e-05 epoch=0.2987
2026-10-03T07:40:00Z step 290/938 loss=0.0134 grad_norm=0.1386 learning_rate=8.104e-05 epoch=0.3093
2026-10-03T07:42:00Z step 300/938 loss=0.009361 grad_norm=1.371 learning_rate=7.967e-05 epoch=0.32
2026-10-03T07:44:00Z step 310/938 loss=0.01276 grad_norm=0.6311 learning_rate=7.826e-05 epoch=0.3307
2026-10-03T07:46:05Z step 320/938 loss=0.007702 grad_norm=0.531 learning_rate=7.682e-05 epoch=0.3413
2026-10-03T07:48:06Z step 330/938 loss=0.005658 grad_norm=0.1622 learning_rate=7.535e-05 epoch=0.352
2026-10-03T07:50:08Z step 340/938 loss=0.01696 grad_norm=0.08085 learning_rate=7.385e-05 epoch=0.3627
2026-10-03T07:52:10Z step 350/938 loss=0.005798 grad_norm=0.08853 learning_rate=7.231e-05 epoch=0.3733
2026-10-03T07:54:12Z step 360/938 loss=0.01073 grad_norm=0.06337 learning_rate=7.076e-05 epoch=0.384
2026-10-03T07:56:14Z step 370/938 loss=0.003358 grad_norm=0.1116 learning_rate=6.917e-05 epoch=0.3947
2026-10-03T07:58:17Z step 380/938 loss=0.001477 grad_norm=0.0401 learning_rate=6.757e-05 epoch=0.4053
2026-10-03T08:00:25Z step 390/938 loss=0.01245 grad_norm=0.3458 learning_rate=6.594e-05 epoch=0.416
2026-10-03T08:02:26Z step 400/938 loss=0.005951 grad_norm=0.08994 learning_rate=6.43e-05 epoch=0.4267
2026-10-03T08:04:28Z step 410/938 loss=0.01085 grad_norm=0.4057 learning_rate=6.264e-05 epoch=0.4373
2026-10-03T08:06:28Z step 420/938 loss=0.007707 grad_norm=0.1821 learning_rate=6.096e-05 epoch=0.448
2026-10-03T08:08:33Z step 430/938 loss=0.001399 grad_norm=0.2024 learning_rate=5.927e-05 epoch=0.4587
2026-10-03T08:10:36Z step 440/938 loss=0.008391 grad_norm=0.3987 learning_rate=5.757e-05 epoch=0.4693
2026-10-03T08:12:37Z step 450/938 loss=0.002344 grad_norm=0.02236 learning_rate=5.586e-05 epoch=0.48
2026-10-03T08:14:42Z step 460/938 loss=0.002036 grad_norm=0.0001282 learning_rate=5.414e-05 epoch=0.4907
2026-10-03T08:16:42Z step 470/938 loss=0.006882 grad_norm=0.0779 learning_rate=5.242e-05 epoch=0.5013
2026-10-03T08:18:43Z step 480/938 loss=0.001376 grad_norm=0.00138 learning_rate=5.069e-05 epoch=0.512
2026-10-03T08:20:51Z step 490/938 loss=0.001449 grad_norm=0.001231 learning_rate=4.896e-05 epoch=0.5227
2026-10-03T08:22:51Z step 500/938 loss=0.000324 grad_norm=0.1552 learning_rate=4.724e-05 epoch=0.5333
2026-10-03T08:24:54Z step 510/938 loss=0.004088 grad_norm=0.08589 learning_rate=4.552e-05 epoch=0.544
2026-10-03T08:26:57Z step 520/938 loss=0.004794 grad_norm=0.07886 learning_rate=4.38e-05 epoch=0.5547
2026-10-03T08:29:12Z step 530/938 loss=0.005173 grad_norm=0.3034 learning_rate=4.209e-05 epoch=0.5653
2026-10-03T08:31:13Z step 540/938 loss=0.002099 grad_norm=0.001063 learning_rate=4.039e-05 epoch=0.576
2026-10-03T08:33:14Z step 550/938 loss=0.0008869 grad_norm=0.02617 learning_rate=3.871e-05 epoch=0.5867
2026-10-03T08:35:14Z step 560/938 loss=0.0007914 grad_norm=0.02665 learning_rate=3.703e-05 epoch=0.5973
2026-10-03T08:37:14Z step 570/938 loss=0.004549 grad_norm=0.3037 learning_rate=3.537e-05 epoch=0.608
2026-10-03T08:39:12Z step 580/938 loss=0.0007408 grad_norm=0.06848 learning_rate=3.373e-05 epoch=0.6187
2026-10-03T08:41:18Z step 590/938 loss=0.005 grad_norm=0.2651 learning_rate=3.211e-05 epoch=0.6293
2026-10-03T08:43:19Z step 600/938 loss=0.001842 grad_norm=0.004608 learning_rate=3.051e-05 epoch=0.64
2026-10-03T08:45:18Z step 610/938 loss=0.002533 grad_norm=0.2332 learning_rate=2.893e-05 epoch=0.6507
2026-10-03T08:47:23Z step 620/938 loss=0.001358 grad_norm=0.00207 learning_rate=2.738e-05 epoch=0.6613
2026-10-03T08:49:25Z step 630/938 loss=0.0002083 grad_norm=0.003614 learning_rate=2.585e-05 epoch=0.672
2026-10-03T08:51:29Z step 640/938 loss=0.006742 grad_norm=0.01578 learning_rate=2.436e-05 epoch=0.6827
2026-10-03T08:53:32Z step 650/938 loss=0.0006988 grad_norm=0.008903 learning_rate=2.289e-05 epoch=0.6933
2026-10-03T08:55:33Z step 660/938 loss=0.0006935 grad_norm=0.001333 learning_rate=2.145e-05 epoch=0.704
2026-10-03T08:57:33Z step 670/938 loss=0.0001284 grad_norm=0.01064 learning_rate=2.005e-05 epoch=0.7147
2026-10-03T08:59:37Z step 680/938 loss=0.003277 grad_norm=0.01233 learning_rate=1.869e-05 epoch=0.7253
2026-10-03T09:02:09Z step 690/938 loss=0.000646 grad_norm=0.01873 learning_rate=1.736e-05 epoch=0.736
2026-10-03T09:04:07Z step 700/938 loss=0.0001279 grad_norm=0.0003285 learning_rate=1.608e-05 epoch=0.7467
2026-10-03T09:06:08Z step 710/938 loss=0.0006077 grad_norm=0.01139 learning_rate=1.483e-05 epoch=0.7573
2026-10-03T09:08:09Z step 720/938 loss=0.000651 grad_norm=0.06845 learning_rate=1.362e-05 epoch=0.768
2026-10-03T09:10:11Z step 730/938 loss=0.0006574 grad_norm=0.001295 learning_rate=1.246e-05 epoch=0.7787
2026-10-03T09:12:14Z step 740/938 loss=0.008439 grad_norm=3.661 learning_rate=1.134e-05 epoch=0.7893
2026-10-03T09:14:16Z step 750/938 loss=0.0001259 grad_norm=0.0002217 learning_rate=1.027e-05 epoch=0.8
2026-10-03T09:16:20Z step 760/938 loss=0.0007325 grad_norm=0.009376 learning_rate=9.247e-06 epoch=0.8107
2026-10-03T09:18:20Z step 770/938 loss=0.00449 grad_norm=0.001232 learning_rate=8.271e-06 epoch=0.8213
2026-10-03T09:20:26Z step 780/938 loss=0.0001843 grad_norm=0.004644 learning_rate=7.345e-06 epoch=0.832
2026-10-03T09:22:27Z step 790/938 loss=0.001489 grad_norm=0.001001 learning_rate=6.47e-06 epoch=0.8427
2026-10-03T09:24:31Z step 800/938 loss=0.0007352 grad_norm=0.01281 learning_rate=5.647e-06 epoch=0.8533
2026-10-03T09:26:32Z step 810/938 loss=0.0002101 grad_norm=0.001872 learning_rate=4.877e-06 epoch=0.864
2026-10-03T09:28:35Z step 820/938 loss=0.001788 grad_norm=0.001838 learning_rate=4.16e-06 epoch=0.8747
2026-10-03T09:30:37Z step 830/938 loss=0.000279 grad_norm=0.02359 learning_rate=3.498e-06 epoch=0.8853
2026-10-03T09:32:37Z step 840/938 loss=0.001162 grad_norm=0.002819 learning_rate=2.892e-06 epoch=0.896
2026-10-03T09:35:03Z step 850/938 loss=0.0002187 grad_norm=0.000243 learning_rate=2.342e-06 epoch=0.9067
2026-10-03T09:37:03Z step 860/938 loss=0.0002599 grad_norm=0.005969 learning_rate=1.848e-06 epoch=0.9173
2026-10-03T09:39:01Z step 870/938 loss=0.001912 grad_norm=0.09046 learning_rate=1.412e-06 epoch=0.928
2026-10-03T09:42:01Z step 880/938 loss=0.0004137 grad_norm=0.197 learning_rate=1.034e-06 epoch=0.9387
2026-10-03T09:44:03Z step 890/938 loss=7.999e-05 grad_norm=0.001582 learning_rate=7.137e-07 epoch=0.9493
2026-10-03T09:46:05Z step 900/938 loss=0.0004701 grad_norm=0.002918 learning_rate=4.525e-07 epoch=0.96
2026-10-03T09:48:08Z step 910/938 loss=9.249e-05 grad_norm=0.004423 learning_rate=2.504e-07 epoch=0.9707
2026-10-03T09:50:09Z step 920/938 loss=7.639e-05 grad_norm=0.001606 learning_rate=1.075e-07 epoch=0.9813
2026-10-03T09:52:10Z step 930/938 loss=0.0002333 grad_norm=0.0001829 learning_rate=2.413e-08 epoch=0.992
2026-10-03T09:53:40Z step 938/938 train_runtime=1.168e+04 train_samples_per_second=5.139 train_steps_per_second=0.08 total_flos=1.083e+18 train_loss=0.01143 epoch=1
2026-10-03T09:53:45Z trained 938 steps in 194.6 min, 1122.0 tok/s, peak 23.13 GB
2026-10-03T09:53:54Z u path: fp32-hidden (max |u_fp32 - u_bf16logits| = 0.0204)
2026-10-03T09:53:55Z padding self-check: max |u_batch - u_single| = 0.1368 (tol 0.826) -> left padding
2026-10-03T09:57:05Z B-F-verdict-triplets-s2 rule_v1/dev: TA 99.0 Rev 99.0 Hold 100.0 n=300 (199.2 s)
2026-10-03T09:58:38Z B-F-verdict-triplets-s2 rule_v1/dev_missing: TA nan Rev nan Hold nan n=None (92.9 s)
2026-10-03T10:03:53Z B-F-verdict-triplets-s2 rule_v1/missing: TA nan Rev nan Hold nan n=None (315.1 s)
2026-10-03T10:14:37Z B-F-verdict-triplets-s2 rule_v1/readapply: TA 99.6 Rev 99.7 Hold 99.8 n=1000 (643.8 s)
2026-10-03T10:24:24Z B-F-verdict-triplets-s2 rule_v1/test_L0: TA 99.3 Rev 99.5 Hold 99.8 n=1000 (586.7 s)
2026-10-03T10:34:03Z B-F-verdict-triplets-s2 rule_v1/test_L1: TA 98.7 Rev 99.2 Hold 99.2 n=1000 (579.1 s)
2026-10-03T10:54:55Z B-F-verdict-triplets-s2 rule_v1/test_L2: TA 92.2 Rev 93.0 Hold 98.2 n=2000 (1251.4 s)
2026-10-03T11:01:38Z B-F-verdict-triplets-s2 rule_v1/test_L3alt: TA 100.0 Rev 100.0 Hold 100.0 n=1000 (402.5 s)
2026-10-03T11:11:53Z B-F-verdict-triplets-s2 rule_v1/test_L3inv: TA 96.7 Rev 97.8 Hold 98.6 n=1000 (614.0 s)
2026-10-03T11:27:38Z B-F-verdict-triplets-s2 rule_v1/test_hard: TA 92.7 Rev 93.6 Hold 98.5 n=1000 (843.0 s)
2026-10-03T11:32:16Z B-F-verdict-triplets-s2 xr_v1/test: TA nan Rev nan Hold nan n=None (277.2 s)
2026-10-03T11:32:16Z DONE B-F-verdict-triplets-s2 in 293.5 min, GPU util mean 98.4
