2026-10-03T22:44:17Z step 10/938 loss=12.74 grad_norm=35.02 learning_rate=3.214e-05 epoch=0.01067
2026-10-03T22:44:42Z step 20/938 loss=0.5227 grad_norm=1.824 learning_rate=6.786e-05 epoch=0.02133
2026-10-03T22:45:07Z step 30/938 loss=0.05781 grad_norm=0.00598 learning_rate=0.0001 epoch=0.032
2026-10-03T22:45:31Z step 40/938 loss=0.08769 grad_norm=3.731 learning_rate=9.996e-05 epoch=0.04267
2026-10-03T22:45:55Z step 50/938 loss=0.003513 grad_norm=0.07954 learning_rate=9.987e-05 epoch=0.05333
2026-10-03T22:46:20Z step 60/938 loss=0.02172 grad_norm=0.3095 learning_rate=9.971e-05 epoch=0.064
2026-10-03T22:46:44Z step 70/938 loss=0.01563 grad_norm=0.004575 learning_rate=9.95e-05 epoch=0.07467
2026-10-03T22:47:08Z step 80/938 loss=0.04614 grad_norm=0.04484 learning_rate=9.923e-05 epoch=0.08533
2026-10-03T22:47:31Z step 90/938 loss=0.03753 grad_norm=2.64 learning_rate=9.89e-05 epoch=0.096
2026-10-03T22:47:57Z step 100/938 loss=0.003298 grad_norm=0.01354 learning_rate=9.851e-05 epoch=0.1067
2026-10-03T22:48:22Z step 110/938 loss=0.01202 grad_norm=0.0004045 learning_rate=9.806e-05 epoch=0.1173
2026-10-03T22:48:46Z step 120/938 loss=0.03293 grad_norm=0.2358 learning_rate=9.755e-05 epoch=0.128
2026-10-03T22:49:10Z step 130/938 loss=0.002564 grad_norm=0.008604 learning_rate=9.699e-05 epoch=0.1387
2026-10-03T22:49:34Z step 140/938 loss=0.01798 grad_norm=13.86 learning_rate=9.637e-05 epoch=0.1493
2026-10-03T22:49:59Z step 150/938 loss=0.001008 grad_norm=0.007529 learning_rate=9.57e-05 epoch=0.16
2026-10-03T22:50:23Z step 160/938 loss=0.0171 grad_norm=0.0008011 learning_rate=9.497e-05 epoch=0.1707
2026-10-03T22:50:48Z step 170/938 loss=0.0001381 grad_norm=0.006042 learning_rate=9.419e-05 epoch=0.1813
2026-10-03T22:51:12Z step 180/938 loss=0.0005578 grad_norm=0.003539 learning_rate=9.336e-05 epoch=0.192
2026-10-03T22:51:36Z step 190/938 loss=0.0001109 grad_norm=0.0003177 learning_rate=9.247e-05 epoch=0.2027
2026-10-03T22:52:01Z step 200/938 loss=2.449e-05 grad_norm=0.0005958 learning_rate=9.154e-05 epoch=0.2133
2026-10-03T22:52:25Z step 210/938 loss=0.003502 grad_norm=0.0004834 learning_rate=9.055e-05 epoch=0.224
2026-10-03T22:52:49Z step 220/938 loss=0.0005869 grad_norm=0.00134 learning_rate=8.952e-05 epoch=0.2347
2026-10-03T22:53:14Z step 230/938 loss=0.0001299 grad_norm=0.0001535 learning_rate=8.844e-05 epoch=0.2453
2026-10-03T22:53:38Z step 240/938 loss=0.01812 grad_norm=0.0004504 learning_rate=8.731e-05 epoch=0.256
2026-10-03T22:54:02Z step 250/938 loss=0.0008288 grad_norm=0.004558 learning_rate=8.614e-05 epoch=0.2667
2026-10-03T22:54:27Z step 260/938 loss=0.00809 grad_norm=0.2406 learning_rate=8.493e-05 epoch=0.2773
2026-10-03T22:54:50Z step 270/938 loss=0.007907 grad_norm=0.03987 learning_rate=8.367e-05 epoch=0.288
2026-10-03T22:55:15Z step 280/938 loss=0.003953 grad_norm=0.0008872 learning_rate=8.237e-05 epoch=0.2987
2026-10-03T22:55:39Z step 290/938 loss=7.256e-05 grad_norm=0.002172 learning_rate=8.104e-05 epoch=0.3093
2026-10-03T22:56:04Z step 300/938 loss=0.01353 grad_norm=0.00158 learning_rate=7.967e-05 epoch=0.32
2026-10-03T22:56:29Z step 310/938 loss=0.005666 grad_norm=0.9882 learning_rate=7.826e-05 epoch=0.3307
2026-10-03T22:56:52Z step 320/938 loss=0.00121 grad_norm=0.01292 learning_rate=7.682e-05 epoch=0.3413
2026-10-03T22:57:17Z step 330/938 loss=0.005227 grad_norm=0.006723 learning_rate=7.535e-05 epoch=0.352
2026-10-03T22:57:42Z step 340/938 loss=0.01123 grad_norm=0.01107 learning_rate=7.385e-05 epoch=0.3627
2026-10-03T22:58:06Z step 350/938 loss=0.01304 grad_norm=0.2079 learning_rate=7.231e-05 epoch=0.3733
2026-10-03T22:58:30Z step 360/938 loss=0.002206 grad_norm=0.001604 learning_rate=7.076e-05 epoch=0.384
2026-10-03T22:58:54Z step 370/938 loss=9.142e-05 grad_norm=0.005381 learning_rate=6.917e-05 epoch=0.3947
2026-10-03T22:59:18Z step 380/938 loss=0.0009596 grad_norm=0.0005028 learning_rate=6.757e-05 epoch=0.4053
2026-10-03T22:59:43Z step 390/938 loss=1.397e-05 grad_norm=0.0008796 learning_rate=6.594e-05 epoch=0.416
2026-10-03T23:00:07Z step 400/938 loss=5.498e-06 grad_norm=0.0001268 learning_rate=6.43e-05 epoch=0.4267
2026-10-03T23:00:31Z step 410/938 loss=4.166e-06 grad_norm=0.0002219 learning_rate=6.264e-05 epoch=0.4373
2026-10-03T23:00:56Z step 420/938 loss=3.279e-06 grad_norm=9.238e-05 learning_rate=6.096e-05 epoch=0.448
2026-10-03T23:01:20Z step 430/938 loss=0.0003369 grad_norm=3.45e-05 learning_rate=5.927e-05 epoch=0.4587
2026-10-03T23:01:44Z step 440/938 loss=2.951e-05 grad_norm=7.857e-05 learning_rate=5.757e-05 epoch=0.4693
2026-10-03T23:02:08Z step 450/938 loss=6.359e-06 grad_norm=3.551e-05 learning_rate=5.586e-05 epoch=0.48
2026-10-03T23:02:32Z step 460/938 loss=1.061e-05 grad_norm=2.781e-05 learning_rate=5.414e-05 epoch=0.4907
2026-10-03T23:02:56Z step 470/938 loss=2.221e-06 grad_norm=7.36e-05 learning_rate=5.242e-05 epoch=0.5013
2026-10-03T23:03:20Z step 480/938 loss=0.00109 grad_norm=3.689e-05 learning_rate=5.069e-05 epoch=0.512
2026-10-03T23:03:44Z step 490/938 loss=1.778e-06 grad_norm=4.246e-05 learning_rate=4.896e-05 epoch=0.5227
2026-10-03T23:04:13Z step 500/938 loss=1.165e-05 grad_norm=0.0001198 learning_rate=4.724e-05 epoch=0.5333
2026-10-03T23:04:36Z step 510/938 loss=1.782e-06 grad_norm=4.265e-05 learning_rate=4.552e-05 epoch=0.544
2026-10-03T23:05:01Z step 520/938 loss=9.898e-06 grad_norm=4.895e-05 learning_rate=4.38e-05 epoch=0.5547
2026-10-03T23:05:26Z step 530/938 loss=1.816e-06 grad_norm=4.022e-05 learning_rate=4.209e-05 epoch=0.5653
2026-10-03T23:05:51Z step 540/938 loss=2.197e-06 grad_norm=0.0001188 learning_rate=4.039e-05 epoch=0.576
2026-10-03T23:06:15Z step 550/938 loss=1.204e-05 grad_norm=0.006725 learning_rate=3.871e-05 epoch=0.5867
2026-10-03T23:06:39Z step 560/938 loss=6.828e-05 grad_norm=2.558e-05 learning_rate=3.703e-05 epoch=0.5973
2026-10-03T23:07:03Z step 570/938 loss=2.415e-06 grad_norm=2.519e-05 learning_rate=3.537e-05 epoch=0.608
2026-10-03T23:07:27Z step 580/938 loss=1.837e-06 grad_norm=2.747e-05 learning_rate=3.373e-05 epoch=0.6187
2026-10-03T23:07:51Z step 590/938 loss=1.426e-06 grad_norm=0.0003624 learning_rate=3.211e-05 epoch=0.6293
2026-10-03T23:08:15Z step 600/938 loss=1.397e-06 grad_norm=3.752e-05 learning_rate=3.051e-05 epoch=0.64
2026-10-03T23:08:40Z step 610/938 loss=1.51e-06 grad_norm=5.603e-05 learning_rate=2.893e-05 epoch=0.6507
2026-10-03T23:09:04Z step 620/938 loss=1.393e-06 grad_norm=0.0003984 learning_rate=2.738e-05 epoch=0.6613
2026-10-03T23:09:29Z step 630/938 loss=1.946e-06 grad_norm=3.96e-05 learning_rate=2.585e-05 epoch=0.672
2026-10-03T23:09:54Z step 640/938 loss=1.444e-06 grad_norm=0.0003257 learning_rate=2.436e-05 epoch=0.6827
2026-10-03T23:10:18Z step 650/938 loss=1.079e-06 grad_norm=2.302e-05 learning_rate=2.289e-05 epoch=0.6933
2026-10-03T23:10:41Z step 660/938 loss=1.487e-06 grad_norm=5.637e-05 learning_rate=2.145e-05 epoch=0.704
2026-10-03T23:11:05Z step 670/938 loss=1.258e-06 grad_norm=4.783e-05 learning_rate=2.005e-05 epoch=0.7147
2026-10-03T23:11:30Z step 680/938 loss=1.13e-06 grad_norm=3.891e-05 learning_rate=1.869e-05 epoch=0.7253
2026-10-03T23:11:55Z step 690/938 loss=1.005e-06 grad_norm=5.211e-05 learning_rate=1.736e-05 epoch=0.736
2026-10-03T23:12:19Z step 700/938 loss=2.645e-06 grad_norm=2.369e-05 learning_rate=1.608e-05 epoch=0.7467
2026-10-03T23:12:43Z step 710/938 loss=9.853e-07 grad_norm=3.052e-05 learning_rate=1.483e-05 epoch=0.7573
2026-10-03T23:13:08Z step 720/938 loss=1.124e-06 grad_norm=2.919e-05 learning_rate=1.362e-05 epoch=0.768
2026-10-03T23:13:32Z step 730/938 loss=4.374e-05 grad_norm=6.587e-05 learning_rate=1.246e-05 epoch=0.7787
2026-10-03T23:13:56Z step 740/938 loss=1.092e-06 grad_norm=3.49e-05 learning_rate=1.134e-05 epoch=0.7893
2026-10-03T23:14:20Z step 750/938 loss=1.183e-06 grad_norm=3.925e-05 learning_rate=1.027e-05 epoch=0.8
2026-10-03T23:14:44Z step 760/938 loss=9.862e-07 grad_norm=2.44e-05 learning_rate=9.247e-06 epoch=0.8107
2026-10-03T23:15:08Z step 770/938 loss=1.674e-06 grad_norm=8.706e-05 learning_rate=8.271e-06 epoch=0.8213
2026-10-03T23:15:33Z step 780/938 loss=1.111e-06 grad_norm=3.093e-05 learning_rate=7.345e-06 epoch=0.832
2026-10-03T23:15:57Z step 790/938 loss=1.335e-06 grad_norm=2.543e-05 learning_rate=6.47e-06 epoch=0.8427
2026-10-03T23:16:21Z step 800/938 loss=4.157e-06 grad_norm=3.939e-05 learning_rate=5.647e-06 epoch=0.8533
2026-10-03T23:16:45Z step 810/938 loss=1.381e-06 grad_norm=2.829e-05 learning_rate=4.877e-06 epoch=0.864
2026-10-03T23:17:10Z step 820/938 loss=1.251e-06 grad_norm=2.672e-05 learning_rate=4.16e-06 epoch=0.8747
2026-10-03T23:17:34Z step 830/938 loss=1.244e-06 grad_norm=3.52e-05 learning_rate=3.498e-06 epoch=0.8853
2026-10-03T23:17:58Z step 840/938 loss=1.289e-06 grad_norm=4.262e-05 learning_rate=2.892e-06 epoch=0.896
2026-10-03T23:18:22Z step 850/938 loss=1.221e-06 grad_norm=2.981e-05 learning_rate=2.342e-06 epoch=0.9067
2026-10-03T23:18:46Z step 860/938 loss=1.393e-06 grad_norm=2.546e-05 learning_rate=1.848e-06 epoch=0.9173
2026-10-03T23:19:11Z step 870/938 loss=9.82e-06 grad_norm=5.318e-05 learning_rate=1.412e-06 epoch=0.928
2026-10-03T23:19:34Z step 880/938 loss=2.971e-06 grad_norm=2.723e-05 learning_rate=1.034e-06 epoch=0.9387
2026-10-03T23:19:58Z step 890/938 loss=1.338e-06 grad_norm=2.639e-05 learning_rate=7.137e-07 epoch=0.9493
2026-10-03T23:20:22Z step 900/938 loss=1.321e-06 grad_norm=4.593e-05 learning_rate=4.525e-07 epoch=0.96
2026-10-03T23:20:46Z step 910/938 loss=9.994e-07 grad_norm=2.322e-05 learning_rate=2.504e-07 epoch=0.9707
2026-10-03T23:21:09Z step 920/938 loss=1.446e-06 grad_norm=3.068e-05 learning_rate=1.075e-07 epoch=0.9813
2026-10-03T23:21:34Z step 930/938 loss=1.246e-06 grad_norm=4.578e-05 learning_rate=2.413e-08 epoch=0.992
2026-10-03T23:21:51Z step 938/938 train_runtime=2279 train_samples_per_second=26.32 train_steps_per_second=0.412 total_flos=1.167e+18 train_loss=0.1462 epoch=1
2026-10-03T23:21:54Z trained 938 steps in 38.0 min, 4964.1 tok/s, peak 33.58 GB
2026-10-03T23:21:55Z u path: fp32-hidden (max |u_fp32 - u_bf16logits| = 0.0182)
2026-10-03T23:21:56Z padding self-check: max |u_batch - u_single| = 0.0914 (tol 0.653) -> left padding
2026-10-03T23:22:32Z B-LOKO-boundary-bit_reader-s0 rule_v1/dev: TA 100.0 Rev 100.0 Hold 100.0 n=300 (37.9 s)
2026-10-03T23:23:37Z generate: batch 25/32, 32000 tokens, 509 tok/s
2026-10-03T23:26:46Z B-LOKO-boundary-bit_reader-s0 rule_v1/test_L2: TA 99.1 Rev 99.9 Hold 99.2 n=2000 (253.7 s)
2026-10-03T23:27:54Z B-LOKO-boundary-bit_reader-s0 xr_v1/test: TA nan Rev nan Hold nan n=None (67.2 s)
2026-10-03T23:27:54Z DONE B-LOKO-boundary-bit_reader-s0 in 44.4 min, GPU util mean 97.4
