2026-10-03T06:02:48Z step 10/938 loss=2.31 grad_norm=2.093 learning_rate=3.214e-05 epoch=0.01067
2026-10-03T06:03:23Z step 20/938 loss=0.6849 grad_norm=1.61 learning_rate=6.786e-05 epoch=0.02133
2026-10-03T06:03:56Z step 30/938 loss=0.04213 grad_norm=0.9402 learning_rate=0.0001 epoch=0.032
2026-10-03T06:04:30Z step 40/938 loss=0.006688 grad_norm=0.02899 learning_rate=9.996e-05 epoch=0.04267
2026-10-03T06:05:03Z step 50/938 loss=0.0009722 grad_norm=0.02929 learning_rate=9.987e-05 epoch=0.05333
2026-10-03T06:05:36Z step 60/938 loss=0.003157 grad_norm=0.006115 learning_rate=9.971e-05 epoch=0.064
2026-10-03T06:06:10Z step 70/938 loss=0.002406 grad_norm=0.01151 learning_rate=9.95e-05 epoch=0.07467
2026-10-03T06:06:43Z step 80/938 loss=0.0008488 grad_norm=0.01913 learning_rate=9.923e-05 epoch=0.08533
2026-10-03T06:07:18Z step 90/938 loss=0.001123 grad_norm=0.001795 learning_rate=9.89e-05 epoch=0.096
2026-10-03T06:07:51Z step 100/938 loss=0.0008386 grad_norm=0.1423 learning_rate=9.851e-05 epoch=0.1067
2026-10-03T06:08:25Z step 110/938 loss=0.001659 grad_norm=0.02679 learning_rate=9.806e-05 epoch=0.1173
2026-10-03T06:08:58Z step 120/938 loss=0.0004905 grad_norm=0.002426 learning_rate=9.755e-05 epoch=0.128
2026-10-03T06:09:32Z step 130/938 loss=0.0003703 grad_norm=0.02824 learning_rate=9.699e-05 epoch=0.1387
2026-10-03T06:10:05Z step 140/938 loss=0.0003033 grad_norm=0.1228 learning_rate=9.637e-05 epoch=0.1493
2026-10-03T06:10:40Z step 150/938 loss=1.504e-05 grad_norm=0.0001276 learning_rate=9.57e-05 epoch=0.16
2026-10-03T06:11:13Z step 160/938 loss=1.522e-05 grad_norm=0.0002077 learning_rate=9.497e-05 epoch=0.1707
2026-10-03T06:11:47Z step 170/938 loss=0.0001777 grad_norm=0.02071 learning_rate=9.419e-05 epoch=0.1813
2026-10-03T06:12:20Z step 180/938 loss=0.00134 grad_norm=0.0003815 learning_rate=9.336e-05 epoch=0.192
2026-10-03T06:12:55Z step 190/938 loss=0.001343 grad_norm=0.01169 learning_rate=9.247e-05 epoch=0.2027
2026-10-03T06:13:28Z step 200/938 loss=0.001706 grad_norm=0.0435 learning_rate=9.154e-05 epoch=0.2133
2026-10-03T06:14:03Z step 210/938 loss=0.0004481 grad_norm=0.06195 learning_rate=9.055e-05 epoch=0.224
2026-10-03T06:14:37Z step 220/938 loss=0.0002835 grad_norm=0.001659 learning_rate=8.952e-05 epoch=0.2347
2026-10-03T06:15:11Z step 230/938 loss=0.0001826 grad_norm=0.01857 learning_rate=8.844e-05 epoch=0.2453
2026-10-03T06:15:45Z step 240/938 loss=3.928e-05 grad_norm=0.0002192 learning_rate=8.731e-05 epoch=0.256
2026-10-03T06:16:19Z step 250/938 loss=2.553e-05 grad_norm=0.000202 learning_rate=8.614e-05 epoch=0.2667
2026-10-03T06:16:52Z step 260/938 loss=9.282e-06 grad_norm=8.755e-05 learning_rate=8.493e-05 epoch=0.2773
2026-10-03T06:17:26Z step 270/938 loss=1.45e-05 grad_norm=8.853e-05 learning_rate=8.367e-05 epoch=0.288
2026-10-03T06:17:59Z step 280/938 loss=6.481e-06 grad_norm=0.0005005 learning_rate=8.237e-05 epoch=0.2987
2026-10-03T06:18:32Z step 290/938 loss=0.000124 grad_norm=0.06681 learning_rate=8.104e-05 epoch=0.3093
2026-10-03T06:19:06Z step 300/938 loss=9.582e-06 grad_norm=4.92e-05 learning_rate=7.967e-05 epoch=0.32
2026-10-03T06:19:38Z step 310/938 loss=0.0003688 grad_norm=0.0005503 learning_rate=7.826e-05 epoch=0.3307
2026-10-03T06:20:12Z step 320/938 loss=0.0004595 grad_norm=0.1047 learning_rate=7.682e-05 epoch=0.3413
2026-10-03T06:20:46Z step 330/938 loss=0.0002655 grad_norm=0.004008 learning_rate=7.535e-05 epoch=0.352
2026-10-03T06:21:31Z step 340/938 loss=0.0001111 grad_norm=0.0004698 learning_rate=7.385e-05 epoch=0.3627
2026-10-03T06:22:04Z step 350/938 loss=9.664e-05 grad_norm=0.0003034 learning_rate=7.231e-05 epoch=0.3733
2026-10-03T06:22:39Z step 360/938 loss=7.496e-05 grad_norm=0.0003711 learning_rate=7.076e-05 epoch=0.384
2026-10-03T06:23:12Z step 370/938 loss=0.0003498 grad_norm=0.004513 learning_rate=6.917e-05 epoch=0.3947
2026-10-03T06:23:46Z step 380/938 loss=5.385e-05 grad_norm=8.791e-05 learning_rate=6.757e-05 epoch=0.4053
2026-10-03T06:24:19Z step 390/938 loss=1.08e-05 grad_norm=0.0002435 learning_rate=6.594e-05 epoch=0.416
2026-10-03T06:24:52Z step 400/938 loss=1.36e-05 grad_norm=0.000858 learning_rate=6.43e-05 epoch=0.4267
2026-10-03T06:25:26Z step 410/938 loss=0.0001035 grad_norm=0.0001274 learning_rate=6.264e-05 epoch=0.4373
2026-10-03T06:25:59Z step 420/938 loss=3.301e-05 grad_norm=0.002338 learning_rate=6.096e-05 epoch=0.448
2026-10-03T06:26:32Z step 430/938 loss=4.401e-06 grad_norm=0.000147 learning_rate=5.927e-05 epoch=0.4587
2026-10-03T06:27:06Z step 440/938 loss=0.0001064 grad_norm=0.0004797 learning_rate=5.757e-05 epoch=0.4693
2026-10-03T06:27:38Z step 450/938 loss=0.0001482 grad_norm=0.0004128 learning_rate=5.586e-05 epoch=0.48
2026-10-03T06:28:12Z step 460/938 loss=0.0005426 grad_norm=0.004864 learning_rate=5.414e-05 epoch=0.4907
2026-10-03T06:28:46Z step 470/938 loss=0.0005007 grad_norm=0.01733 learning_rate=5.242e-05 epoch=0.5013
2026-10-03T06:29:20Z step 480/938 loss=0.0002836 grad_norm=0.0007877 learning_rate=5.069e-05 epoch=0.512
2026-10-03T06:29:53Z step 490/938 loss=0.0009711 grad_norm=0.07712 learning_rate=4.896e-05 epoch=0.5227
2026-10-03T06:30:26Z step 500/938 loss=0.0002483 grad_norm=0.001469 learning_rate=4.724e-05 epoch=0.5333
2026-10-03T06:31:00Z step 510/938 loss=0.0005459 grad_norm=0.0007153 learning_rate=4.552e-05 epoch=0.544
2026-10-03T06:31:33Z step 520/938 loss=2.816e-05 grad_norm=0.001025 learning_rate=4.38e-05 epoch=0.5547
2026-10-03T06:32:07Z step 530/938 loss=4.288e-05 grad_norm=0.0009697 learning_rate=4.209e-05 epoch=0.5653
2026-10-03T06:32:41Z step 540/938 loss=1.768e-05 grad_norm=0.0002767 learning_rate=4.039e-05 epoch=0.576
2026-10-03T06:33:15Z step 550/938 loss=2.499e-05 grad_norm=0.0008596 learning_rate=3.871e-05 epoch=0.5867
2026-10-03T06:33:48Z step 560/938 loss=1.66e-05 grad_norm=0.0002933 learning_rate=3.703e-05 epoch=0.5973
2026-10-03T06:34:21Z step 570/938 loss=2.824e-05 grad_norm=0.0004959 learning_rate=3.537e-05 epoch=0.608
2026-10-03T06:34:55Z step 580/938 loss=6.195e-05 grad_norm=0.0002301 learning_rate=3.373e-05 epoch=0.6187
2026-10-03T06:35:29Z step 590/938 loss=8.783e-06 grad_norm=0.0002396 learning_rate=3.211e-05 epoch=0.6293
2026-10-03T06:36:02Z step 600/938 loss=6.952e-06 grad_norm=0.0001652 learning_rate=3.051e-05 epoch=0.64
2026-10-03T06:36:35Z step 610/938 loss=7.72e-06 grad_norm=0.0005613 learning_rate=2.893e-05 epoch=0.6507
2026-10-03T06:37:09Z step 620/938 loss=1.555e-05 grad_norm=0.0001822 learning_rate=2.738e-05 epoch=0.6613
2026-10-03T06:37:42Z step 630/938 loss=3.71e-05 grad_norm=0.0002874 learning_rate=2.585e-05 epoch=0.672
2026-10-03T06:38:16Z step 640/938 loss=5.06e-06 grad_norm=0.0002142 learning_rate=2.436e-05 epoch=0.6827
2026-10-03T06:38:50Z step 650/938 loss=4.904e-05 grad_norm=0.001247 learning_rate=2.289e-05 epoch=0.6933
2026-10-03T06:39:24Z step 660/938 loss=1.079e-05 grad_norm=0.007729 learning_rate=2.145e-05 epoch=0.704
2026-10-03T06:39:57Z step 670/938 loss=8.797e-06 grad_norm=6.583e-05 learning_rate=2.005e-05 epoch=0.7147
2026-10-03T06:40:32Z step 680/938 loss=5.412e-06 grad_norm=0.000135 learning_rate=1.869e-05 epoch=0.7253
2026-10-03T06:41:11Z step 690/938 loss=8.049e-06 grad_norm=0.0005053 learning_rate=1.736e-05 epoch=0.736
2026-10-03T06:41:45Z step 700/938 loss=2.458e-05 grad_norm=0.0003897 learning_rate=1.608e-05 epoch=0.7467
2026-10-03T06:42:19Z step 710/938 loss=7.695e-06 grad_norm=0.001165 learning_rate=1.483e-05 epoch=0.7573
2026-10-03T06:42:52Z step 720/938 loss=5.487e-06 grad_norm=9.187e-05 learning_rate=1.362e-05 epoch=0.768
2026-10-03T06:43:27Z step 730/938 loss=5.628e-06 grad_norm=0.0003613 learning_rate=1.246e-05 epoch=0.7787
2026-10-03T06:44:01Z step 740/938 loss=6.226e-06 grad_norm=6.223e-05 learning_rate=1.134e-05 epoch=0.7893
2026-10-03T06:44:35Z step 750/938 loss=5.182e-05 grad_norm=0.09194 learning_rate=1.027e-05 epoch=0.8
2026-10-03T06:45:08Z step 760/938 loss=7.251e-06 grad_norm=0.0001302 learning_rate=9.247e-06 epoch=0.8107
2026-10-03T06:45:42Z step 770/938 loss=5.568e-06 grad_norm=0.000319 learning_rate=8.271e-06 epoch=0.8213
2026-10-03T06:46:15Z step 780/938 loss=5.779e-06 grad_norm=0.0001203 learning_rate=7.345e-06 epoch=0.832
2026-10-03T06:46:48Z step 790/938 loss=6.767e-06 grad_norm=6.815e-05 learning_rate=6.47e-06 epoch=0.8427
2026-10-03T06:47:22Z step 800/938 loss=5.022e-06 grad_norm=5.886e-05 learning_rate=5.647e-06 epoch=0.8533
2026-10-03T06:47:57Z step 810/938 loss=7.272e-06 grad_norm=0.0001575 learning_rate=4.877e-06 epoch=0.864
2026-10-03T06:48:30Z step 820/938 loss=0.000123 grad_norm=0.1928 learning_rate=4.16e-06 epoch=0.8747
2026-10-03T06:49:03Z step 830/938 loss=7.622e-06 grad_norm=0.0001183 learning_rate=3.498e-06 epoch=0.8853
2026-10-03T06:49:38Z step 840/938 loss=5.037e-06 grad_norm=8.633e-05 learning_rate=2.892e-06 epoch=0.896
2026-10-03T06:50:11Z step 850/938 loss=6.287e-06 grad_norm=0.0001971 learning_rate=2.342e-06 epoch=0.9067
2026-10-03T06:50:44Z step 860/938 loss=5.046e-06 grad_norm=5.588e-05 learning_rate=1.848e-06 epoch=0.9173
2026-10-03T06:51:17Z step 870/938 loss=5.555e-06 grad_norm=6.301e-05 learning_rate=1.412e-06 epoch=0.928
2026-10-03T06:51:51Z step 880/938 loss=7.969e-06 grad_norm=4.031e-05 learning_rate=1.034e-06 epoch=0.9387
2026-10-03T06:52:26Z step 890/938 loss=7.022e-06 grad_norm=8.585e-05 learning_rate=7.137e-07 epoch=0.9493
2026-10-03T06:53:00Z step 900/938 loss=4.358e-06 grad_norm=5.62e-05 learning_rate=4.525e-07 epoch=0.96
2026-10-03T06:53:33Z step 910/938 loss=2.377e-05 grad_norm=0.0001183 learning_rate=2.504e-07 epoch=0.9707
2026-10-03T06:54:07Z step 920/938 loss=5.41e-05 grad_norm=0.04225 learning_rate=1.075e-07 epoch=0.9813
2026-10-03T06:54:41Z step 930/938 loss=4.444e-06 grad_norm=5.271e-05 learning_rate=2.413e-08 epoch=0.992
2026-10-03T06:55:07Z step 938/938 train_runtime=3250 train_samples_per_second=18.46 train_steps_per_second=0.289 total_flos=1.137e+18 train_loss=0.0327 epoch=1
2026-10-03T06:55:12Z trained 938 steps in 54.2 min, 3650.7 tok/s, peak 26.31 GB
2026-10-03T06:55:13Z u path: fp32-hidden (max |u_fp32 - u_bf16logits| = 0.0038)
2026-10-03T06:55:14Z padding self-check: max |u_batch - u_single| = 0.0906 (tol 0.653) -> left padding
2026-10-03T06:56:50Z B-F-summary2-blocks-s0 rule_v1/dev: TA 74.7 Rev 97.3 Hold 77.3 n=300 (97.6 s)
2026-10-03T06:57:25Z B-F-summary2-blocks-s0 rule_v1/dev_missing: TA nan Rev nan Hold nan n=None (35.3 s)
2026-10-03T06:59:15Z B-F-summary2-blocks-s0 rule_v1/missing: TA nan Rev nan Hold nan n=None (109.4 s)
2026-10-03T07:01:50Z generate: batch 25/28, 227811 tokens, 1498 tok/s
2026-10-03T07:04:15Z B-F-summary2-blocks-s0 rule_v1/readapply: TA 80.0 Rev 98.0 Hold 81.6 n=1000 (298.8 s)
2026-10-03T07:07:39Z B-F-summary2-blocks-s0 rule_v1/test_L0: TA 78.8 Rev 97.6 Hold 81.1 n=1000 (204.0 s)
2026-10-03T07:10:58Z B-F-summary2-blocks-s0 rule_v1/test_L1: TA 81.4 Rev 96.4 Hold 84.6 n=1000 (198.8 s)
2026-10-03T07:13:36Z generate: batch 25/32, 229742 tokens, 1481 tok/s
2026-10-03T07:18:11Z B-F-summary2-blocks-s0 rule_v1/test_L2: TA 67.3 Rev 96.8 Hold 70.1 n=2000 (432.4 s)
2026-10-03T07:21:17Z B-F-summary2-blocks-s0 rule_v1/test_L3alt: TA 83.6 Rev 100.0 Hold 83.6 n=1000 (185.7 s)
2026-10-03T07:24:48Z B-F-summary2-blocks-s0 rule_v1/test_L3inv: TA 73.6 Rev 97.1 Hold 76.4 n=1000 (211.2 s)
2026-10-03T07:28:36Z B-F-summary2-blocks-s0 rule_v1/test_hard: TA 65.2 Rev 97.0 Hold 67.7 n=1000 (227.9 s)
2026-10-03T07:28:37Z DONE B-F-summary2-blocks-s0 in 88.1 min, GPU util mean 87.3
