2026-10-04T00:30:00Z step 10/938 loss=0.7851 grad_norm=7.416 learning_rate=3.214e-05 epoch=0.01067
2026-10-04T00:30:23Z step 20/938 loss=0.4418 grad_norm=2.573 learning_rate=6.786e-05 epoch=0.02133
2026-10-04T00:30:45Z step 30/938 loss=0.2767 grad_norm=2.433 learning_rate=0.0001 epoch=0.032
2026-10-04T00:31:08Z step 40/938 loss=0.1609 grad_norm=4.731 learning_rate=9.996e-05 epoch=0.04267
2026-10-04T00:31:32Z step 50/938 loss=0.2216 grad_norm=1.034 learning_rate=9.987e-05 epoch=0.05333
2026-10-04T00:31:55Z step 60/938 loss=0.156 grad_norm=0.687 learning_rate=9.971e-05 epoch=0.064
2026-10-04T00:32:18Z step 70/938 loss=0.1095 grad_norm=3.074 learning_rate=9.95e-05 epoch=0.07467
2026-10-04T00:32:42Z step 80/938 loss=0.1679 grad_norm=0.8224 learning_rate=9.923e-05 epoch=0.08533
2026-10-04T00:33:05Z step 90/938 loss=0.1767 grad_norm=1.813 learning_rate=9.89e-05 epoch=0.096
2026-10-04T00:33:28Z step 100/938 loss=0.07138 grad_norm=1.03 learning_rate=9.851e-05 epoch=0.1067
2026-10-04T00:33:51Z step 110/938 loss=0.08766 grad_norm=0.05271 learning_rate=9.806e-05 epoch=0.1173
2026-10-04T00:34:14Z step 120/938 loss=0.0579 grad_norm=1.154 learning_rate=9.755e-05 epoch=0.128
2026-10-04T00:34:37Z step 130/938 loss=0.171 grad_norm=10.75 learning_rate=9.699e-05 epoch=0.1387
2026-10-04T00:35:00Z step 140/938 loss=0.1207 grad_norm=2.496 learning_rate=9.637e-05 epoch=0.1493
2026-10-04T00:35:23Z step 150/938 loss=0.1061 grad_norm=5.137 learning_rate=9.57e-05 epoch=0.16
2026-10-04T00:35:46Z step 160/938 loss=0.1122 grad_norm=1.312 learning_rate=9.497e-05 epoch=0.1707
2026-10-04T00:36:09Z step 170/938 loss=0.09743 grad_norm=1.173 learning_rate=9.419e-05 epoch=0.1813
2026-10-04T00:36:33Z step 180/938 loss=0.07217 grad_norm=0.9098 learning_rate=9.336e-05 epoch=0.192
2026-10-04T00:36:56Z step 190/938 loss=0.06934 grad_norm=0.103 learning_rate=9.247e-05 epoch=0.2027
2026-10-04T00:37:20Z step 200/938 loss=0.12 grad_norm=0.9638 learning_rate=9.154e-05 epoch=0.2133
2026-10-04T00:37:43Z step 210/938 loss=0.05858 grad_norm=0.4804 learning_rate=9.055e-05 epoch=0.224
2026-10-04T00:38:06Z step 220/938 loss=0.01369 grad_norm=0.4347 learning_rate=8.952e-05 epoch=0.2347
2026-10-04T00:38:29Z step 230/938 loss=0.0631 grad_norm=0.03239 learning_rate=8.844e-05 epoch=0.2453
2026-10-04T00:38:53Z step 240/938 loss=0.09398 grad_norm=0.626 learning_rate=8.731e-05 epoch=0.256
2026-10-04T00:39:15Z step 250/938 loss=0.05234 grad_norm=0.8218 learning_rate=8.614e-05 epoch=0.2667
2026-10-04T00:39:38Z step 260/938 loss=0.0684 grad_norm=0.1841 learning_rate=8.493e-05 epoch=0.2773
2026-10-04T00:40:02Z step 270/938 loss=0.07091 grad_norm=0.1607 learning_rate=8.367e-05 epoch=0.288
2026-10-04T00:40:25Z step 280/938 loss=0.02324 grad_norm=0.08774 learning_rate=8.237e-05 epoch=0.2987
2026-10-04T00:40:48Z step 290/938 loss=0.03472 grad_norm=1.121 learning_rate=8.104e-05 epoch=0.3093
2026-10-04T00:41:11Z step 300/938 loss=0.059 grad_norm=1.219 learning_rate=7.967e-05 epoch=0.32
2026-10-04T00:41:35Z step 310/938 loss=0.02453 grad_norm=0.3042 learning_rate=7.826e-05 epoch=0.3307
2026-10-04T00:41:58Z step 320/938 loss=0.0288 grad_norm=0.9641 learning_rate=7.682e-05 epoch=0.3413
2026-10-04T00:42:20Z step 330/938 loss=0.02934 grad_norm=0.175 learning_rate=7.535e-05 epoch=0.352
2026-10-04T00:42:44Z step 340/938 loss=0.05647 grad_norm=0.1552 learning_rate=7.385e-05 epoch=0.3627
2026-10-04T00:43:08Z step 350/938 loss=0.02501 grad_norm=0.09825 learning_rate=7.231e-05 epoch=0.3733
2026-10-04T00:43:31Z step 360/938 loss=0.0789 grad_norm=0.01562 learning_rate=7.076e-05 epoch=0.384
2026-10-04T00:43:54Z step 370/938 loss=0.03397 grad_norm=1.061 learning_rate=6.917e-05 epoch=0.3947
2026-10-04T00:44:18Z step 380/938 loss=0.003383 grad_norm=9.754 learning_rate=6.757e-05 epoch=0.4053
2026-10-04T00:44:41Z step 390/938 loss=0.04651 grad_norm=0.8364 learning_rate=6.594e-05 epoch=0.416
2026-10-04T00:45:05Z step 400/938 loss=0.03631 grad_norm=1.042 learning_rate=6.43e-05 epoch=0.4267
2026-10-04T00:45:28Z step 410/938 loss=0.01391 grad_norm=0.5797 learning_rate=6.264e-05 epoch=0.4373
2026-10-04T00:45:51Z step 420/938 loss=0.02595 grad_norm=0.4896 learning_rate=6.096e-05 epoch=0.448
2026-10-04T00:46:14Z step 430/938 loss=0.0259 grad_norm=1.064 learning_rate=5.927e-05 epoch=0.4587
2026-10-04T00:46:38Z step 440/938 loss=0.01387 grad_norm=0.1496 learning_rate=5.757e-05 epoch=0.4693
2026-10-04T00:47:00Z step 450/938 loss=0.03752 grad_norm=0.008728 learning_rate=5.586e-05 epoch=0.48
2026-10-04T00:47:23Z step 460/938 loss=0.02344 grad_norm=0.001288 learning_rate=5.414e-05 epoch=0.4907
2026-10-04T00:47:47Z step 470/938 loss=0.009385 grad_norm=0.08617 learning_rate=5.242e-05 epoch=0.5013
2026-10-04T00:48:09Z step 480/938 loss=0.01162 grad_norm=0.7204 learning_rate=5.069e-05 epoch=0.512
2026-10-04T00:48:33Z step 490/938 loss=0.02174 grad_norm=0.8521 learning_rate=4.896e-05 epoch=0.5227
2026-10-04T00:48:56Z step 500/938 loss=0.002036 grad_norm=0.01906 learning_rate=4.724e-05 epoch=0.5333
2026-10-04T00:49:19Z step 510/938 loss=0.003899 grad_norm=0.01606 learning_rate=4.552e-05 epoch=0.544
2026-10-04T00:49:48Z step 520/938 loss=0.01269 grad_norm=1.467 learning_rate=4.38e-05 epoch=0.5547
2026-10-04T00:50:12Z step 530/938 loss=0.008688 grad_norm=0.3599 learning_rate=4.209e-05 epoch=0.5653
2026-10-04T00:50:35Z step 540/938 loss=0.01621 grad_norm=0.5332 learning_rate=4.039e-05 epoch=0.576
2026-10-04T00:50:58Z step 550/938 loss=0.01034 grad_norm=0.0006451 learning_rate=3.871e-05 epoch=0.5867
2026-10-04T00:51:21Z step 560/938 loss=0.02628 grad_norm=0.000227 learning_rate=3.703e-05 epoch=0.5973
2026-10-04T00:51:44Z step 570/938 loss=0.003635 grad_norm=0.02578 learning_rate=3.537e-05 epoch=0.608
2026-10-04T00:52:07Z step 580/938 loss=0.00239 grad_norm=0.05653 learning_rate=3.373e-05 epoch=0.6187
2026-10-04T00:52:30Z step 590/938 loss=0.01465 grad_norm=1.517 learning_rate=3.211e-05 epoch=0.6293
2026-10-04T00:52:53Z step 600/938 loss=0.006164 grad_norm=0.9589 learning_rate=3.051e-05 epoch=0.64
2026-10-04T00:53:15Z step 610/938 loss=0.0009525 grad_norm=0.001223 learning_rate=2.893e-05 epoch=0.6507
2026-10-04T00:53:38Z step 620/938 loss=0.01411 grad_norm=1.352 learning_rate=2.738e-05 epoch=0.6613
2026-10-04T00:54:01Z step 630/938 loss=0.01465 grad_norm=0.5883 learning_rate=2.585e-05 epoch=0.672
2026-10-04T00:54:25Z step 640/938 loss=0.01133 grad_norm=0.05334 learning_rate=2.436e-05 epoch=0.6827
2026-10-04T00:54:48Z step 650/938 loss=0.009879 grad_norm=1.291 learning_rate=2.289e-05 epoch=0.6933
2026-10-04T00:55:11Z step 660/938 loss=0.00483 grad_norm=0.0001561 learning_rate=2.145e-05 epoch=0.704
2026-10-04T00:55:34Z step 670/938 loss=0.03319 grad_norm=0.3262 learning_rate=2.005e-05 epoch=0.7147
2026-10-04T00:55:56Z step 680/938 loss=0.0006738 grad_norm=5.602e-05 learning_rate=1.869e-05 epoch=0.7253
2026-10-04T00:56:20Z step 690/938 loss=0.0006591 grad_norm=0.0002432 learning_rate=1.736e-05 epoch=0.736
2026-10-04T00:56:44Z step 700/938 loss=0.006967 grad_norm=0.0007028 learning_rate=1.608e-05 epoch=0.7467
2026-10-04T00:57:07Z step 710/938 loss=0.001188 grad_norm=0.023 learning_rate=1.483e-05 epoch=0.7573
2026-10-04T00:57:30Z step 720/938 loss=0.0007871 grad_norm=0.0006357 learning_rate=1.362e-05 epoch=0.768
2026-10-04T00:57:54Z step 730/938 loss=0.01488 grad_norm=0.07517 learning_rate=1.246e-05 epoch=0.7787
2026-10-04T00:58:17Z step 740/938 loss=0.001398 grad_norm=0.08226 learning_rate=1.134e-05 epoch=0.7893
2026-10-04T00:58:40Z step 750/938 loss=0.0001312 grad_norm=0.0005941 learning_rate=1.027e-05 epoch=0.8
2026-10-04T00:59:03Z step 760/938 loss=4.59e-05 grad_norm=0.0004315 learning_rate=9.247e-06 epoch=0.8107
2026-10-04T00:59:25Z step 770/938 loss=0.0005942 grad_norm=0.01448 learning_rate=8.271e-06 epoch=0.8213
2026-10-04T00:59:48Z step 780/938 loss=0.01075 grad_norm=1.626 learning_rate=7.345e-06 epoch=0.832
2026-10-04T01:00:11Z step 790/938 loss=0.004535 grad_norm=1.506 learning_rate=6.47e-06 epoch=0.8427
2026-10-04T01:00:35Z step 800/938 loss=0.005819 grad_norm=0.00522 learning_rate=5.647e-06 epoch=0.8533
2026-10-04T01:00:58Z step 810/938 loss=0.00122 grad_norm=0.002744 learning_rate=4.877e-06 epoch=0.864
2026-10-04T01:01:21Z step 820/938 loss=0.0009661 grad_norm=0.0003569 learning_rate=4.16e-06 epoch=0.8747
2026-10-04T01:01:45Z step 830/938 loss=0.0005537 grad_norm=0.08794 learning_rate=3.498e-06 epoch=0.8853
2026-10-04T01:02:08Z step 840/938 loss=0.0002974 grad_norm=0.01759 learning_rate=2.892e-06 epoch=0.896
2026-10-04T01:02:31Z step 850/938 loss=0.0004855 grad_norm=0.07493 learning_rate=2.342e-06 epoch=0.9067
2026-10-04T01:02:55Z step 860/938 loss=0.0006867 grad_norm=0.01306 learning_rate=1.848e-06 epoch=0.9173
2026-10-04T01:03:18Z step 870/938 loss=0.0005313 grad_norm=0.002756 learning_rate=1.412e-06 epoch=0.928
2026-10-04T01:03:41Z step 880/938 loss=0.006407 grad_norm=0.179 learning_rate=1.034e-06 epoch=0.9387
2026-10-04T01:04:05Z step 890/938 loss=0.0009536 grad_norm=0.03585 learning_rate=7.137e-07 epoch=0.9493
2026-10-04T01:04:27Z step 900/938 loss=0.0006938 grad_norm=0.0001276 learning_rate=4.525e-07 epoch=0.96
2026-10-04T01:04:51Z step 910/938 loss=0.0003504 grad_norm=0.0006979 learning_rate=2.504e-07 epoch=0.9707
2026-10-04T01:05:14Z step 920/938 loss=0.0001344 grad_norm=0.002201 learning_rate=1.075e-07 epoch=0.9813
2026-10-04T01:05:37Z step 930/938 loss=0.00294 grad_norm=1.438 learning_rate=2.413e-08 epoch=0.992
2026-10-04T01:05:55Z step 938/938 train_runtime=2178 train_samples_per_second=27.55 train_steps_per_second=0.431 total_flos=1.093e+18 train_loss=0.05253 epoch=1
2026-10-04T01:06:00Z trained 938 steps in 36.3 min, 5950.5 tok/s, peak 32.45 GB
2026-10-04T01:06:01Z u path: fp32-hidden (max |u_fp32 - u_bf16logits| = 0.0005)
2026-10-04T01:06:02Z padding self-check: max |u_batch - u_single| = 0.0885 (tol 0.901) -> left padding
2026-10-04T01:06:41Z B-LOKO-boundary-verdict-s1 rule_v1/dev: TA 90.0 Rev 99.3 Hold 90.3 n=300 (40.7 s)
2026-10-04T01:11:06Z B-LOKO-boundary-verdict-s1 rule_v1/test_L2: TA 77.5 Rev 91.8 Hold 83.2 n=2000 (264.8 s)
2026-10-04T01:12:08Z B-LOKO-boundary-verdict-s1 xr_v1/test: TA nan Rev nan Hold nan n=None (61.5 s)
2026-10-04T01:12:09Z DONE B-LOKO-boundary-verdict-s1 in 42.9 min, GPU util mean 95.5
