2026-10-03T21:06:10Z step 10/938 loss=1.763 grad_norm=3.752 learning_rate=3.214e-05 epoch=0.01067
2026-10-03T21:06:37Z step 20/938 loss=0.2602 grad_norm=1.434 learning_rate=6.786e-05 epoch=0.02133
2026-10-03T21:07:04Z step 30/938 loss=0.02539 grad_norm=0.03877 learning_rate=0.0001 epoch=0.032
2026-10-03T21:07:31Z step 40/938 loss=0.02056 grad_norm=0.9918 learning_rate=9.996e-05 epoch=0.04267
2026-10-03T21:07:59Z step 50/938 loss=0.01828 grad_norm=0.04136 learning_rate=9.987e-05 epoch=0.05333
2026-10-03T21:08:26Z step 60/938 loss=0.004288 grad_norm=0.04474 learning_rate=9.971e-05 epoch=0.064
2026-10-03T21:08:52Z step 70/938 loss=0.01137 grad_norm=0.7922 learning_rate=9.95e-05 epoch=0.07467
2026-10-03T21:09:20Z step 80/938 loss=0.008971 grad_norm=0.4012 learning_rate=9.923e-05 epoch=0.08533
2026-10-03T21:09:48Z step 90/938 loss=0.007873 grad_norm=0.1107 learning_rate=9.89e-05 epoch=0.096
2026-10-03T21:10:15Z step 100/938 loss=0.006538 grad_norm=0.03409 learning_rate=9.851e-05 epoch=0.1067
2026-10-03T21:10:42Z step 110/938 loss=0.002661 grad_norm=0.09583 learning_rate=9.806e-05 epoch=0.1173
2026-10-03T21:11:10Z step 120/938 loss=0.002999 grad_norm=0.02686 learning_rate=9.755e-05 epoch=0.128
2026-10-03T21:11:38Z step 130/938 loss=0.001059 grad_norm=0.2043 learning_rate=9.699e-05 epoch=0.1387
2026-10-03T21:12:47Z step 140/938 loss=0.005223 grad_norm=0.4313 learning_rate=9.637e-05 epoch=0.1493
2026-10-03T21:13:15Z step 150/938 loss=0.0002441 grad_norm=0.002842 learning_rate=9.57e-05 epoch=0.16
2026-10-03T21:13:43Z step 160/938 loss=0.0008478 grad_norm=0.001444 learning_rate=9.497e-05 epoch=0.1707
2026-10-03T21:14:11Z step 170/938 loss=0.0001751 grad_norm=0.000511 learning_rate=9.419e-05 epoch=0.1813
2026-10-03T21:14:39Z step 180/938 loss=7.998e-05 grad_norm=0.0004825 learning_rate=9.336e-05 epoch=0.192
2026-10-03T21:15:06Z step 190/938 loss=8.741e-05 grad_norm=0.0003242 learning_rate=9.247e-05 epoch=0.2027
2026-10-03T21:15:34Z step 200/938 loss=0.0007952 grad_norm=0.002123 learning_rate=9.154e-05 epoch=0.2133
2026-10-03T21:16:01Z step 210/938 loss=0.004912 grad_norm=0.1216 learning_rate=9.055e-05 epoch=0.224
2026-10-03T21:16:28Z step 220/938 loss=0.003128 grad_norm=0.04023 learning_rate=8.952e-05 epoch=0.2347
2026-10-03T21:16:56Z step 230/938 loss=0.0006645 grad_norm=0.006218 learning_rate=8.844e-05 epoch=0.2453
2026-10-03T21:17:23Z step 240/938 loss=0.0004665 grad_norm=0.002231 learning_rate=8.731e-05 epoch=0.256
2026-10-03T21:17:50Z step 250/938 loss=0.0002528 grad_norm=0.007323 learning_rate=8.614e-05 epoch=0.2667
2026-10-03T21:18:17Z step 260/938 loss=0.0004727 grad_norm=0.000566 learning_rate=8.493e-05 epoch=0.2773
2026-10-03T21:18:44Z step 270/938 loss=5.273e-05 grad_norm=0.0002113 learning_rate=8.367e-05 epoch=0.288
2026-10-03T21:19:11Z step 280/938 loss=0.0003537 grad_norm=0.0004929 learning_rate=8.237e-05 epoch=0.2987
2026-10-03T21:19:39Z step 290/938 loss=0.0009358 grad_norm=0.00138 learning_rate=8.104e-05 epoch=0.3093
2026-10-03T21:20:06Z step 300/938 loss=2.16e-05 grad_norm=0.001019 learning_rate=7.967e-05 epoch=0.32
2026-10-03T21:20:34Z step 310/938 loss=7.317e-05 grad_norm=0.003799 learning_rate=7.826e-05 epoch=0.3307
2026-10-03T21:21:01Z step 320/938 loss=0.0001812 grad_norm=0.000263 learning_rate=7.682e-05 epoch=0.3413
2026-10-03T21:21:27Z step 330/938 loss=0.001403 grad_norm=0.001453 learning_rate=7.535e-05 epoch=0.352
2026-10-03T21:21:55Z step 340/938 loss=0.0002055 grad_norm=0.001277 learning_rate=7.385e-05 epoch=0.3627
2026-10-03T21:22:22Z step 350/938 loss=0.0002135 grad_norm=0.001844 learning_rate=7.231e-05 epoch=0.3733
2026-10-03T21:22:50Z step 360/938 loss=3.034e-05 grad_norm=0.0009757 learning_rate=7.076e-05 epoch=0.384
2026-10-03T21:23:17Z step 370/938 loss=0.002369 grad_norm=0.01858 learning_rate=6.917e-05 epoch=0.3947
2026-10-03T21:23:44Z step 380/938 loss=0.001652 grad_norm=0.2319 learning_rate=6.757e-05 epoch=0.4053
2026-10-03T21:24:12Z step 390/938 loss=0.00257 grad_norm=0.002223 learning_rate=6.594e-05 epoch=0.416
2026-10-03T21:24:40Z step 400/938 loss=0.001558 grad_norm=0.1799 learning_rate=6.43e-05 epoch=0.4267
2026-10-03T21:25:07Z step 410/938 loss=0.0001353 grad_norm=0.001163 learning_rate=6.264e-05 epoch=0.4373
2026-10-03T21:25:35Z step 420/938 loss=9.801e-05 grad_norm=0.001118 learning_rate=6.096e-05 epoch=0.448
2026-10-03T21:26:08Z step 430/938 loss=3.552e-05 grad_norm=0.0003905 learning_rate=5.927e-05 epoch=0.4587
2026-10-03T21:26:36Z step 440/938 loss=3.485e-05 grad_norm=0.001358 learning_rate=5.757e-05 epoch=0.4693
2026-10-03T21:27:02Z step 450/938 loss=1.76e-05 grad_norm=0.0002323 learning_rate=5.586e-05 epoch=0.48
2026-10-03T21:27:30Z step 460/938 loss=0.0002467 grad_norm=0.0001873 learning_rate=5.414e-05 epoch=0.4907
2026-10-03T21:27:57Z step 470/938 loss=4.84e-05 grad_norm=0.0002741 learning_rate=5.242e-05 epoch=0.5013
2026-10-03T21:28:25Z step 480/938 loss=0.001142 grad_norm=0.6159 learning_rate=5.069e-05 epoch=0.512
2026-10-03T21:28:52Z step 490/938 loss=3.463e-05 grad_norm=0.0001577 learning_rate=4.896e-05 epoch=0.5227
2026-10-03T21:29:21Z step 500/938 loss=3.107e-05 grad_norm=0.0008493 learning_rate=4.724e-05 epoch=0.5333
2026-10-03T21:29:47Z step 510/938 loss=2.2e-05 grad_norm=0.004492 learning_rate=4.552e-05 epoch=0.544
2026-10-03T21:30:15Z step 520/938 loss=0.0002478 grad_norm=0.001687 learning_rate=4.38e-05 epoch=0.5547
2026-10-03T21:30:42Z step 530/938 loss=0.0001199 grad_norm=0.2121 learning_rate=4.209e-05 epoch=0.5653
2026-10-03T21:31:10Z step 540/938 loss=2.677e-05 grad_norm=0.0002429 learning_rate=4.039e-05 epoch=0.576
2026-10-03T21:31:37Z step 550/938 loss=0.0005941 grad_norm=0.002417 learning_rate=3.871e-05 epoch=0.5867
2026-10-03T21:32:04Z step 560/938 loss=7.117e-05 grad_norm=0.0005742 learning_rate=3.703e-05 epoch=0.5973
2026-10-03T21:32:31Z step 570/938 loss=0.001089 grad_norm=0.0005452 learning_rate=3.537e-05 epoch=0.608
2026-10-03T21:32:58Z step 580/938 loss=7.223e-05 grad_norm=0.002811 learning_rate=3.373e-05 epoch=0.6187
2026-10-03T21:33:26Z step 590/938 loss=8.777e-05 grad_norm=0.001346 learning_rate=3.211e-05 epoch=0.6293
2026-10-03T21:33:54Z step 600/938 loss=7.049e-05 grad_norm=0.0004983 learning_rate=3.051e-05 epoch=0.64
2026-10-03T21:34:22Z step 610/938 loss=0.0003269 grad_norm=0.0003835 learning_rate=2.893e-05 epoch=0.6507
2026-10-03T21:34:49Z step 620/938 loss=0.005641 grad_norm=0.000419 learning_rate=2.738e-05 epoch=0.6613
2026-10-03T21:35:17Z step 630/938 loss=0.0001822 grad_norm=0.01958 learning_rate=2.585e-05 epoch=0.672
2026-10-03T21:35:44Z step 640/938 loss=0.0002055 grad_norm=0.004856 learning_rate=2.436e-05 epoch=0.6827
2026-10-03T21:36:12Z step 650/938 loss=0.0001864 grad_norm=0.001604 learning_rate=2.289e-05 epoch=0.6933
2026-10-03T21:36:39Z step 660/938 loss=0.0001007 grad_norm=0.001217 learning_rate=2.145e-05 epoch=0.704
2026-10-03T21:37:06Z step 670/938 loss=4.427e-05 grad_norm=0.000283 learning_rate=2.005e-05 epoch=0.7147
2026-10-03T21:37:33Z step 680/938 loss=3.779e-05 grad_norm=0.0007834 learning_rate=1.869e-05 epoch=0.7253
2026-10-03T21:38:00Z step 690/938 loss=0.0002792 grad_norm=0.002336 learning_rate=1.736e-05 epoch=0.736
2026-10-03T21:38:28Z step 700/938 loss=4.152e-05 grad_norm=0.0005797 learning_rate=1.608e-05 epoch=0.7467
2026-10-03T21:38:56Z step 710/938 loss=5.316e-05 grad_norm=0.0004504 learning_rate=1.483e-05 epoch=0.7573
2026-10-03T21:39:23Z step 720/938 loss=4.118e-05 grad_norm=0.0008165 learning_rate=1.362e-05 epoch=0.768
2026-10-03T21:39:51Z step 730/938 loss=2.565e-05 grad_norm=0.001434 learning_rate=1.246e-05 epoch=0.7787
2026-10-03T21:40:18Z step 740/938 loss=3.876e-05 grad_norm=0.001484 learning_rate=1.134e-05 epoch=0.7893
2026-10-03T21:40:45Z step 750/938 loss=2.876e-05 grad_norm=0.0004218 learning_rate=1.027e-05 epoch=0.8
2026-10-03T21:41:12Z step 760/938 loss=2.206e-05 grad_norm=0.0002274 learning_rate=9.247e-06 epoch=0.8107
2026-10-03T21:41:39Z step 770/938 loss=7.207e-05 grad_norm=0.0005565 learning_rate=8.271e-06 epoch=0.8213
2026-10-03T21:42:07Z step 780/938 loss=3.734e-05 grad_norm=0.001395 learning_rate=7.345e-06 epoch=0.832
2026-10-03T21:42:34Z step 790/938 loss=2.584e-05 grad_norm=0.00122 learning_rate=6.47e-06 epoch=0.8427
2026-10-03T21:43:01Z step 800/938 loss=1.681e-05 grad_norm=0.0002542 learning_rate=5.647e-06 epoch=0.8533
2026-10-03T21:43:28Z step 810/938 loss=2.369e-05 grad_norm=0.0008905 learning_rate=4.877e-06 epoch=0.864
2026-10-03T21:43:55Z step 820/938 loss=3.218e-05 grad_norm=0.0003601 learning_rate=4.16e-06 epoch=0.8747
2026-10-03T21:44:22Z step 830/938 loss=2.928e-05 grad_norm=0.0002307 learning_rate=3.498e-06 epoch=0.8853
2026-10-03T21:44:49Z step 840/938 loss=2.176e-05 grad_norm=0.0003089 learning_rate=2.892e-06 epoch=0.896
2026-10-03T21:45:17Z step 850/938 loss=2.126e-05 grad_norm=0.0001729 learning_rate=2.342e-06 epoch=0.9067
2026-10-03T21:45:50Z step 860/938 loss=2.482e-05 grad_norm=0.0001655 learning_rate=1.848e-06 epoch=0.9173
2026-10-03T21:46:18Z step 870/938 loss=2.292e-05 grad_norm=0.0003057 learning_rate=1.412e-06 epoch=0.928
2026-10-03T21:46:46Z step 880/938 loss=2.886e-05 grad_norm=0.001326 learning_rate=1.034e-06 epoch=0.9387
2026-10-03T21:47:14Z step 890/938 loss=3.177e-05 grad_norm=0.002794 learning_rate=7.137e-07 epoch=0.9493
2026-10-03T21:47:42Z step 900/938 loss=2.595e-05 grad_norm=0.00383 learning_rate=4.525e-07 epoch=0.96
2026-10-03T21:48:08Z step 910/938 loss=2.615e-05 grad_norm=0.003949 learning_rate=2.504e-07 epoch=0.9707
2026-10-03T21:48:35Z step 920/938 loss=3.664e-05 grad_norm=0.0005521 learning_rate=1.075e-07 epoch=0.9813
2026-10-03T21:49:03Z step 930/938 loss=7.988e-05 grad_norm=0.0005973 learning_rate=2.413e-08 epoch=0.992
2026-10-03T21:49:24Z step 938/938 train_runtime=2623 train_samples_per_second=22.88 train_steps_per_second=0.358 total_flos=1.323e+18 train_loss=0.02317 epoch=1
2026-10-03T21:49:29Z trained 938 steps in 43.8 min, 5285.2 tok/s, peak 34.5 GB
2026-10-03T21:49:30Z u path: fp32-hidden (max |u_fp32 - u_bf16logits| = 0.0345)
2026-10-03T21:49:30Z padding self-check: max |u_batch - u_single| = 0.0698 (tol 0.618) -> left padding
2026-10-03T21:50:29Z B-FOLD3-ledger2-triplets-s2 rule_v1_fold3/dev: TA 99.0 Rev 99.0 Hold 100.0 n=300 (60.1 s)
2026-10-03T21:52:45Z generate: batch 25/32, 219129 tokens, 1638 tok/s
2026-10-03T21:56:14Z B-FOLD3-ledger2-triplets-s2 rule_v1_fold3/test_L2: TA 98.5 Rev 98.5 Hold 100.0 n=2000 (344.2 s)
2026-10-03T21:56:14Z DONE B-FOLD3-ledger2-triplets-s2 in 51.0 min, GPU util mean 95.6
