2026-10-03T06:23:20Z step 10/938 loss=0.1863 grad_norm=2.822 learning_rate=3.214e-05 epoch=0.01067
2026-10-03T06:23:43Z step 20/938 loss=0.08469 grad_norm=1.447 learning_rate=6.786e-05 epoch=0.02133
2026-10-03T06:24:06Z step 30/938 loss=0.07617 grad_norm=1.352 learning_rate=0.0001 epoch=0.032
2026-10-03T06:24:29Z step 40/938 loss=0.03975 grad_norm=0.4814 learning_rate=9.996e-05 epoch=0.04267
2026-10-03T06:24:52Z step 50/938 loss=0.03357 grad_norm=0.5031 learning_rate=9.987e-05 epoch=0.05333
2026-10-03T06:25:14Z step 60/938 loss=0.04075 grad_norm=1.398 learning_rate=9.971e-05 epoch=0.064
2026-10-03T06:25:37Z step 70/938 loss=0.01997 grad_norm=0.4332 learning_rate=9.95e-05 epoch=0.07467
2026-10-03T06:26:00Z step 80/938 loss=0.01229 grad_norm=0.08497 learning_rate=9.923e-05 epoch=0.08533
2026-10-03T06:26:23Z step 90/938 loss=0.009198 grad_norm=0.00616 learning_rate=9.89e-05 epoch=0.096
2026-10-03T06:26:45Z step 100/938 loss=0.02087 grad_norm=1.72 learning_rate=9.851e-05 epoch=0.1067
2026-10-03T06:27:09Z step 110/938 loss=0.03137 grad_norm=1.944 learning_rate=9.806e-05 epoch=0.1173
2026-10-03T06:27:31Z step 120/938 loss=0.005508 grad_norm=0.02361 learning_rate=9.755e-05 epoch=0.128
2026-10-03T06:27:54Z step 130/938 loss=0.01555 grad_norm=0.4318 learning_rate=9.699e-05 epoch=0.1387
2026-10-03T06:28:16Z step 140/938 loss=0.02515 grad_norm=0.284 learning_rate=9.637e-05 epoch=0.1493
2026-10-03T06:28:39Z step 150/938 loss=0.01489 grad_norm=0.2099 learning_rate=9.57e-05 epoch=0.16
2026-10-03T06:29:01Z step 160/938 loss=0.02564 grad_norm=0.09157 learning_rate=9.497e-05 epoch=0.1707
2026-10-03T06:29:24Z step 170/938 loss=0.01479 grad_norm=0.04434 learning_rate=9.419e-05 epoch=0.1813
2026-10-03T06:29:47Z step 180/938 loss=0.01268 grad_norm=0.4469 learning_rate=9.336e-05 epoch=0.192
2026-10-03T06:30:10Z step 190/938 loss=0.01732 grad_norm=0.5419 learning_rate=9.247e-05 epoch=0.2027
2026-10-03T06:30:33Z step 200/938 loss=0.007731 grad_norm=0.097 learning_rate=9.154e-05 epoch=0.2133
2026-10-03T06:30:55Z step 210/938 loss=0.009158 grad_norm=0.000132 learning_rate=9.055e-05 epoch=0.224
2026-10-03T06:31:18Z step 220/938 loss=0.02349 grad_norm=0.2627 learning_rate=8.952e-05 epoch=0.2347
2026-10-03T06:31:41Z step 230/938 loss=0.01646 grad_norm=0.1111 learning_rate=8.844e-05 epoch=0.2453
2026-10-03T06:32:04Z step 240/938 loss=0.01086 grad_norm=0.102 learning_rate=8.731e-05 epoch=0.256
2026-10-03T06:32:27Z step 250/938 loss=0.00845 grad_norm=0.02615 learning_rate=8.614e-05 epoch=0.2667
2026-10-03T06:32:50Z step 260/938 loss=0.007799 grad_norm=0.03695 learning_rate=8.493e-05 epoch=0.2773
2026-10-03T06:33:12Z step 270/938 loss=0.01141 grad_norm=0.01217 learning_rate=8.367e-05 epoch=0.288
2026-10-03T06:33:36Z step 280/938 loss=0.005589 grad_norm=0.08781 learning_rate=8.237e-05 epoch=0.2987
2026-10-03T06:33:59Z step 290/938 loss=0.006162 grad_norm=0.1822 learning_rate=8.104e-05 epoch=0.3093
2026-10-03T06:34:21Z step 300/938 loss=0.007065 grad_norm=0.004362 learning_rate=7.967e-05 epoch=0.32
2026-10-03T06:34:44Z step 310/938 loss=0.006842 grad_norm=0.5417 learning_rate=7.826e-05 epoch=0.3307
2026-10-03T06:35:06Z step 320/938 loss=0.008386 grad_norm=0.1451 learning_rate=7.682e-05 epoch=0.3413
2026-10-03T06:35:29Z step 330/938 loss=0.005898 grad_norm=0.04069 learning_rate=7.535e-05 epoch=0.352
2026-10-03T06:35:52Z step 340/938 loss=0.006605 grad_norm=0.1627 learning_rate=7.385e-05 epoch=0.3627
2026-10-03T06:36:15Z step 350/938 loss=0.008085 grad_norm=0.1054 learning_rate=7.231e-05 epoch=0.3733
2026-10-03T06:36:38Z step 360/938 loss=0.001742 grad_norm=0.001078 learning_rate=7.076e-05 epoch=0.384
2026-10-03T06:37:01Z step 370/938 loss=0.001465 grad_norm=0.2259 learning_rate=6.917e-05 epoch=0.3947
2026-10-03T06:37:23Z step 380/938 loss=0.002726 grad_norm=0.02566 learning_rate=6.757e-05 epoch=0.4053
2026-10-03T06:37:46Z step 390/938 loss=0.0009845 grad_norm=0.006807 learning_rate=6.594e-05 epoch=0.416
2026-10-03T06:38:08Z step 400/938 loss=0.00423 grad_norm=0.396 learning_rate=6.43e-05 epoch=0.4267
2026-10-03T06:38:31Z step 410/938 loss=0.004793 grad_norm=0.00186 learning_rate=6.264e-05 epoch=0.4373
2026-10-03T06:38:54Z step 420/938 loss=0.006362 grad_norm=0.07245 learning_rate=6.096e-05 epoch=0.448
2026-10-03T06:39:17Z step 430/938 loss=0.009619 grad_norm=0.06096 learning_rate=5.927e-05 epoch=0.4587
2026-10-03T06:39:40Z step 440/938 loss=0.006437 grad_norm=0.2832 learning_rate=5.757e-05 epoch=0.4693
2026-10-03T06:40:03Z step 450/938 loss=0.01042 grad_norm=0.8747 learning_rate=5.586e-05 epoch=0.48
2026-10-03T06:40:31Z step 460/938 loss=0.004502 grad_norm=0.06225 learning_rate=5.414e-05 epoch=0.4907
2026-10-03T06:40:53Z step 470/938 loss=0.00311 grad_norm=0.1103 learning_rate=5.242e-05 epoch=0.5013
2026-10-03T06:41:17Z step 480/938 loss=0.005815 grad_norm=0.1275 learning_rate=5.069e-05 epoch=0.512
2026-10-03T06:41:40Z step 490/938 loss=0.0003623 grad_norm=0.0007604 learning_rate=4.896e-05 epoch=0.5227
2026-10-03T06:42:03Z step 500/938 loss=0.003408 grad_norm=0.02045 learning_rate=4.724e-05 epoch=0.5333
2026-10-03T06:42:26Z step 510/938 loss=0.0006282 grad_norm=0.0004614 learning_rate=4.552e-05 epoch=0.544
2026-10-03T06:42:49Z step 520/938 loss=0.002718 grad_norm=0.07714 learning_rate=4.38e-05 epoch=0.5547
2026-10-03T06:43:12Z step 530/938 loss=0.0004058 grad_norm=0.001119 learning_rate=4.209e-05 epoch=0.5653
2026-10-03T06:43:34Z step 540/938 loss=0.002545 grad_norm=0.00664 learning_rate=4.039e-05 epoch=0.576
2026-10-03T06:43:57Z step 550/938 loss=0.0009794 grad_norm=0.000544 learning_rate=3.871e-05 epoch=0.5867
2026-10-03T06:44:20Z step 560/938 loss=0.005799 grad_norm=0.002484 learning_rate=3.703e-05 epoch=0.5973
2026-10-03T06:44:42Z step 570/938 loss=0.001133 grad_norm=0.0134 learning_rate=3.537e-05 epoch=0.608
2026-10-03T06:45:05Z step 580/938 loss=0.003476 grad_norm=0.2664 learning_rate=3.373e-05 epoch=0.6187
2026-10-03T06:45:29Z step 590/938 loss=0.002172 grad_norm=0.1828 learning_rate=3.211e-05 epoch=0.6293
2026-10-03T06:45:51Z step 600/938 loss=0.002162 grad_norm=0.01011 learning_rate=3.051e-05 epoch=0.64
2026-10-03T06:46:13Z step 610/938 loss=0.0007883 grad_norm=0.01624 learning_rate=2.893e-05 epoch=0.6507
2026-10-03T06:46:36Z step 620/938 loss=0.001244 grad_norm=0.02029 learning_rate=2.738e-05 epoch=0.6613
2026-10-03T06:46:58Z step 630/938 loss=0.0002048 grad_norm=0.002594 learning_rate=2.585e-05 epoch=0.672
2026-10-03T06:47:21Z step 640/938 loss=2.851e-05 grad_norm=0.003232 learning_rate=2.436e-05 epoch=0.6827
2026-10-03T06:47:44Z step 650/938 loss=0.0001235 grad_norm=0.002935 learning_rate=2.289e-05 epoch=0.6933
2026-10-03T06:48:07Z step 660/938 loss=0.001205 grad_norm=2.057e-05 learning_rate=2.145e-05 epoch=0.704
2026-10-03T06:48:29Z step 670/938 loss=0.004355 grad_norm=0.5773 learning_rate=2.005e-05 epoch=0.7147
2026-10-03T06:48:52Z step 680/938 loss=0.0006418 grad_norm=2.714e-05 learning_rate=1.869e-05 epoch=0.7253
2026-10-03T06:49:15Z step 690/938 loss=0.0006494 grad_norm=2.248e-05 learning_rate=1.736e-05 epoch=0.736
2026-10-03T06:49:38Z step 700/938 loss=0.0002927 grad_norm=0.001685 learning_rate=1.608e-05 epoch=0.7467
2026-10-03T06:50:01Z step 710/938 loss=0.007653 grad_norm=0.001265 learning_rate=1.483e-05 epoch=0.7573
2026-10-03T06:50:24Z step 720/938 loss=0.001505 grad_norm=0.003553 learning_rate=1.362e-05 epoch=0.768
2026-10-03T06:50:47Z step 730/938 loss=0.002281 grad_norm=0.02039 learning_rate=1.246e-05 epoch=0.7787
2026-10-03T06:51:11Z step 740/938 loss=0.002049 grad_norm=0.0003302 learning_rate=1.134e-05 epoch=0.7893
2026-10-03T06:51:34Z step 750/938 loss=0.001874 grad_norm=0.246 learning_rate=1.027e-05 epoch=0.8
2026-10-03T06:51:57Z step 760/938 loss=0.0008849 grad_norm=0.001962 learning_rate=9.247e-06 epoch=0.8107
2026-10-03T06:52:19Z step 770/938 loss=0.0003457 grad_norm=0.04342 learning_rate=8.271e-06 epoch=0.8213
2026-10-03T06:52:42Z step 780/938 loss=0.0002129 grad_norm=0.02 learning_rate=7.345e-06 epoch=0.832
2026-10-03T06:53:05Z step 790/938 loss=0.0002533 grad_norm=0.003834 learning_rate=6.47e-06 epoch=0.8427
2026-10-03T06:53:28Z step 800/938 loss=0.0003579 grad_norm=0.06156 learning_rate=5.647e-06 epoch=0.8533
2026-10-03T06:53:50Z step 810/938 loss=0.0002333 grad_norm=0.06824 learning_rate=4.877e-06 epoch=0.864
2026-10-03T06:54:13Z step 820/938 loss=9.834e-05 grad_norm=0.004051 learning_rate=4.16e-06 epoch=0.8747
2026-10-03T06:54:37Z step 830/938 loss=0.0001325 grad_norm=0.0004954 learning_rate=3.498e-06 epoch=0.8853
2026-10-03T06:55:00Z step 840/938 loss=0.0001585 grad_norm=0.0006959 learning_rate=2.892e-06 epoch=0.896
2026-10-03T06:55:23Z step 850/938 loss=8.228e-05 grad_norm=0.001276 learning_rate=2.342e-06 epoch=0.9067
2026-10-03T06:55:45Z step 860/938 loss=0.0005087 grad_norm=0.0006854 learning_rate=1.848e-06 epoch=0.9173
2026-10-03T06:56:08Z step 870/938 loss=0.0003565 grad_norm=7.269e-05 learning_rate=1.412e-06 epoch=0.928
2026-10-03T06:56:31Z step 880/938 loss=0.002042 grad_norm=0.0001724 learning_rate=1.034e-06 epoch=0.9387
2026-10-03T06:56:54Z step 890/938 loss=0.0006496 grad_norm=0.000234 learning_rate=7.137e-07 epoch=0.9493
2026-10-03T06:57:17Z step 900/938 loss=0.000255 grad_norm=0.01168 learning_rate=4.525e-07 epoch=0.96
2026-10-03T06:57:40Z step 910/938 loss=0.0001757 grad_norm=0.08631 learning_rate=2.504e-07 epoch=0.9707
2026-10-03T06:58:03Z step 920/938 loss=0.0002703 grad_norm=0.0001367 learning_rate=1.075e-07 epoch=0.9813
2026-10-03T06:58:25Z step 930/938 loss=0.001751 grad_norm=0.3567 learning_rate=2.413e-08 epoch=0.992
2026-10-03T06:58:43Z step 938/938 train_runtime=2308 train_samples_per_second=26 train_steps_per_second=0.406 total_flos=1.079e+18 train_loss=0.01021 epoch=1
2026-10-03T06:58:47Z trained 938 steps in 38.5 min, 5629.1 tok/s, peak 23.19 GB
2026-10-03T06:59:01Z u path: fp32-hidden (max |u_fp32 - u_bf16logits| = 0.0929)
2026-10-03T06:59:07Z padding self-check: max |u_batch - u_single| = 0.1434 (tol 0.901) -> left padding
2026-10-03T06:59:47Z B-F-verdict-blocks-s2 rule_v1/dev: TA 69.7 Rev 100.0 Hold 69.7 n=300 (60.0 s)
2026-10-03T07:00:06Z B-F-verdict-blocks-s2 rule_v1/dev_missing: TA nan Rev nan Hold nan n=None (18.4 s)
2026-10-03T07:01:09Z B-F-verdict-blocks-s2 rule_v1/missing: TA nan Rev nan Hold nan n=None (62.8 s)
2026-10-03T07:03:17Z B-F-verdict-blocks-s2 rule_v1/readapply: TA 77.7 Rev 99.9 Hold 77.7 n=1000 (127.8 s)
2026-10-03T07:05:14Z B-F-verdict-blocks-s2 rule_v1/test_L0: TA 73.1 Rev 99.6 Hold 73.2 n=1000 (116.8 s)
2026-10-03T07:07:08Z B-F-verdict-blocks-s2 rule_v1/test_L1: TA 76.5 Rev 98.9 Hold 77.0 n=1000 (114.0 s)
2026-10-03T07:11:16Z B-F-verdict-blocks-s2 rule_v1/test_L2: TA 60.0 Rev 92.1 Hold 64.8 n=2000 (247.0 s)
2026-10-03T07:12:36Z B-F-verdict-blocks-s2 rule_v1/test_L3alt: TA 92.0 Rev 100.0 Hold 92.0 n=1000 (80.0 s)
2026-10-03T07:14:39Z B-F-verdict-blocks-s2 rule_v1/test_L3inv: TA 64.3 Rev 98.1 Hold 64.9 n=1000 (122.1 s)
2026-10-03T07:17:27Z B-F-verdict-blocks-s2 rule_v1/test_hard: TA 59.5 Rev 93.0 Hold 63.6 n=1000 (167.8 s)
2026-10-03T07:17:27Z DONE B-F-verdict-blocks-s2 in 57.5 min, GPU util mean 92.0
