2026-10-03T09:00:34Z step 10/938 loss=9.159 grad_norm=7.66 learning_rate=3.214e-05 epoch=0.01067
2026-10-03T09:01:00Z step 20/938 loss=2.637 grad_norm=5.483 learning_rate=6.786e-05 epoch=0.02133
2026-10-03T09:01:27Z step 30/938 loss=0.1609 grad_norm=2.282 learning_rate=0.0001 epoch=0.032
2026-10-03T09:01:54Z step 40/938 loss=0.031 grad_norm=0.5495 learning_rate=9.996e-05 epoch=0.04267
2026-10-03T09:02:21Z step 50/938 loss=0.008651 grad_norm=0.04397 learning_rate=9.987e-05 epoch=0.05333
2026-10-03T09:02:48Z step 60/938 loss=0.01827 grad_norm=0.0193 learning_rate=9.971e-05 epoch=0.064
2026-10-03T09:03:16Z step 70/938 loss=0.006638 grad_norm=0.03058 learning_rate=9.95e-05 epoch=0.07467
2026-10-03T09:03:42Z step 80/938 loss=0.01781 grad_norm=1.133 learning_rate=9.923e-05 epoch=0.08533
2026-10-03T09:04:08Z step 90/938 loss=0.003126 grad_norm=0.5772 learning_rate=9.89e-05 epoch=0.096
2026-10-03T09:04:37Z step 100/938 loss=0.01373 grad_norm=0.8707 learning_rate=9.851e-05 epoch=0.1067
2026-10-03T09:05:03Z step 110/938 loss=0.007893 grad_norm=0.07173 learning_rate=9.806e-05 epoch=0.1173
2026-10-03T09:05:29Z step 120/938 loss=0.006137 grad_norm=0.2128 learning_rate=9.755e-05 epoch=0.128
2026-10-03T09:05:57Z step 130/938 loss=0.005244 grad_norm=0.3807 learning_rate=9.699e-05 epoch=0.1387
2026-10-03T09:06:23Z step 140/938 loss=0.007976 grad_norm=0.7361 learning_rate=9.637e-05 epoch=0.1493
2026-10-03T09:06:50Z step 150/938 loss=0.01193 grad_norm=0.3726 learning_rate=9.57e-05 epoch=0.16
2026-10-03T09:07:18Z step 160/938 loss=0.005191 grad_norm=0.01789 learning_rate=9.497e-05 epoch=0.1707
2026-10-03T09:07:45Z step 170/938 loss=0.002418 grad_norm=0.01919 learning_rate=9.419e-05 epoch=0.1813
2026-10-03T09:08:11Z step 180/938 loss=0.0009974 grad_norm=0.00757 learning_rate=9.336e-05 epoch=0.192
2026-10-03T09:08:39Z step 190/938 loss=0.006007 grad_norm=0.05023 learning_rate=9.247e-05 epoch=0.2027
2026-10-03T09:09:06Z step 200/938 loss=0.002015 grad_norm=0.3828 learning_rate=9.154e-05 epoch=0.2133
2026-10-03T09:09:32Z step 210/938 loss=0.0008233 grad_norm=0.01221 learning_rate=9.055e-05 epoch=0.224
2026-10-03T09:10:00Z step 220/938 loss=0.0002445 grad_norm=0.06323 learning_rate=8.952e-05 epoch=0.2347
2026-10-03T09:10:26Z step 230/938 loss=0.0002556 grad_norm=0.02691 learning_rate=8.844e-05 epoch=0.2453
2026-10-03T09:10:52Z step 240/938 loss=4.949e-05 grad_norm=0.0005118 learning_rate=8.731e-05 epoch=0.256
2026-10-03T09:11:21Z step 250/938 loss=3.943e-05 grad_norm=0.0002758 learning_rate=8.614e-05 epoch=0.2667
2026-10-03T09:11:48Z step 260/938 loss=5.309e-05 grad_norm=0.004926 learning_rate=8.493e-05 epoch=0.2773
2026-10-03T09:12:14Z step 270/938 loss=0.00526 grad_norm=0.7398 learning_rate=8.367e-05 epoch=0.288
2026-10-03T09:12:42Z step 280/938 loss=0.00258 grad_norm=0.2413 learning_rate=8.237e-05 epoch=0.2987
2026-10-03T09:13:08Z step 290/938 loss=8.435e-05 grad_norm=0.002775 learning_rate=8.104e-05 epoch=0.3093
2026-10-03T09:13:35Z step 300/938 loss=0.0003881 grad_norm=0.002036 learning_rate=7.967e-05 epoch=0.32
2026-10-03T09:14:02Z step 310/938 loss=0.0001817 grad_norm=0.001796 learning_rate=7.826e-05 epoch=0.3307
2026-10-03T09:14:29Z step 320/938 loss=0.0001398 grad_norm=0.002779 learning_rate=7.682e-05 epoch=0.3413
2026-10-03T09:14:54Z step 330/938 loss=0.000136 grad_norm=0.000341 learning_rate=7.535e-05 epoch=0.352
2026-10-03T09:15:22Z step 340/938 loss=2.625e-05 grad_norm=0.002046 learning_rate=7.385e-05 epoch=0.3627
2026-10-03T09:15:49Z step 350/938 loss=2.488e-05 grad_norm=0.0008124 learning_rate=7.231e-05 epoch=0.3733
2026-10-03T09:16:16Z step 360/938 loss=1.522e-05 grad_norm=0.0002239 learning_rate=7.076e-05 epoch=0.384
2026-10-03T09:16:43Z step 370/938 loss=8.082e-05 grad_norm=0.0002752 learning_rate=6.917e-05 epoch=0.3947
2026-10-03T09:17:11Z step 380/938 loss=0.000187 grad_norm=0.001177 learning_rate=6.757e-05 epoch=0.4053
2026-10-03T09:17:38Z step 390/938 loss=0.003652 grad_norm=0.0005909 learning_rate=6.594e-05 epoch=0.416
2026-10-03T09:18:05Z step 400/938 loss=0.005918 grad_norm=0.5789 learning_rate=6.43e-05 epoch=0.4267
2026-10-03T09:18:33Z step 410/938 loss=0.0003121 grad_norm=0.01156 learning_rate=6.264e-05 epoch=0.4373
2026-10-03T09:18:59Z step 420/938 loss=0.005732 grad_norm=0.06501 learning_rate=6.096e-05 epoch=0.448
2026-10-03T09:19:26Z step 430/938 loss=0.0002457 grad_norm=0.003407 learning_rate=5.927e-05 epoch=0.4587
2026-10-03T09:19:53Z step 440/938 loss=5.639e-05 grad_norm=0.0004764 learning_rate=5.757e-05 epoch=0.4693
2026-10-03T09:20:26Z step 450/938 loss=5.332e-05 grad_norm=0.006001 learning_rate=5.586e-05 epoch=0.48
2026-10-03T09:20:53Z step 460/938 loss=5.294e-05 grad_norm=0.01022 learning_rate=5.414e-05 epoch=0.4907
2026-10-03T09:21:21Z step 470/938 loss=2.645e-05 grad_norm=0.006113 learning_rate=5.242e-05 epoch=0.5013
2026-10-03T09:21:48Z step 480/938 loss=5.716e-05 grad_norm=0.0006937 learning_rate=5.069e-05 epoch=0.512
2026-10-03T09:22:15Z step 490/938 loss=2.552e-05 grad_norm=0.0002266 learning_rate=4.896e-05 epoch=0.5227
2026-10-03T09:22:44Z step 500/938 loss=2.718e-05 grad_norm=0.0005405 learning_rate=4.724e-05 epoch=0.5333
2026-10-03T09:23:10Z step 510/938 loss=1.972e-05 grad_norm=0.000436 learning_rate=4.552e-05 epoch=0.544
2026-10-03T09:23:37Z step 520/938 loss=2.333e-05 grad_norm=0.0005022 learning_rate=4.38e-05 epoch=0.5547
2026-10-03T09:24:04Z step 530/938 loss=2.086e-05 grad_norm=0.002233 learning_rate=4.209e-05 epoch=0.5653
2026-10-03T09:24:32Z step 540/938 loss=2.639e-05 grad_norm=0.002984 learning_rate=4.039e-05 epoch=0.576
2026-10-03T09:24:58Z step 550/938 loss=1.915e-05 grad_norm=0.0005886 learning_rate=3.871e-05 epoch=0.5867
2026-10-03T09:25:26Z step 560/938 loss=1.695e-05 grad_norm=0.001784 learning_rate=3.703e-05 epoch=0.5973
2026-10-03T09:25:55Z step 570/938 loss=3.458e-05 grad_norm=0.0002115 learning_rate=3.537e-05 epoch=0.608
2026-10-03T09:26:22Z step 580/938 loss=5.448e-05 grad_norm=0.0003892 learning_rate=3.373e-05 epoch=0.6187
2026-10-03T09:26:49Z step 590/938 loss=6.914e-05 grad_norm=0.0004521 learning_rate=3.211e-05 epoch=0.6293
2026-10-03T09:27:17Z step 600/938 loss=2.874e-05 grad_norm=0.0002076 learning_rate=3.051e-05 epoch=0.64
2026-10-03T09:27:44Z step 610/938 loss=7.715e-05 grad_norm=0.06103 learning_rate=2.893e-05 epoch=0.6507
2026-10-03T09:28:10Z step 620/938 loss=1.362e-05 grad_norm=0.0001977 learning_rate=2.738e-05 epoch=0.6613
2026-10-03T09:28:38Z step 630/938 loss=4.328e-05 grad_norm=0.0001294 learning_rate=2.585e-05 epoch=0.672
2026-10-03T09:29:04Z step 640/938 loss=1.226e-05 grad_norm=0.0003753 learning_rate=2.436e-05 epoch=0.6827
2026-10-03T09:29:30Z step 650/938 loss=5.604e-05 grad_norm=0.0001934 learning_rate=2.289e-05 epoch=0.6933
2026-10-03T09:29:57Z step 660/938 loss=5.253e-05 grad_norm=0.0001294 learning_rate=2.145e-05 epoch=0.704
2026-10-03T09:30:26Z step 670/938 loss=1.342e-05 grad_norm=0.0001749 learning_rate=2.005e-05 epoch=0.7147
2026-10-03T09:30:58Z step 680/938 loss=1.198e-05 grad_norm=8.089e-05 learning_rate=1.869e-05 epoch=0.7253
2026-10-03T09:31:27Z step 690/938 loss=1.442e-05 grad_norm=0.001082 learning_rate=1.736e-05 epoch=0.736
2026-10-03T09:33:30Z step 700/938 loss=1.155e-05 grad_norm=0.0002247 learning_rate=1.608e-05 epoch=0.7467
2026-10-03T09:33:57Z step 710/938 loss=5.371e-05 grad_norm=0.0001136 learning_rate=1.483e-05 epoch=0.7573
2026-10-03T09:34:25Z step 720/938 loss=0.0001712 grad_norm=0.0001862 learning_rate=1.362e-05 epoch=0.768
2026-10-03T09:34:52Z step 730/938 loss=1.419e-05 grad_norm=0.001222 learning_rate=1.246e-05 epoch=0.7787
2026-10-03T09:35:18Z step 740/938 loss=1.456e-05 grad_norm=0.0002697 learning_rate=1.134e-05 epoch=0.7893
2026-10-03T09:35:44Z step 750/938 loss=0.0003171 grad_norm=0.0006547 learning_rate=1.027e-05 epoch=0.8
2026-10-03T09:36:12Z step 760/938 loss=0.0007133 grad_norm=0.002588 learning_rate=9.247e-06 epoch=0.8107
2026-10-03T09:36:39Z step 770/938 loss=1.214e-05 grad_norm=0.0002258 learning_rate=8.271e-06 epoch=0.8213
2026-10-03T09:37:05Z step 780/938 loss=1.148e-05 grad_norm=0.0002136 learning_rate=7.345e-06 epoch=0.832
2026-10-03T09:37:33Z step 790/938 loss=0.000782 grad_norm=1.664 learning_rate=6.47e-06 epoch=0.8427
2026-10-03T09:37:59Z step 800/938 loss=0.004539 grad_norm=0.0003242 learning_rate=5.647e-06 epoch=0.8533
2026-10-03T09:38:27Z step 810/938 loss=0.000774 grad_norm=0.0001259 learning_rate=4.877e-06 epoch=0.864
2026-10-03T09:38:54Z step 820/938 loss=0.0001041 grad_norm=0.0007527 learning_rate=4.16e-06 epoch=0.8747
2026-10-03T09:39:21Z step 830/938 loss=1.186e-05 grad_norm=0.0001254 learning_rate=3.498e-06 epoch=0.8853
2026-10-03T09:39:47Z step 840/938 loss=0.0001834 grad_norm=0.0001474 learning_rate=2.892e-06 epoch=0.896
2026-10-03T09:40:23Z step 850/938 loss=0.0001217 grad_norm=0.0006939 learning_rate=2.342e-06 epoch=0.9067
2026-10-03T09:40:51Z step 860/938 loss=0.0001988 grad_norm=0.005722 learning_rate=1.848e-06 epoch=0.9173
2026-10-03T09:41:17Z step 870/938 loss=0.0024 grad_norm=0.0004275 learning_rate=1.412e-06 epoch=0.928
2026-10-03T09:41:44Z step 880/938 loss=0.0003096 grad_norm=0.002986 learning_rate=1.034e-06 epoch=0.9387
2026-10-03T09:42:13Z step 890/938 loss=1.535e-05 grad_norm=0.0005644 learning_rate=7.137e-07 epoch=0.9493
2026-10-03T09:42:39Z step 900/938 loss=2.804e-05 grad_norm=0.000353 learning_rate=4.525e-07 epoch=0.96
2026-10-03T09:43:06Z step 910/938 loss=1.267e-05 grad_norm=0.0002561 learning_rate=2.504e-07 epoch=0.9707
2026-10-03T09:43:34Z step 920/938 loss=1.214e-05 grad_norm=0.0001604 learning_rate=1.075e-07 epoch=0.9813
2026-10-03T09:44:02Z step 930/938 loss=2.773e-05 grad_norm=0.0002235 learning_rate=2.413e-08 epoch=0.992
2026-10-03T09:44:22Z step 938/938 train_runtime=2656 train_samples_per_second=22.59 train_steps_per_second=0.353 total_flos=1.157e+18 train_loss=0.1295 epoch=1
2026-10-03T09:44:25Z trained 938 steps in 44.3 min, 4538.1 tok/s, peak 33.62 GB
2026-10-03T09:44:27Z u path: fp32-hidden (max |u_fp32 - u_bf16logits| = 0.0067)
2026-10-03T09:44:28Z padding self-check: max |u_batch - u_single| = 0.0311 (tol 0.595) -> left padding
2026-10-03T09:45:37Z B-LOKO-subject-summary2-s0 rule_v1/dev: TA 98.0 Rev 99.7 Hold 98.3 n=300 (71.5 s)
2026-10-03T09:49:02Z generate: batch 25/32, 230537 tokens, 1139 tok/s
2026-10-03T09:53:23Z B-LOKO-subject-summary2-s0 rule_v1/test_L2: TA 97.2 Rev 99.1 Hold 98.2 n=2000 (465.2 s)
2026-10-03T09:57:05Z B-LOKO-subject-summary2-s0 rule_v1/test_L0: TA 98.7 Rev 99.3 Hold 99.3 n=1000 (222.3 s)
2026-10-03T09:59:41Z B-LOKO-subject-summary2-s0 xr_v1/test: TA nan Rev nan Hold nan n=None (155.2 s)
2026-10-03T09:59:41Z DONE B-LOKO-subject-summary2-s0 in 60.3 min, GPU util mean 87.8
