2026-10-02T14:59:08Z step 10/938 loss=2.031 grad_norm=2.665 learning_rate=3.214e-05 epoch=0.01067
2026-10-02T15:00:12Z step 20/938 loss=0.398 grad_norm=0.576 learning_rate=6.786e-05 epoch=0.02133
2026-10-02T15:01:16Z step 30/938 loss=0.0723 grad_norm=0.3891 learning_rate=0.0001 epoch=0.032
2026-10-02T15:02:20Z step 40/938 loss=0.04002 grad_norm=0.3247 learning_rate=9.996e-05 epoch=0.04267
2026-10-02T15:03:24Z step 50/938 loss=0.02864 grad_norm=0.1199 learning_rate=9.987e-05 epoch=0.05333
2026-10-02T15:04:27Z step 60/938 loss=0.0164 grad_norm=0.2202 learning_rate=9.971e-05 epoch=0.064
2026-10-02T15:05:28Z step 70/938 loss=0.014 grad_norm=0.1032 learning_rate=9.95e-05 epoch=0.07467
2026-10-02T15:06:32Z step 80/938 loss=0.0105 grad_norm=0.04062 learning_rate=9.923e-05 epoch=0.08533
2026-10-02T15:07:34Z step 90/938 loss=0.008667 grad_norm=0.1119 learning_rate=9.89e-05 epoch=0.096
2026-10-02T15:08:41Z step 100/938 loss=0.01046 grad_norm=0.04845 learning_rate=9.851e-05 epoch=0.1067
2026-10-02T15:09:44Z step 110/938 loss=0.006429 grad_norm=0.04611 learning_rate=9.806e-05 epoch=0.1173
2026-10-02T15:10:47Z step 120/938 loss=0.007679 grad_norm=0.1292 learning_rate=9.755e-05 epoch=0.128
2026-10-02T15:11:51Z step 130/938 loss=0.005774 grad_norm=0.1785 learning_rate=9.699e-05 epoch=0.1387
2026-10-02T15:12:55Z step 140/938 loss=0.007042 grad_norm=0.06356 learning_rate=9.637e-05 epoch=0.1493
2026-10-02T15:13:59Z step 150/938 loss=0.005745 grad_norm=0.05722 learning_rate=9.57e-05 epoch=0.16
2026-10-02T15:15:01Z step 160/938 loss=0.006824 grad_norm=0.04971 learning_rate=9.497e-05 epoch=0.1707
2026-10-02T15:16:05Z step 170/938 loss=0.005504 grad_norm=0.05751 learning_rate=9.419e-05 epoch=0.1813
2026-10-02T15:17:08Z step 180/938 loss=0.006569 grad_norm=0.07642 learning_rate=9.336e-05 epoch=0.192
2026-10-02T15:18:51Z step 190/938 loss=0.00525 grad_norm=0.05982 learning_rate=9.247e-05 epoch=0.2027
2026-10-02T15:19:55Z step 200/938 loss=0.00412 grad_norm=0.02418 learning_rate=9.154e-05 epoch=0.2133
2026-10-02T15:20:59Z step 210/938 loss=0.004689 grad_norm=0.159 learning_rate=9.055e-05 epoch=0.224
2026-10-02T15:22:03Z step 220/938 loss=0.005777 grad_norm=0.04208 learning_rate=8.952e-05 epoch=0.2347
2026-10-02T15:23:07Z step 230/938 loss=0.005513 grad_norm=0.09864 learning_rate=8.844e-05 epoch=0.2453
2026-10-02T15:24:10Z step 240/938 loss=0.00589 grad_norm=0.05683 learning_rate=8.731e-05 epoch=0.256
2026-10-02T15:25:14Z step 250/938 loss=0.005686 grad_norm=0.04288 learning_rate=8.614e-05 epoch=0.2667
2026-10-02T15:26:18Z step 260/938 loss=0.00533 grad_norm=0.03295 learning_rate=8.493e-05 epoch=0.2773
2026-10-02T15:27:20Z step 270/938 loss=0.005217 grad_norm=0.06104 learning_rate=8.367e-05 epoch=0.288
2026-10-02T15:28:26Z step 280/938 loss=0.004664 grad_norm=0.03155 learning_rate=8.237e-05 epoch=0.2987
2026-10-02T15:29:29Z step 290/938 loss=0.004021 grad_norm=0.04822 learning_rate=8.104e-05 epoch=0.3093
2026-10-02T15:30:33Z step 300/938 loss=0.004495 grad_norm=0.03627 learning_rate=7.967e-05 epoch=0.32
2026-10-02T15:31:36Z step 310/938 loss=0.004791 grad_norm=0.05492 learning_rate=7.826e-05 epoch=0.3307
2026-10-02T15:32:40Z step 320/938 loss=0.004947 grad_norm=0.02734 learning_rate=7.682e-05 epoch=0.3413
2026-10-02T15:33:43Z step 330/938 loss=0.004075 grad_norm=0.04129 learning_rate=7.535e-05 epoch=0.352
2026-10-02T15:34:46Z step 340/938 loss=0.004739 grad_norm=0.09444 learning_rate=7.385e-05 epoch=0.3627
2026-10-02T15:35:51Z step 350/938 loss=0.004049 grad_norm=0.05207 learning_rate=7.231e-05 epoch=0.3733
2026-10-02T15:36:55Z step 360/938 loss=0.00319 grad_norm=0.02166 learning_rate=7.076e-05 epoch=0.384
2026-10-02T15:37:58Z step 370/938 loss=0.004442 grad_norm=0.02107 learning_rate=6.917e-05 epoch=0.3947
2026-10-02T15:39:33Z step 380/938 loss=0.005767 grad_norm=0.02621 learning_rate=6.757e-05 epoch=0.4053
2026-10-02T15:40:38Z step 390/938 loss=0.004403 grad_norm=0.08308 learning_rate=6.594e-05 epoch=0.416
2026-10-02T15:41:41Z step 400/938 loss=0.004468 grad_norm=0.03259 learning_rate=6.43e-05 epoch=0.4267
2026-10-02T15:42:44Z step 410/938 loss=0.004465 grad_norm=0.0342 learning_rate=6.264e-05 epoch=0.4373
2026-10-02T15:43:50Z step 420/938 loss=0.003922 grad_norm=0.05024 learning_rate=6.096e-05 epoch=0.448
2026-10-02T15:44:53Z step 430/938 loss=0.002965 grad_norm=0.09903 learning_rate=5.927e-05 epoch=0.4587
2026-10-02T15:45:56Z step 440/938 loss=0.005124 grad_norm=0.03272 learning_rate=5.757e-05 epoch=0.4693
2026-10-02T15:47:00Z step 450/938 loss=0.003909 grad_norm=0.09806 learning_rate=5.586e-05 epoch=0.48
2026-10-02T15:48:04Z step 460/938 loss=0.002856 grad_norm=0.02391 learning_rate=5.414e-05 epoch=0.4907
2026-10-02T15:49:07Z step 470/938 loss=0.004042 grad_norm=0.04055 learning_rate=5.242e-05 epoch=0.5013
2026-10-02T15:50:11Z step 480/938 loss=0.004231 grad_norm=0.02395 learning_rate=5.069e-05 epoch=0.512
2026-10-02T15:51:14Z step 490/938 loss=0.002943 grad_norm=0.01719 learning_rate=4.896e-05 epoch=0.5227
2026-10-02T15:52:18Z step 500/938 loss=0.00321 grad_norm=0.01926 learning_rate=4.724e-05 epoch=0.5333
2026-10-02T15:53:21Z step 510/938 loss=0.004186 grad_norm=0.03422 learning_rate=4.552e-05 epoch=0.544
2026-10-02T15:54:24Z step 520/938 loss=0.004621 grad_norm=0.07337 learning_rate=4.38e-05 epoch=0.5547
2026-10-02T15:55:27Z step 530/938 loss=0.003234 grad_norm=0.02655 learning_rate=4.209e-05 epoch=0.5653
2026-10-02T15:56:30Z step 540/938 loss=0.003668 grad_norm=0.03263 learning_rate=4.039e-05 epoch=0.576
2026-10-02T15:57:35Z step 550/938 loss=0.002928 grad_norm=0.02196 learning_rate=3.871e-05 epoch=0.5867
2026-10-02T15:59:08Z step 560/938 loss=0.003607 grad_norm=0.03866 learning_rate=3.703e-05 epoch=0.5973
2026-10-02T16:00:12Z step 570/938 loss=0.003006 grad_norm=0.02073 learning_rate=3.537e-05 epoch=0.608
2026-10-02T16:01:16Z step 580/938 loss=0.003071 grad_norm=0.02358 learning_rate=3.373e-05 epoch=0.6187
2026-10-02T16:02:18Z step 590/938 loss=0.003379 grad_norm=0.01772 learning_rate=3.211e-05 epoch=0.6293
2026-10-02T16:03:21Z step 600/938 loss=0.004408 grad_norm=0.161 learning_rate=3.051e-05 epoch=0.64
2026-10-02T16:04:25Z step 610/938 loss=0.003387 grad_norm=0.01907 learning_rate=2.893e-05 epoch=0.6507
2026-10-02T16:05:28Z step 620/938 loss=0.00392 grad_norm=0.02654 learning_rate=2.738e-05 epoch=0.6613
2026-10-02T16:06:31Z step 630/938 loss=0.004924 grad_norm=0.07415 learning_rate=2.585e-05 epoch=0.672
2026-10-02T16:07:33Z step 640/938 loss=0.003372 grad_norm=0.01753 learning_rate=2.436e-05 epoch=0.6827
2026-10-02T16:08:38Z step 650/938 loss=0.003287 grad_norm=0.01926 learning_rate=2.289e-05 epoch=0.6933
2026-10-02T16:09:42Z step 660/938 loss=0.003646 grad_norm=0.02198 learning_rate=2.145e-05 epoch=0.704
2026-10-02T16:10:46Z step 670/938 loss=0.003249 grad_norm=0.027 learning_rate=2.005e-05 epoch=0.7147
2026-10-02T16:11:50Z step 680/938 loss=0.003741 grad_norm=0.01987 learning_rate=1.869e-05 epoch=0.7253
2026-10-02T16:12:54Z step 690/938 loss=0.002708 grad_norm=0.03003 learning_rate=1.736e-05 epoch=0.736
2026-10-02T16:13:57Z step 700/938 loss=0.003151 grad_norm=0.01618 learning_rate=1.608e-05 epoch=0.7467
2026-10-02T16:15:01Z step 710/938 loss=0.003257 grad_norm=0.0191 learning_rate=1.483e-05 epoch=0.7573
2026-10-02T16:16:04Z step 720/938 loss=0.003273 grad_norm=0.01765 learning_rate=1.362e-05 epoch=0.768
2026-10-02T16:17:08Z step 730/938 loss=0.003206 grad_norm=0.02001 learning_rate=1.246e-05 epoch=0.7787
2026-10-02T16:18:12Z step 740/938 loss=0.004097 grad_norm=0.05299 learning_rate=1.134e-05 epoch=0.7893
2026-10-02T16:19:47Z step 750/938 loss=0.003101 grad_norm=0.02458 learning_rate=1.027e-05 epoch=0.8
2026-10-02T16:20:51Z step 760/938 loss=0.003457 grad_norm=0.02549 learning_rate=9.247e-06 epoch=0.8107
2026-10-02T16:21:54Z step 770/938 loss=0.002937 grad_norm=0.02213 learning_rate=8.271e-06 epoch=0.8213
2026-10-02T16:22:57Z step 780/938 loss=0.003457 grad_norm=0.01869 learning_rate=7.345e-06 epoch=0.832
2026-10-02T16:24:01Z step 790/938 loss=0.003746 grad_norm=0.02206 learning_rate=6.47e-06 epoch=0.8427
2026-10-02T16:25:04Z step 800/938 loss=0.003019 grad_norm=0.01885 learning_rate=5.647e-06 epoch=0.8533
2026-10-02T16:26:07Z step 810/938 loss=0.002662 grad_norm=0.02954 learning_rate=4.877e-06 epoch=0.864
2026-10-02T16:27:10Z step 820/938 loss=0.003366 grad_norm=0.03368 learning_rate=4.16e-06 epoch=0.8747
2026-10-02T16:28:13Z step 830/938 loss=0.004159 grad_norm=0.01366 learning_rate=3.498e-06 epoch=0.8853
2026-10-02T16:29:17Z step 840/938 loss=0.003227 grad_norm=0.02226 learning_rate=2.892e-06 epoch=0.896
2026-10-02T16:30:21Z step 850/938 loss=0.003638 grad_norm=0.02609 learning_rate=2.342e-06 epoch=0.9067
2026-10-02T16:31:25Z step 860/938 loss=0.003222 grad_norm=0.02864 learning_rate=1.848e-06 epoch=0.9173
2026-10-02T16:32:28Z step 870/938 loss=0.003446 grad_norm=0.04229 learning_rate=1.412e-06 epoch=0.928
2026-10-02T16:33:32Z step 880/938 loss=0.002852 grad_norm=0.01703 learning_rate=1.034e-06 epoch=0.9387
2026-10-02T16:34:35Z step 890/938 loss=0.004271 grad_norm=0.03736 learning_rate=7.137e-07 epoch=0.9493
2026-10-02T16:35:38Z step 900/938 loss=0.003522 grad_norm=0.02738 learning_rate=4.525e-07 epoch=0.96
2026-10-02T16:36:40Z step 910/938 loss=0.003588 grad_norm=0.01803 learning_rate=2.504e-07 epoch=0.9707
2026-10-02T16:37:41Z step 920/938 loss=0.002812 grad_norm=0.02357 learning_rate=1.075e-07 epoch=0.9813
2026-10-02T16:39:16Z step 930/938 loss=0.003616 grad_norm=0.0171 learning_rate=2.413e-08 epoch=0.992
2026-10-02T16:40:03Z step 938/938 train_runtime=6118 train_samples_per_second=9.807 train_steps_per_second=0.153 total_flos=1.245e+18 train_loss=0.03175 epoch=1
2026-10-02T16:40:32Z trained 938 steps in 102.0 min, 2591.2 tok/s, peak 21.98 GB
2026-10-02T16:40:36Z u path: fp32-hidden (max |u_fp32 - u_bf16logits| = 0.0144)
2026-10-02T16:40:37Z padding self-check: max |u_batch - u_single| = 0.2787 (tol 0.632) -> left padding
2026-10-02T16:45:41Z B-F-rationale-natural-s0 rule_v1/dev: TA 67.3 Rev 94.7 Hold 70.7 n=300 (308.3 s)
2026-10-02T16:48:12Z B-F-rationale-natural-s0 rule_v1/dev_missing: TA nan Rev nan Hold nan n=None (150.1 s)
2026-10-02T16:52:41Z generate: batch 25/29, 221674 tokens, 837 tok/s
2026-10-02T16:56:23Z B-F-rationale-natural-s0 rule_v1/missing: TA nan Rev nan Hold nan n=None (490.0 s)
2026-10-02T16:59:35Z generate: batch 25/73, 209466 tokens, 1125 tok/s
2026-10-02T17:03:26Z generate: batch 50/73, 454961 tokens, 1092 tok/s
2026-10-02T17:14:04Z B-F-rationale-natural-s0 rule_v1/readapply: TA 75.8 Rev 99.8 Hold 75.8 n=1000 (1060.5 s)
2026-10-02T17:17:44Z generate: batch 25/59, 217323 tokens, 1011 tok/s
2026-10-02T17:22:27Z generate: batch 50/59, 449749 tokens, 903 tok/s
2026-10-02T17:29:41Z B-F-rationale-natural-s0 rule_v1/test_L0: TA 69.4 Rev 95.3 Hold 73.5 n=1000 (936.9 s)
2026-10-02T17:33:15Z generate: batch 25/59, 221572 tokens, 1066 tok/s
2026-10-02T17:37:44Z generate: batch 50/59, 463515 tokens, 972 tok/s
2026-10-02T17:44:53Z B-F-rationale-natural-s0 rule_v1/test_L1: TA 68.6 Rev 93.1 Hold 74.4 n=1000 (911.2 s)
2026-10-02T17:48:44Z generate: batch 25/115, 215140 tokens, 970 tok/s
2026-10-02T17:52:56Z generate: batch 50/115, 449542 tokens, 949 tok/s
2026-10-02T17:57:28Z generate: batch 75/115, 711321 tokens, 955 tok/s
2026-10-02T18:02:53Z generate: batch 100/115, 944701 tokens, 883 tok/s
2026-10-02T18:17:33Z B-F-rationale-natural-s0 rule_v1/test_L2: TA 55.1 Rev 83.2 Hold 69.0 n=2000 (1958.9 s)
2026-10-02T18:21:11Z generate: batch 25/51, 225653 tokens, 1063 tok/s
2026-10-02T18:25:27Z generate: batch 50/51, 533567 tokens, 1139 tok/s
2026-10-02T18:29:33Z B-F-rationale-natural-s0 rule_v1/test_L3alt: TA 72.6 Rev 100.0 Hold 72.6 n=1000 (719.8 s)
2026-10-02T18:33:19Z generate: batch 25/63, 220834 tokens, 1006 tok/s
2026-10-02T18:37:55Z generate: batch 50/63, 465744 tokens, 939 tok/s
2026-10-02T18:46:18Z B-F-rationale-natural-s0 rule_v1/test_L3inv: TA 58.7 Rev 90.5 Hold 66.3 n=1000 (1004.1 s)
2026-10-02T18:51:31Z generate: batch 25/57, 247029 tokens, 801 tok/s
2026-10-02T18:57:18Z generate: batch 50/57, 471158 tokens, 719 tok/s
2026-10-02T19:06:02Z B-F-rationale-natural-s0 rule_v1/test_hard: TA 56.4 Rev 83.3 Hold 69.0 n=1000 (1183.6 s)
2026-10-02T19:06:04Z DONE B-F-rationale-natural-s0 in 248.4 min, GPU util mean 96.6
