2026-10-03T10:15:45Z step 10/938 loss=8.742 grad_norm=7.636 learning_rate=3.214e-05 epoch=0.01067
2026-10-03T10:16:11Z step 20/938 loss=2.68 grad_norm=3.648 learning_rate=6.786e-05 epoch=0.02133
2026-10-03T10:16:38Z step 30/938 loss=0.1586 grad_norm=1.221 learning_rate=0.0001 epoch=0.032
2026-10-03T10:17:06Z step 40/938 loss=0.04188 grad_norm=1.48 learning_rate=9.996e-05 epoch=0.04267
2026-10-03T10:17:33Z step 50/938 loss=0.01068 grad_norm=0.04614 learning_rate=9.987e-05 epoch=0.05333
2026-10-03T10:18:00Z step 60/938 loss=0.01258 grad_norm=1.051 learning_rate=9.971e-05 epoch=0.064
2026-10-03T10:18:26Z step 70/938 loss=0.02117 grad_norm=0.6312 learning_rate=9.95e-05 epoch=0.07467
2026-10-03T10:18:54Z step 80/938 loss=0.005314 grad_norm=0.07317 learning_rate=9.923e-05 epoch=0.08533
2026-10-03T10:19:20Z step 90/938 loss=0.01513 grad_norm=0.04021 learning_rate=9.89e-05 epoch=0.096
2026-10-03T10:19:48Z step 100/938 loss=0.007194 grad_norm=0.5198 learning_rate=9.851e-05 epoch=0.1067
2026-10-03T10:20:16Z step 110/938 loss=0.002573 grad_norm=0.08044 learning_rate=9.806e-05 epoch=0.1173
2026-10-03T10:20:42Z step 120/938 loss=0.006267 grad_norm=0.02061 learning_rate=9.755e-05 epoch=0.128
2026-10-03T10:21:09Z step 130/938 loss=0.0004958 grad_norm=0.1257 learning_rate=9.699e-05 epoch=0.1387
2026-10-03T10:21:35Z step 140/938 loss=0.0045 grad_norm=0.1112 learning_rate=9.637e-05 epoch=0.1493
2026-10-03T10:22:02Z step 150/938 loss=0.000902 grad_norm=0.005625 learning_rate=9.57e-05 epoch=0.16
2026-10-03T10:22:29Z step 160/938 loss=0.003206 grad_norm=0.01995 learning_rate=9.497e-05 epoch=0.1707
2026-10-03T10:22:56Z step 170/938 loss=0.003307 grad_norm=0.04264 learning_rate=9.419e-05 epoch=0.1813
2026-10-03T10:23:24Z step 180/938 loss=0.005417 grad_norm=0.008484 learning_rate=9.336e-05 epoch=0.192
2026-10-03T10:23:50Z step 190/938 loss=0.001908 grad_norm=0.02114 learning_rate=9.247e-05 epoch=0.2027
2026-10-03T10:24:16Z step 200/938 loss=0.002961 grad_norm=0.375 learning_rate=9.154e-05 epoch=0.2133
2026-10-03T10:24:42Z step 210/938 loss=0.0001308 grad_norm=0.003989 learning_rate=9.055e-05 epoch=0.224
2026-10-03T10:25:10Z step 220/938 loss=0.002084 grad_norm=0.008877 learning_rate=8.952e-05 epoch=0.2347
2026-10-03T10:25:37Z step 230/938 loss=0.0006374 grad_norm=0.001345 learning_rate=8.844e-05 epoch=0.2453
2026-10-03T10:26:04Z step 240/938 loss=0.004524 grad_norm=0.03345 learning_rate=8.731e-05 epoch=0.256
2026-10-03T10:26:30Z step 250/938 loss=0.001902 grad_norm=0.3828 learning_rate=8.614e-05 epoch=0.2667
2026-10-03T10:26:58Z step 260/938 loss=0.0002664 grad_norm=0.009431 learning_rate=8.493e-05 epoch=0.2773
2026-10-03T10:27:24Z step 270/938 loss=0.003635 grad_norm=0.007696 learning_rate=8.367e-05 epoch=0.288
2026-10-03T10:27:57Z step 280/938 loss=0.0001499 grad_norm=0.0004368 learning_rate=8.237e-05 epoch=0.2987
2026-10-03T10:28:25Z step 290/938 loss=0.002262 grad_norm=0.5428 learning_rate=8.104e-05 epoch=0.3093
2026-10-03T10:28:53Z step 300/938 loss=0.004427 grad_norm=0.1 learning_rate=7.967e-05 epoch=0.32
2026-10-03T10:29:19Z step 310/938 loss=0.001595 grad_norm=0.03234 learning_rate=7.826e-05 epoch=0.3307
2026-10-03T10:29:45Z step 320/938 loss=0.001158 grad_norm=0.004886 learning_rate=7.682e-05 epoch=0.3413
2026-10-03T10:30:14Z step 330/938 loss=0.0004871 grad_norm=0.002729 learning_rate=7.535e-05 epoch=0.352
2026-10-03T10:30:40Z step 340/938 loss=0.000905 grad_norm=0.0006758 learning_rate=7.385e-05 epoch=0.3627
2026-10-03T10:31:07Z step 350/938 loss=0.0001969 grad_norm=0.0007815 learning_rate=7.231e-05 epoch=0.3733
2026-10-03T10:31:34Z step 360/938 loss=0.0009451 grad_norm=0.0003614 learning_rate=7.076e-05 epoch=0.384
2026-10-03T10:32:00Z step 370/938 loss=0.0003237 grad_norm=0.001606 learning_rate=6.917e-05 epoch=0.3947
2026-10-03T10:32:27Z step 380/938 loss=7.275e-05 grad_norm=0.001327 learning_rate=6.757e-05 epoch=0.4053
2026-10-03T10:32:54Z step 390/938 loss=0.0004607 grad_norm=0.0001355 learning_rate=6.594e-05 epoch=0.416
2026-10-03T10:33:22Z step 400/938 loss=0.006264 grad_norm=0.0007897 learning_rate=6.43e-05 epoch=0.4267
2026-10-03T10:33:48Z step 410/938 loss=0.003064 grad_norm=0.1226 learning_rate=6.264e-05 epoch=0.4373
2026-10-03T10:34:15Z step 420/938 loss=0.0005024 grad_norm=0.005272 learning_rate=6.096e-05 epoch=0.448
2026-10-03T10:34:42Z step 430/938 loss=0.0007287 grad_norm=0.3258 learning_rate=5.927e-05 epoch=0.4587
2026-10-03T10:35:09Z step 440/938 loss=0.0001902 grad_norm=0.0009312 learning_rate=5.757e-05 epoch=0.4693
2026-10-03T10:35:40Z step 450/938 loss=0.0005429 grad_norm=0.00916 learning_rate=5.586e-05 epoch=0.48
2026-10-03T10:36:07Z step 460/938 loss=6.513e-05 grad_norm=0.01759 learning_rate=5.414e-05 epoch=0.4907
2026-10-03T10:36:33Z step 470/938 loss=0.003543 grad_norm=0.03069 learning_rate=5.242e-05 epoch=0.5013
2026-10-03T10:36:59Z step 480/938 loss=5.643e-05 grad_norm=0.002508 learning_rate=5.069e-05 epoch=0.512
2026-10-03T10:37:26Z step 490/938 loss=0.0007429 grad_norm=0.00961 learning_rate=4.896e-05 epoch=0.5227
2026-10-03T10:37:52Z step 500/938 loss=0.0004937 grad_norm=0.001258 learning_rate=4.724e-05 epoch=0.5333
2026-10-03T10:38:19Z step 510/938 loss=0.0006012 grad_norm=0.000343 learning_rate=4.552e-05 epoch=0.544
2026-10-03T10:38:46Z step 520/938 loss=0.0004574 grad_norm=0.002155 learning_rate=4.38e-05 epoch=0.5547
2026-10-03T10:39:13Z step 530/938 loss=2.086e-05 grad_norm=0.0004183 learning_rate=4.209e-05 epoch=0.5653
2026-10-03T10:39:41Z step 540/938 loss=4.58e-05 grad_norm=0.0004138 learning_rate=4.039e-05 epoch=0.576
2026-10-03T10:40:08Z step 550/938 loss=0.0005808 grad_norm=0.0004212 learning_rate=3.871e-05 epoch=0.5867
2026-10-03T10:40:34Z step 560/938 loss=1.693e-05 grad_norm=0.0002963 learning_rate=3.703e-05 epoch=0.5973
2026-10-03T10:41:00Z step 570/938 loss=8.964e-05 grad_norm=0.0006775 learning_rate=3.537e-05 epoch=0.608
2026-10-03T10:41:28Z step 580/938 loss=1.415e-05 grad_norm=0.0001766 learning_rate=3.373e-05 epoch=0.6187
2026-10-03T10:41:54Z step 590/938 loss=4.975e-05 grad_norm=9.294e-05 learning_rate=3.211e-05 epoch=0.6293
2026-10-03T10:42:21Z step 600/938 loss=1.632e-05 grad_norm=0.01847 learning_rate=3.051e-05 epoch=0.64
2026-10-03T10:42:48Z step 610/938 loss=2.187e-05 grad_norm=7.167e-05 learning_rate=2.893e-05 epoch=0.6507
2026-10-03T10:43:16Z step 620/938 loss=9.895e-06 grad_norm=0.0001276 learning_rate=2.738e-05 epoch=0.6613
2026-10-03T10:43:43Z step 630/938 loss=9.111e-06 grad_norm=7.004e-05 learning_rate=2.585e-05 epoch=0.672
2026-10-03T10:44:10Z step 640/938 loss=1.475e-05 grad_norm=0.003542 learning_rate=2.436e-05 epoch=0.6827
2026-10-03T10:44:37Z step 650/938 loss=8.777e-06 grad_norm=0.0001133 learning_rate=2.289e-05 epoch=0.6933
2026-10-03T10:45:04Z step 660/938 loss=2.751e-05 grad_norm=0.000654 learning_rate=2.145e-05 epoch=0.704
2026-10-03T10:45:30Z step 670/938 loss=1.266e-05 grad_norm=0.001917 learning_rate=2.005e-05 epoch=0.7147
2026-10-03T10:45:57Z step 680/938 loss=1.054e-05 grad_norm=0.0003565 learning_rate=1.869e-05 epoch=0.7253
2026-10-03T10:46:24Z step 690/938 loss=1.114e-05 grad_norm=9.159e-05 learning_rate=1.736e-05 epoch=0.736
2026-10-03T10:46:52Z step 700/938 loss=7.592e-05 grad_norm=0.0005003 learning_rate=1.608e-05 epoch=0.7467
2026-10-03T10:47:18Z step 710/938 loss=1.192e-05 grad_norm=0.0001341 learning_rate=1.483e-05 epoch=0.7573
2026-10-03T10:47:45Z step 720/938 loss=0.0004236 grad_norm=0.01287 learning_rate=1.362e-05 epoch=0.768
2026-10-03T10:48:11Z step 730/938 loss=1.565e-05 grad_norm=0.01497 learning_rate=1.246e-05 epoch=0.7787
2026-10-03T10:48:39Z step 740/938 loss=0.001149 grad_norm=0.0002552 learning_rate=1.134e-05 epoch=0.7893
2026-10-03T10:49:06Z step 750/938 loss=3.905e-05 grad_norm=0.002714 learning_rate=1.027e-05 epoch=0.8
2026-10-03T10:49:32Z step 760/938 loss=0.0007919 grad_norm=0.0001532 learning_rate=9.247e-06 epoch=0.8107
2026-10-03T10:49:59Z step 770/938 loss=0.0001521 grad_norm=0.03659 learning_rate=8.271e-06 epoch=0.8213
2026-10-03T10:50:27Z step 780/938 loss=9.645e-06 grad_norm=0.001138 learning_rate=7.345e-06 epoch=0.832
2026-10-03T10:50:53Z step 790/938 loss=1.643e-05 grad_norm=0.0005717 learning_rate=6.47e-06 epoch=0.8427
2026-10-03T10:51:19Z step 800/938 loss=1.034e-05 grad_norm=8.582e-05 learning_rate=5.647e-06 epoch=0.8533
2026-10-03T10:51:47Z step 810/938 loss=1.202e-05 grad_norm=0.0006494 learning_rate=4.877e-06 epoch=0.864
2026-10-03T10:52:14Z step 820/938 loss=1.129e-05 grad_norm=0.0003516 learning_rate=4.16e-06 epoch=0.8747
2026-10-03T10:52:40Z step 830/938 loss=1.279e-05 grad_norm=0.000609 learning_rate=3.498e-06 epoch=0.8853
2026-10-03T10:53:07Z step 840/938 loss=7.999e-06 grad_norm=0.0001401 learning_rate=2.892e-06 epoch=0.896
2026-10-03T10:53:34Z step 850/938 loss=9.826e-06 grad_norm=0.0001601 learning_rate=2.342e-06 epoch=0.9067
2026-10-03T10:54:01Z step 860/938 loss=1.397e-05 grad_norm=0.002379 learning_rate=1.848e-06 epoch=0.9173
2026-10-03T10:54:28Z step 870/938 loss=1.584e-05 grad_norm=0.0009507 learning_rate=1.412e-06 epoch=0.928
2026-10-03T10:54:54Z step 880/938 loss=2.049e-05 grad_norm=0.0001724 learning_rate=1.034e-06 epoch=0.9387
2026-10-03T10:55:27Z step 890/938 loss=1.244e-05 grad_norm=0.0002491 learning_rate=7.137e-07 epoch=0.9493
2026-10-03T10:55:52Z step 900/938 loss=1.566e-05 grad_norm=0.0001978 learning_rate=4.525e-07 epoch=0.96
2026-10-03T10:56:19Z step 910/938 loss=1.133e-05 grad_norm=9.557e-05 learning_rate=2.504e-07 epoch=0.9707
2026-10-03T10:56:46Z step 920/938 loss=1.185e-05 grad_norm=0.0001887 learning_rate=1.075e-07 epoch=0.9813
2026-10-03T10:57:13Z step 930/938 loss=2.804e-05 grad_norm=0.005465 learning_rate=2.413e-08 epoch=0.992
2026-10-03T10:57:32Z step 938/938 train_runtime=2534 train_samples_per_second=23.68 train_steps_per_second=0.37 total_flos=1.148e+18 train_loss=0.1255 epoch=1
2026-10-03T10:57:36Z trained 938 steps in 42.3 min, 4721.9 tok/s, peak 34.36 GB
2026-10-03T10:57:37Z u path: fp32-hidden (max |u_fp32 - u_bf16logits| = 0.0121)
2026-10-03T10:57:38Z padding self-check: max |u_batch - u_single| = 0.0567 (tol 0.619) -> left padding
2026-10-03T10:58:47Z B-LOKO-boundary-summary2-s0 rule_v1/dev: TA 100.0 Rev 100.0 Hold 100.0 n=300 (70.6 s)
2026-10-03T11:02:10Z generate: batch 25/32, 231021 tokens, 1159 tok/s
2026-10-03T11:06:31Z B-LOKO-boundary-summary2-s0 rule_v1/test_L2: TA 99.3 Rev 99.5 Hold 99.8 n=2000 (463.8 s)
2026-10-03T11:10:14Z B-LOKO-boundary-summary2-s0 rule_v1/test_L0: TA 99.5 Rev 99.8 Hold 99.7 n=1000 (222.8 s)
2026-10-03T11:12:58Z B-LOKO-boundary-summary2-s0 xr_v1/test: TA nan Rev nan Hold nan n=None (164.3 s)
2026-10-03T11:12:59Z DONE B-LOKO-boundary-summary2-s0 in 58.2 min, GPU util mean 92.4
