2026-10-03T08:21:46Z step 10/938 loss=2.231 grad_norm=1.878 learning_rate=3.214e-05 epoch=0.01067
2026-10-03T08:22:49Z step 20/938 loss=0.6857 grad_norm=0.822 learning_rate=6.786e-05 epoch=0.02133
2026-10-03T08:23:52Z step 30/938 loss=0.04275 grad_norm=0.3617 learning_rate=0.0001 epoch=0.032
2026-10-03T08:24:53Z step 40/938 loss=0.01179 grad_norm=0.1514 learning_rate=9.996e-05 epoch=0.04267
2026-10-03T08:25:54Z step 50/938 loss=0.007688 grad_norm=0.3973 learning_rate=9.987e-05 epoch=0.05333
2026-10-03T08:26:57Z step 60/938 loss=0.003022 grad_norm=0.02837 learning_rate=9.971e-05 epoch=0.064
2026-10-03T08:28:15Z step 70/938 loss=0.001194 grad_norm=0.05237 learning_rate=9.95e-05 epoch=0.07467
2026-10-03T08:29:15Z step 80/938 loss=0.003847 grad_norm=0.0459 learning_rate=9.923e-05 epoch=0.08533
2026-10-03T08:30:16Z step 90/938 loss=0.00227 grad_norm=0.07123 learning_rate=9.89e-05 epoch=0.096
2026-10-03T08:31:18Z step 100/938 loss=0.00152 grad_norm=0.03973 learning_rate=9.851e-05 epoch=0.1067
2026-10-03T08:32:20Z step 110/938 loss=0.00235 grad_norm=0.2449 learning_rate=9.806e-05 epoch=0.1173
2026-10-03T08:33:20Z step 120/938 loss=0.0004074 grad_norm=0.03035 learning_rate=9.755e-05 epoch=0.128
2026-10-03T08:34:21Z step 130/938 loss=0.001067 grad_norm=0.009026 learning_rate=9.699e-05 epoch=0.1387
2026-10-03T08:35:24Z step 140/938 loss=0.0004837 grad_norm=0.0161 learning_rate=9.637e-05 epoch=0.1493
2026-10-03T08:36:25Z step 150/938 loss=0.001149 grad_norm=0.03768 learning_rate=9.57e-05 epoch=0.16
2026-10-03T08:37:27Z step 160/938 loss=0.000296 grad_norm=0.003823 learning_rate=9.497e-05 epoch=0.1707
2026-10-03T08:38:30Z step 170/938 loss=0.0003879 grad_norm=0.00153 learning_rate=9.419e-05 epoch=0.1813
2026-10-03T08:39:33Z step 180/938 loss=0.001686 grad_norm=0.02199 learning_rate=9.336e-05 epoch=0.192
2026-10-03T08:40:34Z step 190/938 loss=0.001179 grad_norm=0.02095 learning_rate=9.247e-05 epoch=0.2027
2026-10-03T08:42:11Z step 200/938 loss=0.0006811 grad_norm=0.001697 learning_rate=9.154e-05 epoch=0.2133
2026-10-03T08:43:13Z step 210/938 loss=0.0002377 grad_norm=0.002928 learning_rate=9.055e-05 epoch=0.224
2026-10-03T08:44:16Z step 220/938 loss=0.000532 grad_norm=0.0006286 learning_rate=8.952e-05 epoch=0.2347
2026-10-03T08:45:18Z step 230/938 loss=0.0001684 grad_norm=0.01127 learning_rate=8.844e-05 epoch=0.2453
2026-10-03T08:46:21Z step 240/938 loss=0.0001499 grad_norm=0.002409 learning_rate=8.731e-05 epoch=0.256
2026-10-03T08:47:22Z step 250/938 loss=0.0002845 grad_norm=0.2288 learning_rate=8.614e-05 epoch=0.2667
2026-10-03T08:48:24Z step 260/938 loss=0.000995 grad_norm=0.00396 learning_rate=8.493e-05 epoch=0.2773
2026-10-03T08:49:28Z step 270/938 loss=0.0009796 grad_norm=0.00311 learning_rate=8.367e-05 epoch=0.288
2026-10-03T08:50:29Z step 280/938 loss=0.0007385 grad_norm=0.02391 learning_rate=8.237e-05 epoch=0.2987
2026-10-03T08:51:32Z step 290/938 loss=0.0004609 grad_norm=0.02208 learning_rate=8.104e-05 epoch=0.3093
2026-10-03T08:52:34Z step 300/938 loss=0.0002451 grad_norm=0.002943 learning_rate=7.967e-05 epoch=0.32
2026-10-03T08:53:36Z step 310/938 loss=0.0002199 grad_norm=0.05591 learning_rate=7.826e-05 epoch=0.3307
2026-10-03T08:54:36Z step 320/938 loss=7.85e-05 grad_norm=0.005107 learning_rate=7.682e-05 epoch=0.3413
2026-10-03T08:55:38Z step 330/938 loss=3.661e-05 grad_norm=0.0001507 learning_rate=7.535e-05 epoch=0.352
2026-10-03T08:56:41Z step 340/938 loss=3.498e-05 grad_norm=0.02355 learning_rate=7.385e-05 epoch=0.3627
2026-10-03T08:57:43Z step 350/938 loss=2.831e-05 grad_norm=0.0008698 learning_rate=7.231e-05 epoch=0.3733
2026-10-03T08:58:45Z step 360/938 loss=0.0007489 grad_norm=0.04626 learning_rate=7.076e-05 epoch=0.384
2026-10-03T08:59:48Z step 370/938 loss=0.000303 grad_norm=0.0008602 learning_rate=6.917e-05 epoch=0.3947
2026-10-03T09:01:41Z step 380/938 loss=0.0001648 grad_norm=0.005971 learning_rate=6.757e-05 epoch=0.4053
2026-10-03T09:02:45Z step 390/938 loss=0.0007906 grad_norm=0.004674 learning_rate=6.594e-05 epoch=0.416
2026-10-03T09:03:48Z step 400/938 loss=0.0002964 grad_norm=0.001346 learning_rate=6.43e-05 epoch=0.4267
2026-10-03T09:04:50Z step 410/938 loss=0.000263 grad_norm=0.02165 learning_rate=6.264e-05 epoch=0.4373
2026-10-03T09:05:53Z step 420/938 loss=0.000276 grad_norm=0.04349 learning_rate=6.096e-05 epoch=0.448
2026-10-03T09:06:55Z step 430/938 loss=0.0003068 grad_norm=0.02449 learning_rate=5.927e-05 epoch=0.4587
2026-10-03T09:07:55Z step 440/938 loss=1.428e-05 grad_norm=0.0001787 learning_rate=5.757e-05 epoch=0.4693
2026-10-03T09:08:57Z step 450/938 loss=0.0003914 grad_norm=0.001662 learning_rate=5.586e-05 epoch=0.48
2026-10-03T09:09:59Z step 460/938 loss=0.0001195 grad_norm=0.0001967 learning_rate=5.414e-05 epoch=0.4907
2026-10-03T09:11:01Z step 470/938 loss=5.442e-05 grad_norm=0.0006676 learning_rate=5.242e-05 epoch=0.5013
2026-10-03T09:12:04Z step 480/938 loss=3.238e-05 grad_norm=0.01436 learning_rate=5.069e-05 epoch=0.512
2026-10-03T09:13:06Z step 490/938 loss=1.805e-05 grad_norm=0.0002501 learning_rate=4.896e-05 epoch=0.5227
2026-10-03T09:14:09Z step 500/938 loss=8.207e-05 grad_norm=0.001143 learning_rate=4.724e-05 epoch=0.5333
2026-10-03T09:15:11Z step 510/938 loss=6.12e-05 grad_norm=0.03153 learning_rate=4.552e-05 epoch=0.544
2026-10-03T09:16:13Z step 520/938 loss=4.004e-05 grad_norm=0.024 learning_rate=4.38e-05 epoch=0.5547
2026-10-03T09:17:15Z step 530/938 loss=1.259e-05 grad_norm=0.005719 learning_rate=4.209e-05 epoch=0.5653
2026-10-03T09:18:15Z step 540/938 loss=4.049e-05 grad_norm=0.0001855 learning_rate=4.039e-05 epoch=0.576
2026-10-03T09:19:17Z step 550/938 loss=6.931e-06 grad_norm=0.0001419 learning_rate=3.871e-05 epoch=0.5867
2026-10-03T09:20:20Z step 560/938 loss=6.078e-06 grad_norm=6.803e-05 learning_rate=3.703e-05 epoch=0.5973
2026-10-03T09:21:59Z step 570/938 loss=6.098e-06 grad_norm=4.907e-05 learning_rate=3.537e-05 epoch=0.608
2026-10-03T09:22:59Z step 580/938 loss=8.712e-06 grad_norm=8.2e-05 learning_rate=3.373e-05 epoch=0.6187
2026-10-03T09:24:00Z step 590/938 loss=4.234e-06 grad_norm=5.856e-05 learning_rate=3.211e-05 epoch=0.6293
2026-10-03T09:25:00Z step 600/938 loss=4.428e-06 grad_norm=8.157e-05 learning_rate=3.051e-05 epoch=0.64
2026-10-03T09:26:02Z step 610/938 loss=3.591e-06 grad_norm=0.000108 learning_rate=2.893e-05 epoch=0.6507
2026-10-03T09:27:04Z step 620/938 loss=5.301e-06 grad_norm=0.0001863 learning_rate=2.738e-05 epoch=0.6613
2026-10-03T09:28:07Z step 630/938 loss=6.752e-06 grad_norm=0.004844 learning_rate=2.585e-05 epoch=0.672
2026-10-03T09:29:09Z step 640/938 loss=8.375e-06 grad_norm=9.36e-05 learning_rate=2.436e-05 epoch=0.6827
2026-10-03T09:30:11Z step 650/938 loss=9.09e-06 grad_norm=0.001814 learning_rate=2.289e-05 epoch=0.6933
2026-10-03T09:31:14Z step 660/938 loss=1.221e-05 grad_norm=0.007451 learning_rate=2.145e-05 epoch=0.704
2026-10-03T09:32:14Z step 670/938 loss=5.242e-06 grad_norm=4.987e-05 learning_rate=2.005e-05 epoch=0.7147
2026-10-03T09:33:16Z step 680/938 loss=4.901e-06 grad_norm=0.001143 learning_rate=1.869e-05 epoch=0.7253
2026-10-03T09:34:19Z step 690/938 loss=6.71e-06 grad_norm=9.172e-05 learning_rate=1.736e-05 epoch=0.736
2026-10-03T09:35:20Z step 700/938 loss=5.299e-06 grad_norm=0.0002733 learning_rate=1.608e-05 epoch=0.7467
2026-10-03T09:36:21Z step 710/938 loss=1.743e-05 grad_norm=5.372e-05 learning_rate=1.483e-05 epoch=0.7573
2026-10-03T09:37:22Z step 720/938 loss=4.473e-06 grad_norm=0.0001454 learning_rate=1.362e-05 epoch=0.768
2026-10-03T09:38:25Z step 730/938 loss=3.914e-06 grad_norm=0.0001226 learning_rate=1.246e-05 epoch=0.7787
2026-10-03T09:39:26Z step 740/938 loss=2.802e-05 grad_norm=0.001449 learning_rate=1.134e-05 epoch=0.7893
2026-10-03T09:40:27Z step 750/938 loss=4.151e-06 grad_norm=3.72e-05 learning_rate=1.027e-05 epoch=0.8
2026-10-03T09:42:04Z step 760/938 loss=4.518e-06 grad_norm=0.0006394 learning_rate=9.247e-06 epoch=0.8107
2026-10-03T09:43:06Z step 770/938 loss=2.724e-05 grad_norm=3.549e-05 learning_rate=8.271e-06 epoch=0.8213
2026-10-03T09:44:09Z step 780/938 loss=3.758e-06 grad_norm=4.215e-05 learning_rate=7.345e-06 epoch=0.832
2026-10-03T09:45:11Z step 790/938 loss=0.0002726 grad_norm=8.642e-05 learning_rate=6.47e-06 epoch=0.8427
2026-10-03T09:46:12Z step 800/938 loss=3.135e-06 grad_norm=3.679e-05 learning_rate=5.647e-06 epoch=0.8533
2026-10-03T09:47:32Z step 810/938 loss=5.252e-06 grad_norm=7.078e-05 learning_rate=4.877e-06 epoch=0.864
2026-10-03T09:48:32Z step 820/938 loss=3.88e-06 grad_norm=0.0002066 learning_rate=4.16e-06 epoch=0.8747
2026-10-03T09:49:34Z step 830/938 loss=6.837e-06 grad_norm=0.0008822 learning_rate=3.498e-06 epoch=0.8853
2026-10-03T09:50:35Z step 840/938 loss=3.657e-06 grad_norm=4.335e-05 learning_rate=2.892e-06 epoch=0.896
2026-10-03T09:51:37Z step 850/938 loss=3.471e-06 grad_norm=0.0001225 learning_rate=2.342e-06 epoch=0.9067
2026-10-03T09:52:39Z step 860/938 loss=3.595e-05 grad_norm=0.000104 learning_rate=1.848e-06 epoch=0.9173
2026-10-03T09:53:41Z step 870/938 loss=0.0001837 grad_norm=6.651e-05 learning_rate=1.412e-06 epoch=0.928
2026-10-03T09:54:43Z step 880/938 loss=6.389e-06 grad_norm=0.001803 learning_rate=1.034e-06 epoch=0.9387
2026-10-03T09:55:44Z step 890/938 loss=3.855e-06 grad_norm=5.692e-05 learning_rate=7.137e-07 epoch=0.9493
2026-10-03T09:56:46Z step 900/938 loss=0.0003273 grad_norm=4.728e-05 learning_rate=4.525e-07 epoch=0.96
2026-10-03T09:57:48Z step 910/938 loss=3.425e-06 grad_norm=0.0001313 learning_rate=2.504e-07 epoch=0.9707
2026-10-03T09:58:49Z step 920/938 loss=4.591e-06 grad_norm=4.277e-05 learning_rate=1.075e-07 epoch=0.9813
2026-10-03T09:59:51Z step 930/938 loss=3.679e-06 grad_norm=0.0001699 learning_rate=2.413e-08 epoch=0.992
2026-10-03T10:00:38Z step 938/938 train_runtime=5993 train_samples_per_second=10.01 train_steps_per_second=0.157 total_flos=1.222e+18 train_loss=0.0321 epoch=1
2026-10-03T10:01:12Z trained 938 steps in 99.9 min, 2577.2 tok/s, peak 23.7 GB
2026-10-03T10:01:15Z u path: fp32-hidden (max |u_fp32 - u_bf16logits| = 0.0195)
2026-10-03T10:01:17Z padding self-check: max |u_batch - u_single| = 0.1058 (tol 0.622) -> left padding
2026-10-03T10:04:05Z B-SC-summary2-triplets-s0 rule_v1/dev: TA 99.7 Rev 99.7 Hold 100.0 n=300 (172.3 s)
2026-10-03T10:08:35Z generate: batch 25/32, 230852 tokens, 876 tok/s
2026-10-03T10:20:55Z B-SC-summary2-triplets-s0 rule_v1/test_L2: TA 98.8 Rev 99.0 Hold 99.8 n=2000 (1010.3 s)
2026-10-03T10:25:44Z B-SC-summary2-triplets-s0 xr_v1/test: TA nan Rev nan Hold nan n=None (288.1 s)
2026-10-03T10:25:46Z DONE B-SC-summary2-triplets-s0 in 125.5 min, GPU util mean 94.9
