2026-10-02T12:58:06Z step 10/938 loss=0.4388 grad_norm=1.059 learning_rate=3.214e-05 epoch=0.01067
2026-10-02T12:59:13Z step 20/938 loss=0.06348 grad_norm=0.3476 learning_rate=6.786e-05 epoch=0.02133
2026-10-02T13:00:19Z step 30/938 loss=0.01513 grad_norm=0.5196 learning_rate=0.0001 epoch=0.032
2026-10-02T13:01:25Z step 40/938 loss=0.005349 grad_norm=0.02683 learning_rate=9.996e-05 epoch=0.04267
2026-10-02T13:02:30Z step 50/938 loss=0.001423 grad_norm=0.05949 learning_rate=9.987e-05 epoch=0.05333
2026-10-02T13:03:36Z step 60/938 loss=0.001521 grad_norm=0.09357 learning_rate=9.971e-05 epoch=0.064
2026-10-02T13:04:40Z step 70/938 loss=0.0008349 grad_norm=0.06602 learning_rate=9.95e-05 epoch=0.07467
2026-10-02T13:05:46Z step 80/938 loss=7.362e-05 grad_norm=0.00341 learning_rate=9.923e-05 epoch=0.08533
2026-10-02T13:06:52Z step 90/938 loss=0.0003465 grad_norm=0.0005449 learning_rate=9.89e-05 epoch=0.096
2026-10-02T13:07:58Z step 100/938 loss=0.0004722 grad_norm=0.0599 learning_rate=9.851e-05 epoch=0.1067
2026-10-02T13:09:05Z step 110/938 loss=0.000553 grad_norm=0.004222 learning_rate=9.806e-05 epoch=0.1173
2026-10-02T13:10:11Z step 120/938 loss=0.0002204 grad_norm=0.008404 learning_rate=9.755e-05 epoch=0.128
2026-10-02T13:11:17Z step 130/938 loss=0.000107 grad_norm=0.003381 learning_rate=9.699e-05 epoch=0.1387
2026-10-02T13:12:23Z step 140/938 loss=0.0003854 grad_norm=0.2025 learning_rate=9.637e-05 epoch=0.1493
2026-10-02T13:13:29Z step 150/938 loss=0.0009827 grad_norm=0.0005407 learning_rate=9.57e-05 epoch=0.16
2026-10-02T13:14:33Z step 160/938 loss=0.0004998 grad_norm=0.0009894 learning_rate=9.497e-05 epoch=0.1707
2026-10-02T13:15:45Z step 170/938 loss=0.0007015 grad_norm=0.1825 learning_rate=9.419e-05 epoch=0.1813
2026-10-02T13:16:51Z step 180/938 loss=0.001136 grad_norm=0.007829 learning_rate=9.336e-05 epoch=0.192
2026-10-02T13:17:57Z step 190/938 loss=0.0004263 grad_norm=0.004901 learning_rate=9.247e-05 epoch=0.2027
2026-10-02T13:19:04Z step 200/938 loss=0.0005864 grad_norm=0.007623 learning_rate=9.154e-05 epoch=0.2133
2026-10-02T13:20:11Z step 210/938 loss=0.0001774 grad_norm=0.0009219 learning_rate=9.055e-05 epoch=0.224
2026-10-02T13:21:18Z step 220/938 loss=4.895e-05 grad_norm=0.0003703 learning_rate=8.952e-05 epoch=0.2347
2026-10-02T13:22:24Z step 230/938 loss=4.314e-05 grad_norm=0.0007056 learning_rate=8.844e-05 epoch=0.2453
2026-10-02T13:23:31Z step 240/938 loss=1.316e-05 grad_norm=0.000589 learning_rate=8.731e-05 epoch=0.256
2026-10-02T13:24:36Z step 250/938 loss=7.089e-05 grad_norm=0.0008976 learning_rate=8.614e-05 epoch=0.2667
2026-10-02T13:25:42Z step 260/938 loss=3.023e-05 grad_norm=0.0001394 learning_rate=8.493e-05 epoch=0.2773
2026-10-02T13:26:48Z step 270/938 loss=4.169e-05 grad_norm=0.0001517 learning_rate=8.367e-05 epoch=0.288
2026-10-02T13:27:52Z step 280/938 loss=4.655e-05 grad_norm=7.682e-05 learning_rate=8.237e-05 epoch=0.2987
2026-10-02T13:28:57Z step 290/938 loss=5.398e-06 grad_norm=0.0002625 learning_rate=8.104e-05 epoch=0.3093
2026-10-02T13:30:03Z step 300/938 loss=0.0002972 grad_norm=0.0001026 learning_rate=7.967e-05 epoch=0.32
2026-10-02T13:31:07Z step 310/938 loss=0.0008347 grad_norm=8.232e-05 learning_rate=7.826e-05 epoch=0.3307
2026-10-02T13:32:13Z step 320/938 loss=0.0003557 grad_norm=0.03834 learning_rate=7.682e-05 epoch=0.3413
2026-10-02T13:33:20Z step 330/938 loss=0.0003272 grad_norm=0.0229 learning_rate=7.535e-05 epoch=0.352
2026-10-02T13:34:27Z step 340/938 loss=3.929e-05 grad_norm=0.008412 learning_rate=7.385e-05 epoch=0.3627
2026-10-02T13:35:37Z step 350/938 loss=2.251e-05 grad_norm=0.0006236 learning_rate=7.231e-05 epoch=0.3733
2026-10-02T13:36:44Z step 360/938 loss=3.062e-05 grad_norm=0.0002239 learning_rate=7.076e-05 epoch=0.384
2026-10-02T13:37:49Z step 370/938 loss=1.374e-05 grad_norm=0.0007132 learning_rate=6.917e-05 epoch=0.3947
2026-10-02T13:38:55Z step 380/938 loss=1.477e-05 grad_norm=0.0006736 learning_rate=6.757e-05 epoch=0.4053
2026-10-02T13:40:00Z step 390/938 loss=0.0007612 grad_norm=0.01014 learning_rate=6.594e-05 epoch=0.416
2026-10-02T13:41:05Z step 400/938 loss=0.0001593 grad_norm=0.0001667 learning_rate=6.43e-05 epoch=0.4267
2026-10-02T13:42:12Z step 410/938 loss=0.0003391 grad_norm=0.002299 learning_rate=6.264e-05 epoch=0.4373
2026-10-02T13:43:14Z step 420/938 loss=0.001421 grad_norm=0.009724 learning_rate=6.096e-05 epoch=0.448
2026-10-02T13:44:20Z step 430/938 loss=0.0003883 grad_norm=0.009116 learning_rate=5.927e-05 epoch=0.4587
2026-10-02T13:45:25Z step 440/938 loss=0.0001336 grad_norm=0.0005731 learning_rate=5.757e-05 epoch=0.4693
2026-10-02T13:46:30Z step 450/938 loss=6.521e-05 grad_norm=0.01446 learning_rate=5.586e-05 epoch=0.48
2026-10-02T13:47:35Z step 460/938 loss=2.225e-05 grad_norm=0.00011 learning_rate=5.414e-05 epoch=0.4907
2026-10-02T13:48:42Z step 470/938 loss=1.434e-05 grad_norm=0.0001661 learning_rate=5.242e-05 epoch=0.5013
2026-10-02T13:49:48Z step 480/938 loss=0.0002652 grad_norm=0.0002853 learning_rate=5.069e-05 epoch=0.512
2026-10-02T13:50:53Z step 490/938 loss=7.426e-05 grad_norm=0.09938 learning_rate=4.896e-05 epoch=0.5227
2026-10-02T13:51:58Z step 500/938 loss=3.362e-05 grad_norm=0.0009436 learning_rate=4.724e-05 epoch=0.5333
2026-10-02T13:53:03Z step 510/938 loss=2.376e-05 grad_norm=0.01396 learning_rate=4.552e-05 epoch=0.544
2026-10-02T13:54:08Z step 520/938 loss=1.629e-05 grad_norm=0.0002991 learning_rate=4.38e-05 epoch=0.5547
2026-10-02T13:55:21Z step 530/938 loss=0.0001154 grad_norm=0.002872 learning_rate=4.209e-05 epoch=0.5653
2026-10-02T13:56:27Z step 540/938 loss=4.816e-05 grad_norm=4.331e-05 learning_rate=4.039e-05 epoch=0.576
2026-10-02T13:57:33Z step 550/938 loss=0.0001763 grad_norm=0.03769 learning_rate=3.871e-05 epoch=0.5867
2026-10-02T13:58:38Z step 560/938 loss=6.98e-06 grad_norm=0.0001479 learning_rate=3.703e-05 epoch=0.5973
2026-10-02T13:59:43Z step 570/938 loss=1.834e-05 grad_norm=0.000181 learning_rate=3.537e-05 epoch=0.608
2026-10-02T14:00:50Z step 580/938 loss=5.744e-06 grad_norm=0.0005685 learning_rate=3.373e-05 epoch=0.6187
2026-10-02T14:01:56Z step 590/938 loss=2.071e-05 grad_norm=0.0001855 learning_rate=3.211e-05 epoch=0.6293
2026-10-02T14:03:01Z step 600/938 loss=9.077e-06 grad_norm=6.579e-05 learning_rate=3.051e-05 epoch=0.64
2026-10-02T14:04:06Z step 610/938 loss=7.502e-05 grad_norm=0.0001605 learning_rate=2.893e-05 epoch=0.6507
2026-10-02T14:05:12Z step 620/938 loss=4.187e-06 grad_norm=0.001351 learning_rate=2.738e-05 epoch=0.6613
2026-10-02T14:06:19Z step 630/938 loss=2.182e-05 grad_norm=0.02222 learning_rate=2.585e-05 epoch=0.672
2026-10-02T14:07:24Z step 640/938 loss=6.846e-05 grad_norm=6.91e-05 learning_rate=2.436e-05 epoch=0.6827
2026-10-02T14:08:31Z step 650/938 loss=0.0001186 grad_norm=0.0004925 learning_rate=2.289e-05 epoch=0.6933
2026-10-02T14:09:38Z step 660/938 loss=4.216e-06 grad_norm=0.0003404 learning_rate=2.145e-05 epoch=0.704
2026-10-02T14:10:44Z step 670/938 loss=7.975e-06 grad_norm=4.739e-05 learning_rate=2.005e-05 epoch=0.7147
2026-10-02T14:11:53Z step 680/938 loss=5.393e-06 grad_norm=4.627e-05 learning_rate=1.869e-05 epoch=0.7253
2026-10-02T14:13:01Z step 690/938 loss=6.117e-06 grad_norm=0.0001642 learning_rate=1.736e-05 epoch=0.736
2026-10-02T14:14:07Z step 700/938 loss=0.0001007 grad_norm=0.0001679 learning_rate=1.608e-05 epoch=0.7467
2026-10-02T14:15:21Z step 710/938 loss=3.473e-06 grad_norm=9.155e-05 learning_rate=1.483e-05 epoch=0.7573
2026-10-02T14:16:26Z step 720/938 loss=7.939e-06 grad_norm=0.0003594 learning_rate=1.362e-05 epoch=0.768
2026-10-02T14:17:34Z step 730/938 loss=4.015e-06 grad_norm=0.0002156 learning_rate=1.246e-05 epoch=0.7787
2026-10-02T14:18:42Z step 740/938 loss=6.249e-06 grad_norm=0.0001514 learning_rate=1.134e-05 epoch=0.7893
2026-10-02T14:19:48Z step 750/938 loss=5.57e-06 grad_norm=0.0001311 learning_rate=1.027e-05 epoch=0.8
2026-10-02T14:20:54Z step 760/938 loss=6.958e-06 grad_norm=0.0003169 learning_rate=9.247e-06 epoch=0.8107
2026-10-02T14:21:59Z step 770/938 loss=3.759e-06 grad_norm=0.0001341 learning_rate=8.271e-06 epoch=0.8213
2026-10-02T14:23:06Z step 780/938 loss=3.834e-06 grad_norm=0.0001167 learning_rate=7.345e-06 epoch=0.832
2026-10-02T14:24:10Z step 790/938 loss=4.879e-06 grad_norm=0.0001009 learning_rate=6.47e-06 epoch=0.8427
2026-10-02T14:25:17Z step 800/938 loss=6.979e-06 grad_norm=0.0001099 learning_rate=5.647e-06 epoch=0.8533
2026-10-02T14:26:25Z step 810/938 loss=5.636e-06 grad_norm=0.0002138 learning_rate=4.877e-06 epoch=0.864
2026-10-02T14:27:31Z step 820/938 loss=3.221e-06 grad_norm=0.0002337 learning_rate=4.16e-06 epoch=0.8747
2026-10-02T14:28:36Z step 830/938 loss=7.038e-06 grad_norm=0.000791 learning_rate=3.498e-06 epoch=0.8853
2026-10-02T14:29:43Z step 840/938 loss=3.117e-06 grad_norm=0.0001226 learning_rate=2.892e-06 epoch=0.896
2026-10-02T14:30:47Z step 850/938 loss=3.608e-06 grad_norm=0.0002868 learning_rate=2.342e-06 epoch=0.9067
2026-10-02T14:31:54Z step 860/938 loss=8.173e-06 grad_norm=6.939e-05 learning_rate=1.848e-06 epoch=0.9173
2026-10-02T14:32:57Z step 870/938 loss=3.51e-06 grad_norm=0.0005834 learning_rate=1.412e-06 epoch=0.928
2026-10-02T14:34:05Z step 880/938 loss=6.125e-06 grad_norm=3.609e-05 learning_rate=1.034e-06 epoch=0.9387
2026-10-02T14:35:20Z step 890/938 loss=6.23e-06 grad_norm=0.0001874 learning_rate=7.137e-07 epoch=0.9493
2026-10-02T14:36:26Z step 900/938 loss=3.223e-05 grad_norm=0.0002021 learning_rate=4.525e-07 epoch=0.96
2026-10-02T14:37:32Z step 910/938 loss=1.283e-05 grad_norm=0.0007375 learning_rate=2.504e-07 epoch=0.9707
2026-10-02T14:38:39Z step 920/938 loss=5.92e-06 grad_norm=0.001347 learning_rate=1.075e-07 epoch=0.9813
2026-10-02T14:39:46Z step 930/938 loss=4.44e-06 grad_norm=4.563e-05 learning_rate=2.413e-08 epoch=0.992
2026-10-02T14:40:35Z step 938/938 train_runtime=6348 train_samples_per_second=9.451 train_steps_per_second=0.148 total_flos=1.256e+18 train_loss=0.005758 epoch=1
2026-10-02T14:40:40Z trained 938 steps in 105.8 min, 2055.4 tok/s, peak 22.14 GB
2026-10-02T14:40:52Z u path: fp32-hidden (max |u_fp32 - u_bf16logits| = 0.0164)
2026-10-02T14:40:53Z padding self-check: max |u_batch - u_single| = 0.1011 (tol 0.627) -> left padding
2026-10-02T14:43:11Z B-F-ledger2-blocks-s0 rule_v1/dev: TA 70.3 Rev 99.3 Hold 71.0 n=300 (149.4 s)
2026-10-02T14:44:15Z B-F-ledger2-blocks-s0 rule_v1/dev_missing: TA nan Rev nan Hold nan n=None (64.2 s)
2026-10-02T14:47:44Z B-F-ledger2-blocks-s0 rule_v1/missing: TA nan Rev nan Hold nan n=None (208.6 s)
2026-10-02T14:52:00Z generate: batch 25/28, 214718 tokens, 850 tok/s
2026-10-02T14:56:30Z B-F-ledger2-blocks-s0 rule_v1/readapply: TA 76.0 Rev 99.2 Hold 76.5 n=1000 (525.7 s)
2026-10-02T15:02:56Z B-F-ledger2-blocks-s0 rule_v1/test_L0: TA 73.5 Rev 99.5 Hold 73.9 n=1000 (385.8 s)
2026-10-02T15:09:11Z B-F-ledger2-blocks-s0 rule_v1/test_L1: TA 78.2 Rev 98.9 Hold 78.9 n=1000 (373.9 s)
2026-10-02T15:14:08Z generate: batch 25/32, 224469 tokens, 765 tok/s
2026-10-02T15:22:53Z B-F-ledger2-blocks-s0 rule_v1/test_L2: TA 75.3 Rev 98.7 Hold 76.2 n=2000 (821.5 s)
2026-10-02T15:28:33Z B-F-ledger2-blocks-s0 rule_v1/test_L3alt: TA 85.3 Rev 100.0 Hold 85.3 n=1000 (339.7 s)
2026-10-02T15:35:06Z B-F-ledger2-blocks-s0 rule_v1/test_L3inv: TA 70.1 Rev 98.0 Hold 71.2 n=1000 (392.2 s)
2026-10-02T15:42:25Z B-F-ledger2-blocks-s0 rule_v1/test_hard: TA 76.4 Rev 98.2 Hold 77.8 n=1000 (438.4 s)
2026-10-02T15:42:25Z DONE B-F-ledger2-blocks-s0 in 168.0 min, GPU util mean 94.5
